
  .   ____          _            __ _ _
 /\\ / ___'_ __ _ _(_)_ __  __ _ \ \ \ \
( ( )\___ | '_ | '_| | '_ \/ _` | \ \ \ \
 \\/  ___)| |_)| | | | | || (_| |  ) ) ) )
  '  |____| .__|_| |_|_| |_\__, | / / / /
 =========|_|==============|___/=/_/_/_/

 :: Spring Boot ::                (v3.4.1)

2026-08-24T22:32:25.168+05:30  INFO 15372 --- [bmp-monitoring] [           main] c.b.monitoring.BmpMonitoringApplication  : Starting BmpMonitoringApplication using Java 21.0.11 with PID 15372 (C:\BMP -PRJ\BMP\bmp-monitoring\target\classes started by Lenovo in C:\BMP -PRJ\BMP\bmp-monitoring)
2026-08-24T22:32:25.174+05:30  INFO 15372 --- [bmp-monitoring] [           main] c.b.monitoring.BmpMonitoringApplication  : No active profile set, falling back to 1 default profile: "default"
2026-08-24T22:32:26.929+05:30  INFO 15372 --- [bmp-monitoring] [           main] o.s.cloud.context.scope.GenericScope     : BeanFactory id=07323bb0-4b38-3ade-b182-a7be5369272b
2026-08-24T22:32:27.182+05:30  INFO 15372 --- [bmp-monitoring] [           main] o.s.b.w.embedded.tomcat.TomcatWebServer  : Tomcat initialized with port 8090 (http)
2026-08-24T22:32:27.194+05:30  INFO 15372 --- [bmp-monitoring] [           main] o.apache.catalina.core.StandardService   : Starting service [Tomcat]
2026-08-24T22:32:27.195+05:30  INFO 15372 --- [bmp-monitoring] [           main] o.apache.catalina.core.StandardEngine    : Starting Servlet engine: [Apache Tomcat/10.1.34]
2026-08-24T22:32:27.278+05:30  INFO 15372 --- [bmp-monitoring] [           main] o.a.c.c.C.[Tomcat].[localhost].[/]       : Initializing Spring embedded WebApplicationContext
2026-08-24T22:32:27.279+05:30  INFO 15372 --- [bmp-monitoring] [           main] w.s.c.ServletWebServerApplicationContext : Root WebApplicationContext: initialization completed in 2005 ms
2026-08-24T22:32:27.629+05:30  INFO 15372 --- [bmp-monitoring] [           main] r$InitializeUserDetailsManagerConfigurer : Global AuthenticationManager configured with UserDetailsService bean with name users
2026-08-24T22:32:28.057+05:30  INFO 15372 --- [bmp-monitoring] [           main] o.s.b.a.e.web.EndpointLinksResolver      : Exposing 2 endpoints beneath base path '/actuator'
2026-08-24T22:32:28.269+05:30  WARN 15372 --- [bmp-monitoring] [           main] ion$DefaultTemplateResolverConfiguration : Cannot find template location: classpath:/templates/ (please add some templates, check your Thymeleaf configuration, or set spring.thymeleaf.check-template-location=false)
2026-08-24T22:32:28.469+05:30  INFO 15372 --- [bmp-monitoring] [           main] DiscoveryClientOptionalArgsConfiguration : Eureka HTTP Client uses RestTemplate.
2026-08-24T22:32:28.613+05:30  WARN 15372 --- [bmp-monitoring] [           main] iguration$LoadBalancerCaffeineWarnLogger : Spring Cloud LoadBalancer is currently working with the default cache. While this cache implementation is useful for development and tests, it's recommended to use Caffeine cache in production.You can switch to using Caffeine cache, by adding it and org.springframework.cache.caffeine.CaffeineCacheManager to the classpath.
2026-08-24T22:32:28.662+05:30  INFO 15372 --- [bmp-monitoring] [           main] o.s.c.n.eureka.InstanceInfoFactory       : Setting initial instance status as: STARTING
2026-08-24T22:32:28.677+05:30  INFO 15372 --- [bmp-monitoring] [           main] com.netflix.discovery.DiscoveryClient    : Initializing Eureka in region us-east-1
2026-08-24T22:32:28.680+05:30  INFO 15372 --- [bmp-monitoring] [           main] c.n.d.s.r.aws.ConfigClusterResolver      : Resolving eureka endpoints via configuration
2026-08-24T22:32:28.687+05:30  INFO 15372 --- [bmp-monitoring] [           main] com.netflix.discovery.DiscoveryClient    : Disable delta property : false
2026-08-24T22:32:28.687+05:30  INFO 15372 --- [bmp-monitoring] [           main] com.netflix.discovery.DiscoveryClient    : Single vip registry refresh property : null
2026-08-24T22:32:28.687+05:30  INFO 15372 --- [bmp-monitoring] [           main] com.netflix.discovery.DiscoveryClient    : Force full registry fetch : false
2026-08-24T22:32:28.687+05:30  INFO 15372 --- [bmp-monitoring] [           main] com.netflix.discovery.DiscoveryClient    : Application is null : false
2026-08-24T22:32:28.687+05:30  INFO 15372 --- [bmp-monitoring] [           main] com.netflix.discovery.DiscoveryClient    : Registered Applications size is zero : true
2026-08-24T22:32:28.687+05:30  INFO 15372 --- [bmp-monitoring] [           main] com.netflix.discovery.DiscoveryClient    : Application version is -1: true
2026-08-24T22:32:28.687+05:30  INFO 15372 --- [bmp-monitoring] [           main] com.netflix.discovery.DiscoveryClient    : Getting all instance registry info from the eureka server
2026-08-24T22:32:28.991+05:30  INFO 15372 --- [bmp-monitoring] [           main] com.netflix.discovery.DiscoveryClient    : The response status is 200
2026-08-24T22:32:28.992+05:30  INFO 15372 --- [bmp-monitoring] [           main] com.netflix.discovery.DiscoveryClient    : Starting heartbeat executor: renew interval is: 30
2026-08-24T22:32:28.993+05:30  INFO 15372 --- [bmp-monitoring] [           main] c.n.discovery.InstanceInfoReplicator     : InstanceInfoReplicator onDemand update allowed rate per min is 4
2026-08-24T22:32:28.998+05:30  INFO 15372 --- [bmp-monitoring] [           main] com.netflix.discovery.DiscoveryClient    : Discovery Client initialized at timestamp 1787590948996 with initial instances count: 0
2026-08-24T22:32:29.001+05:30  INFO 15372 --- [bmp-monitoring] [           main] o.s.c.n.e.s.EurekaServiceRegistry        : Registering application BMP-MONITORING with eureka with status UP
2026-08-24T22:32:29.002+05:30  INFO 15372 --- [bmp-monitoring] [           main] com.netflix.discovery.DiscoveryClient    : Saw local status change event StatusChangeEvent [timestamp=1787590949001, current=UP, previous=STARTING]
2026-08-24T22:32:29.003+05:30  INFO 15372 --- [bmp-monitoring] [foReplicator-%d] com.netflix.discovery.DiscoveryClient    : DiscoveryClient_BMP-MONITORING/Darshan.mshome.net:bmp-monitoring:8090: registering service...
2026-08-24T22:32:29.043+05:30  INFO 15372 --- [bmp-monitoring] [foReplicator-%d] com.netflix.discovery.DiscoveryClient    : DiscoveryClient_BMP-MONITORING/Darshan.mshome.net:bmp-monitoring:8090 - registration status: 204
2026-08-24T22:32:29.235+05:30  INFO 15372 --- [bmp-monitoring] [           main] o.s.b.w.embedded.tomcat.TomcatWebServer  : Tomcat started on port 8090 (http) with context path '/'
2026-08-24T22:32:29.236+05:30  INFO 15372 --- [bmp-monitoring] [           main] .s.c.n.e.s.EurekaAutoServiceRegistration : Updating port to 8090
2026-08-24T22:32:29.257+05:30  INFO 15372 --- [bmp-monitoring] [           main] c.b.monitoring.BmpMonitoringApplication  : Started BmpMonitoringApplication in 5.131 seconds (process running for 6.638)
2026-08-24T22:32:58.998+05:30  INFO 15372 --- [bmp-monitoring] [reshExecutor-%d] com.netflix.discovery.DiscoveryClient    : Disable delta property : false
2026-08-24T22:32:59.003+05:30  INFO 15372 --- [bmp-monitoring] [reshExecutor-%d] com.netflix.discovery.DiscoveryClient    : Single vip registry refresh property : null
2026-08-24T22:32:59.004+05:30  INFO 15372 --- [bmp-monitoring] [reshExecutor-%d] com.netflix.discovery.DiscoveryClient    : Force full registry fetch : false
2026-08-24T22:32:59.004+05:30  INFO 15372 --- [bmp-monitoring] [reshExecutor-%d] com.netflix.discovery.DiscoveryClient    : Application is null : false
2026-08-24T22:32:59.004+05:30  INFO 15372 --- [bmp-monitoring] [reshExecutor-%d] com.netflix.discovery.DiscoveryClient    : Registered Applications size is zero : true
2026-08-24T22:32:59.004+05:30  INFO 15372 --- [bmp-monitoring] [reshExecutor-%d] com.netflix.discovery.DiscoveryClient    : Application version is -1: false
2026-08-24T22:32:59.004+05:30  INFO 15372 --- [bmp-monitoring] [reshExecutor-%d] com.netflix.discovery.DiscoveryClient    : Getting all instance registry info from the eureka server
2026-08-24T22:32:59.054+05:30  INFO 15372 --- [bmp-monitoring] [reshExecutor-%d] com.netflix.discovery.DiscoveryClient    : The response status is 200
2026-08-24T22:32:59.338+05:30  INFO 15372 --- [bmp-monitoring] [nio-8090-exec-1] o.a.c.c.C.[Tomcat].[localhost].[/]       : Initializing Spring DispatcherServlet 'dispatcherServlet'
2026-08-24T22:32:59.338+05:30  INFO 15372 --- [bmp-monitoring] [nio-8090-exec-1] o.s.web.servlet.DispatcherServlet        : Initializing Servlet 'dispatcherServlet'
2026-08-24T22:32:59.352+05:30  INFO 15372 --- [bmp-monitoring] [nio-8090-exec-1] o.s.web.servlet.DispatcherServlet        : Completed initialization in 14 ms
2026-08-24T22:37:28.715+05:30  INFO 15372 --- [bmp-monitoring] [rap-executor-%d] c.n.d.s.r.aws.ConfigClusterResolver      : Resolving eureka endpoints via configuration
2026-08-24T22:42:28.766+05:30  INFO 15372 --- [bmp-monitoring] [rap-executor-%d] c.n.d.s.r.aws.ConfigClusterResolver      : Resolving eureka endpoints via configuration
2026-08-24T22:47:28.788+05:30  INFO 15372 --- [bmp-monitoring] [rap-executor-%d] c.n.d.s.r.aws.ConfigClusterResolver      : Resolving eureka endpoints via configuration
2026-08-24T22:52:28.807+05:30  INFO 15372 --- [bmp-monitoring] [rap-executor-%d] c.n.d.s.r.aws.ConfigClusterResolver      : Resolving eureka endpoints via configuration
2026-08-24T22:57:28.830+05:30  INFO 15372 --- [bmp-monitoring] [rap-executor-%d] c.n.d.s.r.aws.ConfigClusterResolver      : Resolving eureka endpoints via configuration
2026-08-24T23:02:28.857+05:30  INFO 15372 --- [bmp-monitoring] [rap-executor-%d] c.n.d.s.r.aws.ConfigClusterResolver      : Resolving eureka endpoints via configuration
2026-08-24T23:07:28.875+05:30  INFO 15372 --- [bmp-monitoring] [rap-executor-%d] c.n.d.s.r.aws.ConfigClusterResolver      : Resolving eureka endpoints via configuration
2026-08-24T23:12:28.904+05:30  INFO 15372 --- [bmp-monitoring] [rap-executor-%d] c.n.d.s.r.aws.ConfigClusterResolver      : Resolving eureka endpoints via configuration
2026-08-24T23:17:28.912+05:30  INFO 15372 --- [bmp-monitoring] [rap-executor-%d] c.n.d.s.r.aws.ConfigClusterResolver      : Resolving eureka endpoints via configuration
2026-08-24T23:22:28.926+05:30  INFO 15372 --- [bmp-monitoring] [rap-executor-%d] c.n.d.s.r.aws.ConfigClusterResolver      : Resolving eureka endpoints via configuration
2026-08-24T23:36:07.856+05:30  WARN 15372 --- [bmp-monitoring] [     parallel-1] d.c.b.a.server.services.IntervalCheck    : Unexpected error in status-check

reactor.core.Exceptions$OverflowException: Could not emit tick 303 due to lack of requests (interval doesn't support small downstream requests that replenish slower than the ticks)
	at reactor.core.Exceptions.failWithOverflow(Exceptions.java:251) ~[reactor-core-3.7.1.jar:3.7.1]
	at reactor.core.publisher.FluxInterval$IntervalRunnable.run(FluxInterval.java:131) ~[reactor-core-3.7.1.jar:3.7.1]
	at reactor.core.scheduler.PeriodicWorkerTask.call(PeriodicWorkerTask.java:59) ~[reactor-core-3.7.1.jar:3.7.1]
	at reactor.core.scheduler.PeriodicWorkerTask.run(PeriodicWorkerTask.java:73) ~[reactor-core-3.7.1.jar:3.7.1]
	at java.base/java.util.concurrent.Executors$RunnableAdapter.call(Executors.java:572) ~[na:na]
	at java.base/java.util.concurrent.FutureTask.runAndReset(FutureTask.java:358) ~[na:na]
	at java.base/java.util.concurrent.ScheduledThreadPoolExecutor$ScheduledFutureTask.run(ScheduledThreadPoolExecutor.java:305) ~[na:na]
	at java.base/java.util.concurrent.ThreadPoolExecutor.runWorker(ThreadPoolExecutor.java:1144) ~[na:na]
	at java.base/java.util.concurrent.ThreadPoolExecutor$Worker.run(ThreadPoolExecutor.java:642) ~[na:na]
	at java.base/java.lang.Thread.run(Thread.java:1583) ~[na:na]

2026-08-24T23:36:07.855+05:30  WARN 15372 --- [bmp-monitoring] [     parallel-2] d.c.b.a.server.services.IntervalCheck    : Unexpected error in info-check

reactor.core.Exceptions$OverflowException: Could not emit tick 51 due to lack of requests (interval doesn't support small downstream requests that replenish slower than the ticks)
	at reactor.core.Exceptions.failWithOverflow(Exceptions.java:251) ~[reactor-core-3.7.1.jar:3.7.1]
	at reactor.core.publisher.FluxInterval$IntervalRunnable.run(FluxInterval.java:131) ~[reactor-core-3.7.1.jar:3.7.1]
	at reactor.core.scheduler.PeriodicWorkerTask.call(PeriodicWorkerTask.java:59) ~[reactor-core-3.7.1.jar:3.7.1]
	at reactor.core.scheduler.PeriodicWorkerTask.run(PeriodicWorkerTask.java:73) ~[reactor-core-3.7.1.jar:3.7.1]
	at java.base/java.util.concurrent.Executors$RunnableAdapter.call(Executors.java:572) ~[na:na]
	at java.base/java.util.concurrent.FutureTask.runAndReset(FutureTask.java:358) ~[na:na]
	at java.base/java.util.concurrent.ScheduledThreadPoolExecutor$ScheduledFutureTask.run(ScheduledThreadPoolExecutor.java:305) ~[na:na]
	at java.base/java.util.concurrent.ThreadPoolExecutor.runWorker(ThreadPoolExecutor.java:1144) ~[na:na]
	at java.base/java.util.concurrent.ThreadPoolExecutor$Worker.run(ThreadPoolExecutor.java:642) ~[na:na]
	at java.base/java.lang.Thread.run(Thread.java:1583) ~[na:na]

