BMP local secrets loaded: email=smtp (devadmin.bmp@gmail.com)
Loaded local-secrets.ps1

  EMAIL: REAL DELIVERY (smtp as devadmin.bmp@gmail.com)

Starting bmp-notification ...
[INFO] Scanning for projects...
[INFO] 
[INFO] ----------------< in.bemyprofessional:bmp-notification >----------------
[INFO] Building BMP :: bmp-notification-service (independent Spring Boot service, port 8089) 0.1.0-SNAPSHOT
[INFO]   from pom.xml
[INFO] --------------------------------[ jar ]---------------------------------
[INFO] 
[INFO] >>> spring-boot:3.4.1:run (default-cli) > test-compile @ bmp-notification >>>
[INFO] 
[INFO] --- resources:3.3.1:resources (default-resources) @ bmp-notification ---
[INFO] Copying 5 resources from src\main\resources to target\classes
[INFO] Copying 4 resources from src\main\resources to target\classes
[INFO] 
[INFO] --- compiler:3.13.0:compile (default-compile) @ bmp-notification ---
[INFO] Recompiling the module because of changed source code.
[INFO] Compiling 25 source files with javac [debug parameters release 21] to target\classes
[INFO] /C:/BMP -PRJ/BMP/bmp-notification/src/main/java/com/bmp/notification/services/NotificationLogService.java: C:\BMP -PRJ\BMP\bmp-notification\src\main\java\com\bmp\notification\services\NotificationLogService.java uses unchecked or unsafe operations.
[INFO] /C:/BMP -PRJ/BMP/bmp-notification/src/main/java/com/bmp/notification/services/NotificationLogService.java: Recompile with -Xlint:unchecked for details.
[INFO] 
[INFO] --- resources:3.3.1:testResources (default-testResources) @ bmp-notification ---
[INFO] skip non existing resourceDirectory C:\BMP -PRJ\BMP\bmp-notification\src\test\resources
[INFO] 
[INFO] --- compiler:3.13.0:testCompile (default-testCompile) @ bmp-notification ---
[INFO] Recompiling the module because of changed dependency.
[INFO] Compiling 1 source file with javac [debug parameters release 21] to target\test-classes
[INFO] 
[INFO] <<< spring-boot:3.4.1:run (default-cli) < test-compile @ bmp-notification <<<
[INFO] 
[INFO] 
[INFO] --- spring-boot:3.4.1:run (default-cli) @ bmp-notification ---
[INFO] Attaching agents: []

  .   ____          _            __ _ _
 /\\ / ___'_ __ _ _(_)_ __  __ _ \ \ \ \
( ( )\___ | '_ | '_| | '_ \/ _` | \ \ \ \
 \\/  ___)| |_)| | | | | || (_| |  ) ) ) )
  '  |____| .__|_| |_|_| |_\__, | / / / /
 =========|_|==============|___/=/_/_/_/

 :: Spring Boot ::                (v3.4.1)

2026-09-06T02:41:36.972+05:30  INFO 17868 --- [bmp-notification-service] [           main] c.b.n.BmpNotificationApplication         : Starting BmpNotificationApplication using Java 21.0.11 with PID 17868 (C:\BMP -PRJ\BMP\bmp-notification\target\classes started by Lenovo in C:\BMP -PRJ\BMP\bmp-notification)
2026-09-06T02:41:36.973+05:30  INFO 17868 --- [bmp-notification-service] [           main] c.b.n.BmpNotificationApplication         : No active profile set, falling back to 1 default profile: "default"
2026-09-06T02:41:37.005+05:30  INFO 17868 --- [bmp-notification-service] [           main] o.s.c.c.c.ConfigServerConfigDataLoader   : Fetching config from server at : http://localhost:8888
2026-09-06T02:41:37.006+05:30  INFO 17868 --- [bmp-notification-service] [           main] o.s.c.c.c.ConfigServerConfigDataLoader   : Located environment: name=bmp-notification-service, profiles=[default], label=null, version=e49a1a5dcfcb36643a08d9529e85f702a6d4d502, state=
2026-09-06T02:41:37.550+05:30  INFO 17868 --- [bmp-notification-service] [           main] .s.d.r.c.RepositoryConfigurationDelegate : Bootstrapping Spring Data JPA repositories in DEFAULT mode.
2026-09-06T02:41:37.646+05:30  INFO 17868 --- [bmp-notification-service] [           main] .s.d.r.c.RepositoryConfigurationDelegate : Finished Spring Data repository scanning in 90 ms. Found 2 JPA repository interfaces.
2026-09-06T02:41:38.123+05:30  INFO 17868 --- [bmp-notification-service] [           main] faultConfiguringBeanFactoryPostProcessor : No bean named 'errorChannel' has been explicitly defined. Therefore, a default PublishSubscribeChannel will be created.
2026-09-06T02:41:38.128+05:30  INFO 17868 --- [bmp-notification-service] [           main] faultConfiguringBeanFactoryPostProcessor : No bean named 'integrationHeaderChannelRegistry' has been explicitly defined. Therefore, a default DefaultHeaderChannelRegistry will be created.
2026-09-06T02:41:38.236+05:30  INFO 17868 --- [bmp-notification-service] [           main] o.s.cloud.context.scope.GenericScope     : BeanFactory id=abb74f09-5ee4-3354-ae81-bdc5f0127757
2026-09-06T02:41:38.749+05:30  INFO 17868 --- [bmp-notification-service] [           main] o.s.b.w.embedded.tomcat.TomcatWebServer  : Tomcat initialized with port 8089 (http)
2026-09-06T02:41:38.758+05:30  INFO 17868 --- [bmp-notification-service] [           main] o.apache.catalina.core.StandardService   : Starting service [Tomcat]
2026-09-06T02:41:38.759+05:30  INFO 17868 --- [bmp-notification-service] [           main] o.apache.catalina.core.StandardEngine    : Starting Servlet engine: [Apache Tomcat/10.1.34]
2026-09-06T02:41:38.823+05:30  INFO 17868 --- [bmp-notification-service] [           main] o.a.c.c.C.[Tomcat].[localhost].[/]       : Initializing Spring embedded WebApplicationContext
2026-09-06T02:41:38.824+05:30  INFO 17868 --- [bmp-notification-service] [           main] w.s.c.ServletWebServerApplicationContext : Root WebApplicationContext: initialization completed in 1817 ms
2026-09-06T02:41:39.141+05:30  INFO 17868 --- [bmp-notification-service] [           main] com.zaxxer.hikari.HikariDataSource       : HikariPool-1 - Starting...
2026-09-06T02:41:39.242+05:30  INFO 17868 --- [bmp-notification-service] [           main] com.zaxxer.hikari.pool.HikariPool        : HikariPool-1 - Added connection org.postgresql.jdbc.PgConnection@92de794
2026-09-06T02:41:39.243+05:30  INFO 17868 --- [bmp-notification-service] [           main] com.zaxxer.hikari.HikariDataSource       : HikariPool-1 - Start completed.
2026-09-06T02:41:39.263+05:30  INFO 17868 --- [bmp-notification-service] [           main] org.flywaydb.core.FlywayExecutor         : Database: jdbc:postgresql://localhost:5432/bmp (PostgreSQL 16.4)
2026-09-06T02:41:39.308+05:30  INFO 17868 --- [bmp-notification-service] [           main] o.f.core.internal.command.DbValidate     : Successfully validated 5 migrations (execution time 00:00.024s)
2026-09-06T02:41:39.342+05:30  INFO 17868 --- [bmp-notification-service] [           main] o.f.core.internal.command.DbMigrate      : Current version of schema "common_schema": 004
2026-09-06T02:41:39.344+05:30  INFO 17868 --- [bmp-notification-service] [           main] o.f.core.internal.command.DbMigrate      : Schema "common_schema" is up to date. No migration necessary.
2026-09-06T02:41:39.416+05:30  INFO 17868 --- [bmp-notification-service] [           main] o.hibernate.jpa.internal.util.LogHelper  : HHH000204: Processing PersistenceUnitInfo [name: default]
2026-09-06T02:41:39.452+05:30  INFO 17868 --- [bmp-notification-service] [           main] org.hibernate.Version                    : HHH000412: Hibernate ORM core version 6.6.4.Final
2026-09-06T02:41:39.475+05:30  INFO 17868 --- [bmp-notification-service] [           main] o.h.c.internal.RegionFactoryInitiator    : HHH000026: Second-level cache disabled
2026-09-06T02:41:39.662+05:30  INFO 17868 --- [bmp-notification-service] [           main] o.s.o.j.p.SpringPersistenceUnitInfo      : No LoadTimeWeaver setup: ignoring JPA class transformer
2026-09-06T02:41:39.727+05:30  INFO 17868 --- [bmp-notification-service] [           main] org.hibernate.orm.connections.pooling    : HHH10001005: Database info:
	Database JDBC URL [Connecting through datasource 'HikariDataSource (HikariPool-1)']
	Database driver: undefined/unknown
	Database version: 16.4
	Autocommit mode: undefined/unknown
	Isolation level: undefined/unknown
	Minimum pool size: undefined/unknown
	Maximum pool size: undefined/unknown
2026-09-06T02:41:40.404+05:30  INFO 17868 --- [bmp-notification-service] [           main] o.h.e.t.j.p.i.JtaPlatformInitiator       : HHH000489: No JTA platform available (set 'hibernate.transaction.jta.platform' to enable JTA platform integration)
2026-09-06T02:41:40.480+05:30  INFO 17868 --- [bmp-notification-service] [           main] j.LocalContainerEntityManagerFactoryBean : Initialized JPA EntityManagerFactory for persistence unit 'default'
2026-09-06T02:41:40.717+05:30  INFO 17868 --- [bmp-notification-service] [           main] o.s.d.j.r.query.QueryEnhancerFactory     : Hibernate is in classpath; If applicable, HQL parser will be used.
2026-09-06T02:41:41.231+05:30  INFO 17868 --- [bmp-notification-service] [           main] c.b.n.services.LoggingPushSender         : Push channel is OFF — notifications are logged, NOT delivered. Set bmp.notification.push.enabled=true to send via Expo. Email remains the durable channel either way.
2026-09-06T02:41:41.244+05:30  INFO 17868 --- [bmp-notification-service] [           main] c.b.n.services.LoggingSmsSender          : SMS channel is disabled (configuration pending — DLT registration). OTPs are delivered over email.
2026-09-06T02:41:41.246+05:30  INFO 17868 --- [bmp-notification-service] [           main] c.b.n.services.LoggingWhatsAppSender     : WhatsApp channel is disabled (configuration pending — no Business account). OTPs are delivered over email.
2026-09-06T02:41:41.340+05:30  INFO 17868 --- [bmp-notification-service] [           main] c.b.n.services.SmtpEmailSender           : SmtpEmailSender active — real email delivery enabled (from=devadmin.bmp@gmail.com)
2026-09-06T02:41:44.784+05:30  INFO 17868 --- [bmp-notification-service] [           main] c.b.n.services.SmtpEmailSender           : SMTP OK — connected and authenticated to smtp.gmail.com:587 as devadmin.bmp@gmail.com. Real email will be sent.
2026-09-06T02:41:45.238+05:30  WARN 17868 --- [bmp-notification-service] [           main] .s.s.UserDetailsServiceAutoConfiguration : 

Using generated security password: d4b40c6c-3231-482c-b8e6-8314d7f430d1

This generated password is for development use only. Your security configuration must be updated before running your application in production.

2026-09-06T02:41:45.262+05:30  INFO 17868 --- [bmp-notification-service] [           main] r$InitializeUserDetailsManagerConfigurer : Global AuthenticationManager configured with UserDetailsService bean with name inMemoryUserDetailsManager
2026-09-06T02:41:46.312+05:30  INFO 17868 --- [bmp-notification-service] [           main] o.s.b.a.e.web.EndpointLinksResolver      : Exposing 10 endpoints beneath base path '/actuator'
2026-09-06T02:41:47.590+05:30  INFO 17868 --- [bmp-notification-service] [           main] o.s.c.s.m.DirectWithAttributesChannel    : Channel 'bmp-notification-service.springCloudBusInput' has 1 subscriber(s).
2026-09-06T02:41:48.489+05:30  INFO 17868 --- [bmp-notification-service] [           main] DiscoveryClientOptionalArgsConfiguration : Eureka HTTP Client uses RestTemplate.
2026-09-06T02:41:48.702+05:30  WARN 17868 --- [bmp-notification-service] [           main] iguration$LoadBalancerCaffeineWarnLogger : Spring Cloud LoadBalancer is currently working with the default cache. While this cache implementation is useful for development and tests, it's recommended to use Caffeine cache in production.You can switch to using Caffeine cache, by adding it and org.springframework.cache.caffeine.CaffeineCacheManager to the classpath.
2026-09-06T02:41:49.367+05:30  INFO 17868 --- [bmp-notification-service] [           main] o.s.i.endpoint.EventDrivenConsumer       : Adding {logging-channel-adapter:_org.springframework.integration.errorLogger} as a subscriber to the 'errorChannel' channel
2026-09-06T02:41:49.367+05:30  INFO 17868 --- [bmp-notification-service] [           main] o.s.i.channel.PublishSubscribeChannel    : Channel 'bmp-notification-service.errorChannel' has 1 subscriber(s).
2026-09-06T02:41:49.368+05:30  INFO 17868 --- [bmp-notification-service] [           main] o.s.i.endpoint.EventDrivenConsumer       : started bean '_org.springframework.integration.errorLogger'
2026-09-06T02:41:49.386+05:30  INFO 17868 --- [bmp-notification-service] [           main] o.s.c.n.eureka.InstanceInfoFactory       : Setting initial instance status as: STARTING
2026-09-06T02:41:49.434+05:30  INFO 17868 --- [bmp-notification-service] [           main] com.netflix.discovery.DiscoveryClient    : Initializing Eureka in region us-east-1
2026-09-06T02:41:49.439+05:30  INFO 17868 --- [bmp-notification-service] [           main] c.n.d.s.r.aws.ConfigClusterResolver      : Resolving eureka endpoints via configuration
2026-09-06T02:41:49.450+05:30  INFO 17868 --- [bmp-notification-service] [           main] com.netflix.discovery.DiscoveryClient    : Disable delta property : false
2026-09-06T02:41:49.450+05:30  INFO 17868 --- [bmp-notification-service] [           main] com.netflix.discovery.DiscoveryClient    : Single vip registry refresh property : null
2026-09-06T02:41:49.450+05:30  INFO 17868 --- [bmp-notification-service] [           main] com.netflix.discovery.DiscoveryClient    : Force full registry fetch : false
2026-09-06T02:41:49.450+05:30  INFO 17868 --- [bmp-notification-service] [           main] com.netflix.discovery.DiscoveryClient    : Application is null : false
2026-09-06T02:41:49.450+05:30  INFO 17868 --- [bmp-notification-service] [           main] com.netflix.discovery.DiscoveryClient    : Registered Applications size is zero : true
2026-09-06T02:41:49.450+05:30  INFO 17868 --- [bmp-notification-service] [           main] com.netflix.discovery.DiscoveryClient    : Application version is -1: true
2026-09-06T02:41:49.450+05:30  INFO 17868 --- [bmp-notification-service] [           main] com.netflix.discovery.DiscoveryClient    : Getting all instance registry info from the eureka server
2026-09-06T02:41:49.738+05:30  INFO 17868 --- [bmp-notification-service] [           main] com.netflix.discovery.DiscoveryClient    : The response status is 200
2026-09-06T02:41:49.740+05:30  INFO 17868 --- [bmp-notification-service] [           main] com.netflix.discovery.DiscoveryClient    : Starting heartbeat executor: renew interval is: 30
2026-09-06T02:41:49.743+05:30  INFO 17868 --- [bmp-notification-service] [           main] c.n.discovery.InstanceInfoReplicator     : InstanceInfoReplicator onDemand update allowed rate per min is 4
2026-09-06T02:41:49.744+05:30  INFO 17868 --- [bmp-notification-service] [           main] com.netflix.discovery.DiscoveryClient    : Discovery Client initialized at timestamp 1788642709744 with initial instances count: 10
2026-09-06T02:41:49.753+05:30  INFO 17868 --- [bmp-notification-service] [           main] o.s.c.n.e.s.EurekaServiceRegistry        : Registering application BMP-NOTIFICATION-SERVICE with eureka with status UP
2026-09-06T02:41:49.753+05:30  INFO 17868 --- [bmp-notification-service] [           main] com.netflix.discovery.DiscoveryClient    : Saw local status change event StatusChangeEvent [timestamp=1788642709753, current=UP, previous=STARTING]
2026-09-06T02:41:49.755+05:30  INFO 17868 --- [bmp-notification-service] [foReplicator-%d] com.netflix.discovery.DiscoveryClient    : DiscoveryClient_BMP-NOTIFICATION-SERVICE/Darshan.mshome.net:bmp-notification-service:8089: registering service...
2026-09-06T02:41:49.781+05:30  INFO 17868 --- [bmp-notification-service] [           main] o.s.b.w.embedded.tomcat.TomcatWebServer  : Tomcat started on port 8089 (http) with context path '/'
2026-09-06T02:41:49.782+05:30  INFO 17868 --- [bmp-notification-service] [           main] .s.c.n.e.s.EurekaAutoServiceRegistration : Updating port to 8089
2026-09-06T02:41:49.788+05:30  INFO 17868 --- [bmp-notification-service] [           main] o.s.c.s.binder.DefaultBinderFactory      : Creating binder: kafka
2026-09-06T02:41:49.788+05:30  INFO 17868 --- [bmp-notification-service] [           main] o.s.c.s.binder.DefaultBinderFactory      : Constructing binder child context for kafka
2026-09-06T02:41:49.836+05:30  INFO 17868 --- [bmp-notification-service] [foReplicator-%d] com.netflix.discovery.DiscoveryClient    : DiscoveryClient_BMP-NOTIFICATION-SERVICE/Darshan.mshome.net:bmp-notification-service:8089 - registration status: 204
2026-09-06T02:41:50.145+05:30  INFO 17868 --- [bmp-notification-service] [           main] o.s.c.s.binder.DefaultBinderFactory      : Caching the binder: kafka
2026-09-06T02:41:50.198+05:30  INFO 17868 --- [bmp-notification-service] [           main] o.a.k.clients.admin.AdminClientConfig    : AdminClientConfig values: 
	auto.include.jmx.reporter = true
	bootstrap.controllers = []
	bootstrap.servers = [localhost:9092]
	client.dns.lookup = use_all_dns_ips
	client.id = 
	connections.max.idle.ms = 300000
	default.api.timeout.ms = 60000
	enable.metrics.push = true
	metadata.max.age.ms = 300000
	metadata.recovery.strategy = none
	metric.reporters = []
	metrics.num.samples = 2
	metrics.recording.level = INFO
	metrics.sample.window.ms = 30000
	receive.buffer.bytes = 65536
	reconnect.backoff.max.ms = 1000
	reconnect.backoff.ms = 50
	request.timeout.ms = 30000
	retries = 2147483647
	retry.backoff.max.ms = 1000
	retry.backoff.ms = 100
	sasl.client.callback.handler.class = null
	sasl.jaas.config = null
	sasl.kerberos.kinit.cmd = /usr/bin/kinit
	sasl.kerberos.min.time.before.relogin = 60000
	sasl.kerberos.service.name = null
	sasl.kerberos.ticket.renew.jitter = 0.05
	sasl.kerberos.ticket.renew.window.factor = 0.8
	sasl.login.callback.handler.class = null
	sasl.login.class = null
	sasl.login.connect.timeout.ms = null
	sasl.login.read.timeout.ms = null
	sasl.login.refresh.buffer.seconds = 300
	sasl.login.refresh.min.period.seconds = 60
	sasl.login.refresh.window.factor = 0.8
	sasl.login.refresh.window.jitter = 0.05
	sasl.login.retry.backoff.max.ms = 10000
	sasl.login.retry.backoff.ms = 100
	sasl.mechanism = GSSAPI
	sasl.oauthbearer.clock.skew.seconds = 30
	sasl.oauthbearer.expected.audience = null
	sasl.oauthbearer.expected.issuer = null
	sasl.oauthbearer.jwks.endpoint.refresh.ms = 3600000
	sasl.oauthbearer.jwks.endpoint.retry.backoff.max.ms = 10000
	sasl.oauthbearer.jwks.endpoint.retry.backoff.ms = 100
	sasl.oauthbearer.jwks.endpoint.url = null
	sasl.oauthbearer.scope.claim.name = scope
	sasl.oauthbearer.sub.claim.name = sub
	sasl.oauthbearer.token.endpoint.url = null
	security.protocol = PLAINTEXT
	security.providers = null
	send.buffer.bytes = 131072
	socket.connection.setup.timeout.max.ms = 30000
	socket.connection.setup.timeout.ms = 10000
	ssl.cipher.suites = null
	ssl.enabled.protocols = [TLSv1.2, TLSv1.3]
	ssl.endpoint.identification.algorithm = https
	ssl.engine.factory.class = null
	ssl.key.password = null
	ssl.keymanager.algorithm = SunX509
	ssl.keystore.certificate.chain = null
	ssl.keystore.key = null
	ssl.keystore.location = null
	ssl.keystore.password = null
	ssl.keystore.type = JKS
	ssl.protocol = TLSv1.3
	ssl.provider = null
	ssl.secure.random.implementation = null
	ssl.trustmanager.algorithm = PKIX
	ssl.truststore.certificates = null
	ssl.truststore.location = null
	ssl.truststore.password = null
	ssl.truststore.type = JKS

2026-09-06T02:41:50.469+05:30  INFO 17868 --- [bmp-notification-service] [           main] o.a.kafka.common.utils.AppInfoParser     : Kafka version: 3.8.1
2026-09-06T02:41:50.469+05:30  INFO 17868 --- [bmp-notification-service] [           main] o.a.kafka.common.utils.AppInfoParser     : Kafka commitId: 70d6ff42debf7e17
2026-09-06T02:41:50.469+05:30  INFO 17868 --- [bmp-notification-service] [           main] o.a.kafka.common.utils.AppInfoParser     : Kafka startTimeMs: 1788642710463
2026-09-06T02:41:51.742+05:30  INFO 17868 --- [bmp-notification-service] [| adminclient-1] o.a.kafka.common.utils.AppInfoParser     : App info kafka.admin.client for adminclient-1 unregistered
2026-09-06T02:41:51.749+05:30  INFO 17868 --- [bmp-notification-service] [| adminclient-1] o.apache.kafka.common.metrics.Metrics    : Metrics scheduler closed
2026-09-06T02:41:51.750+05:30  INFO 17868 --- [bmp-notification-service] [| adminclient-1] o.apache.kafka.common.metrics.Metrics    : Closing reporter org.apache.kafka.common.metrics.JmxReporter
2026-09-06T02:41:51.751+05:30  INFO 17868 --- [bmp-notification-service] [| adminclient-1] o.apache.kafka.common.metrics.Metrics    : Metrics reporters closed
2026-09-06T02:41:51.790+05:30  INFO 17868 --- [bmp-notification-service] [           main] o.a.k.clients.consumer.ConsumerConfig    : ConsumerConfig values: 
	allow.auto.create.topics = true
	auto.commit.interval.ms = 100
	auto.include.jmx.reporter = true
	auto.offset.reset = earliest
	bootstrap.servers = [localhost:9092]
	check.crcs = true
	client.dns.lookup = use_all_dns_ips
	client.id = consumer-anonymous.79e9dafc-c5e6-4bd5-a429-796612a37e5e-1
	client.rack = 
	connections.max.idle.ms = 540000
	default.api.timeout.ms = 60000
	enable.auto.commit = false
	enable.metrics.push = true
	exclude.internal.topics = true
	fetch.max.bytes = 52428800
	fetch.max.wait.ms = 500
	fetch.min.bytes = 1
	group.id = anonymous.79e9dafc-c5e6-4bd5-a429-796612a37e5e
	group.instance.id = null
	group.protocol = classic
	group.remote.assignor = null
	heartbeat.interval.ms = 3000
	interceptor.classes = []
	internal.leave.group.on.close = true
	internal.throw.on.fetch.stable.offset.unsupported = false
	isolation.level = read_uncommitted
	key.deserializer = class org.apache.kafka.common.serialization.StringDeserializer
	max.partition.fetch.bytes = 1048576
	max.poll.interval.ms = 300000
	max.poll.records = 500
	metadata.max.age.ms = 300000
	metadata.recovery.strategy = none
	metric.reporters = []
	metrics.num.samples = 2
	metrics.recording.level = INFO
	metrics.sample.window.ms = 30000
	partition.assignment.strategy = [class org.apache.kafka.clients.consumer.RangeAssignor, class org.apache.kafka.clients.consumer.CooperativeStickyAssignor]
	receive.buffer.bytes = 65536
	reconnect.backoff.max.ms = 1000
	reconnect.backoff.ms = 50
	request.timeout.ms = 30000
	retry.backoff.max.ms = 1000
	retry.backoff.ms = 100
	sasl.client.callback.handler.class = null
	sasl.jaas.config = null
	sasl.kerberos.kinit.cmd = /usr/bin/kinit
	sasl.kerberos.min.time.before.relogin = 60000
	sasl.kerberos.service.name = null
	sasl.kerberos.ticket.renew.jitter = 0.05
	sasl.kerberos.ticket.renew.window.factor = 0.8
	sasl.login.callback.handler.class = null
	sasl.login.class = null
	sasl.login.connect.timeout.ms = null
	sasl.login.read.timeout.ms = null
	sasl.login.refresh.buffer.seconds = 300
	sasl.login.refresh.min.period.seconds = 60
	sasl.login.refresh.window.factor = 0.8
	sasl.login.refresh.window.jitter = 0.05
	sasl.login.retry.backoff.max.ms = 10000
	sasl.login.retry.backoff.ms = 100
	sasl.mechanism = GSSAPI
	sasl.oauthbearer.clock.skew.seconds = 30
	sasl.oauthbearer.expected.audience = null
	sasl.oauthbearer.expected.issuer = null
	sasl.oauthbearer.jwks.endpoint.refresh.ms = 3600000
	sasl.oauthbearer.jwks.endpoint.retry.backoff.max.ms = 10000
	sasl.oauthbearer.jwks.endpoint.retry.backoff.ms = 100
	sasl.oauthbearer.jwks.endpoint.url = null
	sasl.oauthbearer.scope.claim.name = scope
	sasl.oauthbearer.sub.claim.name = sub
	sasl.oauthbearer.token.endpoint.url = null
	security.protocol = PLAINTEXT
	security.providers = null
	send.buffer.bytes = 131072
	session.timeout.ms = 45000
	socket.connection.setup.timeout.max.ms = 30000
	socket.connection.setup.timeout.ms = 10000
	ssl.cipher.suites = null
	ssl.enabled.protocols = [TLSv1.2, TLSv1.3]
	ssl.endpoint.identification.algorithm = https
	ssl.engine.factory.class = null
	ssl.key.password = null
	ssl.keymanager.algorithm = SunX509
	ssl.keystore.certificate.chain = null
	ssl.keystore.key = null
	ssl.keystore.location = null
	ssl.keystore.password = null
	ssl.keystore.type = JKS
	ssl.protocol = TLSv1.3
	ssl.provider = null
	ssl.secure.random.implementation = null
	ssl.trustmanager.algorithm = PKIX
	ssl.truststore.certificates = null
	ssl.truststore.location = null
	ssl.truststore.password = null
	ssl.truststore.type = JKS
	value.deserializer = class org.apache.kafka.common.serialization.StringDeserializer

2026-09-06T02:41:51.921+05:30  INFO 17868 --- [bmp-notification-service] [           main] o.a.k.c.t.i.KafkaMetricsCollector        : initializing Kafka metrics collector
2026-09-06T02:41:52.000+05:30  INFO 17868 --- [bmp-notification-service] [           main] o.a.kafka.common.utils.AppInfoParser     : Kafka version: 3.8.1
2026-09-06T02:41:52.000+05:30  INFO 17868 --- [bmp-notification-service] [           main] o.a.kafka.common.utils.AppInfoParser     : Kafka commitId: 70d6ff42debf7e17
2026-09-06T02:41:52.000+05:30  INFO 17868 --- [bmp-notification-service] [           main] o.a.kafka.common.utils.AppInfoParser     : Kafka startTimeMs: 1788642712000
2026-09-06T02:41:52.020+05:30  INFO 17868 --- [bmp-notification-service] [           main] org.apache.kafka.clients.Metadata        : [Consumer clientId=consumer-anonymous.79e9dafc-c5e6-4bd5-a429-796612a37e5e-1, groupId=anonymous.79e9dafc-c5e6-4bd5-a429-796612a37e5e] Cluster ID: 5L6g3nShT-eMCtK--X86sw
2026-09-06T02:41:52.023+05:30  INFO 17868 --- [bmp-notification-service] [           main] o.a.k.c.c.internals.ConsumerCoordinator  : [Consumer clientId=consumer-anonymous.79e9dafc-c5e6-4bd5-a429-796612a37e5e-1, groupId=anonymous.79e9dafc-c5e6-4bd5-a429-796612a37e5e] Resetting generation and member id due to: consumer pro-actively leaving the group
2026-09-06T02:41:52.023+05:30  INFO 17868 --- [bmp-notification-service] [           main] o.a.k.c.c.internals.ConsumerCoordinator  : [Consumer clientId=consumer-anonymous.79e9dafc-c5e6-4bd5-a429-796612a37e5e-1, groupId=anonymous.79e9dafc-c5e6-4bd5-a429-796612a37e5e] Request joining group due to: consumer pro-actively leaving the group
2026-09-06T02:41:52.028+05:30  INFO 17868 --- [bmp-notification-service] [           main] o.apache.kafka.common.metrics.Metrics    : Metrics scheduler closed
2026-09-06T02:41:52.028+05:30  INFO 17868 --- [bmp-notification-service] [           main] o.apache.kafka.common.metrics.Metrics    : Closing reporter org.apache.kafka.common.metrics.JmxReporter
2026-09-06T02:41:52.028+05:30  INFO 17868 --- [bmp-notification-service] [           main] o.apache.kafka.common.metrics.Metrics    : Closing reporter org.apache.kafka.common.telemetry.internals.ClientTelemetryReporter
2026-09-06T02:41:52.028+05:30  INFO 17868 --- [bmp-notification-service] [           main] o.apache.kafka.common.metrics.Metrics    : Metrics reporters closed
2026-09-06T02:41:52.033+05:30  INFO 17868 --- [bmp-notification-service] [           main] o.a.kafka.common.utils.AppInfoParser     : App info kafka.consumer for consumer-anonymous.79e9dafc-c5e6-4bd5-a429-796612a37e5e-1 unregistered
2026-09-06T02:41:52.059+05:30  INFO 17868 --- [bmp-notification-service] [           main] o.s.c.stream.binder.BinderErrorChannel   : Channel 'kafka-1759285119.springCloudBusInput.errors' has 1 subscriber(s).
2026-09-06T02:41:52.060+05:30  INFO 17868 --- [bmp-notification-service] [           main] o.s.c.stream.binder.BinderErrorChannel   : Channel 'kafka-1759285119.springCloudBusInput.errors' has 0 subscriber(s).
2026-09-06T02:41:52.060+05:30  INFO 17868 --- [bmp-notification-service] [           main] o.s.c.stream.binder.BinderErrorChannel   : Channel 'kafka-1759285119.springCloudBusInput.errors' has 1 subscriber(s).
2026-09-06T02:41:52.061+05:30  INFO 17868 --- [bmp-notification-service] [           main] o.s.c.stream.binder.BinderErrorChannel   : Channel 'kafka-1759285119.springCloudBusInput.errors' has 2 subscriber(s).
2026-09-06T02:41:52.083+05:30  INFO 17868 --- [bmp-notification-service] [           main] o.a.k.clients.consumer.ConsumerConfig    : ConsumerConfig values: 
	allow.auto.create.topics = true
	auto.commit.interval.ms = 100
	auto.include.jmx.reporter = true
	auto.offset.reset = earliest
	bootstrap.servers = [localhost:9092]
	check.crcs = true
	client.dns.lookup = use_all_dns_ips
	client.id = consumer-anonymous.79e9dafc-c5e6-4bd5-a429-796612a37e5e-2
	client.rack = 
	connections.max.idle.ms = 540000
	default.api.timeout.ms = 60000
	enable.auto.commit = false
	enable.metrics.push = true
	exclude.internal.topics = true
	fetch.max.bytes = 52428800
	fetch.max.wait.ms = 500
	fetch.min.bytes = 1
	group.id = anonymous.79e9dafc-c5e6-4bd5-a429-796612a37e5e
	group.instance.id = null
	group.protocol = classic
	group.remote.assignor = null
	heartbeat.interval.ms = 3000
	interceptor.classes = []
	internal.leave.group.on.close = true
	internal.throw.on.fetch.stable.offset.unsupported = false
	isolation.level = read_uncommitted
	key.deserializer = class org.apache.kafka.common.serialization.StringDeserializer
	max.partition.fetch.bytes = 1048576
	max.poll.interval.ms = 300000
	max.poll.records = 500
	metadata.max.age.ms = 300000
	metadata.recovery.strategy = none
	metric.reporters = []
	metrics.num.samples = 2
	metrics.recording.level = INFO
	metrics.sample.window.ms = 30000
	partition.assignment.strategy = [class org.apache.kafka.clients.consumer.RangeAssignor, class org.apache.kafka.clients.consumer.CooperativeStickyAssignor]
	receive.buffer.bytes = 65536
	reconnect.backoff.max.ms = 1000
	reconnect.backoff.ms = 50
	request.timeout.ms = 30000
	retry.backoff.max.ms = 1000
	retry.backoff.ms = 100
	sasl.client.callback.handler.class = null
	sasl.jaas.config = null
	sasl.kerberos.kinit.cmd = /usr/bin/kinit
	sasl.kerberos.min.time.before.relogin = 60000
	sasl.kerberos.service.name = null
	sasl.kerberos.ticket.renew.jitter = 0.05
	sasl.kerberos.ticket.renew.window.factor = 0.8
	sasl.login.callback.handler.class = null
	sasl.login.class = null
	sasl.login.connect.timeout.ms = null
	sasl.login.read.timeout.ms = null
	sasl.login.refresh.buffer.seconds = 300
	sasl.login.refresh.min.period.seconds = 60
	sasl.login.refresh.window.factor = 0.8
	sasl.login.refresh.window.jitter = 0.05
	sasl.login.retry.backoff.max.ms = 10000
	sasl.login.retry.backoff.ms = 100
	sasl.mechanism = GSSAPI
	sasl.oauthbearer.clock.skew.seconds = 30
	sasl.oauthbearer.expected.audience = null
	sasl.oauthbearer.expected.issuer = null
	sasl.oauthbearer.jwks.endpoint.refresh.ms = 3600000
	sasl.oauthbearer.jwks.endpoint.retry.backoff.max.ms = 10000
	sasl.oauthbearer.jwks.endpoint.retry.backoff.ms = 100
	sasl.oauthbearer.jwks.endpoint.url = null
	sasl.oauthbearer.scope.claim.name = scope
	sasl.oauthbearer.sub.claim.name = sub
	sasl.oauthbearer.token.endpoint.url = null
	security.protocol = PLAINTEXT
	security.providers = null
	send.buffer.bytes = 131072
	session.timeout.ms = 45000
	socket.connection.setup.timeout.max.ms = 30000
	socket.connection.setup.timeout.ms = 10000
	ssl.cipher.suites = null
	ssl.enabled.protocols = [TLSv1.2, TLSv1.3]
	ssl.endpoint.identification.algorithm = https
	ssl.engine.factory.class = null
	ssl.key.password = null
	ssl.keymanager.algorithm = SunX509
	ssl.keystore.certificate.chain = null
	ssl.keystore.key = null
	ssl.keystore.location = null
	ssl.keystore.password = null
	ssl.keystore.type = JKS
	ssl.protocol = TLSv1.3
	ssl.provider = null
	ssl.secure.random.implementation = null
	ssl.trustmanager.algorithm = PKIX
	ssl.truststore.certificates = null
	ssl.truststore.location = null
	ssl.truststore.password = null
	ssl.truststore.type = JKS
	value.deserializer = class org.apache.kafka.common.serialization.StringDeserializer

2026-09-06T02:41:52.083+05:30  INFO 17868 --- [bmp-notification-service] [           main] o.a.k.c.t.i.KafkaMetricsCollector        : initializing Kafka metrics collector
2026-09-06T02:41:52.088+05:30  INFO 17868 --- [bmp-notification-service] [           main] o.a.kafka.common.utils.AppInfoParser     : Kafka version: 3.8.1
2026-09-06T02:41:52.088+05:30  INFO 17868 --- [bmp-notification-service] [           main] o.a.kafka.common.utils.AppInfoParser     : Kafka commitId: 70d6ff42debf7e17
2026-09-06T02:41:52.088+05:30  INFO 17868 --- [bmp-notification-service] [           main] o.a.kafka.common.utils.AppInfoParser     : Kafka startTimeMs: 1788642712088
2026-09-06T02:41:52.094+05:30  INFO 17868 --- [bmp-notification-service] [           main] o.a.k.c.c.internals.LegacyKafkaConsumer  : [Consumer clientId=consumer-anonymous.79e9dafc-c5e6-4bd5-a429-796612a37e5e-2, groupId=anonymous.79e9dafc-c5e6-4bd5-a429-796612a37e5e] Subscribed to topic(s): springCloudBus
2026-09-06T02:41:52.101+05:30  INFO 17868 --- [bmp-notification-service] [           main] s.i.k.i.KafkaMessageDrivenChannelAdapter : started org.springframework.integration.kafka.inbound.KafkaMessageDrivenChannelAdapter@5fc46215
2026-09-06T02:41:52.106+05:30  INFO 17868 --- [bmp-notification-service] [           main] o.a.k.clients.consumer.ConsumerConfig    : ConsumerConfig values: 
	allow.auto.create.topics = true
	auto.commit.interval.ms = 5000
	auto.include.jmx.reporter = true
	auto.offset.reset = earliest
	bootstrap.servers = [localhost:9092]
	check.crcs = true
	client.dns.lookup = use_all_dns_ips
	client.id = consumer-bmp-notification-service-3
	client.rack = 
	connections.max.idle.ms = 540000
	default.api.timeout.ms = 60000
	enable.auto.commit = false
	enable.metrics.push = true
	exclude.internal.topics = true
	fetch.max.bytes = 52428800
	fetch.max.wait.ms = 500
	fetch.min.bytes = 1
	group.id = bmp-notification-service
	group.instance.id = null
	group.protocol = classic
	group.remote.assignor = null
	heartbeat.interval.ms = 3000
	interceptor.classes = []
	internal.leave.group.on.close = true
	internal.throw.on.fetch.stable.offset.unsupported = false
	isolation.level = read_uncommitted
	key.deserializer = class org.apache.kafka.common.serialization.StringDeserializer
	max.partition.fetch.bytes = 1048576
	max.poll.interval.ms = 300000
	max.poll.records = 500
	metadata.max.age.ms = 300000
	metadata.recovery.strategy = none
	metric.reporters = []
	metrics.num.samples = 2
	metrics.recording.level = INFO
	metrics.sample.window.ms = 30000
	partition.assignment.strategy = [class org.apache.kafka.clients.consumer.RangeAssignor, class org.apache.kafka.clients.consumer.CooperativeStickyAssignor]
	receive.buffer.bytes = 65536
	reconnect.backoff.max.ms = 1000
	reconnect.backoff.ms = 50
	request.timeout.ms = 30000
	retry.backoff.max.ms = 1000
	retry.backoff.ms = 100
	sasl.client.callback.handler.class = null
	sasl.jaas.config = null
	sasl.kerberos.kinit.cmd = /usr/bin/kinit
	sasl.kerberos.min.time.before.relogin = 60000
	sasl.kerberos.service.name = null
	sasl.kerberos.ticket.renew.jitter = 0.05
	sasl.kerberos.ticket.renew.window.factor = 0.8
	sasl.login.callback.handler.class = null
	sasl.login.class = null
	sasl.login.connect.timeout.ms = null
	sasl.login.read.timeout.ms = null
	sasl.login.refresh.buffer.seconds = 300
	sasl.login.refresh.min.period.seconds = 60
	sasl.login.refresh.window.factor = 0.8
	sasl.login.refresh.window.jitter = 0.05
	sasl.login.retry.backoff.max.ms = 10000
	sasl.login.retry.backoff.ms = 100
	sasl.mechanism = GSSAPI
	sasl.oauthbearer.clock.skew.seconds = 30
	sasl.oauthbearer.expected.audience = null
	sasl.oauthbearer.expected.issuer = null
	sasl.oauthbearer.jwks.endpoint.refresh.ms = 3600000
	sasl.oauthbearer.jwks.endpoint.retry.backoff.max.ms = 10000
	sasl.oauthbearer.jwks.endpoint.retry.backoff.ms = 100
	sasl.oauthbearer.jwks.endpoint.url = null
	sasl.oauthbearer.scope.claim.name = scope
	sasl.oauthbearer.sub.claim.name = sub
	sasl.oauthbearer.token.endpoint.url = null
	security.protocol = PLAINTEXT
	security.providers = null
	send.buffer.bytes = 131072
	session.timeout.ms = 45000
	socket.connection.setup.timeout.max.ms = 30000
	socket.connection.setup.timeout.ms = 10000
	ssl.cipher.suites = null
	ssl.enabled.protocols = [TLSv1.2, TLSv1.3]
	ssl.endpoint.identification.algorithm = https
	ssl.engine.factory.class = null
	ssl.key.password = null
	ssl.keymanager.algorithm = SunX509
	ssl.keystore.certificate.chain = null
	ssl.keystore.key = null
	ssl.keystore.location = null
	ssl.keystore.password = null
	ssl.keystore.type = JKS
	ssl.protocol = TLSv1.3
	ssl.provider = null
	ssl.secure.random.implementation = null
	ssl.trustmanager.algorithm = PKIX
	ssl.truststore.certificates = null
	ssl.truststore.location = null
	ssl.truststore.password = null
	ssl.truststore.type = JKS
	value.deserializer = class org.apache.kafka.common.serialization.StringDeserializer

2026-09-06T02:41:52.106+05:30  INFO 17868 --- [bmp-notification-service] [           main] o.a.k.c.t.i.KafkaMetricsCollector        : initializing Kafka metrics collector
2026-09-06T02:41:52.111+05:30  INFO 17868 --- [bmp-notification-service] [           main] o.a.kafka.common.utils.AppInfoParser     : Kafka version: 3.8.1
2026-09-06T02:41:52.111+05:30  INFO 17868 --- [bmp-notification-service] [           main] o.a.kafka.common.utils.AppInfoParser     : Kafka commitId: 70d6ff42debf7e17
2026-09-06T02:41:52.111+05:30  INFO 17868 --- [bmp-notification-service] [           main] o.a.kafka.common.utils.AppInfoParser     : Kafka startTimeMs: 1788642712111
2026-09-06T02:41:52.115+05:30  INFO 17868 --- [bmp-notification-service] [           main] o.a.k.c.c.internals.LegacyKafkaConsumer  : [Consumer clientId=consumer-bmp-notification-service-3, groupId=bmp-notification-service] Subscribed to topic(s): bmp.events
2026-09-06T02:41:52.116+05:30  INFO 17868 --- [bmp-notification-service] [container-0-C-1] org.apache.kafka.clients.Metadata        : [Consumer clientId=consumer-anonymous.79e9dafc-c5e6-4bd5-a429-796612a37e5e-2, groupId=anonymous.79e9dafc-c5e6-4bd5-a429-796612a37e5e] Cluster ID: 5L6g3nShT-eMCtK--X86sw
2026-09-06T02:41:52.130+05:30  INFO 17868 --- [bmp-notification-service] [ntainer#0-0-C-1] org.apache.kafka.clients.Metadata        : [Consumer clientId=consumer-bmp-notification-service-3, groupId=bmp-notification-service] Cluster ID: 5L6g3nShT-eMCtK--X86sw
2026-09-06T02:41:52.136+05:30  INFO 17868 --- [bmp-notification-service] [ntainer#0-0-C-1] o.a.k.c.c.internals.ConsumerCoordinator  : [Consumer clientId=consumer-bmp-notification-service-3, groupId=bmp-notification-service] Discovered group coordinator localhost:9092 (id: 2147483646 rack: null)
2026-09-06T02:41:52.137+05:30  INFO 17868 --- [bmp-notification-service] [container-0-C-1] o.a.k.c.c.internals.ConsumerCoordinator  : [Consumer clientId=consumer-anonymous.79e9dafc-c5e6-4bd5-a429-796612a37e5e-2, groupId=anonymous.79e9dafc-c5e6-4bd5-a429-796612a37e5e] Discovered group coordinator localhost:9092 (id: 2147483646 rack: null)
2026-09-06T02:41:52.139+05:30  INFO 17868 --- [bmp-notification-service] [ntainer#0-0-C-1] o.a.k.c.c.internals.ConsumerCoordinator  : [Consumer clientId=consumer-bmp-notification-service-3, groupId=bmp-notification-service] (Re-)joining group
2026-09-06T02:41:52.139+05:30  INFO 17868 --- [bmp-notification-service] [container-0-C-1] o.a.k.c.c.internals.ConsumerCoordinator  : [Consumer clientId=consumer-anonymous.79e9dafc-c5e6-4bd5-a429-796612a37e5e-2, groupId=anonymous.79e9dafc-c5e6-4bd5-a429-796612a37e5e] (Re-)joining group
2026-09-06T02:41:52.180+05:30  INFO 17868 --- [bmp-notification-service] [           main] c.b.n.BmpNotificationApplication         : Started BmpNotificationApplication in 17.609 seconds (process running for 18.113)
2026-09-06T02:41:52.223+05:30  INFO 17868 --- [bmp-notification-service] [container-0-C-1] o.a.k.c.c.internals.ConsumerCoordinator  : [Consumer clientId=consumer-anonymous.79e9dafc-c5e6-4bd5-a429-796612a37e5e-2, groupId=anonymous.79e9dafc-c5e6-4bd5-a429-796612a37e5e] Request joining group due to: need to re-join with the given member-id: consumer-anonymous.79e9dafc-c5e6-4bd5-a429-796612a37e5e-2-f7874169-64fb-44a4-8960-a756a6f0435d
2026-09-06T02:41:52.223+05:30  INFO 17868 --- [bmp-notification-service] [ntainer#0-0-C-1] o.a.k.c.c.internals.ConsumerCoordinator  : [Consumer clientId=consumer-bmp-notification-service-3, groupId=bmp-notification-service] Request joining group due to: need to re-join with the given member-id: consumer-bmp-notification-service-3-2d2c103d-3521-42d8-87e9-d070f1a5d6d9
2026-09-06T02:41:52.223+05:30  INFO 17868 --- [bmp-notification-service] [container-0-C-1] o.a.k.c.c.internals.ConsumerCoordinator  : [Consumer clientId=consumer-anonymous.79e9dafc-c5e6-4bd5-a429-796612a37e5e-2, groupId=anonymous.79e9dafc-c5e6-4bd5-a429-796612a37e5e] (Re-)joining group
2026-09-06T02:41:52.223+05:30  INFO 17868 --- [bmp-notification-service] [ntainer#0-0-C-1] o.a.k.c.c.internals.ConsumerCoordinator  : [Consumer clientId=consumer-bmp-notification-service-3, groupId=bmp-notification-service] (Re-)joining group
2026-09-06T02:41:53.109+05:30  INFO 17868 --- [bmp-notification-service] [pool-3-thread-1] o.a.k.clients.consumer.ConsumerConfig    : ConsumerConfig values: 
	allow.auto.create.topics = true
	auto.commit.interval.ms = 5000
	auto.include.jmx.reporter = true
	auto.offset.reset = earliest
	bootstrap.servers = [localhost:9092]
	check.crcs = true
	client.dns.lookup = use_all_dns_ips
	client.id = consumer-anonymous.79e9dafc-c5e6-4bd5-a429-796612a37e5e-4
	client.rack = 
	connections.max.idle.ms = 540000
	default.api.timeout.ms = 60000
	enable.auto.commit = true
	enable.metrics.push = true
	exclude.internal.topics = true
	fetch.max.bytes = 52428800
	fetch.max.wait.ms = 500
	fetch.min.bytes = 1
	group.id = anonymous.79e9dafc-c5e6-4bd5-a429-796612a37e5e
	group.instance.id = null
	group.protocol = classic
	group.remote.assignor = null
	heartbeat.interval.ms = 3000
	interceptor.classes = []
	internal.leave.group.on.close = true
	internal.throw.on.fetch.stable.offset.unsupported = false
	isolation.level = read_uncommitted
	key.deserializer = class org.apache.kafka.common.serialization.StringDeserializer
	max.partition.fetch.bytes = 1048576
	max.poll.interval.ms = 300000
	max.poll.records = 500
	metadata.max.age.ms = 300000
	metadata.recovery.strategy = none
	metric.reporters = []
	metrics.num.samples = 2
	metrics.recording.level = INFO
	metrics.sample.window.ms = 30000
	partition.assignment.strategy = [class org.apache.kafka.clients.consumer.RangeAssignor, class org.apache.kafka.clients.consumer.CooperativeStickyAssignor]
	receive.buffer.bytes = 65536
	reconnect.backoff.max.ms = 1000
	reconnect.backoff.ms = 50
	request.timeout.ms = 30000
	retry.backoff.max.ms = 1000
	retry.backoff.ms = 100
	sasl.client.callback.handler.class = null
	sasl.jaas.config = null
	sasl.kerberos.kinit.cmd = /usr/bin/kinit
	sasl.kerberos.min.time.before.relogin = 60000
	sasl.kerberos.service.name = null
	sasl.kerberos.ticket.renew.jitter = 0.05
	sasl.kerberos.ticket.renew.window.factor = 0.8
	sasl.login.callback.handler.class = null
	sasl.login.class = null
	sasl.login.connect.timeout.ms = null
	sasl.login.read.timeout.ms = null
	sasl.login.refresh.buffer.seconds = 300
	sasl.login.refresh.min.period.seconds = 60
	sasl.login.refresh.window.factor = 0.8
	sasl.login.refresh.window.jitter = 0.05
	sasl.login.retry.backoff.max.ms = 10000
	sasl.login.retry.backoff.ms = 100
	sasl.mechanism = GSSAPI
	sasl.oauthbearer.clock.skew.seconds = 30
	sasl.oauthbearer.expected.audience = null
	sasl.oauthbearer.expected.issuer = null
	sasl.oauthbearer.jwks.endpoint.refresh.ms = 3600000
	sasl.oauthbearer.jwks.endpoint.retry.backoff.max.ms = 10000
	sasl.oauthbearer.jwks.endpoint.retry.backoff.ms = 100
	sasl.oauthbearer.jwks.endpoint.url = null
	sasl.oauthbearer.scope.claim.name = scope
	sasl.oauthbearer.sub.claim.name = sub
	sasl.oauthbearer.token.endpoint.url = null
	security.protocol = PLAINTEXT
	security.providers = null
	send.buffer.bytes = 131072
	session.timeout.ms = 45000
	socket.connection.setup.timeout.max.ms = 30000
	socket.connection.setup.timeout.ms = 10000
	ssl.cipher.suites = null
	ssl.enabled.protocols = [TLSv1.2, TLSv1.3]
	ssl.endpoint.identification.algorithm = https
	ssl.engine.factory.class = null
	ssl.key.password = null
	ssl.keymanager.algorithm = SunX509
	ssl.keystore.certificate.chain = null
	ssl.keystore.key = null
	ssl.keystore.location = null
	ssl.keystore.password = null
	ssl.keystore.type = JKS
	ssl.protocol = TLSv1.3
	ssl.provider = null
	ssl.secure.random.implementation = null
	ssl.trustmanager.algorithm = PKIX
	ssl.truststore.certificates = null
	ssl.truststore.location = null
	ssl.truststore.password = null
	ssl.truststore.type = JKS
	value.deserializer = class org.apache.kafka.common.serialization.StringDeserializer

2026-09-06T02:41:53.109+05:30  INFO 17868 --- [bmp-notification-service] [pool-3-thread-1] o.a.k.c.t.i.KafkaMetricsCollector        : initializing Kafka metrics collector
2026-09-06T02:41:53.122+05:30  INFO 17868 --- [bmp-notification-service] [pool-3-thread-1] o.a.kafka.common.utils.AppInfoParser     : Kafka version: 3.8.1
2026-09-06T02:41:53.122+05:30  INFO 17868 --- [bmp-notification-service] [pool-3-thread-1] o.a.kafka.common.utils.AppInfoParser     : Kafka commitId: 70d6ff42debf7e17
2026-09-06T02:41:53.122+05:30  INFO 17868 --- [bmp-notification-service] [pool-3-thread-1] o.a.kafka.common.utils.AppInfoParser     : Kafka startTimeMs: 1788642713121
2026-09-06T02:41:53.129+05:30  INFO 17868 --- [bmp-notification-service] [pool-3-thread-1] org.apache.kafka.clients.Metadata        : [Consumer clientId=consumer-anonymous.79e9dafc-c5e6-4bd5-a429-796612a37e5e-4, groupId=anonymous.79e9dafc-c5e6-4bd5-a429-796612a37e5e] Cluster ID: 5L6g3nShT-eMCtK--X86sw
2026-09-06T02:41:53.185+05:30  INFO 17868 --- [bmp-notification-service] [pool-3-thread-1] o.a.k.c.c.internals.ConsumerCoordinator  : [Consumer clientId=consumer-anonymous.79e9dafc-c5e6-4bd5-a429-796612a37e5e-4, groupId=anonymous.79e9dafc-c5e6-4bd5-a429-796612a37e5e] Discovered group coordinator localhost:9092 (id: 2147483646 rack: null)
2026-09-06T02:41:53.241+05:30  INFO 17868 --- [bmp-notification-service] [pool-3-thread-1] o.a.k.c.c.internals.ConsumerCoordinator  : [Consumer clientId=consumer-anonymous.79e9dafc-c5e6-4bd5-a429-796612a37e5e-4, groupId=anonymous.79e9dafc-c5e6-4bd5-a429-796612a37e5e] Found no committed offset for partition springCloudBus-0
2026-09-06T02:45:03.810+05:30  INFO 17868 --- [bmp-notification-service] [container-0-C-1] o.a.k.c.c.internals.ConsumerCoordinator  : [Consumer clientId=consumer-anonymous.79e9dafc-c5e6-4bd5-a429-796612a37e5e-2, groupId=anonymous.79e9dafc-c5e6-4bd5-a429-796612a37e5e] Successfully joined group with generation Generation{generationId=1, memberId='consumer-anonymous.79e9dafc-c5e6-4bd5-a429-796612a37e5e-2-f7874169-64fb-44a4-8960-a756a6f0435d', protocol='range'}
2026-09-06T02:45:03.815+05:30  INFO 17868 --- [bmp-notification-service] [ntainer#0-0-C-1] o.a.k.c.c.internals.ConsumerCoordinator  : [Consumer clientId=consumer-bmp-notification-service-3, groupId=bmp-notification-service] Successfully joined group with generation Generation{generationId=65, memberId='consumer-bmp-notification-service-3-2d2c103d-3521-42d8-87e9-d070f1a5d6d9', protocol='range'}
2026-09-06T02:45:03.830+05:30  INFO 17868 --- [bmp-notification-service] [container-0-C-1] o.a.k.c.c.internals.ConsumerCoordinator  : [Consumer clientId=consumer-anonymous.79e9dafc-c5e6-4bd5-a429-796612a37e5e-2, groupId=anonymous.79e9dafc-c5e6-4bd5-a429-796612a37e5e] Finished assignment for group at generation 1: {consumer-anonymous.79e9dafc-c5e6-4bd5-a429-796612a37e5e-2-f7874169-64fb-44a4-8960-a756a6f0435d=Assignment(partitions=[springCloudBus-0])}
2026-09-06T02:45:03.830+05:30  INFO 17868 --- [bmp-notification-service] [ntainer#0-0-C-1] o.a.k.c.c.internals.ConsumerCoordinator  : [Consumer clientId=consumer-bmp-notification-service-3, groupId=bmp-notification-service] Finished assignment for group at generation 65: {consumer-bmp-notification-service-3-2d2c103d-3521-42d8-87e9-d070f1a5d6d9=Assignment(partitions=[bmp.events-0])}
2026-09-06T02:45:04.037+05:30  INFO 17868 --- [bmp-notification-service] [container-0-C-1] o.a.k.c.c.internals.ConsumerCoordinator  : [Consumer clientId=consumer-anonymous.79e9dafc-c5e6-4bd5-a429-796612a37e5e-2, groupId=anonymous.79e9dafc-c5e6-4bd5-a429-796612a37e5e] Successfully synced group in generation Generation{generationId=1, memberId='consumer-anonymous.79e9dafc-c5e6-4bd5-a429-796612a37e5e-2-f7874169-64fb-44a4-8960-a756a6f0435d', protocol='range'}
2026-09-06T02:45:04.038+05:30  INFO 17868 --- [bmp-notification-service] [container-0-C-1] o.a.k.c.c.internals.ConsumerCoordinator  : [Consumer clientId=consumer-anonymous.79e9dafc-c5e6-4bd5-a429-796612a37e5e-2, groupId=anonymous.79e9dafc-c5e6-4bd5-a429-796612a37e5e] Notifying assignor about the new Assignment(partitions=[springCloudBus-0])
2026-09-06T02:45:04.045+05:30  INFO 17868 --- [bmp-notification-service] [container-0-C-1] k.c.c.i.ConsumerRebalanceListenerInvoker : [Consumer clientId=consumer-anonymous.79e9dafc-c5e6-4bd5-a429-796612a37e5e-2, groupId=anonymous.79e9dafc-c5e6-4bd5-a429-796612a37e5e] Adding newly assigned partitions: springCloudBus-0
2026-09-06T02:45:04.075+05:30  INFO 17868 --- [bmp-notification-service] [ntainer#0-0-C-1] o.a.k.c.c.internals.ConsumerCoordinator  : [Consumer clientId=consumer-bmp-notification-service-3, groupId=bmp-notification-service] Successfully synced group in generation Generation{generationId=65, memberId='consumer-bmp-notification-service-3-2d2c103d-3521-42d8-87e9-d070f1a5d6d9', protocol='range'}
2026-09-06T02:45:04.076+05:30  INFO 17868 --- [bmp-notification-service] [ntainer#0-0-C-1] o.a.k.c.c.internals.ConsumerCoordinator  : [Consumer clientId=consumer-bmp-notification-service-3, groupId=bmp-notification-service] Notifying assignor about the new Assignment(partitions=[bmp.events-0])
2026-09-06T02:45:04.076+05:30  INFO 17868 --- [bmp-notification-service] [ntainer#0-0-C-1] k.c.c.i.ConsumerRebalanceListenerInvoker : [Consumer clientId=consumer-bmp-notification-service-3, groupId=bmp-notification-service] Adding newly assigned partitions: bmp.events-0
2026-09-06T02:45:04.081+05:30  INFO 17868 --- [bmp-notification-service] [container-0-C-1] o.a.k.c.c.internals.ConsumerCoordinator  : [Consumer clientId=consumer-anonymous.79e9dafc-c5e6-4bd5-a429-796612a37e5e-2, groupId=anonymous.79e9dafc-c5e6-4bd5-a429-796612a37e5e] Found no committed offset for partition springCloudBus-0
2026-09-06T02:45:04.102+05:30  INFO 17868 --- [bmp-notification-service] [ntainer#0-0-C-1] o.a.k.c.c.internals.ConsumerUtils        : Setting offset for partition bmp.events-0 to the committed offset FetchPosition{offset=58, offsetEpoch=Optional.empty, currentLeader=LeaderAndEpoch{leader=Optional[localhost:9092 (id: 1 rack: null)], epoch=0}}
2026-09-06T02:45:04.106+05:30  INFO 17868 --- [bmp-notification-service] [ntainer#0-0-C-1] o.s.k.l.KafkaMessageListenerContainer    : bmp-notification-service: partitions assigned: [bmp.events-0]
2026-09-06T02:45:04.241+05:30  INFO 17868 --- [bmp-notification-service] [container-0-C-1] o.a.k.c.c.internals.SubscriptionState    : [Consumer clientId=consumer-anonymous.79e9dafc-c5e6-4bd5-a429-796612a37e5e-2, groupId=anonymous.79e9dafc-c5e6-4bd5-a429-796612a37e5e] Resetting offset for partition springCloudBus-0 to position FetchPosition{offset=0, offsetEpoch=Optional.empty, currentLeader=LeaderAndEpoch{leader=Optional[localhost:9092 (id: 1 rack: null)], epoch=0}}.
2026-09-06T02:45:04.241+05:30  INFO 17868 --- [bmp-notification-service] [container-0-C-1] o.s.c.s.b.k.KafkaMessageChannelBinder$2  : anonymous.79e9dafc-c5e6-4bd5-a429-796612a37e5e: partitions assigned: [springCloudBus-0]
2026-09-06T02:45:08.646+05:30  WARN 17868 --- [bmp-notification-service] [l-1 housekeeper] com.zaxxer.hikari.pool.HikariPool        : HikariPool-1 - Thread starvation or clock leap detected (housekeeper delta=3m29s426ms184µs400ns).
2026-09-06T02:45:13.020+05:30  INFO 17868 --- [bmp-notification-service] [nio-8089-exec-1] o.a.c.c.C.[Tomcat].[localhost].[/]       : Initializing Spring DispatcherServlet 'dispatcherServlet'
2026-09-06T02:45:13.021+05:30  INFO 17868 --- [bmp-notification-service] [nio-8089-exec-1] o.s.web.servlet.DispatcherServlet        : Initializing Servlet 'dispatcherServlet'
2026-09-06T02:45:13.094+05:30  INFO 17868 --- [bmp-notification-service] [nio-8089-exec-1] o.s.web.servlet.DispatcherServlet        : Completed initialization in 72 ms
2026-09-06T02:45:13.374+05:30  INFO 17868 --- [bmp-notification-service] [binder-health-1] o.a.k.clients.consumer.ConsumerConfig    : ConsumerConfig values: 
	allow.auto.create.topics = true
	auto.commit.interval.ms = 5000
	auto.include.jmx.reporter = true
	auto.offset.reset = earliest
	bootstrap.servers = [localhost:9092]
	check.crcs = true
	client.dns.lookup = use_all_dns_ips
	client.id = consumer-null-5
	client.rack = 
	connections.max.idle.ms = 540000
	default.api.timeout.ms = 60000
	enable.auto.commit = false
	enable.metrics.push = true
	exclude.internal.topics = true
	fetch.max.bytes = 52428800
	fetch.max.wait.ms = 500
	fetch.min.bytes = 1
	group.id = null
	group.instance.id = null
	group.protocol = classic
	group.remote.assignor = null
	heartbeat.interval.ms = 3000
	interceptor.classes = []
	internal.leave.group.on.close = true
	internal.throw.on.fetch.stable.offset.unsupported = false
	isolation.level = read_uncommitted
	key.deserializer = class org.apache.kafka.common.serialization.StringDeserializer
	max.partition.fetch.bytes = 1048576
	max.poll.interval.ms = 300000
	max.poll.records = 500
	metadata.max.age.ms = 300000
	metadata.recovery.strategy = none
	metric.reporters = []
	metrics.num.samples = 2
	metrics.recording.level = INFO
	metrics.sample.window.ms = 30000
	partition.assignment.strategy = [class org.apache.kafka.clients.consumer.RangeAssignor, class org.apache.kafka.clients.consumer.CooperativeStickyAssignor]
	receive.buffer.bytes = 65536
	reconnect.backoff.max.ms = 1000
	reconnect.backoff.ms = 50
	request.timeout.ms = 30000
	retry.backoff.max.ms = 1000
	retry.backoff.ms = 100
	sasl.client.callback.handler.class = null
	sasl.jaas.config = null
	sasl.kerberos.kinit.cmd = /usr/bin/kinit
	sasl.kerberos.min.time.before.relogin = 60000
	sasl.kerberos.service.name = null
	sasl.kerberos.ticket.renew.jitter = 0.05
	sasl.kerberos.ticket.renew.window.factor = 0.8
	sasl.login.callback.handler.class = null
	sasl.login.class = null
	sasl.login.connect.timeout.ms = null
	sasl.login.read.timeout.ms = null
	sasl.login.refresh.buffer.seconds = 300
	sasl.login.refresh.min.period.seconds = 60
	sasl.login.refresh.window.factor = 0.8
	sasl.login.refresh.window.jitter = 0.05
	sasl.login.retry.backoff.max.ms = 10000
	sasl.login.retry.backoff.ms = 100
	sasl.mechanism = GSSAPI
	sasl.oauthbearer.clock.skew.seconds = 30
	sasl.oauthbearer.expected.audience = null
	sasl.oauthbearer.expected.issuer = null
	sasl.oauthbearer.jwks.endpoint.refresh.ms = 3600000
	sasl.oauthbearer.jwks.endpoint.retry.backoff.max.ms = 10000
	sasl.oauthbearer.jwks.endpoint.retry.backoff.ms = 100
	sasl.oauthbearer.jwks.endpoint.url = null
	sasl.oauthbearer.scope.claim.name = scope
	sasl.oauthbearer.sub.claim.name = sub
	sasl.oauthbearer.token.endpoint.url = null
	security.protocol = PLAINTEXT
	security.providers = null
	send.buffer.bytes = 131072
	session.timeout.ms = 45000
	socket.connection.setup.timeout.max.ms = 30000
	socket.connection.setup.timeout.ms = 10000
	ssl.cipher.suites = null
	ssl.enabled.protocols = [TLSv1.2, TLSv1.3]
	ssl.endpoint.identification.algorithm = https
	ssl.engine.factory.class = null
	ssl.key.password = null
	ssl.keymanager.algorithm = SunX509
	ssl.keystore.certificate.chain = null
	ssl.keystore.key = null
	ssl.keystore.location = null
	ssl.keystore.password = null
	ssl.keystore.type = JKS
	ssl.protocol = TLSv1.3
	ssl.provider = null
	ssl.secure.random.implementation = null
	ssl.trustmanager.algorithm = PKIX
	ssl.truststore.certificates = null
	ssl.truststore.location = null
	ssl.truststore.password = null
	ssl.truststore.type = JKS
	value.deserializer = class org.apache.kafka.common.serialization.StringDeserializer

2026-09-06T02:45:13.375+05:30  INFO 17868 --- [bmp-notification-service] [binder-health-1] o.a.k.c.t.i.KafkaMetricsCollector        : initializing Kafka metrics collector
2026-09-06T02:45:13.386+05:30  INFO 17868 --- [bmp-notification-service] [binder-health-1] o.a.kafka.common.utils.AppInfoParser     : Kafka version: 3.8.1
2026-09-06T02:45:13.386+05:30  INFO 17868 --- [bmp-notification-service] [binder-health-1] o.a.kafka.common.utils.AppInfoParser     : Kafka commitId: 70d6ff42debf7e17
2026-09-06T02:45:13.386+05:30  INFO 17868 --- [bmp-notification-service] [binder-health-1] o.a.kafka.common.utils.AppInfoParser     : Kafka startTimeMs: 1788642913386
2026-09-06T02:45:13.396+05:30  INFO 17868 --- [bmp-notification-service] [binder-health-1] org.apache.kafka.clients.Metadata        : [Consumer clientId=consumer-null-5, groupId=null] Cluster ID: 5L6g3nShT-eMCtK--X86sw
2026-09-06T02:45:51.391+05:30  WARN 17868 --- [bmp-notification-service] [r-kafka-metrics] i.m.core.instrument.MeterRegistry        : This Gauge has been already registered (MeterId{name='kafka.consumer.successful.reauthentication.rate', tags=[tag(client.id=consumer-anonymous.79e9dafc-c5e6-4bd5-a429-796612a37e5e-2),tag(kafka.version=3.8.1),tag(spring.id=springCloudBus.consumer.consumer-anonymous.79e9dafc-c5e6-4bd5-a429-796612a37e5e-2)]}), the Gauge registration will be ignored. Note that subsequent logs will be logged at debug level.
2026-09-06T02:45:52.580+05:30  INFO 17868 --- [bmp-notification-service] [pool-3-thread-1] o.a.k.c.c.internals.ConsumerCoordinator  : [Consumer clientId=consumer-anonymous.79e9dafc-c5e6-4bd5-a429-796612a37e5e-4, groupId=anonymous.79e9dafc-c5e6-4bd5-a429-796612a37e5e] Found no committed offset for partition springCloudBus-0
