BMP local secrets loaded: email=smtp (devadmin.bmp@gmail.com)
Loaded local-secrets.ps1

  EMAIL: REAL DELIVERY (smtp as devadmin.bmp@gmail.com)

Starting bmp-salon ...
[INFO] Scanning for projects...
[INFO] 
[INFO] -------------------< in.bemyprofessional:bmp-salon >--------------------
[INFO] Building BMP :: bmp-salon-service (independent Spring Boot service, port 8083) 0.1.0-SNAPSHOT
[INFO]   from pom.xml
[INFO] --------------------------------[ jar ]---------------------------------
[INFO] 
[INFO] >>> spring-boot:3.4.1:run (default-cli) > test-compile @ bmp-salon >>>
[INFO] 
[INFO] --- resources:3.3.1:resources (default-resources) @ bmp-salon ---
[INFO] Copying 5 resources from src\main\resources to target\classes
[INFO] Copying 26 resources from src\main\resources to target\classes
[INFO] 
[INFO] --- compiler:3.13.0:compile (default-compile) @ bmp-salon ---
[INFO] Nothing to compile - all classes are up to date.
[INFO] 
[INFO] --- resources:3.3.1:testResources (default-testResources) @ bmp-salon ---
[INFO] skip non existing resourceDirectory C:\BMP -PRJ\BMP\bmp-salon\src\test\resources
[INFO] 
[INFO] --- compiler:3.13.0:testCompile (default-testCompile) @ bmp-salon ---
[INFO] Nothing to compile - all classes are up to date.
[INFO] 
[INFO] <<< spring-boot:3.4.1:run (default-cli) < test-compile @ bmp-salon <<<
[INFO] 
[INFO] 
[INFO] --- spring-boot:3.4.1:run (default-cli) @ bmp-salon ---
[INFO] Attaching agents: []

  .   ____          _            __ _ _
 /\\ / ___'_ __ _ _(_)_ __  __ _ \ \ \ \
( ( )\___ | '_ | '_| | '_ \/ _` | \ \ \ \
 \\/  ___)| |_)| | | | | || (_| |  ) ) ) )
  '  |____| .__|_| |_|_| |_\__, | / / / /
 =========|_|==============|___/=/_/_/_/

 :: Spring Boot ::                (v3.4.1)

2026-09-06T02:37:25.568+05:30  INFO 11552 --- [bmp-salon-service] [           main] com.bmp.salon.BmpSalonApplication        : Starting BmpSalonApplication using Java 21.0.11 with PID 11552 (C:\BMP -PRJ\BMP\bmp-salon\target\classes started by Lenovo in C:\BMP -PRJ\BMP\bmp-salon)
2026-09-06T02:37:25.573+05:30  INFO 11552 --- [bmp-salon-service] [           main] com.bmp.salon.BmpSalonApplication        : No active profile set, falling back to 1 default profile: "default"
2026-09-06T02:37:25.733+05:30  INFO 11552 --- [bmp-salon-service] [           main] o.s.c.c.c.ConfigServerConfigDataLoader   : Fetching config from server at : http://localhost:8888
2026-09-06T02:37:25.733+05:30  INFO 11552 --- [bmp-salon-service] [           main] o.s.c.c.c.ConfigServerConfigDataLoader   : Located environment: name=bmp-salon-service, profiles=[default], label=null, version=e49a1a5dcfcb36643a08d9529e85f702a6d4d502, state=
2026-09-06T02:37:29.134+05:30  INFO 11552 --- [bmp-salon-service] [           main] .s.d.r.c.RepositoryConfigurationDelegate : Bootstrapping Spring Data JPA repositories in DEFAULT mode.
2026-09-06T02:37:29.577+05:30  INFO 11552 --- [bmp-salon-service] [           main] .s.d.r.c.RepositoryConfigurationDelegate : Finished Spring Data repository scanning in 425 ms. Found 19 JPA repository interfaces.
2026-09-06T02:37:31.569+05:30  INFO 11552 --- [bmp-salon-service] [           main] faultConfiguringBeanFactoryPostProcessor : No bean named 'errorChannel' has been explicitly defined. Therefore, a default PublishSubscribeChannel will be created.
2026-09-06T02:37:31.601+05:30  INFO 11552 --- [bmp-salon-service] [           main] faultConfiguringBeanFactoryPostProcessor : No bean named 'integrationHeaderChannelRegistry' has been explicitly defined. Therefore, a default DefaultHeaderChannelRegistry will be created.
2026-09-06T02:37:32.143+05:30  INFO 11552 --- [bmp-salon-service] [           main] o.s.cloud.context.scope.GenericScope     : BeanFactory id=dbb4daf3-6e2c-3f8e-b557-1fc229fd873c
2026-09-06T02:37:33.980+05:30  INFO 11552 --- [bmp-salon-service] [           main] o.s.b.w.embedded.tomcat.TomcatWebServer  : Tomcat initialized with port 8083 (http)
2026-09-06T02:37:34.015+05:30  INFO 11552 --- [bmp-salon-service] [           main] o.apache.catalina.core.StandardService   : Starting service [Tomcat]
2026-09-06T02:37:34.017+05:30  INFO 11552 --- [bmp-salon-service] [           main] o.apache.catalina.core.StandardEngine    : Starting Servlet engine: [Apache Tomcat/10.1.34]
2026-09-06T02:37:34.331+05:30  INFO 11552 --- [bmp-salon-service] [           main] o.a.c.c.C.[Tomcat].[localhost].[/]       : Initializing Spring embedded WebApplicationContext
2026-09-06T02:37:34.335+05:30  INFO 11552 --- [bmp-salon-service] [           main] w.s.c.ServletWebServerApplicationContext : Root WebApplicationContext: initialization completed in 8596 ms
2026-09-06T02:37:36.663+05:30  INFO 11552 --- [bmp-salon-service] [           main] com.zaxxer.hikari.HikariDataSource       : HikariPool-1 - Starting...
2026-09-06T02:37:37.205+05:30  INFO 11552 --- [bmp-salon-service] [           main] com.zaxxer.hikari.pool.HikariPool        : HikariPool-1 - Added connection org.postgresql.jdbc.PgConnection@310cc4d
2026-09-06T02:37:37.210+05:30  INFO 11552 --- [bmp-salon-service] [           main] com.zaxxer.hikari.HikariDataSource       : HikariPool-1 - Start completed.
2026-09-06T02:37:37.291+05:30  INFO 11552 --- [bmp-salon-service] [           main] org.flywaydb.core.FlywayExecutor         : Database: jdbc:postgresql://localhost:5432/bmp (PostgreSQL 16.4)
2026-09-06T02:37:37.551+05:30  INFO 11552 --- [bmp-salon-service] [           main] o.f.core.internal.command.DbValidate     : Successfully validated 27 migrations (execution time 00:00.131s)
2026-09-06T02:37:37.589+05:30  INFO 11552 --- [bmp-salon-service] [           main] o.f.core.internal.command.DbMigrate      : Current version of schema "common_schema": 026
2026-09-06T02:37:37.642+05:30  INFO 11552 --- [bmp-salon-service] [           main] o.f.core.internal.command.DbMigrate      : Migrating schema "common_schema" to version "027 - one salon per owner"
2026-09-06T02:37:37.724+05:30 ERROR 11552 --- [bmp-salon-service] [           main] o.f.core.internal.command.DbMigrate      : Migration of schema "common_schema" to version "027 - one salon per owner" failed! Changes successfully rolled back.
2026-09-06T02:37:37.738+05:30  WARN 11552 --- [bmp-salon-service] [           main] ConfigServletWebServerApplicationContext : Exception encountered during context initialization - cancelling refresh attempt: org.springframework.beans.factory.BeanCreationException: Error creating bean with name 'entityManagerFactory' defined in class path resource [org/springframework/boot/autoconfigure/orm/jpa/HibernateJpaConfiguration.class]: Failed to initialize dependency 'flywayInitializer' of LoadTimeWeaverAware bean 'entityManagerFactory': Error creating bean with name 'flywayInitializer' defined in class path resource [org/springframework/boot/autoconfigure/flyway/FlywayAutoConfiguration$FlywayConfiguration.class]: Script V027__one_salon_per_owner.sql failed
-------------------------------------------
SQL State  : P0001
Error Code : 0
Message    : ERROR: Cannot enforce one-salon-per-owner: 1 owner(s) already hold more than one salon.
  01a0445c-8567-7936-a643-feea66814c53 owns 3 salons

Nothing has been changed. Decide which salon each owner keeps, remove the other OWNER seat from salon_schema.salon_staff, then restart. See tools/one-salon-per-owner-doctor.sql.
  Where: PL/pgSQL function inline_code_block line 17 at RAISE
Location   : db/migration/V027__one_salon_per_owner.sql (C:\BMP -PRJ\BMP\bmp-salon\target\classes\db\migration\V027__one_salon_per_owner.sql)
Line       : 57
Statement  : Run Flyway with -X option to see the actual statement causing the problem

2026-09-06T02:37:37.739+05:30  INFO 11552 --- [bmp-salon-service] [           main] com.zaxxer.hikari.HikariDataSource       : HikariPool-1 - Shutdown initiated...
2026-09-06T02:37:37.748+05:30  INFO 11552 --- [bmp-salon-service] [           main] com.zaxxer.hikari.HikariDataSource       : HikariPool-1 - Shutdown completed.
2026-09-06T02:37:37.755+05:30  INFO 11552 --- [bmp-salon-service] [           main] o.apache.catalina.core.StandardService   : Stopping service [Tomcat]
2026-09-06T02:37:37.814+05:30  INFO 11552 --- [bmp-salon-service] [           main] .s.b.a.l.ConditionEvaluationReportLogger : 

Error starting ApplicationContext. To display the condition evaluation report re-run your application with 'debug' enabled.
2026-09-06T02:37:37.992+05:30 ERROR 11552 --- [bmp-salon-service] [           main] o.s.boot.SpringApplication               : Application run failed

org.springframework.beans.factory.BeanCreationException: Error creating bean with name 'entityManagerFactory' defined in class path resource [org/springframework/boot/autoconfigure/orm/jpa/HibernateJpaConfiguration.class]: Failed to initialize dependency 'flywayInitializer' of LoadTimeWeaverAware bean 'entityManagerFactory': Error creating bean with name 'flywayInitializer' defined in class path resource [org/springframework/boot/autoconfigure/flyway/FlywayAutoConfiguration$FlywayConfiguration.class]: Script V027__one_salon_per_owner.sql failed
-------------------------------------------
SQL State  : P0001
Error Code : 0
Message    : ERROR: Cannot enforce one-salon-per-owner: 1 owner(s) already hold more than one salon.
  01a0445c-8567-7936-a643-feea66814c53 owns 3 salons

Nothing has been changed. Decide which salon each owner keeps, remove the other OWNER seat from salon_schema.salon_staff, then restart. See tools/one-salon-per-owner-doctor.sql.
  Where: PL/pgSQL function inline_code_block line 17 at RAISE
Location   : db/migration/V027__one_salon_per_owner.sql (C:\BMP -PRJ\BMP\bmp-salon\target\classes\db\migration\V027__one_salon_per_owner.sql)
Line       : 57
Statement  : Run Flyway with -X option to see the actual statement causing the problem

	at org.springframework.beans.factory.support.AbstractBeanFactory.doGetBean(AbstractBeanFactory.java:325) ~[spring-beans-6.2.1.jar:6.2.1]
	at org.springframework.beans.factory.support.AbstractBeanFactory.getBean(AbstractBeanFactory.java:204) ~[spring-beans-6.2.1.jar:6.2.1]
	at org.springframework.context.support.AbstractApplicationContext.finishBeanFactoryInitialization(AbstractApplicationContext.java:970) ~[spring-context-6.2.1.jar:6.2.1]
	at org.springframework.context.support.AbstractApplicationContext.refresh(AbstractApplicationContext.java:627) ~[spring-context-6.2.1.jar:6.2.1]
	at org.springframework.boot.web.servlet.context.ServletWebServerApplicationContext.refresh(ServletWebServerApplicationContext.java:146) ~[spring-boot-3.4.1.jar:3.4.1]
	at org.springframework.boot.SpringApplication.refresh(SpringApplication.java:752) ~[spring-boot-3.4.1.jar:3.4.1]
	at org.springframework.boot.SpringApplication.refreshContext(SpringApplication.java:439) ~[spring-boot-3.4.1.jar:3.4.1]
	at org.springframework.boot.SpringApplication.run(SpringApplication.java:318) ~[spring-boot-3.4.1.jar:3.4.1]
	at org.springframework.boot.SpringApplication.run(SpringApplication.java:1361) ~[spring-boot-3.4.1.jar:3.4.1]
	at org.springframework.boot.SpringApplication.run(SpringApplication.java:1350) ~[spring-boot-3.4.1.jar:3.4.1]
	at com.bmp.salon.BmpSalonApplication.main(BmpSalonApplication.java:39) ~[classes/:na]
Caused by: org.springframework.beans.factory.BeanCreationException: Error creating bean with name 'flywayInitializer' defined in class path resource [org/springframework/boot/autoconfigure/flyway/FlywayAutoConfiguration$FlywayConfiguration.class]: Script V027__one_salon_per_owner.sql failed
-------------------------------------------
SQL State  : P0001
Error Code : 0
Message    : ERROR: Cannot enforce one-salon-per-owner: 1 owner(s) already hold more than one salon.
  01a0445c-8567-7936-a643-feea66814c53 owns 3 salons

Nothing has been changed. Decide which salon each owner keeps, remove the other OWNER seat from salon_schema.salon_staff, then restart. See tools/one-salon-per-owner-doctor.sql.
  Where: PL/pgSQL function inline_code_block line 17 at RAISE
Location   : db/migration/V027__one_salon_per_owner.sql (C:\BMP -PRJ\BMP\bmp-salon\target\classes\db\migration\V027__one_salon_per_owner.sql)
Line       : 57
Statement  : Run Flyway with -X option to see the actual statement causing the problem

	at org.springframework.beans.factory.support.AbstractAutowireCapableBeanFactory.initializeBean(AbstractAutowireCapableBeanFactory.java:1808) ~[spring-beans-6.2.1.jar:6.2.1]
	at org.springframework.beans.factory.support.AbstractAutowireCapableBeanFactory.doCreateBean(AbstractAutowireCapableBeanFactory.java:601) ~[spring-beans-6.2.1.jar:6.2.1]
	at org.springframework.beans.factory.support.AbstractAutowireCapableBeanFactory.createBean(AbstractAutowireCapableBeanFactory.java:523) ~[spring-beans-6.2.1.jar:6.2.1]
	at org.springframework.beans.factory.support.AbstractBeanFactory.lambda$doGetBean$0(AbstractBeanFactory.java:336) ~[spring-beans-6.2.1.jar:6.2.1]
	at org.springframework.beans.factory.support.DefaultSingletonBeanRegistry.getSingleton(DefaultSingletonBeanRegistry.java:289) ~[spring-beans-6.2.1.jar:6.2.1]
	at org.springframework.beans.factory.support.AbstractBeanFactory.doGetBean(AbstractBeanFactory.java:334) ~[spring-beans-6.2.1.jar:6.2.1]
	at org.springframework.beans.factory.support.AbstractBeanFactory.getBean(AbstractBeanFactory.java:199) ~[spring-beans-6.2.1.jar:6.2.1]
	at org.springframework.beans.factory.support.AbstractBeanFactory.doGetBean(AbstractBeanFactory.java:312) ~[spring-beans-6.2.1.jar:6.2.1]
	... 10 common frames omitted
Caused by: org.flywaydb.core.internal.exception.FlywayMigrateException: Script V027__one_salon_per_owner.sql failed
-------------------------------------------
SQL State  : P0001
Error Code : 0
Message    : ERROR: Cannot enforce one-salon-per-owner: 1 owner(s) already hold more than one salon.
  01a0445c-8567-7936-a643-feea66814c53 owns 3 salons

Nothing has been changed. Decide which salon each owner keeps, remove the other OWNER seat from salon_schema.salon_staff, then restart. See tools/one-salon-per-owner-doctor.sql.
  Where: PL/pgSQL function inline_code_block line 17 at RAISE
Location   : db/migration/V027__one_salon_per_owner.sql (C:\BMP -PRJ\BMP\bmp-salon\target\classes\db\migration\V027__one_salon_per_owner.sql)
Line       : 57
Statement  : Run Flyway with -X option to see the actual statement causing the problem

	at org.flywaydb.core.internal.command.DbMigrate.doMigrateGroup(DbMigrate.java:399) ~[flyway-core-10.20.1.jar:na]
	at org.flywaydb.core.internal.command.DbMigrate.lambda$applyMigrations$1(DbMigrate.java:283) ~[flyway-core-10.20.1.jar:na]
	at org.flywaydb.core.internal.jdbc.TransactionalExecutionTemplate.execute(TransactionalExecutionTemplate.java:59) ~[flyway-core-10.20.1.jar:na]
	at org.flywaydb.core.internal.command.DbMigrate.applyMigrations(DbMigrate.java:282) ~[flyway-core-10.20.1.jar:na]
	at org.flywaydb.core.internal.command.DbMigrate.migrateGroup(DbMigrate.java:255) ~[flyway-core-10.20.1.jar:na]
	at org.flywaydb.core.internal.command.DbMigrate.lambda$migrateAll$0(DbMigrate.java:153) ~[flyway-core-10.20.1.jar:na]
	at org.flywaydb.database.postgresql.PostgreSQLAdvisoryLockTemplate.execute(PostgreSQLAdvisoryLockTemplate.java:77) ~[flyway-database-postgresql-10.20.1.jar:na]
	at org.flywaydb.database.postgresql.PostgreSQLAdvisoryLockTemplate.lambda$execute$0(PostgreSQLAdvisoryLockTemplate.java:60) ~[flyway-database-postgresql-10.20.1.jar:na]
	at org.flywaydb.core.internal.jdbc.TransactionalExecutionTemplate.execute(TransactionalExecutionTemplate.java:59) ~[flyway-core-10.20.1.jar:na]
	at org.flywaydb.database.postgresql.PostgreSQLAdvisoryLockTemplate.execute(PostgreSQLAdvisoryLockTemplate.java:60) ~[flyway-database-postgresql-10.20.1.jar:na]
	at org.flywaydb.database.postgresql.PostgreSQLConnection.lock(PostgreSQLConnection.java:105) ~[flyway-database-postgresql-10.20.1.jar:na]
	at org.flywaydb.core.internal.schemahistory.JdbcTableSchemaHistory.lock(JdbcTableSchemaHistory.java:149) ~[flyway-core-10.20.1.jar:na]
	at org.flywaydb.core.internal.command.DbMigrate.migrateAll(DbMigrate.java:153) ~[flyway-core-10.20.1.jar:na]
	at org.flywaydb.core.internal.command.DbMigrate.migrate(DbMigrate.java:104) ~[flyway-core-10.20.1.jar:na]
	at org.flywaydb.core.Flyway.lambda$migrate$1(Flyway.java:230) ~[flyway-core-10.20.1.jar:na]
	at org.flywaydb.core.FlywayExecutor.execute(FlywayExecutor.java:213) ~[flyway-core-10.20.1.jar:na]
	at org.flywaydb.core.Flyway.migrate(Flyway.java:176) ~[flyway-core-10.20.1.jar:na]
	at org.springframework.boot.autoconfigure.flyway.FlywayMigrationInitializer.afterPropertiesSet(FlywayMigrationInitializer.java:66) ~[spring-boot-autoconfigure-3.4.1.jar:3.4.1]
	at org.springframework.beans.factory.support.AbstractAutowireCapableBeanFactory.invokeInitMethods(AbstractAutowireCapableBeanFactory.java:1855) ~[spring-beans-6.2.1.jar:6.2.1]
	at org.springframework.beans.factory.support.AbstractAutowireCapableBeanFactory.initializeBean(AbstractAutowireCapableBeanFactory.java:1804) ~[spring-beans-6.2.1.jar:6.2.1]
	... 17 common frames omitted
Caused by: org.flywaydb.core.internal.sqlscript.FlywaySqlScriptException: Script V027__one_salon_per_owner.sql failed
-------------------------------------------
SQL State  : P0001
Error Code : 0
Message    : ERROR: Cannot enforce one-salon-per-owner: 1 owner(s) already hold more than one salon.
  01a0445c-8567-7936-a643-feea66814c53 owns 3 salons

Nothing has been changed. Decide which salon each owner keeps, remove the other OWNER seat from salon_schema.salon_staff, then restart. See tools/one-salon-per-owner-doctor.sql.
  Where: PL/pgSQL function inline_code_block line 17 at RAISE
Location   : db/migration/V027__one_salon_per_owner.sql (C:\BMP -PRJ\BMP\bmp-salon\target\classes\db\migration\V027__one_salon_per_owner.sql)
Line       : 57
Statement  : Run Flyway with -X option to see the actual statement causing the problem

	at org.flywaydb.core.internal.sqlscript.DefaultSqlScriptExecutor.handleException(DefaultSqlScriptExecutor.java:256) ~[flyway-core-10.20.1.jar:na]
	at org.flywaydb.core.internal.sqlscript.DefaultSqlScriptExecutor.executeStatement(DefaultSqlScriptExecutor.java:217) ~[flyway-core-10.20.1.jar:na]
	at org.flywaydb.core.internal.sqlscript.DefaultSqlScriptExecutor.execute(DefaultSqlScriptExecutor.java:137) ~[flyway-core-10.20.1.jar:na]
	at org.flywaydb.core.internal.resolver.sql.SqlMigrationExecutor.executeOnce(SqlMigrationExecutor.java:75) ~[flyway-core-10.20.1.jar:na]
	at org.flywaydb.core.internal.resolver.sql.SqlMigrationExecutor.lambda$execute$0(SqlMigrationExecutor.java:66) ~[flyway-core-10.20.1.jar:na]
	at org.flywaydb.core.internal.database.DefaultExecutionStrategy.execute(DefaultExecutionStrategy.java:31) ~[flyway-core-10.20.1.jar:na]
	at org.flywaydb.core.internal.resolver.sql.SqlMigrationExecutor.execute(SqlMigrationExecutor.java:65) ~[flyway-core-10.20.1.jar:na]
	at org.flywaydb.core.internal.command.DbMigrate.doMigrateGroup(DbMigrate.java:391) ~[flyway-core-10.20.1.jar:na]
	... 36 common frames omitted
Caused by: org.postgresql.util.PSQLException: ERROR: Cannot enforce one-salon-per-owner: 1 owner(s) already hold more than one salon.
  01a0445c-8567-7936-a643-feea66814c53 owns 3 salons

Nothing has been changed. Decide which salon each owner keeps, remove the other OWNER seat from salon_schema.salon_staff, then restart. See tools/one-salon-per-owner-doctor.sql.
  Where: PL/pgSQL function inline_code_block line 17 at RAISE
	at org.postgresql.core.v3.QueryExecutorImpl.receiveErrorResponse(QueryExecutorImpl.java:2733) ~[postgresql-42.7.4.jar:42.7.4]
	at org.postgresql.core.v3.QueryExecutorImpl.processResults(QueryExecutorImpl.java:2420) ~[postgresql-42.7.4.jar:42.7.4]
	at org.postgresql.core.v3.QueryExecutorImpl.execute(QueryExecutorImpl.java:372) ~[postgresql-42.7.4.jar:42.7.4]
	at org.postgresql.jdbc.PgStatement.executeInternal(PgStatement.java:517) ~[postgresql-42.7.4.jar:42.7.4]
	at org.postgresql.jdbc.PgStatement.execute(PgStatement.java:434) ~[postgresql-42.7.4.jar:42.7.4]
	at org.postgresql.jdbc.PgStatement.executeWithFlags(PgStatement.java:356) ~[postgresql-42.7.4.jar:42.7.4]
	at org.postgresql.jdbc.PgStatement.executeCachedSql(PgStatement.java:341) ~[postgresql-42.7.4.jar:42.7.4]
	at org.postgresql.jdbc.PgStatement.executeWithFlags(PgStatement.java:317) ~[postgresql-42.7.4.jar:42.7.4]
	at org.postgresql.jdbc.PgStatement.execute(PgStatement.java:312) ~[postgresql-42.7.4.jar:42.7.4]
	at com.zaxxer.hikari.pool.ProxyStatement.execute(ProxyStatement.java:94) ~[HikariCP-5.1.0.jar:na]
	at com.zaxxer.hikari.pool.HikariProxyStatement.execute(HikariProxyStatement.java) ~[HikariCP-5.1.0.jar:na]
	at org.flywaydb.core.internal.jdbc.JdbcTemplate.executeStatement(JdbcTemplate.java:210) ~[flyway-core-10.20.1.jar:na]
	at org.flywaydb.core.internal.sqlscript.ParsedSqlStatement.execute(ParsedSqlStatement.java:88) ~[flyway-core-10.20.1.jar:na]
	at org.flywaydb.core.internal.sqlscript.DefaultSqlScriptExecutor.executeStatement(DefaultSqlScriptExecutor.java:212) ~[flyway-core-10.20.1.jar:na]
	... 42 common frames omitted

[INFO] ------------------------------------------------------------------------
[INFO] BUILD FAILURE
[INFO] ------------------------------------------------------------------------
[INFO] Total time:  28.692 s
[INFO] Finished at: 2026-09-06T02:37:38+05:30
[INFO] ------------------------------------------------------------------------
[ERROR] Failed to execute goal org.springframework.boot:spring-boot-maven-plugin:3.4.1:run (default-cli) on project bmp-salon: Process terminated with exit code: 1 -> [Help 1]
[ERROR] 
[ERROR] To see the full stack trace of the errors, re-run Maven with the -e switch.
[ERROR] Re-run Maven using the -X switch to enable full debug logging.
[ERROR] 
[ERROR] For more information about the errors and possible solutions, please read the following articles:
[ERROR] [Help 1] http://cwiki.apache.org/confluence/display/MAVEN/MojoExecutionException
