
  .   ____          _            __ _ _
 /\\ / ___'_ __ _ _(_)_ __  __ _ \ \ \ \
( ( )\___ | '_ | '_| | '_ \/ _` | \ \ \ \
 \\/  ___)| |_)| | | | | || (_| |  ) ) ) )
  '  |____| .__|_| |_|_| |_\__, | / / / /
 =========|_|==============|___/=/_/_/_/

 :: Spring Boot ::                (v3.4.1)

2026-08-24T22:32:41.586+05:30  INFO 42040 --- [bmp-user-service] [           main] com.bmp.user.BmpUserApplication          : Starting BmpUserApplication using Java 21.0.11 with PID 42040 (C:\BMP -PRJ\BMP\bmp-user\target\classes started by Lenovo in C:\BMP -PRJ\BMP\bmp-user)
2026-08-24T22:32:41.590+05:30  INFO 42040 --- [bmp-user-service] [           main] com.bmp.user.BmpUserApplication          : No active profile set, falling back to 1 default profile: "default"
2026-08-24T22:32:41.662+05:30  INFO 42040 --- [bmp-user-service] [           main] o.s.c.c.c.ConfigServerConfigDataLoader   : Fetching config from server at : http://localhost:8888
2026-08-24T22:32:41.662+05:30  INFO 42040 --- [bmp-user-service] [           main] o.s.c.c.c.ConfigServerConfigDataLoader   : Located environment: name=bmp-user-service, profiles=[default], label=null, version=e49a1a5dcfcb36643a08d9529e85f702a6d4d502, state=
2026-08-24T22:32:43.070+05:30  INFO 42040 --- [bmp-user-service] [           main] .s.d.r.c.RepositoryConfigurationDelegate : Bootstrapping Spring Data JPA repositories in DEFAULT mode.
2026-08-24T22:32:43.291+05:30  INFO 42040 --- [bmp-user-service] [           main] .s.d.r.c.RepositoryConfigurationDelegate : Finished Spring Data repository scanning in 207 ms. Found 3 JPA repository interfaces.
2026-08-24T22:32:44.567+05:30  INFO 42040 --- [bmp-user-service] [           main] faultConfiguringBeanFactoryPostProcessor : No bean named 'errorChannel' has been explicitly defined. Therefore, a default PublishSubscribeChannel will be created.
2026-08-24T22:32:44.583+05:30  INFO 42040 --- [bmp-user-service] [           main] faultConfiguringBeanFactoryPostProcessor : No bean named 'integrationHeaderChannelRegistry' has been explicitly defined. Therefore, a default DefaultHeaderChannelRegistry will be created.
2026-08-24T22:32:44.801+05:30  INFO 42040 --- [bmp-user-service] [           main] o.s.cloud.context.scope.GenericScope     : BeanFactory id=c0e363a0-3c28-35bf-9f99-9f8e88d07117
2026-08-24T22:32:45.866+05:30  INFO 42040 --- [bmp-user-service] [           main] o.s.b.w.embedded.tomcat.TomcatWebServer  : Tomcat initialized with port 8082 (http)
2026-08-24T22:32:45.886+05:30  INFO 42040 --- [bmp-user-service] [           main] o.apache.catalina.core.StandardService   : Starting service [Tomcat]
2026-08-24T22:32:45.886+05:30  INFO 42040 --- [bmp-user-service] [           main] o.apache.catalina.core.StandardEngine    : Starting Servlet engine: [Apache Tomcat/10.1.34]
2026-08-24T22:32:45.996+05:30  INFO 42040 --- [bmp-user-service] [           main] o.a.c.c.C.[Tomcat].[localhost].[/]       : Initializing Spring embedded WebApplicationContext
2026-08-24T22:32:45.998+05:30  INFO 42040 --- [bmp-user-service] [           main] w.s.c.ServletWebServerApplicationContext : Root WebApplicationContext: initialization completed in 4332 ms
2026-08-24T22:32:46.630+05:30  INFO 42040 --- [bmp-user-service] [           main] com.zaxxer.hikari.HikariDataSource       : HikariPool-1 - Starting...
2026-08-24T22:32:46.789+05:30  INFO 42040 --- [bmp-user-service] [           main] com.zaxxer.hikari.pool.HikariPool        : HikariPool-1 - Added connection org.postgresql.jdbc.PgConnection@70efdd18
2026-08-24T22:32:46.792+05:30  INFO 42040 --- [bmp-user-service] [           main] com.zaxxer.hikari.HikariDataSource       : HikariPool-1 - Start completed.
2026-08-24T22:32:46.825+05:30  INFO 42040 --- [bmp-user-service] [           main] org.flywaydb.core.FlywayExecutor         : Database: jdbc:postgresql://localhost:5432/bmp (PostgreSQL 16.4)
2026-08-24T22:32:46.913+05:30  INFO 42040 --- [bmp-user-service] [           main] o.f.core.internal.command.DbValidate     : Successfully validated 5 migrations (execution time 00:00.050s)
2026-08-24T22:32:46.960+05:30  INFO 42040 --- [bmp-user-service] [           main] o.f.core.internal.command.DbMigrate      : Current version of schema "common_schema": 004
2026-08-24T22:32:46.965+05:30  INFO 42040 --- [bmp-user-service] [           main] o.f.core.internal.command.DbMigrate      : Schema "common_schema" is up to date. No migration necessary.
2026-08-24T22:32:47.088+05:30  INFO 42040 --- [bmp-user-service] [           main] o.hibernate.jpa.internal.util.LogHelper  : HHH000204: Processing PersistenceUnitInfo [name: default]
2026-08-24T22:32:47.150+05:30  INFO 42040 --- [bmp-user-service] [           main] org.hibernate.Version                    : HHH000412: Hibernate ORM core version 6.6.4.Final
2026-08-24T22:32:47.196+05:30  INFO 42040 --- [bmp-user-service] [           main] o.h.c.internal.RegionFactoryInitiator    : HHH000026: Second-level cache disabled
2026-08-24T22:32:47.574+05:30  INFO 42040 --- [bmp-user-service] [           main] o.s.o.j.p.SpringPersistenceUnitInfo      : No LoadTimeWeaver setup: ignoring JPA class transformer
2026-08-24T22:32:47.690+05:30  INFO 42040 --- [bmp-user-service] [           main] org.hibernate.orm.connections.pooling    : HHH10001005: Database info:
	Database JDBC URL [Connecting through datasource 'HikariDataSource (HikariPool-1)']
	Database driver: undefined/unknown
	Database version: 16.4
	Autocommit mode: undefined/unknown
	Isolation level: undefined/unknown
	Minimum pool size: undefined/unknown
	Maximum pool size: undefined/unknown
2026-08-24T22:32:48.825+05:30  INFO 42040 --- [bmp-user-service] [           main] o.h.e.t.j.p.i.JtaPlatformInitiator       : HHH000489: No JTA platform available (set 'hibernate.transaction.jta.platform' to enable JTA platform integration)
2026-08-24T22:32:48.912+05:30  INFO 42040 --- [bmp-user-service] [           main] j.LocalContainerEntityManagerFactoryBean : Initialized JPA EntityManagerFactory for persistence unit 'default'
2026-08-24T22:32:49.834+05:30  WARN 42040 --- [bmp-user-service] [           main] .s.s.UserDetailsServiceAutoConfiguration : 

Using generated security password: c14ed246-80f4-4bfd-90ef-768fb89fbcde

This generated password is for development use only. Your security configuration must be updated before running your application in production.

2026-08-24T22:32:49.851+05:30  INFO 42040 --- [bmp-user-service] [           main] r$InitializeUserDetailsManagerConfigurer : Global AuthenticationManager configured with UserDetailsService bean with name inMemoryUserDetailsManager
2026-08-24T22:32:50.573+05:30  INFO 42040 --- [bmp-user-service] [           main] o.s.b.a.e.web.EndpointLinksResolver      : Exposing 10 endpoints beneath base path '/actuator'
2026-08-24T22:32:51.281+05:30  INFO 42040 --- [bmp-user-service] [           main] o.s.c.s.m.DirectWithAttributesChannel    : Channel 'bmp-user-service.springCloudBusInput' has 1 subscriber(s).
2026-08-24T22:32:51.700+05:30  INFO 42040 --- [bmp-user-service] [           main] DiscoveryClientOptionalArgsConfiguration : Eureka HTTP Client uses RestTemplate.
2026-08-24T22:32:51.788+05:30  WARN 42040 --- [bmp-user-service] [           main] iguration$LoadBalancerCaffeineWarnLogger : Spring Cloud LoadBalancer is currently working with the default cache. While this cache implementation is useful for development and tests, it's recommended to use Caffeine cache in production.You can switch to using Caffeine cache, by adding it and org.springframework.cache.caffeine.CaffeineCacheManager to the classpath.
2026-08-24T22:32:51.961+05:30  INFO 42040 --- [bmp-user-service] [           main] o.s.i.endpoint.EventDrivenConsumer       : Adding {logging-channel-adapter:_org.springframework.integration.errorLogger} as a subscriber to the 'errorChannel' channel
2026-08-24T22:32:51.961+05:30  INFO 42040 --- [bmp-user-service] [           main] o.s.i.channel.PublishSubscribeChannel    : Channel 'bmp-user-service.errorChannel' has 1 subscriber(s).
2026-08-24T22:32:51.961+05:30  INFO 42040 --- [bmp-user-service] [           main] o.s.i.endpoint.EventDrivenConsumer       : started bean '_org.springframework.integration.errorLogger'
2026-08-24T22:32:51.971+05:30  INFO 42040 --- [bmp-user-service] [           main] o.s.c.n.eureka.InstanceInfoFactory       : Setting initial instance status as: STARTING
2026-08-24T22:32:51.990+05:30  INFO 42040 --- [bmp-user-service] [           main] com.netflix.discovery.DiscoveryClient    : Initializing Eureka in region us-east-1
2026-08-24T22:32:51.993+05:30  INFO 42040 --- [bmp-user-service] [           main] c.n.d.s.r.aws.ConfigClusterResolver      : Resolving eureka endpoints via configuration
2026-08-24T22:32:51.999+05:30  INFO 42040 --- [bmp-user-service] [           main] com.netflix.discovery.DiscoveryClient    : Disable delta property : false
2026-08-24T22:32:52.000+05:30  INFO 42040 --- [bmp-user-service] [           main] com.netflix.discovery.DiscoveryClient    : Single vip registry refresh property : null
2026-08-24T22:32:52.000+05:30  INFO 42040 --- [bmp-user-service] [           main] com.netflix.discovery.DiscoveryClient    : Force full registry fetch : false
2026-08-24T22:32:52.000+05:30  INFO 42040 --- [bmp-user-service] [           main] com.netflix.discovery.DiscoveryClient    : Application is null : false
2026-08-24T22:32:52.000+05:30  INFO 42040 --- [bmp-user-service] [           main] com.netflix.discovery.DiscoveryClient    : Registered Applications size is zero : true
2026-08-24T22:32:52.000+05:30  INFO 42040 --- [bmp-user-service] [           main] com.netflix.discovery.DiscoveryClient    : Application version is -1: true
2026-08-24T22:32:52.000+05:30  INFO 42040 --- [bmp-user-service] [           main] com.netflix.discovery.DiscoveryClient    : Getting all instance registry info from the eureka server
2026-08-24T22:32:52.231+05:30  INFO 42040 --- [bmp-user-service] [           main] com.netflix.discovery.DiscoveryClient    : The response status is 200
2026-08-24T22:32:52.235+05:30  INFO 42040 --- [bmp-user-service] [           main] com.netflix.discovery.DiscoveryClient    : Starting heartbeat executor: renew interval is: 30
2026-08-24T22:32:52.239+05:30  INFO 42040 --- [bmp-user-service] [           main] c.n.discovery.InstanceInfoReplicator     : InstanceInfoReplicator onDemand update allowed rate per min is 4
2026-08-24T22:32:52.240+05:30  INFO 42040 --- [bmp-user-service] [           main] com.netflix.discovery.DiscoveryClient    : Discovery Client initialized at timestamp 1787590972240 with initial instances count: 2
2026-08-24T22:32:52.254+05:30  INFO 42040 --- [bmp-user-service] [           main] o.s.c.n.e.s.EurekaServiceRegistry        : Registering application BMP-USER-SERVICE with eureka with status UP
2026-08-24T22:32:52.254+05:30  INFO 42040 --- [bmp-user-service] [           main] com.netflix.discovery.DiscoveryClient    : Saw local status change event StatusChangeEvent [timestamp=1787590972254, current=UP, previous=STARTING]
2026-08-24T22:32:52.256+05:30  INFO 42040 --- [bmp-user-service] [foReplicator-%d] com.netflix.discovery.DiscoveryClient    : DiscoveryClient_BMP-USER-SERVICE/Darshan.mshome.net:bmp-user-service:8082: registering service...
2026-08-24T22:32:52.280+05:30  INFO 42040 --- [bmp-user-service] [           main] o.s.b.w.embedded.tomcat.TomcatWebServer  : Tomcat started on port 8082 (http) with context path '/'
2026-08-24T22:32:52.281+05:30  INFO 42040 --- [bmp-user-service] [           main] .s.c.n.e.s.EurekaAutoServiceRegistration : Updating port to 8082
2026-08-24T22:32:52.285+05:30  INFO 42040 --- [bmp-user-service] [foReplicator-%d] com.netflix.discovery.DiscoveryClient    : DiscoveryClient_BMP-USER-SERVICE/Darshan.mshome.net:bmp-user-service:8082 - registration status: 204
2026-08-24T22:32:52.292+05:30  INFO 42040 --- [bmp-user-service] [           main] o.s.c.s.binder.DefaultBinderFactory      : Creating binder: kafka
2026-08-24T22:32:52.292+05:30  INFO 42040 --- [bmp-user-service] [           main] o.s.c.s.binder.DefaultBinderFactory      : Constructing binder child context for kafka
2026-08-24T22:32:52.515+05:30  INFO 42040 --- [bmp-user-service] [           main] o.s.c.s.binder.DefaultBinderFactory      : Caching the binder: kafka
2026-08-24T22:32:52.544+05:30  INFO 42040 --- [bmp-user-service] [           main] o.a.k.clients.admin.AdminClientConfig    : AdminClientConfig values: 
	auto.include.jmx.reporter = true
	bootstrap.controllers = []
	bootstrap.servers = [localhost:9092]
	client.dns.lookup = use_all_dns_ips
	client.id = 
	connections.max.idle.ms = 300000
	default.api.timeout.ms = 60000
	enable.metrics.push = true
	metadata.max.age.ms = 300000
	metadata.recovery.strategy = none
	metric.reporters = []
	metrics.num.samples = 2
	metrics.recording.level = INFO
	metrics.sample.window.ms = 30000
	receive.buffer.bytes = 65536
	reconnect.backoff.max.ms = 1000
	reconnect.backoff.ms = 50
	request.timeout.ms = 30000
	retries = 2147483647
	retry.backoff.max.ms = 1000
	retry.backoff.ms = 100
	sasl.client.callback.handler.class = null
	sasl.jaas.config = null
	sasl.kerberos.kinit.cmd = /usr/bin/kinit
	sasl.kerberos.min.time.before.relogin = 60000
	sasl.kerberos.service.name = null
	sasl.kerberos.ticket.renew.jitter = 0.05
	sasl.kerberos.ticket.renew.window.factor = 0.8
	sasl.login.callback.handler.class = null
	sasl.login.class = null
	sasl.login.connect.timeout.ms = null
	sasl.login.read.timeout.ms = null
	sasl.login.refresh.buffer.seconds = 300
	sasl.login.refresh.min.period.seconds = 60
	sasl.login.refresh.window.factor = 0.8
	sasl.login.refresh.window.jitter = 0.05
	sasl.login.retry.backoff.max.ms = 10000
	sasl.login.retry.backoff.ms = 100
	sasl.mechanism = GSSAPI
	sasl.oauthbearer.clock.skew.seconds = 30
	sasl.oauthbearer.expected.audience = null
	sasl.oauthbearer.expected.issuer = null
	sasl.oauthbearer.jwks.endpoint.refresh.ms = 3600000
	sasl.oauthbearer.jwks.endpoint.retry.backoff.max.ms = 10000
	sasl.oauthbearer.jwks.endpoint.retry.backoff.ms = 100
	sasl.oauthbearer.jwks.endpoint.url = null
	sasl.oauthbearer.scope.claim.name = scope
	sasl.oauthbearer.sub.claim.name = sub
	sasl.oauthbearer.token.endpoint.url = null
	security.protocol = PLAINTEXT
	security.providers = null
	send.buffer.bytes = 131072
	socket.connection.setup.timeout.max.ms = 30000
	socket.connection.setup.timeout.ms = 10000
	ssl.cipher.suites = null
	ssl.enabled.protocols = [TLSv1.2, TLSv1.3]
	ssl.endpoint.identification.algorithm = https
	ssl.engine.factory.class = null
	ssl.key.password = null
	ssl.keymanager.algorithm = SunX509
	ssl.keystore.certificate.chain = null
	ssl.keystore.key = null
	ssl.keystore.location = null
	ssl.keystore.password = null
	ssl.keystore.type = JKS
	ssl.protocol = TLSv1.3
	ssl.provider = null
	ssl.secure.random.implementation = null
	ssl.trustmanager.algorithm = PKIX
	ssl.truststore.certificates = null
	ssl.truststore.location = null
	ssl.truststore.password = null
	ssl.truststore.type = JKS

2026-08-24T22:32:52.636+05:30  INFO 42040 --- [bmp-user-service] [           main] o.a.kafka.common.utils.AppInfoParser     : Kafka version: 3.8.1
2026-08-24T22:32:52.636+05:30  INFO 42040 --- [bmp-user-service] [           main] o.a.kafka.common.utils.AppInfoParser     : Kafka commitId: 70d6ff42debf7e17
2026-08-24T22:32:52.636+05:30  INFO 42040 --- [bmp-user-service] [           main] o.a.kafka.common.utils.AppInfoParser     : Kafka startTimeMs: 1787590972635
2026-08-24T22:32:52.906+05:30  INFO 42040 --- [bmp-user-service] [| adminclient-1] o.a.kafka.common.utils.AppInfoParser     : App info kafka.admin.client for adminclient-1 unregistered
2026-08-24T22:32:52.909+05:30  INFO 42040 --- [bmp-user-service] [| adminclient-1] o.apache.kafka.common.metrics.Metrics    : Metrics scheduler closed
2026-08-24T22:32:52.909+05:30  INFO 42040 --- [bmp-user-service] [| adminclient-1] o.apache.kafka.common.metrics.Metrics    : Closing reporter org.apache.kafka.common.metrics.JmxReporter
2026-08-24T22:32:52.909+05:30  INFO 42040 --- [bmp-user-service] [| adminclient-1] o.apache.kafka.common.metrics.Metrics    : Metrics reporters closed
2026-08-24T22:32:52.917+05:30  INFO 42040 --- [bmp-user-service] [           main] o.a.k.clients.consumer.ConsumerConfig    : ConsumerConfig values: 
	allow.auto.create.topics = true
	auto.commit.interval.ms = 100
	auto.include.jmx.reporter = true
	auto.offset.reset = latest
	bootstrap.servers = [localhost:9092]
	check.crcs = true
	client.dns.lookup = use_all_dns_ips
	client.id = consumer-anonymous.d5d18b52-5617-46a8-9ac4-b2cf30557e05-1
	client.rack = 
	connections.max.idle.ms = 540000
	default.api.timeout.ms = 60000
	enable.auto.commit = false
	enable.metrics.push = true
	exclude.internal.topics = true
	fetch.max.bytes = 52428800
	fetch.max.wait.ms = 500
	fetch.min.bytes = 1
	group.id = anonymous.d5d18b52-5617-46a8-9ac4-b2cf30557e05
	group.instance.id = null
	group.protocol = classic
	group.remote.assignor = null
	heartbeat.interval.ms = 3000
	interceptor.classes = []
	internal.leave.group.on.close = true
	internal.throw.on.fetch.stable.offset.unsupported = false
	isolation.level = read_uncommitted
	key.deserializer = class org.apache.kafka.common.serialization.ByteArrayDeserializer
	max.partition.fetch.bytes = 1048576
	max.poll.interval.ms = 300000
	max.poll.records = 500
	metadata.max.age.ms = 300000
	metadata.recovery.strategy = none
	metric.reporters = []
	metrics.num.samples = 2
	metrics.recording.level = INFO
	metrics.sample.window.ms = 30000
	partition.assignment.strategy = [class org.apache.kafka.clients.consumer.RangeAssignor, class org.apache.kafka.clients.consumer.CooperativeStickyAssignor]
	receive.buffer.bytes = 65536
	reconnect.backoff.max.ms = 1000
	reconnect.backoff.ms = 50
	request.timeout.ms = 30000
	retry.backoff.max.ms = 1000
	retry.backoff.ms = 100
	sasl.client.callback.handler.class = null
	sasl.jaas.config = null
	sasl.kerberos.kinit.cmd = /usr/bin/kinit
	sasl.kerberos.min.time.before.relogin = 60000
	sasl.kerberos.service.name = null
	sasl.kerberos.ticket.renew.jitter = 0.05
	sasl.kerberos.ticket.renew.window.factor = 0.8
	sasl.login.callback.handler.class = null
	sasl.login.class = null
	sasl.login.connect.timeout.ms = null
	sasl.login.read.timeout.ms = null
	sasl.login.refresh.buffer.seconds = 300
	sasl.login.refresh.min.period.seconds = 60
	sasl.login.refresh.window.factor = 0.8
	sasl.login.refresh.window.jitter = 0.05
	sasl.login.retry.backoff.max.ms = 10000
	sasl.login.retry.backoff.ms = 100
	sasl.mechanism = GSSAPI
	sasl.oauthbearer.clock.skew.seconds = 30
	sasl.oauthbearer.expected.audience = null
	sasl.oauthbearer.expected.issuer = null
	sasl.oauthbearer.jwks.endpoint.refresh.ms = 3600000
	sasl.oauthbearer.jwks.endpoint.retry.backoff.max.ms = 10000
	sasl.oauthbearer.jwks.endpoint.retry.backoff.ms = 100
	sasl.oauthbearer.jwks.endpoint.url = null
	sasl.oauthbearer.scope.claim.name = scope
	sasl.oauthbearer.sub.claim.name = sub
	sasl.oauthbearer.token.endpoint.url = null
	security.protocol = PLAINTEXT
	security.providers = null
	send.buffer.bytes = 131072
	session.timeout.ms = 45000
	socket.connection.setup.timeout.max.ms = 30000
	socket.connection.setup.timeout.ms = 10000
	ssl.cipher.suites = null
	ssl.enabled.protocols = [TLSv1.2, TLSv1.3]
	ssl.endpoint.identification.algorithm = https
	ssl.engine.factory.class = null
	ssl.key.password = null
	ssl.keymanager.algorithm = SunX509
	ssl.keystore.certificate.chain = null
	ssl.keystore.key = null
	ssl.keystore.location = null
	ssl.keystore.password = null
	ssl.keystore.type = JKS
	ssl.protocol = TLSv1.3
	ssl.provider = null
	ssl.secure.random.implementation = null
	ssl.trustmanager.algorithm = PKIX
	ssl.truststore.certificates = null
	ssl.truststore.location = null
	ssl.truststore.password = null
	ssl.truststore.type = JKS
	value.deserializer = class org.apache.kafka.common.serialization.ByteArrayDeserializer

2026-08-24T22:32:52.945+05:30  INFO 42040 --- [bmp-user-service] [           main] o.a.k.c.t.i.KafkaMetricsCollector        : initializing Kafka metrics collector
2026-08-24T22:32:52.983+05:30  INFO 42040 --- [bmp-user-service] [           main] o.a.kafka.common.utils.AppInfoParser     : Kafka version: 3.8.1
2026-08-24T22:32:52.983+05:30  INFO 42040 --- [bmp-user-service] [           main] o.a.kafka.common.utils.AppInfoParser     : Kafka commitId: 70d6ff42debf7e17
2026-08-24T22:32:52.983+05:30  INFO 42040 --- [bmp-user-service] [           main] o.a.kafka.common.utils.AppInfoParser     : Kafka startTimeMs: 1787590972983
2026-08-24T22:32:53.001+05:30  INFO 42040 --- [bmp-user-service] [           main] org.apache.kafka.clients.Metadata        : [Consumer clientId=consumer-anonymous.d5d18b52-5617-46a8-9ac4-b2cf30557e05-1, groupId=anonymous.d5d18b52-5617-46a8-9ac4-b2cf30557e05] Cluster ID: 5L6g3nShT-eMCtK--X86sw
2026-08-24T22:32:53.004+05:30  INFO 42040 --- [bmp-user-service] [           main] o.a.k.c.c.internals.ConsumerCoordinator  : [Consumer clientId=consumer-anonymous.d5d18b52-5617-46a8-9ac4-b2cf30557e05-1, groupId=anonymous.d5d18b52-5617-46a8-9ac4-b2cf30557e05] Resetting generation and member id due to: consumer pro-actively leaving the group
2026-08-24T22:32:53.004+05:30  INFO 42040 --- [bmp-user-service] [           main] o.a.k.c.c.internals.ConsumerCoordinator  : [Consumer clientId=consumer-anonymous.d5d18b52-5617-46a8-9ac4-b2cf30557e05-1, groupId=anonymous.d5d18b52-5617-46a8-9ac4-b2cf30557e05] Request joining group due to: consumer pro-actively leaving the group
2026-08-24T22:32:53.008+05:30  INFO 42040 --- [bmp-user-service] [           main] o.apache.kafka.common.metrics.Metrics    : Metrics scheduler closed
2026-08-24T22:32:53.008+05:30  INFO 42040 --- [bmp-user-service] [           main] o.apache.kafka.common.metrics.Metrics    : Closing reporter org.apache.kafka.common.metrics.JmxReporter
2026-08-24T22:32:53.008+05:30  INFO 42040 --- [bmp-user-service] [           main] o.apache.kafka.common.metrics.Metrics    : Closing reporter org.apache.kafka.common.telemetry.internals.ClientTelemetryReporter
2026-08-24T22:32:53.008+05:30  INFO 42040 --- [bmp-user-service] [           main] o.apache.kafka.common.metrics.Metrics    : Metrics reporters closed
2026-08-24T22:32:53.011+05:30  INFO 42040 --- [bmp-user-service] [           main] o.a.kafka.common.utils.AppInfoParser     : App info kafka.consumer for consumer-anonymous.d5d18b52-5617-46a8-9ac4-b2cf30557e05-1 unregistered
2026-08-24T22:32:53.043+05:30  INFO 42040 --- [bmp-user-service] [           main] o.s.c.stream.binder.BinderErrorChannel   : Channel 'kafka-1270104866.springCloudBusInput.errors' has 1 subscriber(s).
2026-08-24T22:32:53.044+05:30  INFO 42040 --- [bmp-user-service] [           main] o.s.c.stream.binder.BinderErrorChannel   : Channel 'kafka-1270104866.springCloudBusInput.errors' has 0 subscriber(s).
2026-08-24T22:32:53.044+05:30  INFO 42040 --- [bmp-user-service] [           main] o.s.c.stream.binder.BinderErrorChannel   : Channel 'kafka-1270104866.springCloudBusInput.errors' has 1 subscriber(s).
2026-08-24T22:32:53.044+05:30  INFO 42040 --- [bmp-user-service] [           main] o.s.c.stream.binder.BinderErrorChannel   : Channel 'kafka-1270104866.springCloudBusInput.errors' has 2 subscriber(s).
2026-08-24T22:32:53.072+05:30  INFO 42040 --- [bmp-user-service] [           main] o.a.k.clients.consumer.ConsumerConfig    : ConsumerConfig values: 
	allow.auto.create.topics = true
	auto.commit.interval.ms = 100
	auto.include.jmx.reporter = true
	auto.offset.reset = latest
	bootstrap.servers = [localhost:9092]
	check.crcs = true
	client.dns.lookup = use_all_dns_ips
	client.id = consumer-anonymous.d5d18b52-5617-46a8-9ac4-b2cf30557e05-2
	client.rack = 
	connections.max.idle.ms = 540000
	default.api.timeout.ms = 60000
	enable.auto.commit = false
	enable.metrics.push = true
	exclude.internal.topics = true
	fetch.max.bytes = 52428800
	fetch.max.wait.ms = 500
	fetch.min.bytes = 1
	group.id = anonymous.d5d18b52-5617-46a8-9ac4-b2cf30557e05
	group.instance.id = null
	group.protocol = classic
	group.remote.assignor = null
	heartbeat.interval.ms = 3000
	interceptor.classes = []
	internal.leave.group.on.close = true
	internal.throw.on.fetch.stable.offset.unsupported = false
	isolation.level = read_uncommitted
	key.deserializer = class org.apache.kafka.common.serialization.ByteArrayDeserializer
	max.partition.fetch.bytes = 1048576
	max.poll.interval.ms = 300000
	max.poll.records = 500
	metadata.max.age.ms = 300000
	metadata.recovery.strategy = none
	metric.reporters = []
	metrics.num.samples = 2
	metrics.recording.level = INFO
	metrics.sample.window.ms = 30000
	partition.assignment.strategy = [class org.apache.kafka.clients.consumer.RangeAssignor, class org.apache.kafka.clients.consumer.CooperativeStickyAssignor]
	receive.buffer.bytes = 65536
	reconnect.backoff.max.ms = 1000
	reconnect.backoff.ms = 50
	request.timeout.ms = 30000
	retry.backoff.max.ms = 1000
	retry.backoff.ms = 100
	sasl.client.callback.handler.class = null
	sasl.jaas.config = null
	sasl.kerberos.kinit.cmd = /usr/bin/kinit
	sasl.kerberos.min.time.before.relogin = 60000
	sasl.kerberos.service.name = null
	sasl.kerberos.ticket.renew.jitter = 0.05
	sasl.kerberos.ticket.renew.window.factor = 0.8
	sasl.login.callback.handler.class = null
	sasl.login.class = null
	sasl.login.connect.timeout.ms = null
	sasl.login.read.timeout.ms = null
	sasl.login.refresh.buffer.seconds = 300
	sasl.login.refresh.min.period.seconds = 60
	sasl.login.refresh.window.factor = 0.8
	sasl.login.refresh.window.jitter = 0.05
	sasl.login.retry.backoff.max.ms = 10000
	sasl.login.retry.backoff.ms = 100
	sasl.mechanism = GSSAPI
	sasl.oauthbearer.clock.skew.seconds = 30
	sasl.oauthbearer.expected.audience = null
	sasl.oauthbearer.expected.issuer = null
	sasl.oauthbearer.jwks.endpoint.refresh.ms = 3600000
	sasl.oauthbearer.jwks.endpoint.retry.backoff.max.ms = 10000
	sasl.oauthbearer.jwks.endpoint.retry.backoff.ms = 100
	sasl.oauthbearer.jwks.endpoint.url = null
	sasl.oauthbearer.scope.claim.name = scope
	sasl.oauthbearer.sub.claim.name = sub
	sasl.oauthbearer.token.endpoint.url = null
	security.protocol = PLAINTEXT
	security.providers = null
	send.buffer.bytes = 131072
	session.timeout.ms = 45000
	socket.connection.setup.timeout.max.ms = 30000
	socket.connection.setup.timeout.ms = 10000
	ssl.cipher.suites = null
	ssl.enabled.protocols = [TLSv1.2, TLSv1.3]
	ssl.endpoint.identification.algorithm = https
	ssl.engine.factory.class = null
	ssl.key.password = null
	ssl.keymanager.algorithm = SunX509
	ssl.keystore.certificate.chain = null
	ssl.keystore.key = null
	ssl.keystore.location = null
	ssl.keystore.password = null
	ssl.keystore.type = JKS
	ssl.protocol = TLSv1.3
	ssl.provider = null
	ssl.secure.random.implementation = null
	ssl.trustmanager.algorithm = PKIX
	ssl.truststore.certificates = null
	ssl.truststore.location = null
	ssl.truststore.password = null
	ssl.truststore.type = JKS
	value.deserializer = class org.apache.kafka.common.serialization.ByteArrayDeserializer

2026-08-24T22:32:53.073+05:30  INFO 42040 --- [bmp-user-service] [           main] o.a.k.c.t.i.KafkaMetricsCollector        : initializing Kafka metrics collector
2026-08-24T22:32:53.079+05:30  INFO 42040 --- [bmp-user-service] [           main] o.a.kafka.common.utils.AppInfoParser     : Kafka version: 3.8.1
2026-08-24T22:32:53.080+05:30  INFO 42040 --- [bmp-user-service] [           main] o.a.kafka.common.utils.AppInfoParser     : Kafka commitId: 70d6ff42debf7e17
2026-08-24T22:32:53.080+05:30  INFO 42040 --- [bmp-user-service] [           main] o.a.kafka.common.utils.AppInfoParser     : Kafka startTimeMs: 1787590973079
2026-08-24T22:32:53.083+05:30  INFO 42040 --- [bmp-user-service] [           main] o.a.k.c.c.internals.LegacyKafkaConsumer  : [Consumer clientId=consumer-anonymous.d5d18b52-5617-46a8-9ac4-b2cf30557e05-2, groupId=anonymous.d5d18b52-5617-46a8-9ac4-b2cf30557e05] Subscribed to topic(s): springCloudBus
2026-08-24T22:32:53.089+05:30  INFO 42040 --- [bmp-user-service] [           main] s.i.k.i.KafkaMessageDrivenChannelAdapter : started org.springframework.integration.kafka.inbound.KafkaMessageDrivenChannelAdapter@197cf24e
2026-08-24T22:32:53.099+05:30  INFO 42040 --- [bmp-user-service] [container-0-C-1] org.apache.kafka.clients.Metadata        : [Consumer clientId=consumer-anonymous.d5d18b52-5617-46a8-9ac4-b2cf30557e05-2, groupId=anonymous.d5d18b52-5617-46a8-9ac4-b2cf30557e05] Cluster ID: 5L6g3nShT-eMCtK--X86sw
2026-08-24T22:32:53.100+05:30  INFO 42040 --- [bmp-user-service] [container-0-C-1] o.a.k.c.c.internals.ConsumerCoordinator  : [Consumer clientId=consumer-anonymous.d5d18b52-5617-46a8-9ac4-b2cf30557e05-2, groupId=anonymous.d5d18b52-5617-46a8-9ac4-b2cf30557e05] Discovered group coordinator localhost:9092 (id: 2147483646 rack: null)
2026-08-24T22:32:53.102+05:30  INFO 42040 --- [bmp-user-service] [container-0-C-1] o.a.k.c.c.internals.ConsumerCoordinator  : [Consumer clientId=consumer-anonymous.d5d18b52-5617-46a8-9ac4-b2cf30557e05-2, groupId=anonymous.d5d18b52-5617-46a8-9ac4-b2cf30557e05] (Re-)joining group
2026-08-24T22:32:53.115+05:30  INFO 42040 --- [bmp-user-service] [container-0-C-1] o.a.k.c.c.internals.ConsumerCoordinator  : [Consumer clientId=consumer-anonymous.d5d18b52-5617-46a8-9ac4-b2cf30557e05-2, groupId=anonymous.d5d18b52-5617-46a8-9ac4-b2cf30557e05] Request joining group due to: need to re-join with the given member-id: consumer-anonymous.d5d18b52-5617-46a8-9ac4-b2cf30557e05-2-f987ca55-5638-47da-a97e-7d07aa7fc993
2026-08-24T22:32:53.115+05:30  INFO 42040 --- [bmp-user-service] [container-0-C-1] o.a.k.c.c.internals.ConsumerCoordinator  : [Consumer clientId=consumer-anonymous.d5d18b52-5617-46a8-9ac4-b2cf30557e05-2, groupId=anonymous.d5d18b52-5617-46a8-9ac4-b2cf30557e05] (Re-)joining group
2026-08-24T22:32:53.131+05:30  INFO 42040 --- [bmp-user-service] [           main] com.bmp.user.BmpUserApplication          : Started BmpUserApplication in 28.55 seconds (process running for 30.159)
2026-08-24T22:32:54.107+05:30  INFO 42040 --- [bmp-user-service] [pool-2-thread-1] o.a.k.clients.consumer.ConsumerConfig    : ConsumerConfig values: 
	allow.auto.create.topics = true
	auto.commit.interval.ms = 5000
	auto.include.jmx.reporter = true
	auto.offset.reset = latest
	bootstrap.servers = [localhost:9092]
	check.crcs = true
	client.dns.lookup = use_all_dns_ips
	client.id = consumer-anonymous.d5d18b52-5617-46a8-9ac4-b2cf30557e05-3
	client.rack = 
	connections.max.idle.ms = 540000
	default.api.timeout.ms = 60000
	enable.auto.commit = true
	enable.metrics.push = true
	exclude.internal.topics = true
	fetch.max.bytes = 52428800
	fetch.max.wait.ms = 500
	fetch.min.bytes = 1
	group.id = anonymous.d5d18b52-5617-46a8-9ac4-b2cf30557e05
	group.instance.id = null
	group.protocol = classic
	group.remote.assignor = null
	heartbeat.interval.ms = 3000
	interceptor.classes = []
	internal.leave.group.on.close = true
	internal.throw.on.fetch.stable.offset.unsupported = false
	isolation.level = read_uncommitted
	key.deserializer = class org.apache.kafka.common.serialization.ByteArrayDeserializer
	max.partition.fetch.bytes = 1048576
	max.poll.interval.ms = 300000
	max.poll.records = 500
	metadata.max.age.ms = 300000
	metadata.recovery.strategy = none
	metric.reporters = []
	metrics.num.samples = 2
	metrics.recording.level = INFO
	metrics.sample.window.ms = 30000
	partition.assignment.strategy = [class org.apache.kafka.clients.consumer.RangeAssignor, class org.apache.kafka.clients.consumer.CooperativeStickyAssignor]
	receive.buffer.bytes = 65536
	reconnect.backoff.max.ms = 1000
	reconnect.backoff.ms = 50
	request.timeout.ms = 30000
	retry.backoff.max.ms = 1000
	retry.backoff.ms = 100
	sasl.client.callback.handler.class = null
	sasl.jaas.config = null
	sasl.kerberos.kinit.cmd = /usr/bin/kinit
	sasl.kerberos.min.time.before.relogin = 60000
	sasl.kerberos.service.name = null
	sasl.kerberos.ticket.renew.jitter = 0.05
	sasl.kerberos.ticket.renew.window.factor = 0.8
	sasl.login.callback.handler.class = null
	sasl.login.class = null
	sasl.login.connect.timeout.ms = null
	sasl.login.read.timeout.ms = null
	sasl.login.refresh.buffer.seconds = 300
	sasl.login.refresh.min.period.seconds = 60
	sasl.login.refresh.window.factor = 0.8
	sasl.login.refresh.window.jitter = 0.05
	sasl.login.retry.backoff.max.ms = 10000
	sasl.login.retry.backoff.ms = 100
	sasl.mechanism = GSSAPI
	sasl.oauthbearer.clock.skew.seconds = 30
	sasl.oauthbearer.expected.audience = null
	sasl.oauthbearer.expected.issuer = null
	sasl.oauthbearer.jwks.endpoint.refresh.ms = 3600000
	sasl.oauthbearer.jwks.endpoint.retry.backoff.max.ms = 10000
	sasl.oauthbearer.jwks.endpoint.retry.backoff.ms = 100
	sasl.oauthbearer.jwks.endpoint.url = null
	sasl.oauthbearer.scope.claim.name = scope
	sasl.oauthbearer.sub.claim.name = sub
	sasl.oauthbearer.token.endpoint.url = null
	security.protocol = PLAINTEXT
	security.providers = null
	send.buffer.bytes = 131072
	session.timeout.ms = 45000
	socket.connection.setup.timeout.max.ms = 30000
	socket.connection.setup.timeout.ms = 10000
	ssl.cipher.suites = null
	ssl.enabled.protocols = [TLSv1.2, TLSv1.3]
	ssl.endpoint.identification.algorithm = https
	ssl.engine.factory.class = null
	ssl.key.password = null
	ssl.keymanager.algorithm = SunX509
	ssl.keystore.certificate.chain = null
	ssl.keystore.key = null
	ssl.keystore.location = null
	ssl.keystore.password = null
	ssl.keystore.type = JKS
	ssl.protocol = TLSv1.3
	ssl.provider = null
	ssl.secure.random.implementation = null
	ssl.trustmanager.algorithm = PKIX
	ssl.truststore.certificates = null
	ssl.truststore.location = null
	ssl.truststore.password = null
	ssl.truststore.type = JKS
	value.deserializer = class org.apache.kafka.common.serialization.ByteArrayDeserializer

2026-08-24T22:32:54.108+05:30  INFO 42040 --- [bmp-user-service] [pool-2-thread-1] o.a.k.c.t.i.KafkaMetricsCollector        : initializing Kafka metrics collector
2026-08-24T22:32:54.114+05:30  INFO 42040 --- [bmp-user-service] [pool-2-thread-1] o.a.kafka.common.utils.AppInfoParser     : Kafka version: 3.8.1
2026-08-24T22:32:54.114+05:30  INFO 42040 --- [bmp-user-service] [pool-2-thread-1] o.a.kafka.common.utils.AppInfoParser     : Kafka commitId: 70d6ff42debf7e17
2026-08-24T22:32:54.114+05:30  INFO 42040 --- [bmp-user-service] [pool-2-thread-1] o.a.kafka.common.utils.AppInfoParser     : Kafka startTimeMs: 1787590974114
2026-08-24T22:32:54.122+05:30  INFO 42040 --- [bmp-user-service] [pool-2-thread-1] org.apache.kafka.clients.Metadata        : [Consumer clientId=consumer-anonymous.d5d18b52-5617-46a8-9ac4-b2cf30557e05-3, groupId=anonymous.d5d18b52-5617-46a8-9ac4-b2cf30557e05] Cluster ID: 5L6g3nShT-eMCtK--X86sw
2026-08-24T22:32:54.140+05:30  INFO 42040 --- [bmp-user-service] [pool-2-thread-1] o.a.k.c.c.internals.ConsumerCoordinator  : [Consumer clientId=consumer-anonymous.d5d18b52-5617-46a8-9ac4-b2cf30557e05-3, groupId=anonymous.d5d18b52-5617-46a8-9ac4-b2cf30557e05] Discovered group coordinator localhost:9092 (id: 2147483646 rack: null)
2026-08-24T22:32:54.147+05:30  INFO 42040 --- [bmp-user-service] [pool-2-thread-1] o.a.k.c.c.internals.ConsumerCoordinator  : [Consumer clientId=consumer-anonymous.d5d18b52-5617-46a8-9ac4-b2cf30557e05-3, groupId=anonymous.d5d18b52-5617-46a8-9ac4-b2cf30557e05] Found no committed offset for partition springCloudBus-0
2026-08-24T22:32:56.095+05:30  INFO 42040 --- [bmp-user-service] [container-0-C-1] o.a.k.c.c.internals.ConsumerCoordinator  : [Consumer clientId=consumer-anonymous.d5d18b52-5617-46a8-9ac4-b2cf30557e05-2, groupId=anonymous.d5d18b52-5617-46a8-9ac4-b2cf30557e05] Successfully joined group with generation Generation{generationId=1, memberId='consumer-anonymous.d5d18b52-5617-46a8-9ac4-b2cf30557e05-2-f987ca55-5638-47da-a97e-7d07aa7fc993', protocol='range'}
2026-08-24T22:32:56.103+05:30  INFO 42040 --- [bmp-user-service] [container-0-C-1] o.a.k.c.c.internals.ConsumerCoordinator  : [Consumer clientId=consumer-anonymous.d5d18b52-5617-46a8-9ac4-b2cf30557e05-2, groupId=anonymous.d5d18b52-5617-46a8-9ac4-b2cf30557e05] Finished assignment for group at generation 1: {consumer-anonymous.d5d18b52-5617-46a8-9ac4-b2cf30557e05-2-f987ca55-5638-47da-a97e-7d07aa7fc993=Assignment(partitions=[springCloudBus-0])}
2026-08-24T22:32:56.109+05:30  INFO 42040 --- [bmp-user-service] [container-0-C-1] o.a.k.c.c.internals.ConsumerCoordinator  : [Consumer clientId=consumer-anonymous.d5d18b52-5617-46a8-9ac4-b2cf30557e05-2, groupId=anonymous.d5d18b52-5617-46a8-9ac4-b2cf30557e05] Successfully synced group in generation Generation{generationId=1, memberId='consumer-anonymous.d5d18b52-5617-46a8-9ac4-b2cf30557e05-2-f987ca55-5638-47da-a97e-7d07aa7fc993', protocol='range'}
2026-08-24T22:32:56.109+05:30  INFO 42040 --- [bmp-user-service] [container-0-C-1] o.a.k.c.c.internals.ConsumerCoordinator  : [Consumer clientId=consumer-anonymous.d5d18b52-5617-46a8-9ac4-b2cf30557e05-2, groupId=anonymous.d5d18b52-5617-46a8-9ac4-b2cf30557e05] Notifying assignor about the new Assignment(partitions=[springCloudBus-0])
2026-08-24T22:32:56.111+05:30  INFO 42040 --- [bmp-user-service] [container-0-C-1] k.c.c.i.ConsumerRebalanceListenerInvoker : [Consumer clientId=consumer-anonymous.d5d18b52-5617-46a8-9ac4-b2cf30557e05-2, groupId=anonymous.d5d18b52-5617-46a8-9ac4-b2cf30557e05] Adding newly assigned partitions: springCloudBus-0
2026-08-24T22:32:56.113+05:30  INFO 42040 --- [bmp-user-service] [container-0-C-1] o.a.k.c.c.internals.ConsumerCoordinator  : [Consumer clientId=consumer-anonymous.d5d18b52-5617-46a8-9ac4-b2cf30557e05-2, groupId=anonymous.d5d18b52-5617-46a8-9ac4-b2cf30557e05] Found no committed offset for partition springCloudBus-0
2026-08-24T22:32:56.117+05:30  INFO 42040 --- [bmp-user-service] [container-0-C-1] o.a.k.c.c.internals.ConsumerCoordinator  : [Consumer clientId=consumer-anonymous.d5d18b52-5617-46a8-9ac4-b2cf30557e05-2, groupId=anonymous.d5d18b52-5617-46a8-9ac4-b2cf30557e05] Found no committed offset for partition springCloudBus-0
2026-08-24T22:32:56.125+05:30  INFO 42040 --- [bmp-user-service] [container-0-C-1] o.a.k.c.c.internals.SubscriptionState    : [Consumer clientId=consumer-anonymous.d5d18b52-5617-46a8-9ac4-b2cf30557e05-2, groupId=anonymous.d5d18b52-5617-46a8-9ac4-b2cf30557e05] Resetting offset for partition springCloudBus-0 to position FetchPosition{offset=0, offsetEpoch=Optional.empty, currentLeader=LeaderAndEpoch{leader=Optional[localhost:9092 (id: 1 rack: null)], epoch=0}}.
2026-08-24T22:32:56.130+05:30  INFO 42040 --- [bmp-user-service] [container-0-C-1] o.s.c.s.b.k.KafkaMessageChannelBinder$2  : anonymous.d5d18b52-5617-46a8-9ac4-b2cf30557e05: partitions assigned: [springCloudBus-0]
2026-08-24T22:33:29.328+05:30  INFO 42040 --- [bmp-user-service] [nio-8082-exec-1] o.a.c.c.C.[Tomcat].[localhost].[/]       : Initializing Spring DispatcherServlet 'dispatcherServlet'
2026-08-24T22:33:29.328+05:30  INFO 42040 --- [bmp-user-service] [nio-8082-exec-1] o.s.web.servlet.DispatcherServlet        : Initializing Servlet 'dispatcherServlet'
2026-08-24T22:33:29.331+05:30  INFO 42040 --- [bmp-user-service] [nio-8082-exec-1] o.s.web.servlet.DispatcherServlet        : Completed initialization in 3 ms
2026-08-24T22:33:29.408+05:30  INFO 42040 --- [bmp-user-service] [binder-health-1] o.a.k.clients.consumer.ConsumerConfig    : ConsumerConfig values: 
	allow.auto.create.topics = true
	auto.commit.interval.ms = 5000
	auto.include.jmx.reporter = true
	auto.offset.reset = latest
	bootstrap.servers = [localhost:9092]
	check.crcs = true
	client.dns.lookup = use_all_dns_ips
	client.id = consumer-null-4
	client.rack = 
	connections.max.idle.ms = 540000
	default.api.timeout.ms = 60000
	enable.auto.commit = false
	enable.metrics.push = true
	exclude.internal.topics = true
	fetch.max.bytes = 52428800
	fetch.max.wait.ms = 500
	fetch.min.bytes = 1
	group.id = null
	group.instance.id = null
	group.protocol = classic
	group.remote.assignor = null
	heartbeat.interval.ms = 3000
	interceptor.classes = []
	internal.leave.group.on.close = true
	internal.throw.on.fetch.stable.offset.unsupported = false
	isolation.level = read_uncommitted
	key.deserializer = class org.apache.kafka.common.serialization.ByteArrayDeserializer
	max.partition.fetch.bytes = 1048576
	max.poll.interval.ms = 300000
	max.poll.records = 500
	metadata.max.age.ms = 300000
	metadata.recovery.strategy = none
	metric.reporters = []
	metrics.num.samples = 2
	metrics.recording.level = INFO
	metrics.sample.window.ms = 30000
	partition.assignment.strategy = [class org.apache.kafka.clients.consumer.RangeAssignor, class org.apache.kafka.clients.consumer.CooperativeStickyAssignor]
	receive.buffer.bytes = 65536
	reconnect.backoff.max.ms = 1000
	reconnect.backoff.ms = 50
	request.timeout.ms = 30000
	retry.backoff.max.ms = 1000
	retry.backoff.ms = 100
	sasl.client.callback.handler.class = null
	sasl.jaas.config = null
	sasl.kerberos.kinit.cmd = /usr/bin/kinit
	sasl.kerberos.min.time.before.relogin = 60000
	sasl.kerberos.service.name = null
	sasl.kerberos.ticket.renew.jitter = 0.05
	sasl.kerberos.ticket.renew.window.factor = 0.8
	sasl.login.callback.handler.class = null
	sasl.login.class = null
	sasl.login.connect.timeout.ms = null
	sasl.login.read.timeout.ms = null
	sasl.login.refresh.buffer.seconds = 300
	sasl.login.refresh.min.period.seconds = 60
	sasl.login.refresh.window.factor = 0.8
	sasl.login.refresh.window.jitter = 0.05
	sasl.login.retry.backoff.max.ms = 10000
	sasl.login.retry.backoff.ms = 100
	sasl.mechanism = GSSAPI
	sasl.oauthbearer.clock.skew.seconds = 30
	sasl.oauthbearer.expected.audience = null
	sasl.oauthbearer.expected.issuer = null
	sasl.oauthbearer.jwks.endpoint.refresh.ms = 3600000
	sasl.oauthbearer.jwks.endpoint.retry.backoff.max.ms = 10000
	sasl.oauthbearer.jwks.endpoint.retry.backoff.ms = 100
	sasl.oauthbearer.jwks.endpoint.url = null
	sasl.oauthbearer.scope.claim.name = scope
	sasl.oauthbearer.sub.claim.name = sub
	sasl.oauthbearer.token.endpoint.url = null
	security.protocol = PLAINTEXT
	security.providers = null
	send.buffer.bytes = 131072
	session.timeout.ms = 45000
	socket.connection.setup.timeout.max.ms = 30000
	socket.connection.setup.timeout.ms = 10000
	ssl.cipher.suites = null
	ssl.enabled.protocols = [TLSv1.2, TLSv1.3]
	ssl.endpoint.identification.algorithm = https
	ssl.engine.factory.class = null
	ssl.key.password = null
	ssl.keymanager.algorithm = SunX509
	ssl.keystore.certificate.chain = null
	ssl.keystore.key = null
	ssl.keystore.location = null
	ssl.keystore.password = null
	ssl.keystore.type = JKS
	ssl.protocol = TLSv1.3
	ssl.provider = null
	ssl.secure.random.implementation = null
	ssl.trustmanager.algorithm = PKIX
	ssl.truststore.certificates = null
	ssl.truststore.location = null
	ssl.truststore.password = null
	ssl.truststore.type = JKS
	value.deserializer = class org.apache.kafka.common.serialization.ByteArrayDeserializer

2026-08-24T22:33:29.409+05:30  INFO 42040 --- [bmp-user-service] [binder-health-1] o.a.k.c.t.i.KafkaMetricsCollector        : initializing Kafka metrics collector
2026-08-24T22:33:29.416+05:30  INFO 42040 --- [bmp-user-service] [binder-health-1] o.a.kafka.common.utils.AppInfoParser     : Kafka version: 3.8.1
2026-08-24T22:33:29.416+05:30  INFO 42040 --- [bmp-user-service] [binder-health-1] o.a.kafka.common.utils.AppInfoParser     : Kafka commitId: 70d6ff42debf7e17
2026-08-24T22:33:29.416+05:30  INFO 42040 --- [bmp-user-service] [binder-health-1] o.a.kafka.common.utils.AppInfoParser     : Kafka startTimeMs: 1787591009416
2026-08-24T22:33:29.426+05:30  INFO 42040 --- [bmp-user-service] [binder-health-1] org.apache.kafka.clients.Metadata        : [Consumer clientId=consumer-null-4, groupId=null] Cluster ID: 5L6g3nShT-eMCtK--X86sw
2026-08-24T22:37:52.031+05:30  INFO 42040 --- [bmp-user-service] [rap-executor-%d] c.n.d.s.r.aws.ConfigClusterResolver      : Resolving eureka endpoints via configuration
2026-08-24T22:41:53.577+05:30  INFO 42040 --- [bmp-user-service] [container-0-C-1] org.apache.kafka.clients.NetworkClient   : [Consumer clientId=consumer-anonymous.d5d18b52-5617-46a8-9ac4-b2cf30557e05-2, groupId=anonymous.d5d18b52-5617-46a8-9ac4-b2cf30557e05] Node -1 disconnected.
2026-08-24T22:41:54.323+05:30  INFO 42040 --- [bmp-user-service] [pool-2-thread-1] org.apache.kafka.clients.NetworkClient   : [Consumer clientId=consumer-anonymous.d5d18b52-5617-46a8-9ac4-b2cf30557e05-3, groupId=anonymous.d5d18b52-5617-46a8-9ac4-b2cf30557e05] Node -1 disconnected.
2026-08-24T22:42:48.537+05:30  INFO 42040 --- [bmp-user-service] [binder-health-1] org.apache.kafka.clients.NetworkClient   : [Consumer clientId=consumer-null-4, groupId=null] Node -1 disconnected.
2026-08-24T22:42:52.074+05:30  INFO 42040 --- [bmp-user-service] [rap-executor-%d] c.n.d.s.r.aws.ConfigClusterResolver      : Resolving eureka endpoints via configuration
2026-08-24T22:47:52.087+05:30  INFO 42040 --- [bmp-user-service] [rap-executor-%d] c.n.d.s.r.aws.ConfigClusterResolver      : Resolving eureka endpoints via configuration
2026-08-24T22:51:53.591+05:30  INFO 42040 --- [bmp-user-service] [container-0-C-1] org.apache.kafka.clients.NetworkClient   : [Consumer clientId=consumer-anonymous.d5d18b52-5617-46a8-9ac4-b2cf30557e05-2, groupId=anonymous.d5d18b52-5617-46a8-9ac4-b2cf30557e05] Node -1 disconnected.
2026-08-24T22:51:54.536+05:30  INFO 42040 --- [bmp-user-service] [pool-2-thread-1] org.apache.kafka.clients.NetworkClient   : [Consumer clientId=consumer-anonymous.d5d18b52-5617-46a8-9ac4-b2cf30557e05-3, groupId=anonymous.d5d18b52-5617-46a8-9ac4-b2cf30557e05] Node -1 disconnected.
2026-08-24T22:52:52.103+05:30  INFO 42040 --- [bmp-user-service] [rap-executor-%d] c.n.d.s.r.aws.ConfigClusterResolver      : Resolving eureka endpoints via configuration
2026-08-24T22:53:28.590+05:30  INFO 42040 --- [bmp-user-service] [binder-health-1] org.apache.kafka.clients.NetworkClient   : [Consumer clientId=consumer-null-4, groupId=null] Node -1 disconnected.
2026-08-24T22:57:52.124+05:30  INFO 42040 --- [bmp-user-service] [rap-executor-%d] c.n.d.s.r.aws.ConfigClusterResolver      : Resolving eureka endpoints via configuration
2026-08-24T23:02:52.168+05:30  INFO 42040 --- [bmp-user-service] [rap-executor-%d] c.n.d.s.r.aws.ConfigClusterResolver      : Resolving eureka endpoints via configuration
2026-08-24T23:07:52.175+05:30  INFO 42040 --- [bmp-user-service] [rap-executor-%d] c.n.d.s.r.aws.ConfigClusterResolver      : Resolving eureka endpoints via configuration
2026-08-24T23:12:52.189+05:30  INFO 42040 --- [bmp-user-service] [rap-executor-%d] c.n.d.s.r.aws.ConfigClusterResolver      : Resolving eureka endpoints via configuration
2026-08-24T23:17:52.216+05:30  INFO 42040 --- [bmp-user-service] [rap-executor-%d] c.n.d.s.r.aws.ConfigClusterResolver      : Resolving eureka endpoints via configuration
2026-08-24T23:22:52.231+05:30  INFO 42040 --- [bmp-user-service] [rap-executor-%d] c.n.d.s.r.aws.ConfigClusterResolver      : Resolving eureka endpoints via configuration
2026-08-24T23:36:04.230+05:30  INFO 42040 --- [bmp-user-service] [pool-2-thread-1] org.apache.kafka.clients.NetworkClient   : [Consumer clientId=consumer-anonymous.d5d18b52-5617-46a8-9ac4-b2cf30557e05-3, groupId=anonymous.d5d18b52-5617-46a8-9ac4-b2cf30557e05] Node 2147483646 disconnected.
2026-08-24T23:36:04.286+05:30  INFO 42040 --- [bmp-user-service] [c4-b2cf30557e05] org.apache.kafka.clients.NetworkClient   : [Consumer clientId=consumer-anonymous.d5d18b52-5617-46a8-9ac4-b2cf30557e05-2, groupId=anonymous.d5d18b52-5617-46a8-9ac4-b2cf30557e05] Node 2147483646 disconnected.
2026-08-24T23:36:04.569+05:30  INFO 42040 --- [bmp-user-service] [pool-2-thread-1] org.apache.kafka.clients.NetworkClient   : [Consumer clientId=consumer-anonymous.d5d18b52-5617-46a8-9ac4-b2cf30557e05-3, groupId=anonymous.d5d18b52-5617-46a8-9ac4-b2cf30557e05] Disconnecting from node 1 due to request timeout.
2026-08-24T23:36:04.584+05:30  INFO 42040 --- [bmp-user-service] [c4-b2cf30557e05] org.apache.kafka.clients.NetworkClient   : [Consumer clientId=consumer-anonymous.d5d18b52-5617-46a8-9ac4-b2cf30557e05-2, groupId=anonymous.d5d18b52-5617-46a8-9ac4-b2cf30557e05] Disconnecting from node 1 due to request timeout.
2026-08-24T23:36:04.604+05:30  INFO 42040 --- [bmp-user-service] [pool-2-thread-1] org.apache.kafka.clients.NetworkClient   : [Consumer clientId=consumer-anonymous.d5d18b52-5617-46a8-9ac4-b2cf30557e05-3, groupId=anonymous.d5d18b52-5617-46a8-9ac4-b2cf30557e05] Cancelled in-flight LIST_OFFSETS request with correlation id 179 due to node 1 being disconnected (elapsed time since creation: 665ms, elapsed time since send: 789020ms, throttle time: 0ms, request timeout: 30000ms)
2026-08-24T23:36:04.591+05:30  INFO 42040 --- [bmp-user-service] [c4-b2cf30557e05] org.apache.kafka.clients.NetworkClient   : [Consumer clientId=consumer-anonymous.d5d18b52-5617-46a8-9ac4-b2cf30557e05-2, groupId=anonymous.d5d18b52-5617-46a8-9ac4-b2cf30557e05] Cancelled in-flight FETCH request with correlation id 6952 due to node 1 being disconnected (elapsed time since creation: 790809ms, elapsed time since send: 790809ms, throttle time: 0ms, request timeout: 30000ms)
2026-08-24T23:36:04.683+05:30  INFO 42040 --- [bmp-user-service] [c4-b2cf30557e05] o.a.kafka.clients.FetchSessionHandler    : [Consumer clientId=consumer-anonymous.d5d18b52-5617-46a8-9ac4-b2cf30557e05-2, groupId=anonymous.d5d18b52-5617-46a8-9ac4-b2cf30557e05] Error sending fetch request (sessionId=1173582729, epoch=5922) to node 1:

org.apache.kafka.common.errors.DisconnectException: null

2026-08-24T23:36:11.636+05:30  INFO 42040 --- [bmp-user-service] [c4-b2cf30557e05] o.a.k.c.c.internals.ConsumerCoordinator  : [Consumer clientId=consumer-anonymous.d5d18b52-5617-46a8-9ac4-b2cf30557e05-2, groupId=anonymous.d5d18b52-5617-46a8-9ac4-b2cf30557e05] Group coordinator localhost:9092 (id: 2147483646 rack: null) is unavailable or invalid due to cause: session timed out without receiving a heartbeat response. isDisconnected: false. Rediscovery will be attempted.
2026-08-24T23:36:11.829+05:30  INFO 42040 --- [bmp-user-service] [c4-b2cf30557e05] o.a.k.c.c.internals.ConsumerCoordinator  : [Consumer clientId=consumer-anonymous.d5d18b52-5617-46a8-9ac4-b2cf30557e05-2, groupId=anonymous.d5d18b52-5617-46a8-9ac4-b2cf30557e05] Requesting disconnect from last known coordinator localhost:9092 (id: 2147483646 rack: null)
2026-08-24T23:36:12.146+05:30  INFO 42040 --- [bmp-user-service] [container-0-C-1] o.a.k.c.c.internals.ConsumerCoordinator  : [Consumer clientId=consumer-anonymous.d5d18b52-5617-46a8-9ac4-b2cf30557e05-2, groupId=anonymous.d5d18b52-5617-46a8-9ac4-b2cf30557e05] Discovered group coordinator localhost:9092 (id: 2147483646 rack: null)
2026-08-24T23:36:12.667+05:30  INFO 42040 --- [bmp-user-service] [container-0-C-1] o.a.k.c.c.internals.ConsumerCoordinator  : [Consumer clientId=consumer-anonymous.d5d18b52-5617-46a8-9ac4-b2cf30557e05-2, groupId=anonymous.d5d18b52-5617-46a8-9ac4-b2cf30557e05] Discovered group coordinator localhost:9092 (id: 2147483646 rack: null)
2026-08-24T23:36:24.138+05:30  WARN 42040 --- [bmp-user-service] [l-1 housekeeper] com.zaxxer.hikari.pool.HikariPool        : HikariPool-1 - Thread starvation or clock leap detected (housekeeper delta=13m36s505ms564µs700ns).
2026-08-24T23:37:06.700+05:30  INFO 42040 --- [bmp-user-service] [pool-2-thread-1] org.apache.kafka.clients.NetworkClient   : [Consumer clientId=consumer-anonymous.d5d18b52-5617-46a8-9ac4-b2cf30557e05-3, groupId=anonymous.d5d18b52-5617-46a8-9ac4-b2cf30557e05] Disconnecting from node 1 due to request timeout.
2026-08-24T23:37:06.757+05:30  INFO 42040 --- [bmp-user-service] [pool-2-thread-1] org.apache.kafka.clients.NetworkClient   : [Consumer clientId=consumer-anonymous.d5d18b52-5617-46a8-9ac4-b2cf30557e05-3, groupId=anonymous.d5d18b52-5617-46a8-9ac4-b2cf30557e05] Cancelled in-flight API_VERSIONS request with correlation id 180 due to node 1 being disconnected (elapsed time since creation: 60730ms, elapsed time since send: 60730ms, throttle time: 0ms, request timeout: 30000ms)
