
  .   ____          _            __ _ _
 /\\ / ___'_ __ _ _(_)_ __  __ _ \ \ \ \
( ( )\___ | '_ | '_| | '_ \/ _` | \ \ \ \
 \\/  ___)| |_)| | | | | || (_| |  ) ) ) )
  '  |____| .__|_| |_|_| |_\__, | / / / /
 =========|_|==============|___/=/_/_/_/

 :: Spring Boot ::                (v3.4.1)

2026-08-24T22:32:31.556+05:30  INFO 35720 --- [bmp-admin-service] [           main] com.bmp.admin.BmpAdminApplication        : Starting BmpAdminApplication using Java 21.0.11 with PID 35720 (C:\BMP -PRJ\BMP\bmp-admin\target\classes started by Lenovo in C:\BMP -PRJ\BMP\bmp-admin)
2026-08-24T22:32:31.560+05:30  INFO 35720 --- [bmp-admin-service] [           main] com.bmp.admin.BmpAdminApplication        : No active profile set, falling back to 1 default profile: "default"
2026-08-24T22:32:31.652+05:30  INFO 35720 --- [bmp-admin-service] [           main] o.s.c.c.c.ConfigServerConfigDataLoader   : Fetching config from server at : http://localhost:8888
2026-08-24T22:32:31.652+05:30  INFO 35720 --- [bmp-admin-service] [           main] o.s.c.c.c.ConfigServerConfigDataLoader   : Located environment: name=bmp-admin-service, profiles=[default], label=null, version=e49a1a5dcfcb36643a08d9529e85f702a6d4d502, state=
2026-08-24T22:32:37.548+05:30  INFO 35720 --- [bmp-admin-service] [           main] .s.d.r.c.RepositoryConfigurationDelegate : Bootstrapping Spring Data JPA repositories in DEFAULT mode.
2026-08-24T22:32:38.296+05:30  INFO 35720 --- [bmp-admin-service] [           main] .s.d.r.c.RepositoryConfigurationDelegate : Finished Spring Data repository scanning in 713 ms. Found 11 JPA repository interfaces.
2026-08-24T22:32:41.536+05:30  INFO 35720 --- [bmp-admin-service] [           main] faultConfiguringBeanFactoryPostProcessor : No bean named 'errorChannel' has been explicitly defined. Therefore, a default PublishSubscribeChannel will be created.
2026-08-24T22:32:41.551+05:30  INFO 35720 --- [bmp-admin-service] [           main] faultConfiguringBeanFactoryPostProcessor : No bean named 'integrationHeaderChannelRegistry' has been explicitly defined. Therefore, a default DefaultHeaderChannelRegistry will be created.
2026-08-24T22:32:41.839+05:30  INFO 35720 --- [bmp-admin-service] [           main] o.s.cloud.context.scope.GenericScope     : BeanFactory id=fd0f5180-6c7a-3075-b256-54460f4ceda8
2026-08-24T22:32:43.173+05:30  INFO 35720 --- [bmp-admin-service] [           main] o.s.b.w.embedded.tomcat.TomcatWebServer  : Tomcat initialized with port 8088 (http)
2026-08-24T22:32:43.191+05:30  INFO 35720 --- [bmp-admin-service] [           main] o.apache.catalina.core.StandardService   : Starting service [Tomcat]
2026-08-24T22:32:43.192+05:30  INFO 35720 --- [bmp-admin-service] [           main] o.apache.catalina.core.StandardEngine    : Starting Servlet engine: [Apache Tomcat/10.1.34]
2026-08-24T22:32:43.313+05:30  INFO 35720 --- [bmp-admin-service] [           main] o.a.c.c.C.[Tomcat].[localhost].[/]       : Initializing Spring embedded WebApplicationContext
2026-08-24T22:32:43.315+05:30  INFO 35720 --- [bmp-admin-service] [           main] w.s.c.ServletWebServerApplicationContext : Root WebApplicationContext: initialization completed in 11659 ms
2026-08-24T22:32:44.022+05:30  INFO 35720 --- [bmp-admin-service] [           main] com.zaxxer.hikari.HikariDataSource       : HikariPool-1 - Starting...
2026-08-24T22:32:44.235+05:30  INFO 35720 --- [bmp-admin-service] [           main] com.zaxxer.hikari.pool.HikariPool        : HikariPool-1 - Added connection org.postgresql.jdbc.PgConnection@5542418c
2026-08-24T22:32:44.237+05:30  INFO 35720 --- [bmp-admin-service] [           main] com.zaxxer.hikari.HikariDataSource       : HikariPool-1 - Start completed.
2026-08-24T22:32:44.278+05:30  INFO 35720 --- [bmp-admin-service] [           main] org.flywaydb.core.FlywayExecutor         : Database: jdbc:postgresql://localhost:5432/bmp (PostgreSQL 16.4)
2026-08-24T22:32:44.391+05:30  INFO 35720 --- [bmp-admin-service] [           main] o.f.core.internal.command.DbValidate     : Successfully validated 6 migrations (execution time 00:00.062s)
2026-08-24T22:32:44.447+05:30  INFO 35720 --- [bmp-admin-service] [           main] o.f.core.internal.command.DbMigrate      : Current version of schema "common_schema": 005
2026-08-24T22:32:44.453+05:30  INFO 35720 --- [bmp-admin-service] [           main] o.f.core.internal.command.DbMigrate      : Schema "common_schema" is up to date. No migration necessary.
2026-08-24T22:32:44.651+05:30  INFO 35720 --- [bmp-admin-service] [           main] o.hibernate.jpa.internal.util.LogHelper  : HHH000204: Processing PersistenceUnitInfo [name: default]
2026-08-24T22:32:44.746+05:30  INFO 35720 --- [bmp-admin-service] [           main] org.hibernate.Version                    : HHH000412: Hibernate ORM core version 6.6.4.Final
2026-08-24T22:32:44.801+05:30  INFO 35720 --- [bmp-admin-service] [           main] o.h.c.internal.RegionFactoryInitiator    : HHH000026: Second-level cache disabled
2026-08-24T22:32:45.195+05:30  INFO 35720 --- [bmp-admin-service] [           main] o.s.o.j.p.SpringPersistenceUnitInfo      : No LoadTimeWeaver setup: ignoring JPA class transformer
2026-08-24T22:32:45.329+05:30  INFO 35720 --- [bmp-admin-service] [           main] org.hibernate.orm.connections.pooling    : HHH10001005: Database info:
	Database JDBC URL [Connecting through datasource 'HikariDataSource (HikariPool-1)']
	Database driver: undefined/unknown
	Database version: 16.4
	Autocommit mode: undefined/unknown
	Isolation level: undefined/unknown
	Minimum pool size: undefined/unknown
	Maximum pool size: undefined/unknown
2026-08-24T22:32:46.650+05:30  INFO 35720 --- [bmp-admin-service] [           main] o.h.e.t.j.p.i.JtaPlatformInitiator       : HHH000489: No JTA platform available (set 'hibernate.transaction.jta.platform' to enable JTA platform integration)
2026-08-24T22:32:46.748+05:30  INFO 35720 --- [bmp-admin-service] [           main] j.LocalContainerEntityManagerFactoryBean : Initialized JPA EntityManagerFactory for persistence unit 'default'
2026-08-24T22:32:48.035+05:30  INFO 35720 --- [bmp-admin-service] [           main] o.s.c.openfeign.FeignClientFactoryBean   : For 'bmp-salon-service' URL not provided. Will try picking an instance via load-balancing.
2026-08-24T22:32:48.134+05:30  INFO 35720 --- [bmp-admin-service] [           main] o.s.c.openfeign.FeignClientFactoryBean   : For 'bmp-user-service' URL not provided. Will try picking an instance via load-balancing.
2026-08-24T22:32:48.204+05:30  INFO 35720 --- [bmp-admin-service] [           main] o.s.c.openfeign.FeignClientFactoryBean   : For 'bmp-auth-service' URL not provided. Will try picking an instance via load-balancing.
2026-08-24T22:32:48.347+05:30  INFO 35720 --- [bmp-admin-service] [           main] o.s.d.j.r.query.QueryEnhancerFactory     : Hibernate is in classpath; If applicable, HQL parser will be used.
2026-08-24T22:32:49.067+05:30  INFO 35720 --- [bmp-admin-service] [           main] o.s.c.openfeign.FeignClientFactoryBean   : For 'bmp-booking-service' URL not provided. Will try picking an instance via load-balancing.
2026-08-24T22:32:49.153+05:30  INFO 35720 --- [bmp-admin-service] [           main] o.s.c.openfeign.FeignClientFactoryBean   : For 'bmp-rewards-service' URL not provided. Will try picking an instance via load-balancing.
2026-08-24T22:32:49.533+05:30  WARN 35720 --- [bmp-admin-service] [           main] .s.s.UserDetailsServiceAutoConfiguration : 

Using generated security password: c3ce790b-93a8-44ec-9e5e-7c389f77862d

This generated password is for development use only. Your security configuration must be updated before running your application in production.

2026-08-24T22:32:49.548+05:30  INFO 35720 --- [bmp-admin-service] [           main] r$InitializeUserDetailsManagerConfigurer : Global AuthenticationManager configured with UserDetailsService bean with name inMemoryUserDetailsManager
2026-08-24T22:32:50.183+05:30  INFO 35720 --- [bmp-admin-service] [           main] o.s.b.a.e.web.EndpointLinksResolver      : Exposing 6 endpoints beneath base path '/actuator'
2026-08-24T22:32:50.926+05:30  INFO 35720 --- [bmp-admin-service] [           main] o.s.c.s.m.DirectWithAttributesChannel    : Channel 'bmp-admin-service.springCloudBusInput' has 1 subscriber(s).
2026-08-24T22:32:51.362+05:30  INFO 35720 --- [bmp-admin-service] [           main] DiscoveryClientOptionalArgsConfiguration : Eureka HTTP Client uses RestTemplate.
2026-08-24T22:32:51.415+05:30  WARN 35720 --- [bmp-admin-service] [           main] iguration$LoadBalancerCaffeineWarnLogger : Spring Cloud LoadBalancer is currently working with the default cache. While this cache implementation is useful for development and tests, it's recommended to use Caffeine cache in production.You can switch to using Caffeine cache, by adding it and org.springframework.cache.caffeine.CaffeineCacheManager to the classpath.
2026-08-24T22:32:51.564+05:30  INFO 35720 --- [bmp-admin-service] [           main] o.s.i.endpoint.EventDrivenConsumer       : Adding {logging-channel-adapter:_org.springframework.integration.errorLogger} as a subscriber to the 'errorChannel' channel
2026-08-24T22:32:51.564+05:30  INFO 35720 --- [bmp-admin-service] [           main] o.s.i.channel.PublishSubscribeChannel    : Channel 'bmp-admin-service.errorChannel' has 1 subscriber(s).
2026-08-24T22:32:51.564+05:30  INFO 35720 --- [bmp-admin-service] [           main] o.s.i.endpoint.EventDrivenConsumer       : started bean '_org.springframework.integration.errorLogger'
2026-08-24T22:32:51.574+05:30  INFO 35720 --- [bmp-admin-service] [           main] o.s.c.n.eureka.InstanceInfoFactory       : Setting initial instance status as: STARTING
2026-08-24T22:32:51.596+05:30  INFO 35720 --- [bmp-admin-service] [           main] com.netflix.discovery.DiscoveryClient    : Initializing Eureka in region us-east-1
2026-08-24T22:32:51.600+05:30  INFO 35720 --- [bmp-admin-service] [           main] c.n.d.s.r.aws.ConfigClusterResolver      : Resolving eureka endpoints via configuration
2026-08-24T22:32:51.607+05:30  INFO 35720 --- [bmp-admin-service] [           main] com.netflix.discovery.DiscoveryClient    : Disable delta property : false
2026-08-24T22:32:51.607+05:30  INFO 35720 --- [bmp-admin-service] [           main] com.netflix.discovery.DiscoveryClient    : Single vip registry refresh property : null
2026-08-24T22:32:51.608+05:30  INFO 35720 --- [bmp-admin-service] [           main] com.netflix.discovery.DiscoveryClient    : Force full registry fetch : false
2026-08-24T22:32:51.608+05:30  INFO 35720 --- [bmp-admin-service] [           main] com.netflix.discovery.DiscoveryClient    : Application is null : false
2026-08-24T22:32:51.608+05:30  INFO 35720 --- [bmp-admin-service] [           main] com.netflix.discovery.DiscoveryClient    : Registered Applications size is zero : true
2026-08-24T22:32:51.608+05:30  INFO 35720 --- [bmp-admin-service] [           main] com.netflix.discovery.DiscoveryClient    : Application version is -1: true
2026-08-24T22:32:51.608+05:30  INFO 35720 --- [bmp-admin-service] [           main] com.netflix.discovery.DiscoveryClient    : Getting all instance registry info from the eureka server
2026-08-24T22:32:51.897+05:30  INFO 35720 --- [bmp-admin-service] [           main] com.netflix.discovery.DiscoveryClient    : The response status is 200
2026-08-24T22:32:51.898+05:30  INFO 35720 --- [bmp-admin-service] [           main] com.netflix.discovery.DiscoveryClient    : Starting heartbeat executor: renew interval is: 30
2026-08-24T22:32:51.899+05:30  INFO 35720 --- [bmp-admin-service] [           main] c.n.discovery.InstanceInfoReplicator     : InstanceInfoReplicator onDemand update allowed rate per min is 4
2026-08-24T22:32:51.900+05:30  INFO 35720 --- [bmp-admin-service] [           main] com.netflix.discovery.DiscoveryClient    : Discovery Client initialized at timestamp 1787590971900 with initial instances count: 2
2026-08-24T22:32:51.906+05:30  INFO 35720 --- [bmp-admin-service] [           main] o.s.c.n.e.s.EurekaServiceRegistry        : Registering application BMP-ADMIN-SERVICE with eureka with status UP
2026-08-24T22:32:51.906+05:30  INFO 35720 --- [bmp-admin-service] [           main] com.netflix.discovery.DiscoveryClient    : Saw local status change event StatusChangeEvent [timestamp=1787590971906, current=UP, previous=STARTING]
2026-08-24T22:32:51.908+05:30  INFO 35720 --- [bmp-admin-service] [foReplicator-%d] com.netflix.discovery.DiscoveryClient    : DiscoveryClient_BMP-ADMIN-SERVICE/Darshan.mshome.net:bmp-admin-service:8088: registering service...
2026-08-24T22:32:51.923+05:30  INFO 35720 --- [bmp-admin-service] [           main] o.s.b.w.embedded.tomcat.TomcatWebServer  : Tomcat started on port 8088 (http) with context path '/'
2026-08-24T22:32:51.924+05:30  INFO 35720 --- [bmp-admin-service] [           main] .s.c.n.e.s.EurekaAutoServiceRegistration : Updating port to 8088
2026-08-24T22:32:51.931+05:30  INFO 35720 --- [bmp-admin-service] [           main] o.s.c.s.binder.DefaultBinderFactory      : Creating binder: kafka
2026-08-24T22:32:51.931+05:30  INFO 35720 --- [bmp-admin-service] [           main] o.s.c.s.binder.DefaultBinderFactory      : Constructing binder child context for kafka
2026-08-24T22:32:51.933+05:30  INFO 35720 --- [bmp-admin-service] [foReplicator-%d] com.netflix.discovery.DiscoveryClient    : DiscoveryClient_BMP-ADMIN-SERVICE/Darshan.mshome.net:bmp-admin-service:8088 - registration status: 204
2026-08-24T22:32:52.145+05:30  INFO 35720 --- [bmp-admin-service] [           main] o.s.c.s.binder.DefaultBinderFactory      : Caching the binder: kafka
2026-08-24T22:32:52.176+05:30  INFO 35720 --- [bmp-admin-service] [           main] o.a.k.clients.admin.AdminClientConfig    : AdminClientConfig values: 
	auto.include.jmx.reporter = true
	bootstrap.controllers = []
	bootstrap.servers = [localhost:9092]
	client.dns.lookup = use_all_dns_ips
	client.id = 
	connections.max.idle.ms = 300000
	default.api.timeout.ms = 60000
	enable.metrics.push = true
	metadata.max.age.ms = 300000
	metadata.recovery.strategy = none
	metric.reporters = []
	metrics.num.samples = 2
	metrics.recording.level = INFO
	metrics.sample.window.ms = 30000
	receive.buffer.bytes = 65536
	reconnect.backoff.max.ms = 1000
	reconnect.backoff.ms = 50
	request.timeout.ms = 30000
	retries = 2147483647
	retry.backoff.max.ms = 1000
	retry.backoff.ms = 100
	sasl.client.callback.handler.class = null
	sasl.jaas.config = null
	sasl.kerberos.kinit.cmd = /usr/bin/kinit
	sasl.kerberos.min.time.before.relogin = 60000
	sasl.kerberos.service.name = null
	sasl.kerberos.ticket.renew.jitter = 0.05
	sasl.kerberos.ticket.renew.window.factor = 0.8
	sasl.login.callback.handler.class = null
	sasl.login.class = null
	sasl.login.connect.timeout.ms = null
	sasl.login.read.timeout.ms = null
	sasl.login.refresh.buffer.seconds = 300
	sasl.login.refresh.min.period.seconds = 60
	sasl.login.refresh.window.factor = 0.8
	sasl.login.refresh.window.jitter = 0.05
	sasl.login.retry.backoff.max.ms = 10000
	sasl.login.retry.backoff.ms = 100
	sasl.mechanism = GSSAPI
	sasl.oauthbearer.clock.skew.seconds = 30
	sasl.oauthbearer.expected.audience = null
	sasl.oauthbearer.expected.issuer = null
	sasl.oauthbearer.jwks.endpoint.refresh.ms = 3600000
	sasl.oauthbearer.jwks.endpoint.retry.backoff.max.ms = 10000
	sasl.oauthbearer.jwks.endpoint.retry.backoff.ms = 100
	sasl.oauthbearer.jwks.endpoint.url = null
	sasl.oauthbearer.scope.claim.name = scope
	sasl.oauthbearer.sub.claim.name = sub
	sasl.oauthbearer.token.endpoint.url = null
	security.protocol = PLAINTEXT
	security.providers = null
	send.buffer.bytes = 131072
	socket.connection.setup.timeout.max.ms = 30000
	socket.connection.setup.timeout.ms = 10000
	ssl.cipher.suites = null
	ssl.enabled.protocols = [TLSv1.2, TLSv1.3]
	ssl.endpoint.identification.algorithm = https
	ssl.engine.factory.class = null
	ssl.key.password = null
	ssl.keymanager.algorithm = SunX509
	ssl.keystore.certificate.chain = null
	ssl.keystore.key = null
	ssl.keystore.location = null
	ssl.keystore.password = null
	ssl.keystore.type = JKS
	ssl.protocol = TLSv1.3
	ssl.provider = null
	ssl.secure.random.implementation = null
	ssl.trustmanager.algorithm = PKIX
	ssl.truststore.certificates = null
	ssl.truststore.location = null
	ssl.truststore.password = null
	ssl.truststore.type = JKS

2026-08-24T22:32:52.285+05:30  INFO 35720 --- [bmp-admin-service] [           main] o.a.kafka.common.utils.AppInfoParser     : Kafka version: 3.8.1
2026-08-24T22:32:52.285+05:30  INFO 35720 --- [bmp-admin-service] [           main] o.a.kafka.common.utils.AppInfoParser     : Kafka commitId: 70d6ff42debf7e17
2026-08-24T22:32:52.285+05:30  INFO 35720 --- [bmp-admin-service] [           main] o.a.kafka.common.utils.AppInfoParser     : Kafka startTimeMs: 1787590972284
2026-08-24T22:32:52.594+05:30  INFO 35720 --- [bmp-admin-service] [| adminclient-1] o.a.kafka.common.utils.AppInfoParser     : App info kafka.admin.client for adminclient-1 unregistered
2026-08-24T22:32:52.597+05:30  INFO 35720 --- [bmp-admin-service] [| adminclient-1] o.apache.kafka.common.metrics.Metrics    : Metrics scheduler closed
2026-08-24T22:32:52.597+05:30  INFO 35720 --- [bmp-admin-service] [| adminclient-1] o.apache.kafka.common.metrics.Metrics    : Closing reporter org.apache.kafka.common.metrics.JmxReporter
2026-08-24T22:32:52.597+05:30  INFO 35720 --- [bmp-admin-service] [| adminclient-1] o.apache.kafka.common.metrics.Metrics    : Metrics reporters closed
2026-08-24T22:32:52.606+05:30  INFO 35720 --- [bmp-admin-service] [           main] o.a.k.clients.consumer.ConsumerConfig    : ConsumerConfig values: 
	allow.auto.create.topics = true
	auto.commit.interval.ms = 100
	auto.include.jmx.reporter = true
	auto.offset.reset = latest
	bootstrap.servers = [localhost:9092]
	check.crcs = true
	client.dns.lookup = use_all_dns_ips
	client.id = consumer-anonymous.36157a23-c6a6-4670-8cdf-2ea90aa84a51-1
	client.rack = 
	connections.max.idle.ms = 540000
	default.api.timeout.ms = 60000
	enable.auto.commit = false
	enable.metrics.push = true
	exclude.internal.topics = true
	fetch.max.bytes = 52428800
	fetch.max.wait.ms = 500
	fetch.min.bytes = 1
	group.id = anonymous.36157a23-c6a6-4670-8cdf-2ea90aa84a51
	group.instance.id = null
	group.protocol = classic
	group.remote.assignor = null
	heartbeat.interval.ms = 3000
	interceptor.classes = []
	internal.leave.group.on.close = true
	internal.throw.on.fetch.stable.offset.unsupported = false
	isolation.level = read_uncommitted
	key.deserializer = class org.apache.kafka.common.serialization.ByteArrayDeserializer
	max.partition.fetch.bytes = 1048576
	max.poll.interval.ms = 300000
	max.poll.records = 500
	metadata.max.age.ms = 300000
	metadata.recovery.strategy = none
	metric.reporters = []
	metrics.num.samples = 2
	metrics.recording.level = INFO
	metrics.sample.window.ms = 30000
	partition.assignment.strategy = [class org.apache.kafka.clients.consumer.RangeAssignor, class org.apache.kafka.clients.consumer.CooperativeStickyAssignor]
	receive.buffer.bytes = 65536
	reconnect.backoff.max.ms = 1000
	reconnect.backoff.ms = 50
	request.timeout.ms = 30000
	retry.backoff.max.ms = 1000
	retry.backoff.ms = 100
	sasl.client.callback.handler.class = null
	sasl.jaas.config = null
	sasl.kerberos.kinit.cmd = /usr/bin/kinit
	sasl.kerberos.min.time.before.relogin = 60000
	sasl.kerberos.service.name = null
	sasl.kerberos.ticket.renew.jitter = 0.05
	sasl.kerberos.ticket.renew.window.factor = 0.8
	sasl.login.callback.handler.class = null
	sasl.login.class = null
	sasl.login.connect.timeout.ms = null
	sasl.login.read.timeout.ms = null
	sasl.login.refresh.buffer.seconds = 300
	sasl.login.refresh.min.period.seconds = 60
	sasl.login.refresh.window.factor = 0.8
	sasl.login.refresh.window.jitter = 0.05
	sasl.login.retry.backoff.max.ms = 10000
	sasl.login.retry.backoff.ms = 100
	sasl.mechanism = GSSAPI
	sasl.oauthbearer.clock.skew.seconds = 30
	sasl.oauthbearer.expected.audience = null
	sasl.oauthbearer.expected.issuer = null
	sasl.oauthbearer.jwks.endpoint.refresh.ms = 3600000
	sasl.oauthbearer.jwks.endpoint.retry.backoff.max.ms = 10000
	sasl.oauthbearer.jwks.endpoint.retry.backoff.ms = 100
	sasl.oauthbearer.jwks.endpoint.url = null
	sasl.oauthbearer.scope.claim.name = scope
	sasl.oauthbearer.sub.claim.name = sub
	sasl.oauthbearer.token.endpoint.url = null
	security.protocol = PLAINTEXT
	security.providers = null
	send.buffer.bytes = 131072
	session.timeout.ms = 45000
	socket.connection.setup.timeout.max.ms = 30000
	socket.connection.setup.timeout.ms = 10000
	ssl.cipher.suites = null
	ssl.enabled.protocols = [TLSv1.2, TLSv1.3]
	ssl.endpoint.identification.algorithm = https
	ssl.engine.factory.class = null
	ssl.key.password = null
	ssl.keymanager.algorithm = SunX509
	ssl.keystore.certificate.chain = null
	ssl.keystore.key = null
	ssl.keystore.location = null
	ssl.keystore.password = null
	ssl.keystore.type = JKS
	ssl.protocol = TLSv1.3
	ssl.provider = null
	ssl.secure.random.implementation = null
	ssl.trustmanager.algorithm = PKIX
	ssl.truststore.certificates = null
	ssl.truststore.location = null
	ssl.truststore.password = null
	ssl.truststore.type = JKS
	value.deserializer = class org.apache.kafka.common.serialization.ByteArrayDeserializer

2026-08-24T22:32:52.637+05:30  INFO 35720 --- [bmp-admin-service] [           main] o.a.k.c.t.i.KafkaMetricsCollector        : initializing Kafka metrics collector
2026-08-24T22:32:52.673+05:30  INFO 35720 --- [bmp-admin-service] [           main] o.a.kafka.common.utils.AppInfoParser     : Kafka version: 3.8.1
2026-08-24T22:32:52.673+05:30  INFO 35720 --- [bmp-admin-service] [           main] o.a.kafka.common.utils.AppInfoParser     : Kafka commitId: 70d6ff42debf7e17
2026-08-24T22:32:52.673+05:30  INFO 35720 --- [bmp-admin-service] [           main] o.a.kafka.common.utils.AppInfoParser     : Kafka startTimeMs: 1787590972673
2026-08-24T22:32:52.690+05:30  INFO 35720 --- [bmp-admin-service] [           main] org.apache.kafka.clients.Metadata        : [Consumer clientId=consumer-anonymous.36157a23-c6a6-4670-8cdf-2ea90aa84a51-1, groupId=anonymous.36157a23-c6a6-4670-8cdf-2ea90aa84a51] Cluster ID: 5L6g3nShT-eMCtK--X86sw
2026-08-24T22:32:52.691+05:30  INFO 35720 --- [bmp-admin-service] [           main] o.a.k.c.c.internals.ConsumerCoordinator  : [Consumer clientId=consumer-anonymous.36157a23-c6a6-4670-8cdf-2ea90aa84a51-1, groupId=anonymous.36157a23-c6a6-4670-8cdf-2ea90aa84a51] Resetting generation and member id due to: consumer pro-actively leaving the group
2026-08-24T22:32:52.691+05:30  INFO 35720 --- [bmp-admin-service] [           main] o.a.k.c.c.internals.ConsumerCoordinator  : [Consumer clientId=consumer-anonymous.36157a23-c6a6-4670-8cdf-2ea90aa84a51-1, groupId=anonymous.36157a23-c6a6-4670-8cdf-2ea90aa84a51] Request joining group due to: consumer pro-actively leaving the group
2026-08-24T22:32:52.694+05:30  INFO 35720 --- [bmp-admin-service] [           main] o.apache.kafka.common.metrics.Metrics    : Metrics scheduler closed
2026-08-24T22:32:52.694+05:30  INFO 35720 --- [bmp-admin-service] [           main] o.apache.kafka.common.metrics.Metrics    : Closing reporter org.apache.kafka.common.metrics.JmxReporter
2026-08-24T22:32:52.694+05:30  INFO 35720 --- [bmp-admin-service] [           main] o.apache.kafka.common.metrics.Metrics    : Closing reporter org.apache.kafka.common.telemetry.internals.ClientTelemetryReporter
2026-08-24T22:32:52.694+05:30  INFO 35720 --- [bmp-admin-service] [           main] o.apache.kafka.common.metrics.Metrics    : Metrics reporters closed
2026-08-24T22:32:52.697+05:30  INFO 35720 --- [bmp-admin-service] [           main] o.a.kafka.common.utils.AppInfoParser     : App info kafka.consumer for consumer-anonymous.36157a23-c6a6-4670-8cdf-2ea90aa84a51-1 unregistered
2026-08-24T22:32:52.728+05:30  INFO 35720 --- [bmp-admin-service] [           main] o.s.c.stream.binder.BinderErrorChannel   : Channel 'kafka-805909358.springCloudBusInput.errors' has 1 subscriber(s).
2026-08-24T22:32:52.728+05:30  INFO 35720 --- [bmp-admin-service] [           main] o.s.c.stream.binder.BinderErrorChannel   : Channel 'kafka-805909358.springCloudBusInput.errors' has 0 subscriber(s).
2026-08-24T22:32:52.728+05:30  INFO 35720 --- [bmp-admin-service] [           main] o.s.c.stream.binder.BinderErrorChannel   : Channel 'kafka-805909358.springCloudBusInput.errors' has 1 subscriber(s).
2026-08-24T22:32:52.729+05:30  INFO 35720 --- [bmp-admin-service] [           main] o.s.c.stream.binder.BinderErrorChannel   : Channel 'kafka-805909358.springCloudBusInput.errors' has 2 subscriber(s).
2026-08-24T22:32:52.742+05:30  INFO 35720 --- [bmp-admin-service] [           main] o.a.k.clients.consumer.ConsumerConfig    : ConsumerConfig values: 
	allow.auto.create.topics = true
	auto.commit.interval.ms = 100
	auto.include.jmx.reporter = true
	auto.offset.reset = latest
	bootstrap.servers = [localhost:9092]
	check.crcs = true
	client.dns.lookup = use_all_dns_ips
	client.id = consumer-anonymous.36157a23-c6a6-4670-8cdf-2ea90aa84a51-2
	client.rack = 
	connections.max.idle.ms = 540000
	default.api.timeout.ms = 60000
	enable.auto.commit = false
	enable.metrics.push = true
	exclude.internal.topics = true
	fetch.max.bytes = 52428800
	fetch.max.wait.ms = 500
	fetch.min.bytes = 1
	group.id = anonymous.36157a23-c6a6-4670-8cdf-2ea90aa84a51
	group.instance.id = null
	group.protocol = classic
	group.remote.assignor = null
	heartbeat.interval.ms = 3000
	interceptor.classes = []
	internal.leave.group.on.close = true
	internal.throw.on.fetch.stable.offset.unsupported = false
	isolation.level = read_uncommitted
	key.deserializer = class org.apache.kafka.common.serialization.ByteArrayDeserializer
	max.partition.fetch.bytes = 1048576
	max.poll.interval.ms = 300000
	max.poll.records = 500
	metadata.max.age.ms = 300000
	metadata.recovery.strategy = none
	metric.reporters = []
	metrics.num.samples = 2
	metrics.recording.level = INFO
	metrics.sample.window.ms = 30000
	partition.assignment.strategy = [class org.apache.kafka.clients.consumer.RangeAssignor, class org.apache.kafka.clients.consumer.CooperativeStickyAssignor]
	receive.buffer.bytes = 65536
	reconnect.backoff.max.ms = 1000
	reconnect.backoff.ms = 50
	request.timeout.ms = 30000
	retry.backoff.max.ms = 1000
	retry.backoff.ms = 100
	sasl.client.callback.handler.class = null
	sasl.jaas.config = null
	sasl.kerberos.kinit.cmd = /usr/bin/kinit
	sasl.kerberos.min.time.before.relogin = 60000
	sasl.kerberos.service.name = null
	sasl.kerberos.ticket.renew.jitter = 0.05
	sasl.kerberos.ticket.renew.window.factor = 0.8
	sasl.login.callback.handler.class = null
	sasl.login.class = null
	sasl.login.connect.timeout.ms = null
	sasl.login.read.timeout.ms = null
	sasl.login.refresh.buffer.seconds = 300
	sasl.login.refresh.min.period.seconds = 60
	sasl.login.refresh.window.factor = 0.8
	sasl.login.refresh.window.jitter = 0.05
	sasl.login.retry.backoff.max.ms = 10000
	sasl.login.retry.backoff.ms = 100
	sasl.mechanism = GSSAPI
	sasl.oauthbearer.clock.skew.seconds = 30
	sasl.oauthbearer.expected.audience = null
	sasl.oauthbearer.expected.issuer = null
	sasl.oauthbearer.jwks.endpoint.refresh.ms = 3600000
	sasl.oauthbearer.jwks.endpoint.retry.backoff.max.ms = 10000
	sasl.oauthbearer.jwks.endpoint.retry.backoff.ms = 100
	sasl.oauthbearer.jwks.endpoint.url = null
	sasl.oauthbearer.scope.claim.name = scope
	sasl.oauthbearer.sub.claim.name = sub
	sasl.oauthbearer.token.endpoint.url = null
	security.protocol = PLAINTEXT
	security.providers = null
	send.buffer.bytes = 131072
	session.timeout.ms = 45000
	socket.connection.setup.timeout.max.ms = 30000
	socket.connection.setup.timeout.ms = 10000
	ssl.cipher.suites = null
	ssl.enabled.protocols = [TLSv1.2, TLSv1.3]
	ssl.endpoint.identification.algorithm = https
	ssl.engine.factory.class = null
	ssl.key.password = null
	ssl.keymanager.algorithm = SunX509
	ssl.keystore.certificate.chain = null
	ssl.keystore.key = null
	ssl.keystore.location = null
	ssl.keystore.password = null
	ssl.keystore.type = JKS
	ssl.protocol = TLSv1.3
	ssl.provider = null
	ssl.secure.random.implementation = null
	ssl.trustmanager.algorithm = PKIX
	ssl.truststore.certificates = null
	ssl.truststore.location = null
	ssl.truststore.password = null
	ssl.truststore.type = JKS
	value.deserializer = class org.apache.kafka.common.serialization.ByteArrayDeserializer

2026-08-24T22:32:52.743+05:30  INFO 35720 --- [bmp-admin-service] [           main] o.a.k.c.t.i.KafkaMetricsCollector        : initializing Kafka metrics collector
2026-08-24T22:32:52.746+05:30  INFO 35720 --- [bmp-admin-service] [           main] o.a.kafka.common.utils.AppInfoParser     : Kafka version: 3.8.1
2026-08-24T22:32:52.746+05:30  INFO 35720 --- [bmp-admin-service] [           main] o.a.kafka.common.utils.AppInfoParser     : Kafka commitId: 70d6ff42debf7e17
2026-08-24T22:32:52.746+05:30  INFO 35720 --- [bmp-admin-service] [           main] o.a.kafka.common.utils.AppInfoParser     : Kafka startTimeMs: 1787590972746
2026-08-24T22:32:52.749+05:30  INFO 35720 --- [bmp-admin-service] [           main] o.a.k.c.c.internals.LegacyKafkaConsumer  : [Consumer clientId=consumer-anonymous.36157a23-c6a6-4670-8cdf-2ea90aa84a51-2, groupId=anonymous.36157a23-c6a6-4670-8cdf-2ea90aa84a51] Subscribed to topic(s): springCloudBus
2026-08-24T22:32:52.754+05:30  INFO 35720 --- [bmp-admin-service] [           main] s.i.k.i.KafkaMessageDrivenChannelAdapter : started org.springframework.integration.kafka.inbound.KafkaMessageDrivenChannelAdapter@2aaa635d
2026-08-24T22:32:52.765+05:30  INFO 35720 --- [bmp-admin-service] [container-0-C-1] org.apache.kafka.clients.Metadata        : [Consumer clientId=consumer-anonymous.36157a23-c6a6-4670-8cdf-2ea90aa84a51-2, groupId=anonymous.36157a23-c6a6-4670-8cdf-2ea90aa84a51] Cluster ID: 5L6g3nShT-eMCtK--X86sw
2026-08-24T22:32:52.765+05:30  INFO 35720 --- [bmp-admin-service] [container-0-C-1] o.a.k.c.c.internals.ConsumerCoordinator  : [Consumer clientId=consumer-anonymous.36157a23-c6a6-4670-8cdf-2ea90aa84a51-2, groupId=anonymous.36157a23-c6a6-4670-8cdf-2ea90aa84a51] Discovered group coordinator localhost:9092 (id: 2147483646 rack: null)
2026-08-24T22:32:52.767+05:30  INFO 35720 --- [bmp-admin-service] [container-0-C-1] o.a.k.c.c.internals.ConsumerCoordinator  : [Consumer clientId=consumer-anonymous.36157a23-c6a6-4670-8cdf-2ea90aa84a51-2, groupId=anonymous.36157a23-c6a6-4670-8cdf-2ea90aa84a51] (Re-)joining group
2026-08-24T22:32:52.780+05:30  INFO 35720 --- [bmp-admin-service] [container-0-C-1] o.a.k.c.c.internals.ConsumerCoordinator  : [Consumer clientId=consumer-anonymous.36157a23-c6a6-4670-8cdf-2ea90aa84a51-2, groupId=anonymous.36157a23-c6a6-4670-8cdf-2ea90aa84a51] Request joining group due to: need to re-join with the given member-id: consumer-anonymous.36157a23-c6a6-4670-8cdf-2ea90aa84a51-2-62d34f9e-7df7-48cb-816c-dea4b973bdc4
2026-08-24T22:32:52.781+05:30  INFO 35720 --- [bmp-admin-service] [container-0-C-1] o.a.k.c.c.internals.ConsumerCoordinator  : [Consumer clientId=consumer-anonymous.36157a23-c6a6-4670-8cdf-2ea90aa84a51-2, groupId=anonymous.36157a23-c6a6-4670-8cdf-2ea90aa84a51] (Re-)joining group
2026-08-24T22:32:52.796+05:30  INFO 35720 --- [bmp-admin-service] [           main] com.bmp.admin.BmpAdminApplication        : Started BmpAdminApplication in 27.509 seconds (process running for 28.902)
2026-08-24T22:32:52.888+05:30  WARN 35720 --- [bmp-admin-service] [           main] com.bmp.admin.security.StaffBootstrap    : No staff account has a usable password. The console cannot be signed into. Set BMP_ADMIN_BOOTSTRAP_EMAIL and BMP_ADMIN_BOOTSTRAP_PASSWORD once, restart, then remove them.
2026-08-24T22:32:53.767+05:30  INFO 35720 --- [bmp-admin-service] [pool-2-thread-1] o.a.k.clients.consumer.ConsumerConfig    : ConsumerConfig values: 
	allow.auto.create.topics = true
	auto.commit.interval.ms = 5000
	auto.include.jmx.reporter = true
	auto.offset.reset = latest
	bootstrap.servers = [localhost:9092]
	check.crcs = true
	client.dns.lookup = use_all_dns_ips
	client.id = consumer-anonymous.36157a23-c6a6-4670-8cdf-2ea90aa84a51-3
	client.rack = 
	connections.max.idle.ms = 540000
	default.api.timeout.ms = 60000
	enable.auto.commit = true
	enable.metrics.push = true
	exclude.internal.topics = true
	fetch.max.bytes = 52428800
	fetch.max.wait.ms = 500
	fetch.min.bytes = 1
	group.id = anonymous.36157a23-c6a6-4670-8cdf-2ea90aa84a51
	group.instance.id = null
	group.protocol = classic
	group.remote.assignor = null
	heartbeat.interval.ms = 3000
	interceptor.classes = []
	internal.leave.group.on.close = true
	internal.throw.on.fetch.stable.offset.unsupported = false
	isolation.level = read_uncommitted
	key.deserializer = class org.apache.kafka.common.serialization.ByteArrayDeserializer
	max.partition.fetch.bytes = 1048576
	max.poll.interval.ms = 300000
	max.poll.records = 500
	metadata.max.age.ms = 300000
	metadata.recovery.strategy = none
	metric.reporters = []
	metrics.num.samples = 2
	metrics.recording.level = INFO
	metrics.sample.window.ms = 30000
	partition.assignment.strategy = [class org.apache.kafka.clients.consumer.RangeAssignor, class org.apache.kafka.clients.consumer.CooperativeStickyAssignor]
	receive.buffer.bytes = 65536
	reconnect.backoff.max.ms = 1000
	reconnect.backoff.ms = 50
	request.timeout.ms = 30000
	retry.backoff.max.ms = 1000
	retry.backoff.ms = 100
	sasl.client.callback.handler.class = null
	sasl.jaas.config = null
	sasl.kerberos.kinit.cmd = /usr/bin/kinit
	sasl.kerberos.min.time.before.relogin = 60000
	sasl.kerberos.service.name = null
	sasl.kerberos.ticket.renew.jitter = 0.05
	sasl.kerberos.ticket.renew.window.factor = 0.8
	sasl.login.callback.handler.class = null
	sasl.login.class = null
	sasl.login.connect.timeout.ms = null
	sasl.login.read.timeout.ms = null
	sasl.login.refresh.buffer.seconds = 300
	sasl.login.refresh.min.period.seconds = 60
	sasl.login.refresh.window.factor = 0.8
	sasl.login.refresh.window.jitter = 0.05
	sasl.login.retry.backoff.max.ms = 10000
	sasl.login.retry.backoff.ms = 100
	sasl.mechanism = GSSAPI
	sasl.oauthbearer.clock.skew.seconds = 30
	sasl.oauthbearer.expected.audience = null
	sasl.oauthbearer.expected.issuer = null
	sasl.oauthbearer.jwks.endpoint.refresh.ms = 3600000
	sasl.oauthbearer.jwks.endpoint.retry.backoff.max.ms = 10000
	sasl.oauthbearer.jwks.endpoint.retry.backoff.ms = 100
	sasl.oauthbearer.jwks.endpoint.url = null
	sasl.oauthbearer.scope.claim.name = scope
	sasl.oauthbearer.sub.claim.name = sub
	sasl.oauthbearer.token.endpoint.url = null
	security.protocol = PLAINTEXT
	security.providers = null
	send.buffer.bytes = 131072
	session.timeout.ms = 45000
	socket.connection.setup.timeout.max.ms = 30000
	socket.connection.setup.timeout.ms = 10000
	ssl.cipher.suites = null
	ssl.enabled.protocols = [TLSv1.2, TLSv1.3]
	ssl.endpoint.identification.algorithm = https
	ssl.engine.factory.class = null
	ssl.key.password = null
	ssl.keymanager.algorithm = SunX509
	ssl.keystore.certificate.chain = null
	ssl.keystore.key = null
	ssl.keystore.location = null
	ssl.keystore.password = null
	ssl.keystore.type = JKS
	ssl.protocol = TLSv1.3
	ssl.provider = null
	ssl.secure.random.implementation = null
	ssl.trustmanager.algorithm = PKIX
	ssl.truststore.certificates = null
	ssl.truststore.location = null
	ssl.truststore.password = null
	ssl.truststore.type = JKS
	value.deserializer = class org.apache.kafka.common.serialization.ByteArrayDeserializer

2026-08-24T22:32:53.767+05:30  INFO 35720 --- [bmp-admin-service] [pool-2-thread-1] o.a.k.c.t.i.KafkaMetricsCollector        : initializing Kafka metrics collector
2026-08-24T22:32:53.774+05:30  INFO 35720 --- [bmp-admin-service] [pool-2-thread-1] o.a.kafka.common.utils.AppInfoParser     : Kafka version: 3.8.1
2026-08-24T22:32:53.774+05:30  INFO 35720 --- [bmp-admin-service] [pool-2-thread-1] o.a.kafka.common.utils.AppInfoParser     : Kafka commitId: 70d6ff42debf7e17
2026-08-24T22:32:53.774+05:30  INFO 35720 --- [bmp-admin-service] [pool-2-thread-1] o.a.kafka.common.utils.AppInfoParser     : Kafka startTimeMs: 1787590973774
2026-08-24T22:32:53.779+05:30  INFO 35720 --- [bmp-admin-service] [pool-2-thread-1] org.apache.kafka.clients.Metadata        : [Consumer clientId=consumer-anonymous.36157a23-c6a6-4670-8cdf-2ea90aa84a51-3, groupId=anonymous.36157a23-c6a6-4670-8cdf-2ea90aa84a51] Cluster ID: 5L6g3nShT-eMCtK--X86sw
2026-08-24T22:32:53.791+05:30  INFO 35720 --- [bmp-admin-service] [pool-2-thread-1] o.a.k.c.c.internals.ConsumerCoordinator  : [Consumer clientId=consumer-anonymous.36157a23-c6a6-4670-8cdf-2ea90aa84a51-3, groupId=anonymous.36157a23-c6a6-4670-8cdf-2ea90aa84a51] Discovered group coordinator localhost:9092 (id: 2147483646 rack: null)
2026-08-24T22:32:53.796+05:30  INFO 35720 --- [bmp-admin-service] [pool-2-thread-1] o.a.k.c.c.internals.ConsumerCoordinator  : [Consumer clientId=consumer-anonymous.36157a23-c6a6-4670-8cdf-2ea90aa84a51-3, groupId=anonymous.36157a23-c6a6-4670-8cdf-2ea90aa84a51] Found no committed offset for partition springCloudBus-0
2026-08-24T22:32:55.767+05:30  INFO 35720 --- [bmp-admin-service] [container-0-C-1] o.a.k.c.c.internals.ConsumerCoordinator  : [Consumer clientId=consumer-anonymous.36157a23-c6a6-4670-8cdf-2ea90aa84a51-2, groupId=anonymous.36157a23-c6a6-4670-8cdf-2ea90aa84a51] Successfully joined group with generation Generation{generationId=1, memberId='consumer-anonymous.36157a23-c6a6-4670-8cdf-2ea90aa84a51-2-62d34f9e-7df7-48cb-816c-dea4b973bdc4', protocol='range'}
2026-08-24T22:32:55.772+05:30  INFO 35720 --- [bmp-admin-service] [container-0-C-1] o.a.k.c.c.internals.ConsumerCoordinator  : [Consumer clientId=consumer-anonymous.36157a23-c6a6-4670-8cdf-2ea90aa84a51-2, groupId=anonymous.36157a23-c6a6-4670-8cdf-2ea90aa84a51] Finished assignment for group at generation 1: {consumer-anonymous.36157a23-c6a6-4670-8cdf-2ea90aa84a51-2-62d34f9e-7df7-48cb-816c-dea4b973bdc4=Assignment(partitions=[springCloudBus-0])}
2026-08-24T22:32:55.795+05:30  INFO 35720 --- [bmp-admin-service] [container-0-C-1] o.a.k.c.c.internals.ConsumerCoordinator  : [Consumer clientId=consumer-anonymous.36157a23-c6a6-4670-8cdf-2ea90aa84a51-2, groupId=anonymous.36157a23-c6a6-4670-8cdf-2ea90aa84a51] Successfully synced group in generation Generation{generationId=1, memberId='consumer-anonymous.36157a23-c6a6-4670-8cdf-2ea90aa84a51-2-62d34f9e-7df7-48cb-816c-dea4b973bdc4', protocol='range'}
2026-08-24T22:32:55.796+05:30  INFO 35720 --- [bmp-admin-service] [container-0-C-1] o.a.k.c.c.internals.ConsumerCoordinator  : [Consumer clientId=consumer-anonymous.36157a23-c6a6-4670-8cdf-2ea90aa84a51-2, groupId=anonymous.36157a23-c6a6-4670-8cdf-2ea90aa84a51] Notifying assignor about the new Assignment(partitions=[springCloudBus-0])
2026-08-24T22:32:55.798+05:30  INFO 35720 --- [bmp-admin-service] [container-0-C-1] k.c.c.i.ConsumerRebalanceListenerInvoker : [Consumer clientId=consumer-anonymous.36157a23-c6a6-4670-8cdf-2ea90aa84a51-2, groupId=anonymous.36157a23-c6a6-4670-8cdf-2ea90aa84a51] Adding newly assigned partitions: springCloudBus-0
2026-08-24T22:32:55.802+05:30  INFO 35720 --- [bmp-admin-service] [container-0-C-1] o.a.k.c.c.internals.ConsumerCoordinator  : [Consumer clientId=consumer-anonymous.36157a23-c6a6-4670-8cdf-2ea90aa84a51-2, groupId=anonymous.36157a23-c6a6-4670-8cdf-2ea90aa84a51] Found no committed offset for partition springCloudBus-0
2026-08-24T22:32:55.805+05:30  INFO 35720 --- [bmp-admin-service] [container-0-C-1] o.a.k.c.c.internals.ConsumerCoordinator  : [Consumer clientId=consumer-anonymous.36157a23-c6a6-4670-8cdf-2ea90aa84a51-2, groupId=anonymous.36157a23-c6a6-4670-8cdf-2ea90aa84a51] Found no committed offset for partition springCloudBus-0
2026-08-24T22:32:55.813+05:30  INFO 35720 --- [bmp-admin-service] [container-0-C-1] o.a.k.c.c.internals.SubscriptionState    : [Consumer clientId=consumer-anonymous.36157a23-c6a6-4670-8cdf-2ea90aa84a51-2, groupId=anonymous.36157a23-c6a6-4670-8cdf-2ea90aa84a51] Resetting offset for partition springCloudBus-0 to position FetchPosition{offset=0, offsetEpoch=Optional.empty, currentLeader=LeaderAndEpoch{leader=Optional[localhost:9092 (id: 1 rack: null)], epoch=0}}.
2026-08-24T22:32:55.819+05:30  INFO 35720 --- [bmp-admin-service] [container-0-C-1] o.s.c.s.b.k.KafkaMessageChannelBinder$2  : anonymous.36157a23-c6a6-4670-8cdf-2ea90aa84a51: partitions assigned: [springCloudBus-0]
2026-08-24T22:33:29.313+05:30  INFO 35720 --- [bmp-admin-service] [nio-8088-exec-2] o.a.c.c.C.[Tomcat].[localhost].[/]       : Initializing Spring DispatcherServlet 'dispatcherServlet'
2026-08-24T22:33:29.313+05:30  INFO 35720 --- [bmp-admin-service] [nio-8088-exec-2] o.s.web.servlet.DispatcherServlet        : Initializing Servlet 'dispatcherServlet'
2026-08-24T22:33:29.316+05:30  INFO 35720 --- [bmp-admin-service] [nio-8088-exec-2] o.s.web.servlet.DispatcherServlet        : Completed initialization in 3 ms
2026-08-24T22:33:29.393+05:30  INFO 35720 --- [bmp-admin-service] [binder-health-1] o.a.k.clients.consumer.ConsumerConfig    : ConsumerConfig values: 
	allow.auto.create.topics = true
	auto.commit.interval.ms = 5000
	auto.include.jmx.reporter = true
	auto.offset.reset = latest
	bootstrap.servers = [localhost:9092]
	check.crcs = true
	client.dns.lookup = use_all_dns_ips
	client.id = consumer-null-4
	client.rack = 
	connections.max.idle.ms = 540000
	default.api.timeout.ms = 60000
	enable.auto.commit = false
	enable.metrics.push = true
	exclude.internal.topics = true
	fetch.max.bytes = 52428800
	fetch.max.wait.ms = 500
	fetch.min.bytes = 1
	group.id = null
	group.instance.id = null
	group.protocol = classic
	group.remote.assignor = null
	heartbeat.interval.ms = 3000
	interceptor.classes = []
	internal.leave.group.on.close = true
	internal.throw.on.fetch.stable.offset.unsupported = false
	isolation.level = read_uncommitted
	key.deserializer = class org.apache.kafka.common.serialization.ByteArrayDeserializer
	max.partition.fetch.bytes = 1048576
	max.poll.interval.ms = 300000
	max.poll.records = 500
	metadata.max.age.ms = 300000
	metadata.recovery.strategy = none
	metric.reporters = []
	metrics.num.samples = 2
	metrics.recording.level = INFO
	metrics.sample.window.ms = 30000
	partition.assignment.strategy = [class org.apache.kafka.clients.consumer.RangeAssignor, class org.apache.kafka.clients.consumer.CooperativeStickyAssignor]
	receive.buffer.bytes = 65536
	reconnect.backoff.max.ms = 1000
	reconnect.backoff.ms = 50
	request.timeout.ms = 30000
	retry.backoff.max.ms = 1000
	retry.backoff.ms = 100
	sasl.client.callback.handler.class = null
	sasl.jaas.config = null
	sasl.kerberos.kinit.cmd = /usr/bin/kinit
	sasl.kerberos.min.time.before.relogin = 60000
	sasl.kerberos.service.name = null
	sasl.kerberos.ticket.renew.jitter = 0.05
	sasl.kerberos.ticket.renew.window.factor = 0.8
	sasl.login.callback.handler.class = null
	sasl.login.class = null
	sasl.login.connect.timeout.ms = null
	sasl.login.read.timeout.ms = null
	sasl.login.refresh.buffer.seconds = 300
	sasl.login.refresh.min.period.seconds = 60
	sasl.login.refresh.window.factor = 0.8
	sasl.login.refresh.window.jitter = 0.05
	sasl.login.retry.backoff.max.ms = 10000
	sasl.login.retry.backoff.ms = 100
	sasl.mechanism = GSSAPI
	sasl.oauthbearer.clock.skew.seconds = 30
	sasl.oauthbearer.expected.audience = null
	sasl.oauthbearer.expected.issuer = null
	sasl.oauthbearer.jwks.endpoint.refresh.ms = 3600000
	sasl.oauthbearer.jwks.endpoint.retry.backoff.max.ms = 10000
	sasl.oauthbearer.jwks.endpoint.retry.backoff.ms = 100
	sasl.oauthbearer.jwks.endpoint.url = null
	sasl.oauthbearer.scope.claim.name = scope
	sasl.oauthbearer.sub.claim.name = sub
	sasl.oauthbearer.token.endpoint.url = null
	security.protocol = PLAINTEXT
	security.providers = null
	send.buffer.bytes = 131072
	session.timeout.ms = 45000
	socket.connection.setup.timeout.max.ms = 30000
	socket.connection.setup.timeout.ms = 10000
	ssl.cipher.suites = null
	ssl.enabled.protocols = [TLSv1.2, TLSv1.3]
	ssl.endpoint.identification.algorithm = https
	ssl.engine.factory.class = null
	ssl.key.password = null
	ssl.keymanager.algorithm = SunX509
	ssl.keystore.certificate.chain = null
	ssl.keystore.key = null
	ssl.keystore.location = null
	ssl.keystore.password = null
	ssl.keystore.type = JKS
	ssl.protocol = TLSv1.3
	ssl.provider = null
	ssl.secure.random.implementation = null
	ssl.trustmanager.algorithm = PKIX
	ssl.truststore.certificates = null
	ssl.truststore.location = null
	ssl.truststore.password = null
	ssl.truststore.type = JKS
	value.deserializer = class org.apache.kafka.common.serialization.ByteArrayDeserializer

2026-08-24T22:33:29.393+05:30  INFO 35720 --- [bmp-admin-service] [binder-health-1] o.a.k.c.t.i.KafkaMetricsCollector        : initializing Kafka metrics collector
2026-08-24T22:33:29.400+05:30  INFO 35720 --- [bmp-admin-service] [binder-health-1] o.a.kafka.common.utils.AppInfoParser     : Kafka version: 3.8.1
2026-08-24T22:33:29.400+05:30  INFO 35720 --- [bmp-admin-service] [binder-health-1] o.a.kafka.common.utils.AppInfoParser     : Kafka commitId: 70d6ff42debf7e17
2026-08-24T22:33:29.400+05:30  INFO 35720 --- [bmp-admin-service] [binder-health-1] o.a.kafka.common.utils.AppInfoParser     : Kafka startTimeMs: 1787591009400
2026-08-24T22:33:29.407+05:30  INFO 35720 --- [bmp-admin-service] [binder-health-1] org.apache.kafka.clients.Metadata        : [Consumer clientId=consumer-null-4, groupId=null] Cluster ID: 5L6g3nShT-eMCtK--X86sw
2026-08-24T22:37:51.627+05:30  INFO 35720 --- [bmp-admin-service] [rap-executor-%d] c.n.d.s.r.aws.ConfigClusterResolver      : Resolving eureka endpoints via configuration
2026-08-24T22:41:53.071+05:30  INFO 35720 --- [bmp-admin-service] [container-0-C-1] org.apache.kafka.clients.NetworkClient   : [Consumer clientId=consumer-anonymous.36157a23-c6a6-4670-8cdf-2ea90aa84a51-2, groupId=anonymous.36157a23-c6a6-4670-8cdf-2ea90aa84a51] Node -1 disconnected.
2026-08-24T22:41:53.981+05:30  INFO 35720 --- [bmp-admin-service] [pool-2-thread-1] org.apache.kafka.clients.NetworkClient   : [Consumer clientId=consumer-anonymous.36157a23-c6a6-4670-8cdf-2ea90aa84a51-3, groupId=anonymous.36157a23-c6a6-4670-8cdf-2ea90aa84a51] Node -1 disconnected.
2026-08-24T22:42:48.518+05:30  INFO 35720 --- [bmp-admin-service] [binder-health-1] org.apache.kafka.clients.NetworkClient   : [Consumer clientId=consumer-null-4, groupId=null] Node -1 disconnected.
2026-08-24T22:42:51.673+05:30  INFO 35720 --- [bmp-admin-service] [rap-executor-%d] c.n.d.s.r.aws.ConfigClusterResolver      : Resolving eureka endpoints via configuration
2026-08-24T22:47:51.687+05:30  INFO 35720 --- [bmp-admin-service] [rap-executor-%d] c.n.d.s.r.aws.ConfigClusterResolver      : Resolving eureka endpoints via configuration
2026-08-24T22:51:53.092+05:30  INFO 35720 --- [bmp-admin-service] [container-0-C-1] org.apache.kafka.clients.NetworkClient   : [Consumer clientId=consumer-anonymous.36157a23-c6a6-4670-8cdf-2ea90aa84a51-2, groupId=anonymous.36157a23-c6a6-4670-8cdf-2ea90aa84a51] Node -1 disconnected.
2026-08-24T22:51:54.215+05:30  INFO 35720 --- [bmp-admin-service] [pool-2-thread-1] org.apache.kafka.clients.NetworkClient   : [Consumer clientId=consumer-anonymous.36157a23-c6a6-4670-8cdf-2ea90aa84a51-3, groupId=anonymous.36157a23-c6a6-4670-8cdf-2ea90aa84a51] Node -1 disconnected.
2026-08-24T22:52:51.706+05:30  INFO 35720 --- [bmp-admin-service] [rap-executor-%d] c.n.d.s.r.aws.ConfigClusterResolver      : Resolving eureka endpoints via configuration
2026-08-24T22:53:28.521+05:30  INFO 35720 --- [bmp-admin-service] [binder-health-1] org.apache.kafka.clients.NetworkClient   : [Consumer clientId=consumer-null-4, groupId=null] Node -1 disconnected.
2026-08-24T22:57:51.736+05:30  INFO 35720 --- [bmp-admin-service] [rap-executor-%d] c.n.d.s.r.aws.ConfigClusterResolver      : Resolving eureka endpoints via configuration
2026-08-24T23:02:51.795+05:30  INFO 35720 --- [bmp-admin-service] [rap-executor-%d] c.n.d.s.r.aws.ConfigClusterResolver      : Resolving eureka endpoints via configuration
2026-08-24T23:07:51.805+05:30  INFO 35720 --- [bmp-admin-service] [rap-executor-%d] c.n.d.s.r.aws.ConfigClusterResolver      : Resolving eureka endpoints via configuration
2026-08-24T23:12:51.828+05:30  INFO 35720 --- [bmp-admin-service] [rap-executor-%d] c.n.d.s.r.aws.ConfigClusterResolver      : Resolving eureka endpoints via configuration
2026-08-24T23:17:51.844+05:30  INFO 35720 --- [bmp-admin-service] [rap-executor-%d] c.n.d.s.r.aws.ConfigClusterResolver      : Resolving eureka endpoints via configuration
2026-08-24T23:22:51.861+05:30  INFO 35720 --- [bmp-admin-service] [rap-executor-%d] c.n.d.s.r.aws.ConfigClusterResolver      : Resolving eureka endpoints via configuration
2026-08-24T23:36:04.212+05:30  INFO 35720 --- [bmp-admin-service] [df-2ea90aa84a51] o.a.k.c.c.internals.ConsumerCoordinator  : [Consumer clientId=consumer-anonymous.36157a23-c6a6-4670-8cdf-2ea90aa84a51-2, groupId=anonymous.36157a23-c6a6-4670-8cdf-2ea90aa84a51] Group coordinator localhost:9092 (id: 2147483646 rack: null) is unavailable or invalid due to cause: session timed out without receiving a heartbeat response. isDisconnected: false. Rediscovery will be attempted.
2026-08-24T23:36:04.268+05:30  INFO 35720 --- [bmp-admin-service] [df-2ea90aa84a51] o.a.k.c.c.internals.ConsumerCoordinator  : [Consumer clientId=consumer-anonymous.36157a23-c6a6-4670-8cdf-2ea90aa84a51-2, groupId=anonymous.36157a23-c6a6-4670-8cdf-2ea90aa84a51] Requesting disconnect from last known coordinator localhost:9092 (id: 2147483646 rack: null)
2026-08-24T23:36:04.349+05:30  INFO 35720 --- [bmp-admin-service] [df-2ea90aa84a51] org.apache.kafka.clients.NetworkClient   : [Consumer clientId=consumer-anonymous.36157a23-c6a6-4670-8cdf-2ea90aa84a51-2, groupId=anonymous.36157a23-c6a6-4670-8cdf-2ea90aa84a51] Client requested disconnect from node 2147483646
2026-08-24T23:36:04.427+05:30  INFO 35720 --- [bmp-admin-service] [pool-2-thread-1] org.apache.kafka.clients.NetworkClient   : [Consumer clientId=consumer-anonymous.36157a23-c6a6-4670-8cdf-2ea90aa84a51-3, groupId=anonymous.36157a23-c6a6-4670-8cdf-2ea90aa84a51] Node 2147483646 disconnected.
2026-08-24T23:36:04.427+05:30  INFO 35720 --- [bmp-admin-service] [df-2ea90aa84a51] org.apache.kafka.clients.NetworkClient   : [Consumer clientId=consumer-anonymous.36157a23-c6a6-4670-8cdf-2ea90aa84a51-2, groupId=anonymous.36157a23-c6a6-4670-8cdf-2ea90aa84a51] Node 1 disconnected.
2026-08-24T23:36:04.468+05:30  INFO 35720 --- [bmp-admin-service] [df-2ea90aa84a51] org.apache.kafka.clients.NetworkClient   : [Consumer clientId=consumer-anonymous.36157a23-c6a6-4670-8cdf-2ea90aa84a51-2, groupId=anonymous.36157a23-c6a6-4670-8cdf-2ea90aa84a51] Cancelled in-flight FETCH request with correlation id 6951 due to node 1 being disconnected (elapsed time since creation: 790948ms, elapsed time since send: 790948ms, throttle time: 0ms, request timeout: 30000ms)
2026-08-24T23:36:04.500+05:30  INFO 35720 --- [bmp-admin-service] [df-2ea90aa84a51] org.apache.kafka.clients.NetworkClient   : [Consumer clientId=consumer-anonymous.36157a23-c6a6-4670-8cdf-2ea90aa84a51-2, groupId=anonymous.36157a23-c6a6-4670-8cdf-2ea90aa84a51] Cancelled in-flight METADATA request with correlation id 6952 due to node 1 being disconnected (elapsed time since creation: 157ms, elapsed time since send: 157ms, throttle time: 0ms, request timeout: 30000ms)
2026-08-24T23:36:04.667+05:30  INFO 35720 --- [bmp-admin-service] [pool-2-thread-1] org.apache.kafka.clients.NetworkClient   : [Consumer clientId=consumer-anonymous.36157a23-c6a6-4670-8cdf-2ea90aa84a51-3, groupId=anonymous.36157a23-c6a6-4670-8cdf-2ea90aa84a51] Disconnecting from node 1 due to request timeout.
2026-08-24T23:36:04.667+05:30  INFO 35720 --- [bmp-admin-service] [pool-2-thread-1] org.apache.kafka.clients.NetworkClient   : [Consumer clientId=consumer-anonymous.36157a23-c6a6-4670-8cdf-2ea90aa84a51-3, groupId=anonymous.36157a23-c6a6-4670-8cdf-2ea90aa84a51] Cancelled in-flight LIST_OFFSETS request with correlation id 179 due to node 1 being disconnected (elapsed time since creation: 789441ms, elapsed time since send: 789441ms, throttle time: 0ms, request timeout: 30000ms)
2026-08-24T23:36:05.964+05:30  INFO 35720 --- [bmp-admin-service] [df-2ea90aa84a51] o.a.kafka.clients.FetchSessionHandler    : [Consumer clientId=consumer-anonymous.36157a23-c6a6-4670-8cdf-2ea90aa84a51-2, groupId=anonymous.36157a23-c6a6-4670-8cdf-2ea90aa84a51] Error sending fetch request (sessionId=994482872, epoch=5921) to node 1:

org.apache.kafka.common.errors.DisconnectException: null

2026-08-24T23:36:10.906+05:30  INFO 35720 --- [bmp-admin-service] [container-0-C-1] o.a.k.c.c.internals.ConsumerCoordinator  : [Consumer clientId=consumer-anonymous.36157a23-c6a6-4670-8cdf-2ea90aa84a51-2, groupId=anonymous.36157a23-c6a6-4670-8cdf-2ea90aa84a51] Discovered group coordinator localhost:9092 (id: 2147483646 rack: null)
2026-08-24T23:36:21.643+05:30  WARN 35720 --- [bmp-admin-service] [l-1 housekeeper] com.zaxxer.hikari.pool.HikariPool        : HikariPool-1 - Thread starvation or clock leap detected (housekeeper delta=13m36s502ms800µs).
2026-08-24T23:37:06.338+05:30  INFO 35720 --- [bmp-admin-service] [pool-2-thread-1] org.apache.kafka.clients.NetworkClient   : [Consumer clientId=consumer-anonymous.36157a23-c6a6-4670-8cdf-2ea90aa84a51-3, groupId=anonymous.36157a23-c6a6-4670-8cdf-2ea90aa84a51] Disconnecting from node 1 due to request timeout.
2026-08-24T23:37:06.341+05:30  INFO 35720 --- [bmp-admin-service] [pool-2-thread-1] org.apache.kafka.clients.NetworkClient   : [Consumer clientId=consumer-anonymous.36157a23-c6a6-4670-8cdf-2ea90aa84a51-3, groupId=anonymous.36157a23-c6a6-4670-8cdf-2ea90aa84a51] Cancelled in-flight API_VERSIONS request with correlation id 181 due to node 1 being disconnected (elapsed time since creation: 60131ms, elapsed time since send: 60131ms, throttle time: 0ms, request timeout: 30000ms)
