
  .   ____          _            __ _ _
 /\\ / ___'_ __ _ _(_)_ __  __ _ \ \ \ \
( ( )\___ | '_ | '_| | '_ \/ _` | \ \ \ \
 \\/  ___)| |_)| | | | | || (_| |  ) ) ) )
  '  |____| .__|_| |_|_| |_\__, | / / / /
 =========|_|==============|___/=/_/_/_/

 :: Spring Boot ::                (v3.4.1)

2026-08-24T22:32:29.331+05:30  INFO 12604 --- [bmp-auth-service] [           main] com.bmp.auth.BmpAuthApplication          : Starting BmpAuthApplication using Java 21.0.11 with PID 12604 (C:\BMP -PRJ\BMP\bmp-auth\target\classes started by Lenovo in C:\BMP -PRJ\BMP\bmp-auth)
2026-08-24T22:32:29.332+05:30  INFO 12604 --- [bmp-auth-service] [           main] com.bmp.auth.BmpAuthApplication          : No active profile set, falling back to 1 default profile: "default"
2026-08-24T22:32:29.378+05:30  INFO 12604 --- [bmp-auth-service] [           main] o.s.c.c.c.ConfigServerConfigDataLoader   : Fetching config from server at : http://localhost:8888
2026-08-24T22:32:29.379+05:30  INFO 12604 --- [bmp-auth-service] [           main] o.s.c.c.c.ConfigServerConfigDataLoader   : Located environment: name=bmp-auth-service, profiles=[default], label=null, version=e49a1a5dcfcb36643a08d9529e85f702a6d4d502, state=
2026-08-24T22:32:30.768+05:30  INFO 12604 --- [bmp-auth-service] [           main] .s.d.r.c.RepositoryConfigurationDelegate : Bootstrapping Spring Data JPA repositories in DEFAULT mode.
2026-08-24T22:32:31.001+05:30  INFO 12604 --- [bmp-auth-service] [           main] .s.d.r.c.RepositoryConfigurationDelegate : Finished Spring Data repository scanning in 214 ms. Found 3 JPA repository interfaces.
2026-08-24T22:32:31.658+05:30  INFO 12604 --- [bmp-auth-service] [           main] faultConfiguringBeanFactoryPostProcessor : No bean named 'errorChannel' has been explicitly defined. Therefore, a default PublishSubscribeChannel will be created.
2026-08-24T22:32:31.683+05:30  INFO 12604 --- [bmp-auth-service] [           main] faultConfiguringBeanFactoryPostProcessor : No bean named 'integrationHeaderChannelRegistry' has been explicitly defined. Therefore, a default DefaultHeaderChannelRegistry will be created.
2026-08-24T22:32:32.562+05:30  INFO 12604 --- [bmp-auth-service] [           main] o.s.cloud.context.scope.GenericScope     : BeanFactory id=b23b346e-db13-30be-81e4-49577f8e8b92
2026-08-24T22:32:37.715+05:30  INFO 12604 --- [bmp-auth-service] [           main] o.s.b.w.embedded.tomcat.TomcatWebServer  : Tomcat initialized with port 8081 (http)
2026-08-24T22:32:37.763+05:30  INFO 12604 --- [bmp-auth-service] [           main] o.apache.catalina.core.StandardService   : Starting service [Tomcat]
2026-08-24T22:32:37.763+05:30  INFO 12604 --- [bmp-auth-service] [           main] o.apache.catalina.core.StandardEngine    : Starting Servlet engine: [Apache Tomcat/10.1.34]
2026-08-24T22:32:38.213+05:30  INFO 12604 --- [bmp-auth-service] [           main] o.a.c.c.C.[Tomcat].[localhost].[/]       : Initializing Spring embedded WebApplicationContext
2026-08-24T22:32:38.221+05:30  INFO 12604 --- [bmp-auth-service] [           main] w.s.c.ServletWebServerApplicationContext : Root WebApplicationContext: initialization completed in 8834 ms
2026-08-24T22:32:40.590+05:30  INFO 12604 --- [bmp-auth-service] [           main] com.zaxxer.hikari.HikariDataSource       : HikariPool-1 - Starting...
2026-08-24T22:32:40.874+05:30  INFO 12604 --- [bmp-auth-service] [           main] com.zaxxer.hikari.pool.HikariPool        : HikariPool-1 - Added connection org.postgresql.jdbc.PgConnection@138d978e
2026-08-24T22:32:40.876+05:30  INFO 12604 --- [bmp-auth-service] [           main] com.zaxxer.hikari.HikariDataSource       : HikariPool-1 - Start completed.
2026-08-24T22:32:40.938+05:30  INFO 12604 --- [bmp-auth-service] [           main] org.flywaydb.core.FlywayExecutor         : Database: jdbc:postgresql://localhost:5432/bmp (PostgreSQL 16.4)
2026-08-24T22:32:41.072+05:30  INFO 12604 --- [bmp-auth-service] [           main] o.f.core.internal.command.DbValidate     : Successfully validated 5 migrations (execution time 00:00.073s)
2026-08-24T22:32:41.124+05:30  INFO 12604 --- [bmp-auth-service] [           main] o.f.core.internal.command.DbMigrate      : Current version of schema "user_schema": 004
2026-08-24T22:32:41.131+05:30  INFO 12604 --- [bmp-auth-service] [           main] o.f.core.internal.command.DbMigrate      : Schema "user_schema" is up to date. No migration necessary.
2026-08-24T22:32:41.368+05:30  INFO 12604 --- [bmp-auth-service] [           main] o.hibernate.jpa.internal.util.LogHelper  : HHH000204: Processing PersistenceUnitInfo [name: default]
2026-08-24T22:32:41.485+05:30  INFO 12604 --- [bmp-auth-service] [           main] org.hibernate.Version                    : HHH000412: Hibernate ORM core version 6.6.4.Final
2026-08-24T22:32:41.559+05:30  INFO 12604 --- [bmp-auth-service] [           main] o.h.c.internal.RegionFactoryInitiator    : HHH000026: Second-level cache disabled
2026-08-24T22:32:42.077+05:30  INFO 12604 --- [bmp-auth-service] [           main] o.s.o.j.p.SpringPersistenceUnitInfo      : No LoadTimeWeaver setup: ignoring JPA class transformer
2026-08-24T22:32:42.224+05:30  INFO 12604 --- [bmp-auth-service] [           main] org.hibernate.orm.connections.pooling    : HHH10001005: Database info:
	Database JDBC URL [Connecting through datasource 'HikariDataSource (HikariPool-1)']
	Database driver: undefined/unknown
	Database version: 16.4
	Autocommit mode: undefined/unknown
	Isolation level: undefined/unknown
	Minimum pool size: undefined/unknown
	Maximum pool size: undefined/unknown
2026-08-24T22:32:43.663+05:30  INFO 12604 --- [bmp-auth-service] [           main] o.h.e.t.j.p.i.JtaPlatformInitiator       : HHH000489: No JTA platform available (set 'hibernate.transaction.jta.platform' to enable JTA platform integration)
2026-08-24T22:32:43.778+05:30  INFO 12604 --- [bmp-auth-service] [           main] j.LocalContainerEntityManagerFactoryBean : Initialized JPA EntityManagerFactory for persistence unit 'default'
2026-08-24T22:32:45.207+05:30  INFO 12604 --- [bmp-auth-service] [           main] o.s.c.openfeign.FeignClientFactoryBean   : For 'bmp-user-service' URL not provided. Will try picking an instance via load-balancing.
2026-08-24T22:32:45.804+05:30  WARN 12604 --- [bmp-auth-service] [           main] .s.s.UserDetailsServiceAutoConfiguration : 

Using generated security password: fa39580e-190a-4853-ac37-85777609220c

This generated password is for development use only. Your security configuration must be updated before running your application in production.

2026-08-24T22:32:45.828+05:30  INFO 12604 --- [bmp-auth-service] [           main] r$InitializeUserDetailsManagerConfigurer : Global AuthenticationManager configured with UserDetailsService bean with name inMemoryUserDetailsManager
2026-08-24T22:32:46.590+05:30  INFO 12604 --- [bmp-auth-service] [           main] o.s.b.a.e.web.EndpointLinksResolver      : Exposing 10 endpoints beneath base path '/actuator'
2026-08-24T22:32:47.512+05:30  INFO 12604 --- [bmp-auth-service] [           main] o.s.c.s.m.DirectWithAttributesChannel    : Channel 'bmp-auth-service.springCloudBusInput' has 1 subscriber(s).
2026-08-24T22:32:48.132+05:30  INFO 12604 --- [bmp-auth-service] [           main] DiscoveryClientOptionalArgsConfiguration : Eureka HTTP Client uses RestTemplate.
2026-08-24T22:32:48.229+05:30  WARN 12604 --- [bmp-auth-service] [           main] iguration$LoadBalancerCaffeineWarnLogger : Spring Cloud LoadBalancer is currently working with the default cache. While this cache implementation is useful for development and tests, it's recommended to use Caffeine cache in production.You can switch to using Caffeine cache, by adding it and org.springframework.cache.caffeine.CaffeineCacheManager to the classpath.
2026-08-24T22:32:48.471+05:30  INFO 12604 --- [bmp-auth-service] [           main] o.s.i.endpoint.EventDrivenConsumer       : Adding {logging-channel-adapter:_org.springframework.integration.errorLogger} as a subscriber to the 'errorChannel' channel
2026-08-24T22:32:48.471+05:30  INFO 12604 --- [bmp-auth-service] [           main] o.s.i.channel.PublishSubscribeChannel    : Channel 'bmp-auth-service.errorChannel' has 1 subscriber(s).
2026-08-24T22:32:48.472+05:30  INFO 12604 --- [bmp-auth-service] [           main] o.s.i.endpoint.EventDrivenConsumer       : started bean '_org.springframework.integration.errorLogger'
2026-08-24T22:32:48.489+05:30  INFO 12604 --- [bmp-auth-service] [           main] o.s.c.n.eureka.InstanceInfoFactory       : Setting initial instance status as: STARTING
2026-08-24T22:32:48.526+05:30  INFO 12604 --- [bmp-auth-service] [           main] com.netflix.discovery.DiscoveryClient    : Initializing Eureka in region us-east-1
2026-08-24T22:32:48.531+05:30  INFO 12604 --- [bmp-auth-service] [           main] c.n.d.s.r.aws.ConfigClusterResolver      : Resolving eureka endpoints via configuration
2026-08-24T22:32:48.551+05:30  INFO 12604 --- [bmp-auth-service] [           main] com.netflix.discovery.DiscoveryClient    : Disable delta property : false
2026-08-24T22:32:48.551+05:30  INFO 12604 --- [bmp-auth-service] [           main] com.netflix.discovery.DiscoveryClient    : Single vip registry refresh property : null
2026-08-24T22:32:48.551+05:30  INFO 12604 --- [bmp-auth-service] [           main] com.netflix.discovery.DiscoveryClient    : Force full registry fetch : false
2026-08-24T22:32:48.552+05:30  INFO 12604 --- [bmp-auth-service] [           main] com.netflix.discovery.DiscoveryClient    : Application is null : false
2026-08-24T22:32:48.552+05:30  INFO 12604 --- [bmp-auth-service] [           main] com.netflix.discovery.DiscoveryClient    : Registered Applications size is zero : true
2026-08-24T22:32:48.552+05:30  INFO 12604 --- [bmp-auth-service] [           main] com.netflix.discovery.DiscoveryClient    : Application version is -1: true
2026-08-24T22:32:48.552+05:30  INFO 12604 --- [bmp-auth-service] [           main] com.netflix.discovery.DiscoveryClient    : Getting all instance registry info from the eureka server
2026-08-24T22:32:48.769+05:30  INFO 12604 --- [bmp-auth-service] [           main] com.netflix.discovery.DiscoveryClient    : The response status is 200
2026-08-24T22:32:48.773+05:30  INFO 12604 --- [bmp-auth-service] [           main] com.netflix.discovery.DiscoveryClient    : Starting heartbeat executor: renew interval is: 30
2026-08-24T22:32:48.775+05:30  INFO 12604 --- [bmp-auth-service] [           main] c.n.discovery.InstanceInfoReplicator     : InstanceInfoReplicator onDemand update allowed rate per min is 4
2026-08-24T22:32:48.777+05:30  INFO 12604 --- [bmp-auth-service] [           main] com.netflix.discovery.DiscoveryClient    : Discovery Client initialized at timestamp 1787590968777 with initial instances count: 2
2026-08-24T22:32:48.789+05:30  INFO 12604 --- [bmp-auth-service] [           main] o.s.c.n.e.s.EurekaServiceRegistry        : Registering application BMP-AUTH-SERVICE with eureka with status UP
2026-08-24T22:32:48.790+05:30  INFO 12604 --- [bmp-auth-service] [           main] com.netflix.discovery.DiscoveryClient    : Saw local status change event StatusChangeEvent [timestamp=1787590968790, current=UP, previous=STARTING]
2026-08-24T22:32:48.792+05:30  INFO 12604 --- [bmp-auth-service] [foReplicator-%d] com.netflix.discovery.DiscoveryClient    : DiscoveryClient_BMP-AUTH-SERVICE/Darshan.mshome.net:bmp-auth-service:8081: registering service...
2026-08-24T22:32:48.820+05:30  INFO 12604 --- [bmp-auth-service] [           main] o.s.b.w.embedded.tomcat.TomcatWebServer  : Tomcat started on port 8081 (http) with context path '/'
2026-08-24T22:32:48.822+05:30  INFO 12604 --- [bmp-auth-service] [           main] .s.c.n.e.s.EurekaAutoServiceRegistration : Updating port to 8081
2026-08-24T22:32:48.831+05:30  INFO 12604 --- [bmp-auth-service] [           main] o.s.c.s.binder.DefaultBinderFactory      : Creating binder: kafka
2026-08-24T22:32:48.831+05:30  INFO 12604 --- [bmp-auth-service] [           main] o.s.c.s.binder.DefaultBinderFactory      : Constructing binder child context for kafka
2026-08-24T22:32:48.833+05:30  INFO 12604 --- [bmp-auth-service] [foReplicator-%d] com.netflix.discovery.DiscoveryClient    : DiscoveryClient_BMP-AUTH-SERVICE/Darshan.mshome.net:bmp-auth-service:8081 - registration status: 204
2026-08-24T22:32:49.152+05:30  INFO 12604 --- [bmp-auth-service] [           main] o.s.c.s.binder.DefaultBinderFactory      : Caching the binder: kafka
2026-08-24T22:32:49.197+05:30  INFO 12604 --- [bmp-auth-service] [           main] o.a.k.clients.admin.AdminClientConfig    : AdminClientConfig values: 
	auto.include.jmx.reporter = true
	bootstrap.controllers = []
	bootstrap.servers = [localhost:9092]
	client.dns.lookup = use_all_dns_ips
	client.id = 
	connections.max.idle.ms = 300000
	default.api.timeout.ms = 60000
	enable.metrics.push = true
	metadata.max.age.ms = 300000
	metadata.recovery.strategy = none
	metric.reporters = []
	metrics.num.samples = 2
	metrics.recording.level = INFO
	metrics.sample.window.ms = 30000
	receive.buffer.bytes = 65536
	reconnect.backoff.max.ms = 1000
	reconnect.backoff.ms = 50
	request.timeout.ms = 30000
	retries = 2147483647
	retry.backoff.max.ms = 1000
	retry.backoff.ms = 100
	sasl.client.callback.handler.class = null
	sasl.jaas.config = null
	sasl.kerberos.kinit.cmd = /usr/bin/kinit
	sasl.kerberos.min.time.before.relogin = 60000
	sasl.kerberos.service.name = null
	sasl.kerberos.ticket.renew.jitter = 0.05
	sasl.kerberos.ticket.renew.window.factor = 0.8
	sasl.login.callback.handler.class = null
	sasl.login.class = null
	sasl.login.connect.timeout.ms = null
	sasl.login.read.timeout.ms = null
	sasl.login.refresh.buffer.seconds = 300
	sasl.login.refresh.min.period.seconds = 60
	sasl.login.refresh.window.factor = 0.8
	sasl.login.refresh.window.jitter = 0.05
	sasl.login.retry.backoff.max.ms = 10000
	sasl.login.retry.backoff.ms = 100
	sasl.mechanism = GSSAPI
	sasl.oauthbearer.clock.skew.seconds = 30
	sasl.oauthbearer.expected.audience = null
	sasl.oauthbearer.expected.issuer = null
	sasl.oauthbearer.jwks.endpoint.refresh.ms = 3600000
	sasl.oauthbearer.jwks.endpoint.retry.backoff.max.ms = 10000
	sasl.oauthbearer.jwks.endpoint.retry.backoff.ms = 100
	sasl.oauthbearer.jwks.endpoint.url = null
	sasl.oauthbearer.scope.claim.name = scope
	sasl.oauthbearer.sub.claim.name = sub
	sasl.oauthbearer.token.endpoint.url = null
	security.protocol = PLAINTEXT
	security.providers = null
	send.buffer.bytes = 131072
	socket.connection.setup.timeout.max.ms = 30000
	socket.connection.setup.timeout.ms = 10000
	ssl.cipher.suites = null
	ssl.enabled.protocols = [TLSv1.2, TLSv1.3]
	ssl.endpoint.identification.algorithm = https
	ssl.engine.factory.class = null
	ssl.key.password = null
	ssl.keymanager.algorithm = SunX509
	ssl.keystore.certificate.chain = null
	ssl.keystore.key = null
	ssl.keystore.location = null
	ssl.keystore.password = null
	ssl.keystore.type = JKS
	ssl.protocol = TLSv1.3
	ssl.provider = null
	ssl.secure.random.implementation = null
	ssl.trustmanager.algorithm = PKIX
	ssl.truststore.certificates = null
	ssl.truststore.location = null
	ssl.truststore.password = null
	ssl.truststore.type = JKS

2026-08-24T22:32:49.337+05:30  INFO 12604 --- [bmp-auth-service] [           main] o.a.kafka.common.utils.AppInfoParser     : Kafka version: 3.8.1
2026-08-24T22:32:49.338+05:30  INFO 12604 --- [bmp-auth-service] [           main] o.a.kafka.common.utils.AppInfoParser     : Kafka commitId: 70d6ff42debf7e17
2026-08-24T22:32:49.338+05:30  INFO 12604 --- [bmp-auth-service] [           main] o.a.kafka.common.utils.AppInfoParser     : Kafka startTimeMs: 1787590969336
2026-08-24T22:32:49.699+05:30  INFO 12604 --- [bmp-auth-service] [| adminclient-1] o.a.kafka.common.utils.AppInfoParser     : App info kafka.admin.client for adminclient-1 unregistered
2026-08-24T22:32:49.705+05:30  INFO 12604 --- [bmp-auth-service] [| adminclient-1] o.apache.kafka.common.metrics.Metrics    : Metrics scheduler closed
2026-08-24T22:32:49.705+05:30  INFO 12604 --- [bmp-auth-service] [| adminclient-1] o.apache.kafka.common.metrics.Metrics    : Closing reporter org.apache.kafka.common.metrics.JmxReporter
2026-08-24T22:32:49.705+05:30  INFO 12604 --- [bmp-auth-service] [| adminclient-1] o.apache.kafka.common.metrics.Metrics    : Metrics reporters closed
2026-08-24T22:32:49.716+05:30  INFO 12604 --- [bmp-auth-service] [           main] o.a.k.clients.consumer.ConsumerConfig    : ConsumerConfig values: 
	allow.auto.create.topics = true
	auto.commit.interval.ms = 100
	auto.include.jmx.reporter = true
	auto.offset.reset = latest
	bootstrap.servers = [localhost:9092]
	check.crcs = true
	client.dns.lookup = use_all_dns_ips
	client.id = consumer-anonymous.fc13270a-2cfc-458a-8278-f5fe02ad3c48-1
	client.rack = 
	connections.max.idle.ms = 540000
	default.api.timeout.ms = 60000
	enable.auto.commit = false
	enable.metrics.push = true
	exclude.internal.topics = true
	fetch.max.bytes = 52428800
	fetch.max.wait.ms = 500
	fetch.min.bytes = 1
	group.id = anonymous.fc13270a-2cfc-458a-8278-f5fe02ad3c48
	group.instance.id = null
	group.protocol = classic
	group.remote.assignor = null
	heartbeat.interval.ms = 3000
	interceptor.classes = []
	internal.leave.group.on.close = true
	internal.throw.on.fetch.stable.offset.unsupported = false
	isolation.level = read_uncommitted
	key.deserializer = class org.apache.kafka.common.serialization.ByteArrayDeserializer
	max.partition.fetch.bytes = 1048576
	max.poll.interval.ms = 300000
	max.poll.records = 500
	metadata.max.age.ms = 300000
	metadata.recovery.strategy = none
	metric.reporters = []
	metrics.num.samples = 2
	metrics.recording.level = INFO
	metrics.sample.window.ms = 30000
	partition.assignment.strategy = [class org.apache.kafka.clients.consumer.RangeAssignor, class org.apache.kafka.clients.consumer.CooperativeStickyAssignor]
	receive.buffer.bytes = 65536
	reconnect.backoff.max.ms = 1000
	reconnect.backoff.ms = 50
	request.timeout.ms = 30000
	retry.backoff.max.ms = 1000
	retry.backoff.ms = 100
	sasl.client.callback.handler.class = null
	sasl.jaas.config = null
	sasl.kerberos.kinit.cmd = /usr/bin/kinit
	sasl.kerberos.min.time.before.relogin = 60000
	sasl.kerberos.service.name = null
	sasl.kerberos.ticket.renew.jitter = 0.05
	sasl.kerberos.ticket.renew.window.factor = 0.8
	sasl.login.callback.handler.class = null
	sasl.login.class = null
	sasl.login.connect.timeout.ms = null
	sasl.login.read.timeout.ms = null
	sasl.login.refresh.buffer.seconds = 300
	sasl.login.refresh.min.period.seconds = 60
	sasl.login.refresh.window.factor = 0.8
	sasl.login.refresh.window.jitter = 0.05
	sasl.login.retry.backoff.max.ms = 10000
	sasl.login.retry.backoff.ms = 100
	sasl.mechanism = GSSAPI
	sasl.oauthbearer.clock.skew.seconds = 30
	sasl.oauthbearer.expected.audience = null
	sasl.oauthbearer.expected.issuer = null
	sasl.oauthbearer.jwks.endpoint.refresh.ms = 3600000
	sasl.oauthbearer.jwks.endpoint.retry.backoff.max.ms = 10000
	sasl.oauthbearer.jwks.endpoint.retry.backoff.ms = 100
	sasl.oauthbearer.jwks.endpoint.url = null
	sasl.oauthbearer.scope.claim.name = scope
	sasl.oauthbearer.sub.claim.name = sub
	sasl.oauthbearer.token.endpoint.url = null
	security.protocol = PLAINTEXT
	security.providers = null
	send.buffer.bytes = 131072
	session.timeout.ms = 45000
	socket.connection.setup.timeout.max.ms = 30000
	socket.connection.setup.timeout.ms = 10000
	ssl.cipher.suites = null
	ssl.enabled.protocols = [TLSv1.2, TLSv1.3]
	ssl.endpoint.identification.algorithm = https
	ssl.engine.factory.class = null
	ssl.key.password = null
	ssl.keymanager.algorithm = SunX509
	ssl.keystore.certificate.chain = null
	ssl.keystore.key = null
	ssl.keystore.location = null
	ssl.keystore.password = null
	ssl.keystore.type = JKS
	ssl.protocol = TLSv1.3
	ssl.provider = null
	ssl.secure.random.implementation = null
	ssl.trustmanager.algorithm = PKIX
	ssl.truststore.certificates = null
	ssl.truststore.location = null
	ssl.truststore.password = null
	ssl.truststore.type = JKS
	value.deserializer = class org.apache.kafka.common.serialization.ByteArrayDeserializer

2026-08-24T22:32:49.768+05:30  INFO 12604 --- [bmp-auth-service] [           main] o.a.k.c.t.i.KafkaMetricsCollector        : initializing Kafka metrics collector
2026-08-24T22:32:49.831+05:30  INFO 12604 --- [bmp-auth-service] [           main] o.a.kafka.common.utils.AppInfoParser     : Kafka version: 3.8.1
2026-08-24T22:32:49.831+05:30  INFO 12604 --- [bmp-auth-service] [           main] o.a.kafka.common.utils.AppInfoParser     : Kafka commitId: 70d6ff42debf7e17
2026-08-24T22:32:49.831+05:30  INFO 12604 --- [bmp-auth-service] [           main] o.a.kafka.common.utils.AppInfoParser     : Kafka startTimeMs: 1787590969831
2026-08-24T22:32:49.852+05:30  INFO 12604 --- [bmp-auth-service] [           main] org.apache.kafka.clients.Metadata        : [Consumer clientId=consumer-anonymous.fc13270a-2cfc-458a-8278-f5fe02ad3c48-1, groupId=anonymous.fc13270a-2cfc-458a-8278-f5fe02ad3c48] Cluster ID: 5L6g3nShT-eMCtK--X86sw
2026-08-24T22:32:49.856+05:30  INFO 12604 --- [bmp-auth-service] [           main] o.a.k.c.c.internals.ConsumerCoordinator  : [Consumer clientId=consumer-anonymous.fc13270a-2cfc-458a-8278-f5fe02ad3c48-1, groupId=anonymous.fc13270a-2cfc-458a-8278-f5fe02ad3c48] Resetting generation and member id due to: consumer pro-actively leaving the group
2026-08-24T22:32:49.856+05:30  INFO 12604 --- [bmp-auth-service] [           main] o.a.k.c.c.internals.ConsumerCoordinator  : [Consumer clientId=consumer-anonymous.fc13270a-2cfc-458a-8278-f5fe02ad3c48-1, groupId=anonymous.fc13270a-2cfc-458a-8278-f5fe02ad3c48] Request joining group due to: consumer pro-actively leaving the group
2026-08-24T22:32:49.860+05:30  INFO 12604 --- [bmp-auth-service] [           main] o.apache.kafka.common.metrics.Metrics    : Metrics scheduler closed
2026-08-24T22:32:49.861+05:30  INFO 12604 --- [bmp-auth-service] [           main] o.apache.kafka.common.metrics.Metrics    : Closing reporter org.apache.kafka.common.metrics.JmxReporter
2026-08-24T22:32:49.861+05:30  INFO 12604 --- [bmp-auth-service] [           main] o.apache.kafka.common.metrics.Metrics    : Closing reporter org.apache.kafka.common.telemetry.internals.ClientTelemetryReporter
2026-08-24T22:32:49.861+05:30  INFO 12604 --- [bmp-auth-service] [           main] o.apache.kafka.common.metrics.Metrics    : Metrics reporters closed
2026-08-24T22:32:49.865+05:30  INFO 12604 --- [bmp-auth-service] [           main] o.a.kafka.common.utils.AppInfoParser     : App info kafka.consumer for consumer-anonymous.fc13270a-2cfc-458a-8278-f5fe02ad3c48-1 unregistered
2026-08-24T22:32:49.902+05:30  INFO 12604 --- [bmp-auth-service] [           main] o.s.c.stream.binder.BinderErrorChannel   : Channel 'kafka-865326912.springCloudBusInput.errors' has 1 subscriber(s).
2026-08-24T22:32:49.904+05:30  INFO 12604 --- [bmp-auth-service] [           main] o.s.c.stream.binder.BinderErrorChannel   : Channel 'kafka-865326912.springCloudBusInput.errors' has 0 subscriber(s).
2026-08-24T22:32:49.904+05:30  INFO 12604 --- [bmp-auth-service] [           main] o.s.c.stream.binder.BinderErrorChannel   : Channel 'kafka-865326912.springCloudBusInput.errors' has 1 subscriber(s).
2026-08-24T22:32:49.904+05:30  INFO 12604 --- [bmp-auth-service] [           main] o.s.c.stream.binder.BinderErrorChannel   : Channel 'kafka-865326912.springCloudBusInput.errors' has 2 subscriber(s).
2026-08-24T22:32:49.928+05:30  INFO 12604 --- [bmp-auth-service] [           main] o.a.k.clients.consumer.ConsumerConfig    : ConsumerConfig values: 
	allow.auto.create.topics = true
	auto.commit.interval.ms = 100
	auto.include.jmx.reporter = true
	auto.offset.reset = latest
	bootstrap.servers = [localhost:9092]
	check.crcs = true
	client.dns.lookup = use_all_dns_ips
	client.id = consumer-anonymous.fc13270a-2cfc-458a-8278-f5fe02ad3c48-2
	client.rack = 
	connections.max.idle.ms = 540000
	default.api.timeout.ms = 60000
	enable.auto.commit = false
	enable.metrics.push = true
	exclude.internal.topics = true
	fetch.max.bytes = 52428800
	fetch.max.wait.ms = 500
	fetch.min.bytes = 1
	group.id = anonymous.fc13270a-2cfc-458a-8278-f5fe02ad3c48
	group.instance.id = null
	group.protocol = classic
	group.remote.assignor = null
	heartbeat.interval.ms = 3000
	interceptor.classes = []
	internal.leave.group.on.close = true
	internal.throw.on.fetch.stable.offset.unsupported = false
	isolation.level = read_uncommitted
	key.deserializer = class org.apache.kafka.common.serialization.ByteArrayDeserializer
	max.partition.fetch.bytes = 1048576
	max.poll.interval.ms = 300000
	max.poll.records = 500
	metadata.max.age.ms = 300000
	metadata.recovery.strategy = none
	metric.reporters = []
	metrics.num.samples = 2
	metrics.recording.level = INFO
	metrics.sample.window.ms = 30000
	partition.assignment.strategy = [class org.apache.kafka.clients.consumer.RangeAssignor, class org.apache.kafka.clients.consumer.CooperativeStickyAssignor]
	receive.buffer.bytes = 65536
	reconnect.backoff.max.ms = 1000
	reconnect.backoff.ms = 50
	request.timeout.ms = 30000
	retry.backoff.max.ms = 1000
	retry.backoff.ms = 100
	sasl.client.callback.handler.class = null
	sasl.jaas.config = null
	sasl.kerberos.kinit.cmd = /usr/bin/kinit
	sasl.kerberos.min.time.before.relogin = 60000
	sasl.kerberos.service.name = null
	sasl.kerberos.ticket.renew.jitter = 0.05
	sasl.kerberos.ticket.renew.window.factor = 0.8
	sasl.login.callback.handler.class = null
	sasl.login.class = null
	sasl.login.connect.timeout.ms = null
	sasl.login.read.timeout.ms = null
	sasl.login.refresh.buffer.seconds = 300
	sasl.login.refresh.min.period.seconds = 60
	sasl.login.refresh.window.factor = 0.8
	sasl.login.refresh.window.jitter = 0.05
	sasl.login.retry.backoff.max.ms = 10000
	sasl.login.retry.backoff.ms = 100
	sasl.mechanism = GSSAPI
	sasl.oauthbearer.clock.skew.seconds = 30
	sasl.oauthbearer.expected.audience = null
	sasl.oauthbearer.expected.issuer = null
	sasl.oauthbearer.jwks.endpoint.refresh.ms = 3600000
	sasl.oauthbearer.jwks.endpoint.retry.backoff.max.ms = 10000
	sasl.oauthbearer.jwks.endpoint.retry.backoff.ms = 100
	sasl.oauthbearer.jwks.endpoint.url = null
	sasl.oauthbearer.scope.claim.name = scope
	sasl.oauthbearer.sub.claim.name = sub
	sasl.oauthbearer.token.endpoint.url = null
	security.protocol = PLAINTEXT
	security.providers = null
	send.buffer.bytes = 131072
	session.timeout.ms = 45000
	socket.connection.setup.timeout.max.ms = 30000
	socket.connection.setup.timeout.ms = 10000
	ssl.cipher.suites = null
	ssl.enabled.protocols = [TLSv1.2, TLSv1.3]
	ssl.endpoint.identification.algorithm = https
	ssl.engine.factory.class = null
	ssl.key.password = null
	ssl.keymanager.algorithm = SunX509
	ssl.keystore.certificate.chain = null
	ssl.keystore.key = null
	ssl.keystore.location = null
	ssl.keystore.password = null
	ssl.keystore.type = JKS
	ssl.protocol = TLSv1.3
	ssl.provider = null
	ssl.secure.random.implementation = null
	ssl.trustmanager.algorithm = PKIX
	ssl.truststore.certificates = null
	ssl.truststore.location = null
	ssl.truststore.password = null
	ssl.truststore.type = JKS
	value.deserializer = class org.apache.kafka.common.serialization.ByteArrayDeserializer

2026-08-24T22:32:49.928+05:30  INFO 12604 --- [bmp-auth-service] [           main] o.a.k.c.t.i.KafkaMetricsCollector        : initializing Kafka metrics collector
2026-08-24T22:32:49.935+05:30  INFO 12604 --- [bmp-auth-service] [           main] o.a.kafka.common.utils.AppInfoParser     : Kafka version: 3.8.1
2026-08-24T22:32:49.935+05:30  INFO 12604 --- [bmp-auth-service] [           main] o.a.kafka.common.utils.AppInfoParser     : Kafka commitId: 70d6ff42debf7e17
2026-08-24T22:32:49.935+05:30  INFO 12604 --- [bmp-auth-service] [           main] o.a.kafka.common.utils.AppInfoParser     : Kafka startTimeMs: 1787590969935
2026-08-24T22:32:49.939+05:30  INFO 12604 --- [bmp-auth-service] [           main] o.a.k.c.c.internals.LegacyKafkaConsumer  : [Consumer clientId=consumer-anonymous.fc13270a-2cfc-458a-8278-f5fe02ad3c48-2, groupId=anonymous.fc13270a-2cfc-458a-8278-f5fe02ad3c48] Subscribed to topic(s): springCloudBus
2026-08-24T22:32:49.948+05:30  INFO 12604 --- [bmp-auth-service] [           main] s.i.k.i.KafkaMessageDrivenChannelAdapter : started org.springframework.integration.kafka.inbound.KafkaMessageDrivenChannelAdapter@1cce63a4
2026-08-24T22:32:49.965+05:30  INFO 12604 --- [bmp-auth-service] [container-0-C-1] org.apache.kafka.clients.Metadata        : [Consumer clientId=consumer-anonymous.fc13270a-2cfc-458a-8278-f5fe02ad3c48-2, groupId=anonymous.fc13270a-2cfc-458a-8278-f5fe02ad3c48] Cluster ID: 5L6g3nShT-eMCtK--X86sw
2026-08-24T22:32:49.966+05:30  INFO 12604 --- [bmp-auth-service] [container-0-C-1] o.a.k.c.c.internals.ConsumerCoordinator  : [Consumer clientId=consumer-anonymous.fc13270a-2cfc-458a-8278-f5fe02ad3c48-2, groupId=anonymous.fc13270a-2cfc-458a-8278-f5fe02ad3c48] Discovered group coordinator localhost:9092 (id: 2147483646 rack: null)
2026-08-24T22:32:49.968+05:30  INFO 12604 --- [bmp-auth-service] [container-0-C-1] o.a.k.c.c.internals.ConsumerCoordinator  : [Consumer clientId=consumer-anonymous.fc13270a-2cfc-458a-8278-f5fe02ad3c48-2, groupId=anonymous.fc13270a-2cfc-458a-8278-f5fe02ad3c48] (Re-)joining group
2026-08-24T22:32:49.991+05:30  INFO 12604 --- [bmp-auth-service] [container-0-C-1] o.a.k.c.c.internals.ConsumerCoordinator  : [Consumer clientId=consumer-anonymous.fc13270a-2cfc-458a-8278-f5fe02ad3c48-2, groupId=anonymous.fc13270a-2cfc-458a-8278-f5fe02ad3c48] Request joining group due to: need to re-join with the given member-id: consumer-anonymous.fc13270a-2cfc-458a-8278-f5fe02ad3c48-2-b25307c1-617d-43de-8f9f-9e5861713860
2026-08-24T22:32:49.992+05:30  INFO 12604 --- [bmp-auth-service] [container-0-C-1] o.a.k.c.c.internals.ConsumerCoordinator  : [Consumer clientId=consumer-anonymous.fc13270a-2cfc-458a-8278-f5fe02ad3c48-2, groupId=anonymous.fc13270a-2cfc-458a-8278-f5fe02ad3c48] (Re-)joining group
2026-08-24T22:32:49.992+05:30  INFO 12604 --- [bmp-auth-service] [           main] o.s.c.openfeign.FeignClientFactoryBean   : For 'bmp-salon-service' URL not provided. Will try picking an instance via load-balancing.
2026-08-24T22:32:50.082+05:30  INFO 12604 --- [bmp-auth-service] [           main] com.bmp.auth.BmpAuthApplication          : Started BmpAuthApplication in 24.657 seconds (process running for 26.066)
2026-08-24T22:32:50.964+05:30  INFO 12604 --- [bmp-auth-service] [pool-2-thread-1] o.a.k.clients.consumer.ConsumerConfig    : ConsumerConfig values: 
	allow.auto.create.topics = true
	auto.commit.interval.ms = 5000
	auto.include.jmx.reporter = true
	auto.offset.reset = latest
	bootstrap.servers = [localhost:9092]
	check.crcs = true
	client.dns.lookup = use_all_dns_ips
	client.id = consumer-anonymous.fc13270a-2cfc-458a-8278-f5fe02ad3c48-3
	client.rack = 
	connections.max.idle.ms = 540000
	default.api.timeout.ms = 60000
	enable.auto.commit = true
	enable.metrics.push = true
	exclude.internal.topics = true
	fetch.max.bytes = 52428800
	fetch.max.wait.ms = 500
	fetch.min.bytes = 1
	group.id = anonymous.fc13270a-2cfc-458a-8278-f5fe02ad3c48
	group.instance.id = null
	group.protocol = classic
	group.remote.assignor = null
	heartbeat.interval.ms = 3000
	interceptor.classes = []
	internal.leave.group.on.close = true
	internal.throw.on.fetch.stable.offset.unsupported = false
	isolation.level = read_uncommitted
	key.deserializer = class org.apache.kafka.common.serialization.ByteArrayDeserializer
	max.partition.fetch.bytes = 1048576
	max.poll.interval.ms = 300000
	max.poll.records = 500
	metadata.max.age.ms = 300000
	metadata.recovery.strategy = none
	metric.reporters = []
	metrics.num.samples = 2
	metrics.recording.level = INFO
	metrics.sample.window.ms = 30000
	partition.assignment.strategy = [class org.apache.kafka.clients.consumer.RangeAssignor, class org.apache.kafka.clients.consumer.CooperativeStickyAssignor]
	receive.buffer.bytes = 65536
	reconnect.backoff.max.ms = 1000
	reconnect.backoff.ms = 50
	request.timeout.ms = 30000
	retry.backoff.max.ms = 1000
	retry.backoff.ms = 100
	sasl.client.callback.handler.class = null
	sasl.jaas.config = null
	sasl.kerberos.kinit.cmd = /usr/bin/kinit
	sasl.kerberos.min.time.before.relogin = 60000
	sasl.kerberos.service.name = null
	sasl.kerberos.ticket.renew.jitter = 0.05
	sasl.kerberos.ticket.renew.window.factor = 0.8
	sasl.login.callback.handler.class = null
	sasl.login.class = null
	sasl.login.connect.timeout.ms = null
	sasl.login.read.timeout.ms = null
	sasl.login.refresh.buffer.seconds = 300
	sasl.login.refresh.min.period.seconds = 60
	sasl.login.refresh.window.factor = 0.8
	sasl.login.refresh.window.jitter = 0.05
	sasl.login.retry.backoff.max.ms = 10000
	sasl.login.retry.backoff.ms = 100
	sasl.mechanism = GSSAPI
	sasl.oauthbearer.clock.skew.seconds = 30
	sasl.oauthbearer.expected.audience = null
	sasl.oauthbearer.expected.issuer = null
	sasl.oauthbearer.jwks.endpoint.refresh.ms = 3600000
	sasl.oauthbearer.jwks.endpoint.retry.backoff.max.ms = 10000
	sasl.oauthbearer.jwks.endpoint.retry.backoff.ms = 100
	sasl.oauthbearer.jwks.endpoint.url = null
	sasl.oauthbearer.scope.claim.name = scope
	sasl.oauthbearer.sub.claim.name = sub
	sasl.oauthbearer.token.endpoint.url = null
	security.protocol = PLAINTEXT
	security.providers = null
	send.buffer.bytes = 131072
	session.timeout.ms = 45000
	socket.connection.setup.timeout.max.ms = 30000
	socket.connection.setup.timeout.ms = 10000
	ssl.cipher.suites = null
	ssl.enabled.protocols = [TLSv1.2, TLSv1.3]
	ssl.endpoint.identification.algorithm = https
	ssl.engine.factory.class = null
	ssl.key.password = null
	ssl.keymanager.algorithm = SunX509
	ssl.keystore.certificate.chain = null
	ssl.keystore.key = null
	ssl.keystore.location = null
	ssl.keystore.password = null
	ssl.keystore.type = JKS
	ssl.protocol = TLSv1.3
	ssl.provider = null
	ssl.secure.random.implementation = null
	ssl.trustmanager.algorithm = PKIX
	ssl.truststore.certificates = null
	ssl.truststore.location = null
	ssl.truststore.password = null
	ssl.truststore.type = JKS
	value.deserializer = class org.apache.kafka.common.serialization.ByteArrayDeserializer

2026-08-24T22:32:50.964+05:30  INFO 12604 --- [bmp-auth-service] [pool-2-thread-1] o.a.k.c.t.i.KafkaMetricsCollector        : initializing Kafka metrics collector
2026-08-24T22:32:50.974+05:30  INFO 12604 --- [bmp-auth-service] [pool-2-thread-1] o.a.kafka.common.utils.AppInfoParser     : Kafka version: 3.8.1
2026-08-24T22:32:50.974+05:30  INFO 12604 --- [bmp-auth-service] [pool-2-thread-1] o.a.kafka.common.utils.AppInfoParser     : Kafka commitId: 70d6ff42debf7e17
2026-08-24T22:32:50.974+05:30  INFO 12604 --- [bmp-auth-service] [pool-2-thread-1] o.a.kafka.common.utils.AppInfoParser     : Kafka startTimeMs: 1787590970974
2026-08-24T22:32:50.982+05:30  INFO 12604 --- [bmp-auth-service] [pool-2-thread-1] org.apache.kafka.clients.Metadata        : [Consumer clientId=consumer-anonymous.fc13270a-2cfc-458a-8278-f5fe02ad3c48-3, groupId=anonymous.fc13270a-2cfc-458a-8278-f5fe02ad3c48] Cluster ID: 5L6g3nShT-eMCtK--X86sw
2026-08-24T22:32:51.007+05:30  INFO 12604 --- [bmp-auth-service] [pool-2-thread-1] o.a.k.c.c.internals.ConsumerCoordinator  : [Consumer clientId=consumer-anonymous.fc13270a-2cfc-458a-8278-f5fe02ad3c48-3, groupId=anonymous.fc13270a-2cfc-458a-8278-f5fe02ad3c48] Discovered group coordinator localhost:9092 (id: 2147483646 rack: null)
2026-08-24T22:32:51.019+05:30  INFO 12604 --- [bmp-auth-service] [pool-2-thread-1] o.a.k.c.c.internals.ConsumerCoordinator  : [Consumer clientId=consumer-anonymous.fc13270a-2cfc-458a-8278-f5fe02ad3c48-3, groupId=anonymous.fc13270a-2cfc-458a-8278-f5fe02ad3c48] Found no committed offset for partition springCloudBus-0
2026-08-24T22:32:52.982+05:30  INFO 12604 --- [bmp-auth-service] [container-0-C-1] o.a.k.c.c.internals.ConsumerCoordinator  : [Consumer clientId=consumer-anonymous.fc13270a-2cfc-458a-8278-f5fe02ad3c48-2, groupId=anonymous.fc13270a-2cfc-458a-8278-f5fe02ad3c48] Successfully joined group with generation Generation{generationId=1, memberId='consumer-anonymous.fc13270a-2cfc-458a-8278-f5fe02ad3c48-2-b25307c1-617d-43de-8f9f-9e5861713860', protocol='range'}
2026-08-24T22:32:52.989+05:30  INFO 12604 --- [bmp-auth-service] [container-0-C-1] o.a.k.c.c.internals.ConsumerCoordinator  : [Consumer clientId=consumer-anonymous.fc13270a-2cfc-458a-8278-f5fe02ad3c48-2, groupId=anonymous.fc13270a-2cfc-458a-8278-f5fe02ad3c48] Finished assignment for group at generation 1: {consumer-anonymous.fc13270a-2cfc-458a-8278-f5fe02ad3c48-2-b25307c1-617d-43de-8f9f-9e5861713860=Assignment(partitions=[springCloudBus-0])}
2026-08-24T22:32:53.014+05:30  INFO 12604 --- [bmp-auth-service] [container-0-C-1] o.a.k.c.c.internals.ConsumerCoordinator  : [Consumer clientId=consumer-anonymous.fc13270a-2cfc-458a-8278-f5fe02ad3c48-2, groupId=anonymous.fc13270a-2cfc-458a-8278-f5fe02ad3c48] Successfully synced group in generation Generation{generationId=1, memberId='consumer-anonymous.fc13270a-2cfc-458a-8278-f5fe02ad3c48-2-b25307c1-617d-43de-8f9f-9e5861713860', protocol='range'}
2026-08-24T22:32:53.014+05:30  INFO 12604 --- [bmp-auth-service] [container-0-C-1] o.a.k.c.c.internals.ConsumerCoordinator  : [Consumer clientId=consumer-anonymous.fc13270a-2cfc-458a-8278-f5fe02ad3c48-2, groupId=anonymous.fc13270a-2cfc-458a-8278-f5fe02ad3c48] Notifying assignor about the new Assignment(partitions=[springCloudBus-0])
2026-08-24T22:32:53.016+05:30  INFO 12604 --- [bmp-auth-service] [container-0-C-1] k.c.c.i.ConsumerRebalanceListenerInvoker : [Consumer clientId=consumer-anonymous.fc13270a-2cfc-458a-8278-f5fe02ad3c48-2, groupId=anonymous.fc13270a-2cfc-458a-8278-f5fe02ad3c48] Adding newly assigned partitions: springCloudBus-0
2026-08-24T22:32:53.019+05:30  INFO 12604 --- [bmp-auth-service] [container-0-C-1] o.a.k.c.c.internals.ConsumerCoordinator  : [Consumer clientId=consumer-anonymous.fc13270a-2cfc-458a-8278-f5fe02ad3c48-2, groupId=anonymous.fc13270a-2cfc-458a-8278-f5fe02ad3c48] Found no committed offset for partition springCloudBus-0
2026-08-24T22:32:53.023+05:30  INFO 12604 --- [bmp-auth-service] [container-0-C-1] o.a.k.c.c.internals.ConsumerCoordinator  : [Consumer clientId=consumer-anonymous.fc13270a-2cfc-458a-8278-f5fe02ad3c48-2, groupId=anonymous.fc13270a-2cfc-458a-8278-f5fe02ad3c48] Found no committed offset for partition springCloudBus-0
2026-08-24T22:32:53.031+05:30  INFO 12604 --- [bmp-auth-service] [container-0-C-1] o.a.k.c.c.internals.SubscriptionState    : [Consumer clientId=consumer-anonymous.fc13270a-2cfc-458a-8278-f5fe02ad3c48-2, groupId=anonymous.fc13270a-2cfc-458a-8278-f5fe02ad3c48] Resetting offset for partition springCloudBus-0 to position FetchPosition{offset=0, offsetEpoch=Optional.empty, currentLeader=LeaderAndEpoch{leader=Optional[localhost:9092 (id: 1 rack: null)], epoch=0}}.
2026-08-24T22:32:53.037+05:30  INFO 12604 --- [bmp-auth-service] [container-0-C-1] o.s.c.s.b.k.KafkaMessageChannelBinder$2  : anonymous.fc13270a-2cfc-458a-8278-f5fe02ad3c48: partitions assigned: [springCloudBus-0]
2026-08-24T22:33:29.310+05:30  INFO 12604 --- [bmp-auth-service] [nio-8081-exec-2] o.a.c.c.C.[Tomcat].[localhost].[/]       : Initializing Spring DispatcherServlet 'dispatcherServlet'
2026-08-24T22:33:29.311+05:30  INFO 12604 --- [bmp-auth-service] [nio-8081-exec-2] o.s.web.servlet.DispatcherServlet        : Initializing Servlet 'dispatcherServlet'
2026-08-24T22:33:29.314+05:30  INFO 12604 --- [bmp-auth-service] [nio-8081-exec-2] o.s.web.servlet.DispatcherServlet        : Completed initialization in 2 ms
2026-08-24T22:33:29.380+05:30  INFO 12604 --- [bmp-auth-service] [binder-health-1] o.a.k.clients.consumer.ConsumerConfig    : ConsumerConfig values: 
	allow.auto.create.topics = true
	auto.commit.interval.ms = 5000
	auto.include.jmx.reporter = true
	auto.offset.reset = latest
	bootstrap.servers = [localhost:9092]
	check.crcs = true
	client.dns.lookup = use_all_dns_ips
	client.id = consumer-null-4
	client.rack = 
	connections.max.idle.ms = 540000
	default.api.timeout.ms = 60000
	enable.auto.commit = false
	enable.metrics.push = true
	exclude.internal.topics = true
	fetch.max.bytes = 52428800
	fetch.max.wait.ms = 500
	fetch.min.bytes = 1
	group.id = null
	group.instance.id = null
	group.protocol = classic
	group.remote.assignor = null
	heartbeat.interval.ms = 3000
	interceptor.classes = []
	internal.leave.group.on.close = true
	internal.throw.on.fetch.stable.offset.unsupported = false
	isolation.level = read_uncommitted
	key.deserializer = class org.apache.kafka.common.serialization.ByteArrayDeserializer
	max.partition.fetch.bytes = 1048576
	max.poll.interval.ms = 300000
	max.poll.records = 500
	metadata.max.age.ms = 300000
	metadata.recovery.strategy = none
	metric.reporters = []
	metrics.num.samples = 2
	metrics.recording.level = INFO
	metrics.sample.window.ms = 30000
	partition.assignment.strategy = [class org.apache.kafka.clients.consumer.RangeAssignor, class org.apache.kafka.clients.consumer.CooperativeStickyAssignor]
	receive.buffer.bytes = 65536
	reconnect.backoff.max.ms = 1000
	reconnect.backoff.ms = 50
	request.timeout.ms = 30000
	retry.backoff.max.ms = 1000
	retry.backoff.ms = 100
	sasl.client.callback.handler.class = null
	sasl.jaas.config = null
	sasl.kerberos.kinit.cmd = /usr/bin/kinit
	sasl.kerberos.min.time.before.relogin = 60000
	sasl.kerberos.service.name = null
	sasl.kerberos.ticket.renew.jitter = 0.05
	sasl.kerberos.ticket.renew.window.factor = 0.8
	sasl.login.callback.handler.class = null
	sasl.login.class = null
	sasl.login.connect.timeout.ms = null
	sasl.login.read.timeout.ms = null
	sasl.login.refresh.buffer.seconds = 300
	sasl.login.refresh.min.period.seconds = 60
	sasl.login.refresh.window.factor = 0.8
	sasl.login.refresh.window.jitter = 0.05
	sasl.login.retry.backoff.max.ms = 10000
	sasl.login.retry.backoff.ms = 100
	sasl.mechanism = GSSAPI
	sasl.oauthbearer.clock.skew.seconds = 30
	sasl.oauthbearer.expected.audience = null
	sasl.oauthbearer.expected.issuer = null
	sasl.oauthbearer.jwks.endpoint.refresh.ms = 3600000
	sasl.oauthbearer.jwks.endpoint.retry.backoff.max.ms = 10000
	sasl.oauthbearer.jwks.endpoint.retry.backoff.ms = 100
	sasl.oauthbearer.jwks.endpoint.url = null
	sasl.oauthbearer.scope.claim.name = scope
	sasl.oauthbearer.sub.claim.name = sub
	sasl.oauthbearer.token.endpoint.url = null
	security.protocol = PLAINTEXT
	security.providers = null
	send.buffer.bytes = 131072
	session.timeout.ms = 45000
	socket.connection.setup.timeout.max.ms = 30000
	socket.connection.setup.timeout.ms = 10000
	ssl.cipher.suites = null
	ssl.enabled.protocols = [TLSv1.2, TLSv1.3]
	ssl.endpoint.identification.algorithm = https
	ssl.engine.factory.class = null
	ssl.key.password = null
	ssl.keymanager.algorithm = SunX509
	ssl.keystore.certificate.chain = null
	ssl.keystore.key = null
	ssl.keystore.location = null
	ssl.keystore.password = null
	ssl.keystore.type = JKS
	ssl.protocol = TLSv1.3
	ssl.provider = null
	ssl.secure.random.implementation = null
	ssl.trustmanager.algorithm = PKIX
	ssl.truststore.certificates = null
	ssl.truststore.location = null
	ssl.truststore.password = null
	ssl.truststore.type = JKS
	value.deserializer = class org.apache.kafka.common.serialization.ByteArrayDeserializer

2026-08-24T22:33:29.381+05:30  INFO 12604 --- [bmp-auth-service] [binder-health-1] o.a.k.c.t.i.KafkaMetricsCollector        : initializing Kafka metrics collector
2026-08-24T22:33:29.388+05:30  INFO 12604 --- [bmp-auth-service] [binder-health-1] o.a.kafka.common.utils.AppInfoParser     : Kafka version: 3.8.1
2026-08-24T22:33:29.388+05:30  INFO 12604 --- [bmp-auth-service] [binder-health-1] o.a.kafka.common.utils.AppInfoParser     : Kafka commitId: 70d6ff42debf7e17
2026-08-24T22:33:29.388+05:30  INFO 12604 --- [bmp-auth-service] [binder-health-1] o.a.kafka.common.utils.AppInfoParser     : Kafka startTimeMs: 1787591009388
2026-08-24T22:33:29.394+05:30  INFO 12604 --- [bmp-auth-service] [binder-health-1] org.apache.kafka.clients.Metadata        : [Consumer clientId=consumer-null-4, groupId=null] Cluster ID: 5L6g3nShT-eMCtK--X86sw
2026-08-24T22:34:09.474+05:30  INFO 12604 --- [bmp-auth-service] [nio-8081-exec-5] com.bmp.auth.services.AuthService        : OTP issued for phone=+91********03 (existingUser=false), expires in 5m
2026-08-24T22:34:11.452+05:30  INFO 12604 --- [bmp-auth-service] [   scheduling-1] o.a.k.clients.producer.ProducerConfig    : ProducerConfig values: 
	acks = -1
	auto.include.jmx.reporter = true
	batch.size = 16384
	bootstrap.servers = [localhost:9092]
	buffer.memory = 33554432
	client.dns.lookup = use_all_dns_ips
	client.id = bmp-auth-service-producer-1
	compression.gzip.level = -1
	compression.lz4.level = 9
	compression.type = none
	compression.zstd.level = 3
	connections.max.idle.ms = 540000
	delivery.timeout.ms = 120000
	enable.idempotence = true
	enable.metrics.push = true
	interceptor.classes = []
	key.serializer = class org.apache.kafka.common.serialization.StringSerializer
	linger.ms = 0
	max.block.ms = 60000
	max.in.flight.requests.per.connection = 5
	max.request.size = 1048576
	metadata.max.age.ms = 300000
	metadata.max.idle.ms = 300000
	metadata.recovery.strategy = none
	metric.reporters = []
	metrics.num.samples = 2
	metrics.recording.level = INFO
	metrics.sample.window.ms = 30000
	partitioner.adaptive.partitioning.enable = true
	partitioner.availability.timeout.ms = 0
	partitioner.class = null
	partitioner.ignore.keys = false
	receive.buffer.bytes = 32768
	reconnect.backoff.max.ms = 1000
	reconnect.backoff.ms = 50
	request.timeout.ms = 30000
	retries = 2147483647
	retry.backoff.max.ms = 1000
	retry.backoff.ms = 100
	sasl.client.callback.handler.class = null
	sasl.jaas.config = null
	sasl.kerberos.kinit.cmd = /usr/bin/kinit
	sasl.kerberos.min.time.before.relogin = 60000
	sasl.kerberos.service.name = null
	sasl.kerberos.ticket.renew.jitter = 0.05
	sasl.kerberos.ticket.renew.window.factor = 0.8
	sasl.login.callback.handler.class = null
	sasl.login.class = null
	sasl.login.connect.timeout.ms = null
	sasl.login.read.timeout.ms = null
	sasl.login.refresh.buffer.seconds = 300
	sasl.login.refresh.min.period.seconds = 60
	sasl.login.refresh.window.factor = 0.8
	sasl.login.refresh.window.jitter = 0.05
	sasl.login.retry.backoff.max.ms = 10000
	sasl.login.retry.backoff.ms = 100
	sasl.mechanism = GSSAPI
	sasl.oauthbearer.clock.skew.seconds = 30
	sasl.oauthbearer.expected.audience = null
	sasl.oauthbearer.expected.issuer = null
	sasl.oauthbearer.jwks.endpoint.refresh.ms = 3600000
	sasl.oauthbearer.jwks.endpoint.retry.backoff.max.ms = 10000
	sasl.oauthbearer.jwks.endpoint.retry.backoff.ms = 100
	sasl.oauthbearer.jwks.endpoint.url = null
	sasl.oauthbearer.scope.claim.name = scope
	sasl.oauthbearer.sub.claim.name = sub
	sasl.oauthbearer.token.endpoint.url = null
	security.protocol = PLAINTEXT
	security.providers = null
	send.buffer.bytes = 131072
	socket.connection.setup.timeout.max.ms = 30000
	socket.connection.setup.timeout.ms = 10000
	ssl.cipher.suites = null
	ssl.enabled.protocols = [TLSv1.2, TLSv1.3]
	ssl.endpoint.identification.algorithm = https
	ssl.engine.factory.class = null
	ssl.key.password = null
	ssl.keymanager.algorithm = SunX509
	ssl.keystore.certificate.chain = null
	ssl.keystore.key = null
	ssl.keystore.location = null
	ssl.keystore.password = null
	ssl.keystore.type = JKS
	ssl.protocol = TLSv1.3
	ssl.provider = null
	ssl.secure.random.implementation = null
	ssl.trustmanager.algorithm = PKIX
	ssl.truststore.certificates = null
	ssl.truststore.location = null
	ssl.truststore.password = null
	ssl.truststore.type = JKS
	transaction.timeout.ms = 60000
	transactional.id = null
	value.serializer = class org.apache.kafka.common.serialization.StringSerializer

2026-08-24T22:34:11.458+05:30  INFO 12604 --- [bmp-auth-service] [   scheduling-1] o.a.k.c.t.i.KafkaMetricsCollector        : initializing Kafka metrics collector
2026-08-24T22:34:11.508+05:30  INFO 12604 --- [bmp-auth-service] [   scheduling-1] o.a.k.clients.producer.KafkaProducer     : [Producer clientId=bmp-auth-service-producer-1] Instantiated an idempotent producer.
2026-08-24T22:34:11.551+05:30  INFO 12604 --- [bmp-auth-service] [   scheduling-1] o.a.kafka.common.utils.AppInfoParser     : Kafka version: 3.8.1
2026-08-24T22:34:11.552+05:30  INFO 12604 --- [bmp-auth-service] [   scheduling-1] o.a.kafka.common.utils.AppInfoParser     : Kafka commitId: 70d6ff42debf7e17
2026-08-24T22:34:11.552+05:30  INFO 12604 --- [bmp-auth-service] [   scheduling-1] o.a.kafka.common.utils.AppInfoParser     : Kafka startTimeMs: 1787591051551
2026-08-24T22:34:11.576+05:30  INFO 12604 --- [bmp-auth-service] [vice-producer-1] org.apache.kafka.clients.Metadata        : [Producer clientId=bmp-auth-service-producer-1] Cluster ID: 5L6g3nShT-eMCtK--X86sw
2026-08-24T22:34:11.860+05:30  INFO 12604 --- [bmp-auth-service] [vice-producer-1] o.a.k.c.p.internals.TransactionManager   : [Producer clientId=bmp-auth-service-producer-1] ProducerId set to 2000 with epoch 0
2026-08-24T22:34:12.538+05:30  WARN 12604 --- [bmp-auth-service] [nio-8081-exec-6] com.bmp.auth.services.AuthService        : DEV MASTER OTP used for phone=+91********03 — must never appear in a real environment
2026-08-24T22:34:16.086+05:30  WARN 12604 --- [bmp-auth-service] [io-8081-exec-10] com.bmp.auth.services.AuthService        : DEV MASTER OTP used for phone=+91********03 — must never appear in a real environment
2026-08-24T22:34:47.986+05:30  WARN 12604 --- [bmp-auth-service] [nio-8081-exec-3] com.bmp.auth.services.AuthService        : DEV MASTER OTP used for phone=+91********03 — must never appear in a real environment
2026-08-24T22:37:15.261+05:30  WARN 12604 --- [bmp-auth-service] [nio-8081-exec-3] com.bmp.auth.services.AuthService        : DEV MASTER OTP used for phone=+91********03 — must never appear in a real environment
2026-08-24T22:37:48.570+05:30  INFO 12604 --- [bmp-auth-service] [rap-executor-%d] c.n.d.s.r.aws.ConfigClusterResolver      : Resolving eureka endpoints via configuration
2026-08-24T22:41:50.109+05:30  INFO 12604 --- [bmp-auth-service] [container-0-C-1] org.apache.kafka.clients.NetworkClient   : [Consumer clientId=consumer-anonymous.fc13270a-2cfc-458a-8278-f5fe02ad3c48-2, groupId=anonymous.fc13270a-2cfc-458a-8278-f5fe02ad3c48] Node -1 disconnected.
2026-08-24T22:41:51.224+05:30  INFO 12604 --- [bmp-auth-service] [pool-2-thread-1] org.apache.kafka.clients.NetworkClient   : [Consumer clientId=consumer-anonymous.fc13270a-2cfc-458a-8278-f5fe02ad3c48-3, groupId=anonymous.fc13270a-2cfc-458a-8278-f5fe02ad3c48] Node -1 disconnected.
2026-08-24T22:42:48.475+05:30  INFO 12604 --- [bmp-auth-service] [binder-health-1] org.apache.kafka.clients.NetworkClient   : [Consumer clientId=consumer-null-4, groupId=null] Node -1 disconnected.
2026-08-24T22:42:48.575+05:30  INFO 12604 --- [bmp-auth-service] [rap-executor-%d] c.n.d.s.r.aws.ConfigClusterResolver      : Resolving eureka endpoints via configuration
2026-08-24T22:43:41.668+05:30  INFO 12604 --- [bmp-auth-service] [vice-producer-1] org.apache.kafka.clients.NetworkClient   : [Producer clientId=bmp-auth-service-producer-1] Node -1 disconnected.
2026-08-24T22:47:48.741+05:30  INFO 12604 --- [bmp-auth-service] [rap-executor-%d] c.n.d.s.r.aws.ConfigClusterResolver      : Resolving eureka endpoints via configuration
2026-08-24T22:51:50.039+05:30  INFO 12604 --- [bmp-auth-service] [container-0-C-1] org.apache.kafka.clients.NetworkClient   : [Consumer clientId=consumer-anonymous.fc13270a-2cfc-458a-8278-f5fe02ad3c48-2, groupId=anonymous.fc13270a-2cfc-458a-8278-f5fe02ad3c48] Node -1 disconnected.
2026-08-24T22:51:51.397+05:30  INFO 12604 --- [bmp-auth-service] [pool-2-thread-1] org.apache.kafka.clients.NetworkClient   : [Consumer clientId=consumer-anonymous.fc13270a-2cfc-458a-8278-f5fe02ad3c48-3, groupId=anonymous.fc13270a-2cfc-458a-8278-f5fe02ad3c48] Node -1 disconnected.
2026-08-24T22:52:48.760+05:30  INFO 12604 --- [bmp-auth-service] [rap-executor-%d] c.n.d.s.r.aws.ConfigClusterResolver      : Resolving eureka endpoints via configuration
2026-08-24T22:53:11.673+05:30  INFO 12604 --- [bmp-auth-service] [vice-producer-1] org.apache.kafka.clients.NetworkClient   : [Producer clientId=bmp-auth-service-producer-1] Node -1 disconnected.
2026-08-24T22:53:28.465+05:30  INFO 12604 --- [bmp-auth-service] [binder-health-1] org.apache.kafka.clients.NetworkClient   : [Consumer clientId=consumer-null-4, groupId=null] Node -1 disconnected.
2026-08-24T22:57:48.779+05:30  INFO 12604 --- [bmp-auth-service] [rap-executor-%d] c.n.d.s.r.aws.ConfigClusterResolver      : Resolving eureka endpoints via configuration
2026-08-24T23:02:48.805+05:30  INFO 12604 --- [bmp-auth-service] [rap-executor-%d] c.n.d.s.r.aws.ConfigClusterResolver      : Resolving eureka endpoints via configuration
2026-08-24T23:07:48.819+05:30  INFO 12604 --- [bmp-auth-service] [rap-executor-%d] c.n.d.s.r.aws.ConfigClusterResolver      : Resolving eureka endpoints via configuration
2026-08-24T23:12:48.832+05:30  INFO 12604 --- [bmp-auth-service] [rap-executor-%d] c.n.d.s.r.aws.ConfigClusterResolver      : Resolving eureka endpoints via configuration
2026-08-24T23:17:48.872+05:30  INFO 12604 --- [bmp-auth-service] [rap-executor-%d] c.n.d.s.r.aws.ConfigClusterResolver      : Resolving eureka endpoints via configuration
2026-08-24T23:22:48.889+05:30  INFO 12604 --- [bmp-auth-service] [rap-executor-%d] c.n.d.s.r.aws.ConfigClusterResolver      : Resolving eureka endpoints via configuration
2026-08-24T23:36:04.152+05:30  INFO 12604 --- [bmp-auth-service] [78-f5fe02ad3c48] org.apache.kafka.clients.NetworkClient   : [Consumer clientId=consumer-anonymous.fc13270a-2cfc-458a-8278-f5fe02ad3c48-2, groupId=anonymous.fc13270a-2cfc-458a-8278-f5fe02ad3c48] Node 1 disconnected.
2026-08-24T23:36:04.281+05:30  INFO 12604 --- [bmp-auth-service] [78-f5fe02ad3c48] org.apache.kafka.clients.NetworkClient   : [Consumer clientId=consumer-anonymous.fc13270a-2cfc-458a-8278-f5fe02ad3c48-2, groupId=anonymous.fc13270a-2cfc-458a-8278-f5fe02ad3c48] Cancelled in-flight FETCH request with correlation id 6958 due to node 1 being disconnected (elapsed time since creation: 790598ms, elapsed time since send: 790598ms, throttle time: 0ms, request timeout: 30000ms)
2026-08-24T23:36:04.282+05:30  INFO 12604 --- [bmp-auth-service] [78-f5fe02ad3c48] org.apache.kafka.clients.NetworkClient   : [Consumer clientId=consumer-anonymous.fc13270a-2cfc-458a-8278-f5fe02ad3c48-2, groupId=anonymous.fc13270a-2cfc-458a-8278-f5fe02ad3c48] Cancelled in-flight METADATA request with correlation id 6960 due to node 1 being disconnected (elapsed time since creation: 1588ms, elapsed time since send: 1588ms, throttle time: 0ms, request timeout: 30000ms)
2026-08-24T23:36:04.653+05:30  INFO 12604 --- [bmp-auth-service] [78-f5fe02ad3c48] org.apache.kafka.clients.NetworkClient   : [Consumer clientId=consumer-anonymous.fc13270a-2cfc-458a-8278-f5fe02ad3c48-2, groupId=anonymous.fc13270a-2cfc-458a-8278-f5fe02ad3c48] Disconnecting from node 2147483646 due to request timeout.
2026-08-24T23:36:04.667+05:30  INFO 12604 --- [bmp-auth-service] [78-f5fe02ad3c48] org.apache.kafka.clients.NetworkClient   : [Consumer clientId=consumer-anonymous.fc13270a-2cfc-458a-8278-f5fe02ad3c48-2, groupId=anonymous.fc13270a-2cfc-458a-8278-f5fe02ad3c48] Cancelled in-flight HEARTBEAT request with correlation id 6959 due to node 2147483646 being disconnected (elapsed time since creation: 788161ms, elapsed time since send: 788161ms, throttle time: 0ms, request timeout: 30000ms)
2026-08-24T23:36:04.714+05:30  INFO 12604 --- [bmp-auth-service] [78-f5fe02ad3c48] o.a.kafka.clients.FetchSessionHandler    : [Consumer clientId=consumer-anonymous.fc13270a-2cfc-458a-8278-f5fe02ad3c48-2, groupId=anonymous.fc13270a-2cfc-458a-8278-f5fe02ad3c48] Error sending fetch request (sessionId=1834482128, epoch=5927) to node 1:

org.apache.kafka.common.errors.DisconnectException: null

2026-08-24T23:36:08.505+05:30  INFO 12604 --- [bmp-auth-service] [78-f5fe02ad3c48] o.a.k.c.c.internals.ConsumerCoordinator  : [Consumer clientId=consumer-anonymous.fc13270a-2cfc-458a-8278-f5fe02ad3c48-2, groupId=anonymous.fc13270a-2cfc-458a-8278-f5fe02ad3c48] Group coordinator localhost:9092 (id: 2147483646 rack: null) is unavailable or invalid due to cause: null. isDisconnected: true. Rediscovery will be attempted.
2026-08-24T23:36:10.644+05:30  INFO 12604 --- [bmp-auth-service] [container-0-C-1] o.a.k.c.c.internals.ConsumerCoordinator  : [Consumer clientId=consumer-anonymous.fc13270a-2cfc-458a-8278-f5fe02ad3c48-2, groupId=anonymous.fc13270a-2cfc-458a-8278-f5fe02ad3c48] Discovered group coordinator localhost:9092 (id: 2147483646 rack: null)
2026-08-24T23:36:18.059+05:30  INFO 12604 --- [bmp-auth-service] [vice-producer-1] org.apache.kafka.clients.NetworkClient   : [Producer clientId=bmp-auth-service-producer-1] Node 1 disconnected.
2026-08-24T23:36:18.188+05:30  WARN 12604 --- [bmp-auth-service] [l-1 housekeeper] com.zaxxer.hikari.pool.HikariPool        : HikariPool-1 - Thread starvation or clock leap detected (housekeeper delta=13m36s494ms79µs400ns).
2026-08-24T23:36:58.368+05:30  INFO 12604 --- [bmp-auth-service] [pool-2-thread-1] org.apache.kafka.clients.NetworkClient   : [Consumer clientId=consumer-anonymous.fc13270a-2cfc-458a-8278-f5fe02ad3c48-3, groupId=anonymous.fc13270a-2cfc-458a-8278-f5fe02ad3c48] Node 2147483646 disconnected.
2026-08-24T23:36:58.371+05:30  INFO 12604 --- [bmp-auth-service] [pool-2-thread-1] o.a.k.c.c.internals.ConsumerCoordinator  : [Consumer clientId=consumer-anonymous.fc13270a-2cfc-458a-8278-f5fe02ad3c48-3, groupId=anonymous.fc13270a-2cfc-458a-8278-f5fe02ad3c48] Group coordinator localhost:9092 (id: 2147483646 rack: null) is unavailable or invalid due to cause: coordinator unavailable. isDisconnected: true. Rediscovery will be attempted.
2026-08-24T23:36:58.373+05:30  INFO 12604 --- [bmp-auth-service] [pool-2-thread-1] o.a.k.c.c.internals.ConsumerCoordinator  : [Consumer clientId=consumer-anonymous.fc13270a-2cfc-458a-8278-f5fe02ad3c48-3, groupId=anonymous.fc13270a-2cfc-458a-8278-f5fe02ad3c48] Discovered group coordinator localhost:9092 (id: 2147483646 rack: null)
2026-08-24T23:36:58.373+05:30  INFO 12604 --- [bmp-auth-service] [pool-2-thread-1] o.a.k.c.c.internals.ConsumerCoordinator  : [Consumer clientId=consumer-anonymous.fc13270a-2cfc-458a-8278-f5fe02ad3c48-3, groupId=anonymous.fc13270a-2cfc-458a-8278-f5fe02ad3c48] Group coordinator localhost:9092 (id: 2147483646 rack: null) is unavailable or invalid due to cause: coordinator unavailable. isDisconnected: false. Rediscovery will be attempted.
2026-08-24T23:36:58.373+05:30  INFO 12604 --- [bmp-auth-service] [pool-2-thread-1] o.a.k.c.c.internals.ConsumerCoordinator  : [Consumer clientId=consumer-anonymous.fc13270a-2cfc-458a-8278-f5fe02ad3c48-3, groupId=anonymous.fc13270a-2cfc-458a-8278-f5fe02ad3c48] Requesting disconnect from last known coordinator localhost:9092 (id: 2147483646 rack: null)
2026-08-24T23:36:58.477+05:30  INFO 12604 --- [bmp-auth-service] [pool-2-thread-1] o.a.k.c.c.internals.ConsumerCoordinator  : [Consumer clientId=consumer-anonymous.fc13270a-2cfc-458a-8278-f5fe02ad3c48-3, groupId=anonymous.fc13270a-2cfc-458a-8278-f5fe02ad3c48] Discovered group coordinator localhost:9092 (id: 2147483646 rack: null)
