
  .   ____          _            __ _ _
 /\\ / ___'_ __ _ _(_)_ __  __ _ \ \ \ \
( ( )\___ | '_ | '_| | '_ \/ _` | \ \ \ \
 \\/  ___)| |_)| | | | | || (_| |  ) ) ) )
  '  |____| .__|_| |_|_| |_\__, | / / / /
 =========|_|==============|___/=/_/_/_/

 :: Spring Boot ::                (v3.4.1)

2026-08-24T22:32:35.300+05:30  INFO 18408 --- [bmp-rewards-service] [           main] com.bmp.rewards.BmpRewardsApplication    : Starting BmpRewardsApplication using Java 21.0.11 with PID 18408 (C:\BMP -PRJ\BMP\bmp-rewards\target\classes started by Lenovo in C:\BMP -PRJ\BMP\bmp-rewards)
2026-08-24T22:32:35.320+05:30  INFO 18408 --- [bmp-rewards-service] [           main] com.bmp.rewards.BmpRewardsApplication    : No active profile set, falling back to 1 default profile: "default"
2026-08-24T22:32:35.626+05:30  INFO 18408 --- [bmp-rewards-service] [           main] o.s.c.c.c.ConfigServerConfigDataLoader   : Fetching config from server at : http://localhost:8888
2026-08-24T22:32:35.630+05:30  INFO 18408 --- [bmp-rewards-service] [           main] o.s.c.c.c.ConfigServerConfigDataLoader   : Located environment: name=bmp-rewards-service, profiles=[default], label=null, version=e49a1a5dcfcb36643a08d9529e85f702a6d4d502, state=
2026-08-24T22:32:40.398+05:30  INFO 18408 --- [bmp-rewards-service] [           main] .s.d.r.c.RepositoryConfigurationDelegate : Bootstrapping Spring Data JPA repositories in DEFAULT mode.
2026-08-24T22:32:40.778+05:30  INFO 18408 --- [bmp-rewards-service] [           main] .s.d.r.c.RepositoryConfigurationDelegate : Finished Spring Data repository scanning in 356 ms. Found 16 JPA repository interfaces.
2026-08-24T22:32:42.666+05:30  INFO 18408 --- [bmp-rewards-service] [           main] faultConfiguringBeanFactoryPostProcessor : No bean named 'errorChannel' has been explicitly defined. Therefore, a default PublishSubscribeChannel will be created.
2026-08-24T22:32:42.679+05:30  INFO 18408 --- [bmp-rewards-service] [           main] faultConfiguringBeanFactoryPostProcessor : No bean named 'integrationHeaderChannelRegistry' has been explicitly defined. Therefore, a default DefaultHeaderChannelRegistry will be created.
2026-08-24T22:32:42.921+05:30  INFO 18408 --- [bmp-rewards-service] [           main] o.s.cloud.context.scope.GenericScope     : BeanFactory id=fa48120d-8b38-3f8c-acde-52fef1674f47
2026-08-24T22:32:44.080+05:30  INFO 18408 --- [bmp-rewards-service] [           main] o.s.b.w.embedded.tomcat.TomcatWebServer  : Tomcat initialized with port 8087 (http)
2026-08-24T22:32:44.101+05:30  INFO 18408 --- [bmp-rewards-service] [           main] o.apache.catalina.core.StandardService   : Starting service [Tomcat]
2026-08-24T22:32:44.102+05:30  INFO 18408 --- [bmp-rewards-service] [           main] o.apache.catalina.core.StandardEngine    : Starting Servlet engine: [Apache Tomcat/10.1.34]
2026-08-24T22:32:44.204+05:30  INFO 18408 --- [bmp-rewards-service] [           main] o.a.c.c.C.[Tomcat].[localhost].[/]       : Initializing Spring embedded WebApplicationContext
2026-08-24T22:32:44.205+05:30  INFO 18408 --- [bmp-rewards-service] [           main] w.s.c.ServletWebServerApplicationContext : Root WebApplicationContext: initialization completed in 8558 ms
2026-08-24T22:32:44.980+05:30  INFO 18408 --- [bmp-rewards-service] [           main] com.zaxxer.hikari.HikariDataSource       : HikariPool-1 - Starting...
2026-08-24T22:32:45.194+05:30  INFO 18408 --- [bmp-rewards-service] [           main] com.zaxxer.hikari.pool.HikariPool        : HikariPool-1 - Added connection org.postgresql.jdbc.PgConnection@21f94fe3
2026-08-24T22:32:45.197+05:30  INFO 18408 --- [bmp-rewards-service] [           main] com.zaxxer.hikari.HikariDataSource       : HikariPool-1 - Start completed.
2026-08-24T22:32:45.241+05:30  INFO 18408 --- [bmp-rewards-service] [           main] org.flywaydb.core.FlywayExecutor         : Database: jdbc:postgresql://localhost:5432/bmp (PostgreSQL 16.4)
2026-08-24T22:32:45.351+05:30  INFO 18408 --- [bmp-rewards-service] [           main] o.f.core.internal.command.DbValidate     : Successfully validated 5 migrations (execution time 00:00.062s)
2026-08-24T22:32:45.396+05:30  INFO 18408 --- [bmp-rewards-service] [           main] o.f.core.internal.command.DbMigrate      : Current version of schema "common_schema": 004
2026-08-24T22:32:45.405+05:30  INFO 18408 --- [bmp-rewards-service] [           main] o.f.core.internal.command.DbMigrate      : Schema "common_schema" is up to date. No migration necessary.
2026-08-24T22:32:45.561+05:30  INFO 18408 --- [bmp-rewards-service] [           main] o.hibernate.jpa.internal.util.LogHelper  : HHH000204: Processing PersistenceUnitInfo [name: default]
2026-08-24T22:32:45.644+05:30  INFO 18408 --- [bmp-rewards-service] [           main] org.hibernate.Version                    : HHH000412: Hibernate ORM core version 6.6.4.Final
2026-08-24T22:32:45.691+05:30  INFO 18408 --- [bmp-rewards-service] [           main] o.h.c.internal.RegionFactoryInitiator    : HHH000026: Second-level cache disabled
2026-08-24T22:32:46.033+05:30  INFO 18408 --- [bmp-rewards-service] [           main] o.s.o.j.p.SpringPersistenceUnitInfo      : No LoadTimeWeaver setup: ignoring JPA class transformer
2026-08-24T22:32:46.158+05:30  INFO 18408 --- [bmp-rewards-service] [           main] org.hibernate.orm.connections.pooling    : HHH10001005: Database info:
	Database JDBC URL [Connecting through datasource 'HikariDataSource (HikariPool-1)']
	Database driver: undefined/unknown
	Database version: 16.4
	Autocommit mode: undefined/unknown
	Isolation level: undefined/unknown
	Minimum pool size: undefined/unknown
	Maximum pool size: undefined/unknown
2026-08-24T22:32:47.584+05:30  INFO 18408 --- [bmp-rewards-service] [           main] o.h.e.t.j.p.i.JtaPlatformInitiator       : HHH000489: No JTA platform available (set 'hibernate.transaction.jta.platform' to enable JTA platform integration)
2026-08-24T22:32:47.680+05:30  INFO 18408 --- [bmp-rewards-service] [           main] j.LocalContainerEntityManagerFactoryBean : Initialized JPA EntityManagerFactory for persistence unit 'default'
2026-08-24T22:32:48.105+05:30  INFO 18408 --- [bmp-rewards-service] [           main] o.s.d.j.r.query.QueryEnhancerFactory     : Hibernate is in classpath; If applicable, HQL parser will be used.
2026-08-24T22:32:49.681+05:30  INFO 18408 --- [bmp-rewards-service] [           main] o.s.c.openfeign.FeignClientFactoryBean   : For 'bmp-user-service' URL not provided. Will try picking an instance via load-balancing.
2026-08-24T22:32:50.038+05:30  WARN 18408 --- [bmp-rewards-service] [           main] .s.s.UserDetailsServiceAutoConfiguration : 

Using generated security password: f696635e-4fcf-44aa-b49c-b445b6b41daa

This generated password is for development use only. Your security configuration must be updated before running your application in production.

2026-08-24T22:32:50.058+05:30  INFO 18408 --- [bmp-rewards-service] [           main] r$InitializeUserDetailsManagerConfigurer : Global AuthenticationManager configured with UserDetailsService bean with name inMemoryUserDetailsManager
2026-08-24T22:32:50.670+05:30  INFO 18408 --- [bmp-rewards-service] [           main] o.s.b.a.e.web.EndpointLinksResolver      : Exposing 10 endpoints beneath base path '/actuator'
2026-08-24T22:32:51.364+05:30  INFO 18408 --- [bmp-rewards-service] [           main] o.s.c.s.m.DirectWithAttributesChannel    : Channel 'bmp-rewards-service.springCloudBusInput' has 1 subscriber(s).
2026-08-24T22:32:51.781+05:30  INFO 18408 --- [bmp-rewards-service] [           main] DiscoveryClientOptionalArgsConfiguration : Eureka HTTP Client uses RestTemplate.
2026-08-24T22:32:51.853+05:30  WARN 18408 --- [bmp-rewards-service] [           main] iguration$LoadBalancerCaffeineWarnLogger : Spring Cloud LoadBalancer is currently working with the default cache. While this cache implementation is useful for development and tests, it's recommended to use Caffeine cache in production.You can switch to using Caffeine cache, by adding it and org.springframework.cache.caffeine.CaffeineCacheManager to the classpath.
2026-08-24T22:32:52.015+05:30  INFO 18408 --- [bmp-rewards-service] [           main] o.s.i.endpoint.EventDrivenConsumer       : Adding {logging-channel-adapter:_org.springframework.integration.errorLogger} as a subscriber to the 'errorChannel' channel
2026-08-24T22:32:52.015+05:30  INFO 18408 --- [bmp-rewards-service] [           main] o.s.i.channel.PublishSubscribeChannel    : Channel 'bmp-rewards-service.errorChannel' has 1 subscriber(s).
2026-08-24T22:32:52.016+05:30  INFO 18408 --- [bmp-rewards-service] [           main] o.s.i.endpoint.EventDrivenConsumer       : started bean '_org.springframework.integration.errorLogger'
2026-08-24T22:32:52.025+05:30  INFO 18408 --- [bmp-rewards-service] [           main] o.s.c.n.eureka.InstanceInfoFactory       : Setting initial instance status as: STARTING
2026-08-24T22:32:52.056+05:30  INFO 18408 --- [bmp-rewards-service] [           main] com.netflix.discovery.DiscoveryClient    : Initializing Eureka in region us-east-1
2026-08-24T22:32:52.062+05:30  INFO 18408 --- [bmp-rewards-service] [           main] c.n.d.s.r.aws.ConfigClusterResolver      : Resolving eureka endpoints via configuration
2026-08-24T22:32:52.069+05:30  INFO 18408 --- [bmp-rewards-service] [           main] com.netflix.discovery.DiscoveryClient    : Disable delta property : false
2026-08-24T22:32:52.069+05:30  INFO 18408 --- [bmp-rewards-service] [           main] com.netflix.discovery.DiscoveryClient    : Single vip registry refresh property : null
2026-08-24T22:32:52.069+05:30  INFO 18408 --- [bmp-rewards-service] [           main] com.netflix.discovery.DiscoveryClient    : Force full registry fetch : false
2026-08-24T22:32:52.069+05:30  INFO 18408 --- [bmp-rewards-service] [           main] com.netflix.discovery.DiscoveryClient    : Application is null : false
2026-08-24T22:32:52.069+05:30  INFO 18408 --- [bmp-rewards-service] [           main] com.netflix.discovery.DiscoveryClient    : Registered Applications size is zero : true
2026-08-24T22:32:52.069+05:30  INFO 18408 --- [bmp-rewards-service] [           main] com.netflix.discovery.DiscoveryClient    : Application version is -1: true
2026-08-24T22:32:52.069+05:30  INFO 18408 --- [bmp-rewards-service] [           main] com.netflix.discovery.DiscoveryClient    : Getting all instance registry info from the eureka server
2026-08-24T22:32:52.322+05:30  INFO 18408 --- [bmp-rewards-service] [           main] com.netflix.discovery.DiscoveryClient    : The response status is 200
2026-08-24T22:32:52.324+05:30  INFO 18408 --- [bmp-rewards-service] [           main] com.netflix.discovery.DiscoveryClient    : Starting heartbeat executor: renew interval is: 30
2026-08-24T22:32:52.327+05:30  INFO 18408 --- [bmp-rewards-service] [           main] c.n.discovery.InstanceInfoReplicator     : InstanceInfoReplicator onDemand update allowed rate per min is 4
2026-08-24T22:32:52.328+05:30  INFO 18408 --- [bmp-rewards-service] [           main] com.netflix.discovery.DiscoveryClient    : Discovery Client initialized at timestamp 1787590972328 with initial instances count: 2
2026-08-24T22:32:52.335+05:30  INFO 18408 --- [bmp-rewards-service] [           main] o.s.c.n.e.s.EurekaServiceRegistry        : Registering application BMP-REWARDS-SERVICE with eureka with status UP
2026-08-24T22:32:52.335+05:30  INFO 18408 --- [bmp-rewards-service] [           main] com.netflix.discovery.DiscoveryClient    : Saw local status change event StatusChangeEvent [timestamp=1787590972335, current=UP, previous=STARTING]
2026-08-24T22:32:52.337+05:30  INFO 18408 --- [bmp-rewards-service] [foReplicator-%d] com.netflix.discovery.DiscoveryClient    : DiscoveryClient_BMP-REWARDS-SERVICE/Darshan.mshome.net:bmp-rewards-service:8087: registering service...
2026-08-24T22:32:52.354+05:30  INFO 18408 --- [bmp-rewards-service] [           main] o.s.b.w.embedded.tomcat.TomcatWebServer  : Tomcat started on port 8087 (http) with context path '/'
2026-08-24T22:32:52.355+05:30  INFO 18408 --- [bmp-rewards-service] [           main] .s.c.n.e.s.EurekaAutoServiceRegistration : Updating port to 8087
2026-08-24T22:32:52.363+05:30  INFO 18408 --- [bmp-rewards-service] [           main] o.s.c.s.binder.DefaultBinderFactory      : Creating binder: kafka
2026-08-24T22:32:52.363+05:30  INFO 18408 --- [bmp-rewards-service] [           main] o.s.c.s.binder.DefaultBinderFactory      : Constructing binder child context for kafka
2026-08-24T22:32:52.365+05:30  INFO 18408 --- [bmp-rewards-service] [foReplicator-%d] com.netflix.discovery.DiscoveryClient    : DiscoveryClient_BMP-REWARDS-SERVICE/Darshan.mshome.net:bmp-rewards-service:8087 - registration status: 204
2026-08-24T22:32:52.569+05:30  INFO 18408 --- [bmp-rewards-service] [           main] o.s.c.s.binder.DefaultBinderFactory      : Caching the binder: kafka
2026-08-24T22:32:52.605+05:30  INFO 18408 --- [bmp-rewards-service] [           main] o.a.k.clients.admin.AdminClientConfig    : AdminClientConfig values: 
	auto.include.jmx.reporter = true
	bootstrap.controllers = []
	bootstrap.servers = [localhost:9092]
	client.dns.lookup = use_all_dns_ips
	client.id = 
	connections.max.idle.ms = 300000
	default.api.timeout.ms = 60000
	enable.metrics.push = true
	metadata.max.age.ms = 300000
	metadata.recovery.strategy = none
	metric.reporters = []
	metrics.num.samples = 2
	metrics.recording.level = INFO
	metrics.sample.window.ms = 30000
	receive.buffer.bytes = 65536
	reconnect.backoff.max.ms = 1000
	reconnect.backoff.ms = 50
	request.timeout.ms = 30000
	retries = 2147483647
	retry.backoff.max.ms = 1000
	retry.backoff.ms = 100
	sasl.client.callback.handler.class = null
	sasl.jaas.config = null
	sasl.kerberos.kinit.cmd = /usr/bin/kinit
	sasl.kerberos.min.time.before.relogin = 60000
	sasl.kerberos.service.name = null
	sasl.kerberos.ticket.renew.jitter = 0.05
	sasl.kerberos.ticket.renew.window.factor = 0.8
	sasl.login.callback.handler.class = null
	sasl.login.class = null
	sasl.login.connect.timeout.ms = null
	sasl.login.read.timeout.ms = null
	sasl.login.refresh.buffer.seconds = 300
	sasl.login.refresh.min.period.seconds = 60
	sasl.login.refresh.window.factor = 0.8
	sasl.login.refresh.window.jitter = 0.05
	sasl.login.retry.backoff.max.ms = 10000
	sasl.login.retry.backoff.ms = 100
	sasl.mechanism = GSSAPI
	sasl.oauthbearer.clock.skew.seconds = 30
	sasl.oauthbearer.expected.audience = null
	sasl.oauthbearer.expected.issuer = null
	sasl.oauthbearer.jwks.endpoint.refresh.ms = 3600000
	sasl.oauthbearer.jwks.endpoint.retry.backoff.max.ms = 10000
	sasl.oauthbearer.jwks.endpoint.retry.backoff.ms = 100
	sasl.oauthbearer.jwks.endpoint.url = null
	sasl.oauthbearer.scope.claim.name = scope
	sasl.oauthbearer.sub.claim.name = sub
	sasl.oauthbearer.token.endpoint.url = null
	security.protocol = PLAINTEXT
	security.providers = null
	send.buffer.bytes = 131072
	socket.connection.setup.timeout.max.ms = 30000
	socket.connection.setup.timeout.ms = 10000
	ssl.cipher.suites = null
	ssl.enabled.protocols = [TLSv1.2, TLSv1.3]
	ssl.endpoint.identification.algorithm = https
	ssl.engine.factory.class = null
	ssl.key.password = null
	ssl.keymanager.algorithm = SunX509
	ssl.keystore.certificate.chain = null
	ssl.keystore.key = null
	ssl.keystore.location = null
	ssl.keystore.password = null
	ssl.keystore.type = JKS
	ssl.protocol = TLSv1.3
	ssl.provider = null
	ssl.secure.random.implementation = null
	ssl.trustmanager.algorithm = PKIX
	ssl.truststore.certificates = null
	ssl.truststore.location = null
	ssl.truststore.password = null
	ssl.truststore.type = JKS

2026-08-24T22:32:52.694+05:30  INFO 18408 --- [bmp-rewards-service] [           main] o.a.kafka.common.utils.AppInfoParser     : Kafka version: 3.8.1
2026-08-24T22:32:52.694+05:30  INFO 18408 --- [bmp-rewards-service] [           main] o.a.kafka.common.utils.AppInfoParser     : Kafka commitId: 70d6ff42debf7e17
2026-08-24T22:32:52.694+05:30  INFO 18408 --- [bmp-rewards-service] [           main] o.a.kafka.common.utils.AppInfoParser     : Kafka startTimeMs: 1787590972693
2026-08-24T22:32:52.962+05:30  INFO 18408 --- [bmp-rewards-service] [| adminclient-1] o.a.kafka.common.utils.AppInfoParser     : App info kafka.admin.client for adminclient-1 unregistered
2026-08-24T22:32:52.965+05:30  INFO 18408 --- [bmp-rewards-service] [| adminclient-1] o.apache.kafka.common.metrics.Metrics    : Metrics scheduler closed
2026-08-24T22:32:52.966+05:30  INFO 18408 --- [bmp-rewards-service] [| adminclient-1] o.apache.kafka.common.metrics.Metrics    : Closing reporter org.apache.kafka.common.metrics.JmxReporter
2026-08-24T22:32:52.966+05:30  INFO 18408 --- [bmp-rewards-service] [| adminclient-1] o.apache.kafka.common.metrics.Metrics    : Metrics reporters closed
2026-08-24T22:32:52.973+05:30  INFO 18408 --- [bmp-rewards-service] [           main] o.a.k.clients.consumer.ConsumerConfig    : ConsumerConfig values: 
	allow.auto.create.topics = true
	auto.commit.interval.ms = 100
	auto.include.jmx.reporter = true
	auto.offset.reset = latest
	bootstrap.servers = [localhost:9092]
	check.crcs = true
	client.dns.lookup = use_all_dns_ips
	client.id = consumer-anonymous.a287152f-8301-4fea-b346-5237e170e33d-1
	client.rack = 
	connections.max.idle.ms = 540000
	default.api.timeout.ms = 60000
	enable.auto.commit = false
	enable.metrics.push = true
	exclude.internal.topics = true
	fetch.max.bytes = 52428800
	fetch.max.wait.ms = 500
	fetch.min.bytes = 1
	group.id = anonymous.a287152f-8301-4fea-b346-5237e170e33d
	group.instance.id = null
	group.protocol = classic
	group.remote.assignor = null
	heartbeat.interval.ms = 3000
	interceptor.classes = []
	internal.leave.group.on.close = true
	internal.throw.on.fetch.stable.offset.unsupported = false
	isolation.level = read_uncommitted
	key.deserializer = class org.apache.kafka.common.serialization.ByteArrayDeserializer
	max.partition.fetch.bytes = 1048576
	max.poll.interval.ms = 300000
	max.poll.records = 500
	metadata.max.age.ms = 300000
	metadata.recovery.strategy = none
	metric.reporters = []
	metrics.num.samples = 2
	metrics.recording.level = INFO
	metrics.sample.window.ms = 30000
	partition.assignment.strategy = [class org.apache.kafka.clients.consumer.RangeAssignor, class org.apache.kafka.clients.consumer.CooperativeStickyAssignor]
	receive.buffer.bytes = 65536
	reconnect.backoff.max.ms = 1000
	reconnect.backoff.ms = 50
	request.timeout.ms = 30000
	retry.backoff.max.ms = 1000
	retry.backoff.ms = 100
	sasl.client.callback.handler.class = null
	sasl.jaas.config = null
	sasl.kerberos.kinit.cmd = /usr/bin/kinit
	sasl.kerberos.min.time.before.relogin = 60000
	sasl.kerberos.service.name = null
	sasl.kerberos.ticket.renew.jitter = 0.05
	sasl.kerberos.ticket.renew.window.factor = 0.8
	sasl.login.callback.handler.class = null
	sasl.login.class = null
	sasl.login.connect.timeout.ms = null
	sasl.login.read.timeout.ms = null
	sasl.login.refresh.buffer.seconds = 300
	sasl.login.refresh.min.period.seconds = 60
	sasl.login.refresh.window.factor = 0.8
	sasl.login.refresh.window.jitter = 0.05
	sasl.login.retry.backoff.max.ms = 10000
	sasl.login.retry.backoff.ms = 100
	sasl.mechanism = GSSAPI
	sasl.oauthbearer.clock.skew.seconds = 30
	sasl.oauthbearer.expected.audience = null
	sasl.oauthbearer.expected.issuer = null
	sasl.oauthbearer.jwks.endpoint.refresh.ms = 3600000
	sasl.oauthbearer.jwks.endpoint.retry.backoff.max.ms = 10000
	sasl.oauthbearer.jwks.endpoint.retry.backoff.ms = 100
	sasl.oauthbearer.jwks.endpoint.url = null
	sasl.oauthbearer.scope.claim.name = scope
	sasl.oauthbearer.sub.claim.name = sub
	sasl.oauthbearer.token.endpoint.url = null
	security.protocol = PLAINTEXT
	security.providers = null
	send.buffer.bytes = 131072
	session.timeout.ms = 45000
	socket.connection.setup.timeout.max.ms = 30000
	socket.connection.setup.timeout.ms = 10000
	ssl.cipher.suites = null
	ssl.enabled.protocols = [TLSv1.2, TLSv1.3]
	ssl.endpoint.identification.algorithm = https
	ssl.engine.factory.class = null
	ssl.key.password = null
	ssl.keymanager.algorithm = SunX509
	ssl.keystore.certificate.chain = null
	ssl.keystore.key = null
	ssl.keystore.location = null
	ssl.keystore.password = null
	ssl.keystore.type = JKS
	ssl.protocol = TLSv1.3
	ssl.provider = null
	ssl.secure.random.implementation = null
	ssl.trustmanager.algorithm = PKIX
	ssl.truststore.certificates = null
	ssl.truststore.location = null
	ssl.truststore.password = null
	ssl.truststore.type = JKS
	value.deserializer = class org.apache.kafka.common.serialization.ByteArrayDeserializer

2026-08-24T22:32:53.012+05:30  INFO 18408 --- [bmp-rewards-service] [           main] o.a.k.c.t.i.KafkaMetricsCollector        : initializing Kafka metrics collector
2026-08-24T22:32:53.060+05:30  INFO 18408 --- [bmp-rewards-service] [           main] o.a.kafka.common.utils.AppInfoParser     : Kafka version: 3.8.1
2026-08-24T22:32:53.060+05:30  INFO 18408 --- [bmp-rewards-service] [           main] o.a.kafka.common.utils.AppInfoParser     : Kafka commitId: 70d6ff42debf7e17
2026-08-24T22:32:53.060+05:30  INFO 18408 --- [bmp-rewards-service] [           main] o.a.kafka.common.utils.AppInfoParser     : Kafka startTimeMs: 1787590973060
2026-08-24T22:32:53.080+05:30  INFO 18408 --- [bmp-rewards-service] [           main] org.apache.kafka.clients.Metadata        : [Consumer clientId=consumer-anonymous.a287152f-8301-4fea-b346-5237e170e33d-1, groupId=anonymous.a287152f-8301-4fea-b346-5237e170e33d] Cluster ID: 5L6g3nShT-eMCtK--X86sw
2026-08-24T22:32:53.083+05:30  INFO 18408 --- [bmp-rewards-service] [           main] o.a.k.c.c.internals.ConsumerCoordinator  : [Consumer clientId=consumer-anonymous.a287152f-8301-4fea-b346-5237e170e33d-1, groupId=anonymous.a287152f-8301-4fea-b346-5237e170e33d] Resetting generation and member id due to: consumer pro-actively leaving the group
2026-08-24T22:32:53.083+05:30  INFO 18408 --- [bmp-rewards-service] [           main] o.a.k.c.c.internals.ConsumerCoordinator  : [Consumer clientId=consumer-anonymous.a287152f-8301-4fea-b346-5237e170e33d-1, groupId=anonymous.a287152f-8301-4fea-b346-5237e170e33d] Request joining group due to: consumer pro-actively leaving the group
2026-08-24T22:32:53.087+05:30  INFO 18408 --- [bmp-rewards-service] [           main] o.apache.kafka.common.metrics.Metrics    : Metrics scheduler closed
2026-08-24T22:32:53.087+05:30  INFO 18408 --- [bmp-rewards-service] [           main] o.apache.kafka.common.metrics.Metrics    : Closing reporter org.apache.kafka.common.metrics.JmxReporter
2026-08-24T22:32:53.087+05:30  INFO 18408 --- [bmp-rewards-service] [           main] o.apache.kafka.common.metrics.Metrics    : Closing reporter org.apache.kafka.common.telemetry.internals.ClientTelemetryReporter
2026-08-24T22:32:53.087+05:30  INFO 18408 --- [bmp-rewards-service] [           main] o.apache.kafka.common.metrics.Metrics    : Metrics reporters closed
2026-08-24T22:32:53.089+05:30  INFO 18408 --- [bmp-rewards-service] [           main] o.a.kafka.common.utils.AppInfoParser     : App info kafka.consumer for consumer-anonymous.a287152f-8301-4fea-b346-5237e170e33d-1 unregistered
2026-08-24T22:32:53.118+05:30  INFO 18408 --- [bmp-rewards-service] [           main] o.s.c.stream.binder.BinderErrorChannel   : Channel 'kafka-1991884001.springCloudBusInput.errors' has 1 subscriber(s).
2026-08-24T22:32:53.119+05:30  INFO 18408 --- [bmp-rewards-service] [           main] o.s.c.stream.binder.BinderErrorChannel   : Channel 'kafka-1991884001.springCloudBusInput.errors' has 0 subscriber(s).
2026-08-24T22:32:53.119+05:30  INFO 18408 --- [bmp-rewards-service] [           main] o.s.c.stream.binder.BinderErrorChannel   : Channel 'kafka-1991884001.springCloudBusInput.errors' has 1 subscriber(s).
2026-08-24T22:32:53.119+05:30  INFO 18408 --- [bmp-rewards-service] [           main] o.s.c.stream.binder.BinderErrorChannel   : Channel 'kafka-1991884001.springCloudBusInput.errors' has 2 subscriber(s).
2026-08-24T22:32:53.133+05:30  INFO 18408 --- [bmp-rewards-service] [           main] o.a.k.clients.consumer.ConsumerConfig    : ConsumerConfig values: 
	allow.auto.create.topics = true
	auto.commit.interval.ms = 100
	auto.include.jmx.reporter = true
	auto.offset.reset = latest
	bootstrap.servers = [localhost:9092]
	check.crcs = true
	client.dns.lookup = use_all_dns_ips
	client.id = consumer-anonymous.a287152f-8301-4fea-b346-5237e170e33d-2
	client.rack = 
	connections.max.idle.ms = 540000
	default.api.timeout.ms = 60000
	enable.auto.commit = false
	enable.metrics.push = true
	exclude.internal.topics = true
	fetch.max.bytes = 52428800
	fetch.max.wait.ms = 500
	fetch.min.bytes = 1
	group.id = anonymous.a287152f-8301-4fea-b346-5237e170e33d
	group.instance.id = null
	group.protocol = classic
	group.remote.assignor = null
	heartbeat.interval.ms = 3000
	interceptor.classes = []
	internal.leave.group.on.close = true
	internal.throw.on.fetch.stable.offset.unsupported = false
	isolation.level = read_uncommitted
	key.deserializer = class org.apache.kafka.common.serialization.ByteArrayDeserializer
	max.partition.fetch.bytes = 1048576
	max.poll.interval.ms = 300000
	max.poll.records = 500
	metadata.max.age.ms = 300000
	metadata.recovery.strategy = none
	metric.reporters = []
	metrics.num.samples = 2
	metrics.recording.level = INFO
	metrics.sample.window.ms = 30000
	partition.assignment.strategy = [class org.apache.kafka.clients.consumer.RangeAssignor, class org.apache.kafka.clients.consumer.CooperativeStickyAssignor]
	receive.buffer.bytes = 65536
	reconnect.backoff.max.ms = 1000
	reconnect.backoff.ms = 50
	request.timeout.ms = 30000
	retry.backoff.max.ms = 1000
	retry.backoff.ms = 100
	sasl.client.callback.handler.class = null
	sasl.jaas.config = null
	sasl.kerberos.kinit.cmd = /usr/bin/kinit
	sasl.kerberos.min.time.before.relogin = 60000
	sasl.kerberos.service.name = null
	sasl.kerberos.ticket.renew.jitter = 0.05
	sasl.kerberos.ticket.renew.window.factor = 0.8
	sasl.login.callback.handler.class = null
	sasl.login.class = null
	sasl.login.connect.timeout.ms = null
	sasl.login.read.timeout.ms = null
	sasl.login.refresh.buffer.seconds = 300
	sasl.login.refresh.min.period.seconds = 60
	sasl.login.refresh.window.factor = 0.8
	sasl.login.refresh.window.jitter = 0.05
	sasl.login.retry.backoff.max.ms = 10000
	sasl.login.retry.backoff.ms = 100
	sasl.mechanism = GSSAPI
	sasl.oauthbearer.clock.skew.seconds = 30
	sasl.oauthbearer.expected.audience = null
	sasl.oauthbearer.expected.issuer = null
	sasl.oauthbearer.jwks.endpoint.refresh.ms = 3600000
	sasl.oauthbearer.jwks.endpoint.retry.backoff.max.ms = 10000
	sasl.oauthbearer.jwks.endpoint.retry.backoff.ms = 100
	sasl.oauthbearer.jwks.endpoint.url = null
	sasl.oauthbearer.scope.claim.name = scope
	sasl.oauthbearer.sub.claim.name = sub
	sasl.oauthbearer.token.endpoint.url = null
	security.protocol = PLAINTEXT
	security.providers = null
	send.buffer.bytes = 131072
	session.timeout.ms = 45000
	socket.connection.setup.timeout.max.ms = 30000
	socket.connection.setup.timeout.ms = 10000
	ssl.cipher.suites = null
	ssl.enabled.protocols = [TLSv1.2, TLSv1.3]
	ssl.endpoint.identification.algorithm = https
	ssl.engine.factory.class = null
	ssl.key.password = null
	ssl.keymanager.algorithm = SunX509
	ssl.keystore.certificate.chain = null
	ssl.keystore.key = null
	ssl.keystore.location = null
	ssl.keystore.password = null
	ssl.keystore.type = JKS
	ssl.protocol = TLSv1.3
	ssl.provider = null
	ssl.secure.random.implementation = null
	ssl.trustmanager.algorithm = PKIX
	ssl.truststore.certificates = null
	ssl.truststore.location = null
	ssl.truststore.password = null
	ssl.truststore.type = JKS
	value.deserializer = class org.apache.kafka.common.serialization.ByteArrayDeserializer

2026-08-24T22:32:53.134+05:30  INFO 18408 --- [bmp-rewards-service] [           main] o.a.k.c.t.i.KafkaMetricsCollector        : initializing Kafka metrics collector
2026-08-24T22:32:53.137+05:30  INFO 18408 --- [bmp-rewards-service] [           main] o.a.kafka.common.utils.AppInfoParser     : Kafka version: 3.8.1
2026-08-24T22:32:53.137+05:30  INFO 18408 --- [bmp-rewards-service] [           main] o.a.kafka.common.utils.AppInfoParser     : Kafka commitId: 70d6ff42debf7e17
2026-08-24T22:32:53.137+05:30  INFO 18408 --- [bmp-rewards-service] [           main] o.a.kafka.common.utils.AppInfoParser     : Kafka startTimeMs: 1787590973137
2026-08-24T22:32:53.140+05:30  INFO 18408 --- [bmp-rewards-service] [           main] o.a.k.c.c.internals.LegacyKafkaConsumer  : [Consumer clientId=consumer-anonymous.a287152f-8301-4fea-b346-5237e170e33d-2, groupId=anonymous.a287152f-8301-4fea-b346-5237e170e33d] Subscribed to topic(s): springCloudBus
2026-08-24T22:32:53.144+05:30  INFO 18408 --- [bmp-rewards-service] [           main] s.i.k.i.KafkaMessageDrivenChannelAdapter : started org.springframework.integration.kafka.inbound.KafkaMessageDrivenChannelAdapter@5555eb81
2026-08-24T22:32:53.153+05:30  INFO 18408 --- [bmp-rewards-service] [container-0-C-1] org.apache.kafka.clients.Metadata        : [Consumer clientId=consumer-anonymous.a287152f-8301-4fea-b346-5237e170e33d-2, groupId=anonymous.a287152f-8301-4fea-b346-5237e170e33d] Cluster ID: 5L6g3nShT-eMCtK--X86sw
2026-08-24T22:32:53.154+05:30  INFO 18408 --- [bmp-rewards-service] [container-0-C-1] o.a.k.c.c.internals.ConsumerCoordinator  : [Consumer clientId=consumer-anonymous.a287152f-8301-4fea-b346-5237e170e33d-2, groupId=anonymous.a287152f-8301-4fea-b346-5237e170e33d] Discovered group coordinator localhost:9092 (id: 2147483646 rack: null)
2026-08-24T22:32:53.156+05:30  INFO 18408 --- [bmp-rewards-service] [container-0-C-1] o.a.k.c.c.internals.ConsumerCoordinator  : [Consumer clientId=consumer-anonymous.a287152f-8301-4fea-b346-5237e170e33d-2, groupId=anonymous.a287152f-8301-4fea-b346-5237e170e33d] (Re-)joining group
2026-08-24T22:32:53.167+05:30  INFO 18408 --- [bmp-rewards-service] [container-0-C-1] o.a.k.c.c.internals.ConsumerCoordinator  : [Consumer clientId=consumer-anonymous.a287152f-8301-4fea-b346-5237e170e33d-2, groupId=anonymous.a287152f-8301-4fea-b346-5237e170e33d] Request joining group due to: need to re-join with the given member-id: consumer-anonymous.a287152f-8301-4fea-b346-5237e170e33d-2-4a2c8845-160c-4155-a769-aee420b79ea3
2026-08-24T22:32:53.167+05:30  INFO 18408 --- [bmp-rewards-service] [container-0-C-1] o.a.k.c.c.internals.ConsumerCoordinator  : [Consumer clientId=consumer-anonymous.a287152f-8301-4fea-b346-5237e170e33d-2, groupId=anonymous.a287152f-8301-4fea-b346-5237e170e33d] (Re-)joining group
2026-08-24T22:32:53.183+05:30  INFO 18408 --- [bmp-rewards-service] [           main] com.bmp.rewards.BmpRewardsApplication    : Started BmpRewardsApplication in 27.904 seconds (process running for 29.257)
2026-08-24T22:32:54.152+05:30  INFO 18408 --- [bmp-rewards-service] [pool-2-thread-1] o.a.k.clients.consumer.ConsumerConfig    : ConsumerConfig values: 
	allow.auto.create.topics = true
	auto.commit.interval.ms = 5000
	auto.include.jmx.reporter = true
	auto.offset.reset = latest
	bootstrap.servers = [localhost:9092]
	check.crcs = true
	client.dns.lookup = use_all_dns_ips
	client.id = consumer-anonymous.a287152f-8301-4fea-b346-5237e170e33d-3
	client.rack = 
	connections.max.idle.ms = 540000
	default.api.timeout.ms = 60000
	enable.auto.commit = true
	enable.metrics.push = true
	exclude.internal.topics = true
	fetch.max.bytes = 52428800
	fetch.max.wait.ms = 500
	fetch.min.bytes = 1
	group.id = anonymous.a287152f-8301-4fea-b346-5237e170e33d
	group.instance.id = null
	group.protocol = classic
	group.remote.assignor = null
	heartbeat.interval.ms = 3000
	interceptor.classes = []
	internal.leave.group.on.close = true
	internal.throw.on.fetch.stable.offset.unsupported = false
	isolation.level = read_uncommitted
	key.deserializer = class org.apache.kafka.common.serialization.ByteArrayDeserializer
	max.partition.fetch.bytes = 1048576
	max.poll.interval.ms = 300000
	max.poll.records = 500
	metadata.max.age.ms = 300000
	metadata.recovery.strategy = none
	metric.reporters = []
	metrics.num.samples = 2
	metrics.recording.level = INFO
	metrics.sample.window.ms = 30000
	partition.assignment.strategy = [class org.apache.kafka.clients.consumer.RangeAssignor, class org.apache.kafka.clients.consumer.CooperativeStickyAssignor]
	receive.buffer.bytes = 65536
	reconnect.backoff.max.ms = 1000
	reconnect.backoff.ms = 50
	request.timeout.ms = 30000
	retry.backoff.max.ms = 1000
	retry.backoff.ms = 100
	sasl.client.callback.handler.class = null
	sasl.jaas.config = null
	sasl.kerberos.kinit.cmd = /usr/bin/kinit
	sasl.kerberos.min.time.before.relogin = 60000
	sasl.kerberos.service.name = null
	sasl.kerberos.ticket.renew.jitter = 0.05
	sasl.kerberos.ticket.renew.window.factor = 0.8
	sasl.login.callback.handler.class = null
	sasl.login.class = null
	sasl.login.connect.timeout.ms = null
	sasl.login.read.timeout.ms = null
	sasl.login.refresh.buffer.seconds = 300
	sasl.login.refresh.min.period.seconds = 60
	sasl.login.refresh.window.factor = 0.8
	sasl.login.refresh.window.jitter = 0.05
	sasl.login.retry.backoff.max.ms = 10000
	sasl.login.retry.backoff.ms = 100
	sasl.mechanism = GSSAPI
	sasl.oauthbearer.clock.skew.seconds = 30
	sasl.oauthbearer.expected.audience = null
	sasl.oauthbearer.expected.issuer = null
	sasl.oauthbearer.jwks.endpoint.refresh.ms = 3600000
	sasl.oauthbearer.jwks.endpoint.retry.backoff.max.ms = 10000
	sasl.oauthbearer.jwks.endpoint.retry.backoff.ms = 100
	sasl.oauthbearer.jwks.endpoint.url = null
	sasl.oauthbearer.scope.claim.name = scope
	sasl.oauthbearer.sub.claim.name = sub
	sasl.oauthbearer.token.endpoint.url = null
	security.protocol = PLAINTEXT
	security.providers = null
	send.buffer.bytes = 131072
	session.timeout.ms = 45000
	socket.connection.setup.timeout.max.ms = 30000
	socket.connection.setup.timeout.ms = 10000
	ssl.cipher.suites = null
	ssl.enabled.protocols = [TLSv1.2, TLSv1.3]
	ssl.endpoint.identification.algorithm = https
	ssl.engine.factory.class = null
	ssl.key.password = null
	ssl.keymanager.algorithm = SunX509
	ssl.keystore.certificate.chain = null
	ssl.keystore.key = null
	ssl.keystore.location = null
	ssl.keystore.password = null
	ssl.keystore.type = JKS
	ssl.protocol = TLSv1.3
	ssl.provider = null
	ssl.secure.random.implementation = null
	ssl.trustmanager.algorithm = PKIX
	ssl.truststore.certificates = null
	ssl.truststore.location = null
	ssl.truststore.password = null
	ssl.truststore.type = JKS
	value.deserializer = class org.apache.kafka.common.serialization.ByteArrayDeserializer

2026-08-24T22:32:54.152+05:30  INFO 18408 --- [bmp-rewards-service] [pool-2-thread-1] o.a.k.c.t.i.KafkaMetricsCollector        : initializing Kafka metrics collector
2026-08-24T22:32:54.157+05:30  INFO 18408 --- [bmp-rewards-service] [pool-2-thread-1] o.a.kafka.common.utils.AppInfoParser     : Kafka version: 3.8.1
2026-08-24T22:32:54.157+05:30  INFO 18408 --- [bmp-rewards-service] [pool-2-thread-1] o.a.kafka.common.utils.AppInfoParser     : Kafka commitId: 70d6ff42debf7e17
2026-08-24T22:32:54.157+05:30  INFO 18408 --- [bmp-rewards-service] [pool-2-thread-1] o.a.kafka.common.utils.AppInfoParser     : Kafka startTimeMs: 1787590974157
2026-08-24T22:32:54.161+05:30  INFO 18408 --- [bmp-rewards-service] [pool-2-thread-1] org.apache.kafka.clients.Metadata        : [Consumer clientId=consumer-anonymous.a287152f-8301-4fea-b346-5237e170e33d-3, groupId=anonymous.a287152f-8301-4fea-b346-5237e170e33d] Cluster ID: 5L6g3nShT-eMCtK--X86sw
2026-08-24T22:32:54.173+05:30  INFO 18408 --- [bmp-rewards-service] [pool-2-thread-1] o.a.k.c.c.internals.ConsumerCoordinator  : [Consumer clientId=consumer-anonymous.a287152f-8301-4fea-b346-5237e170e33d-3, groupId=anonymous.a287152f-8301-4fea-b346-5237e170e33d] Discovered group coordinator localhost:9092 (id: 2147483646 rack: null)
2026-08-24T22:32:54.179+05:30  INFO 18408 --- [bmp-rewards-service] [pool-2-thread-1] o.a.k.c.c.internals.ConsumerCoordinator  : [Consumer clientId=consumer-anonymous.a287152f-8301-4fea-b346-5237e170e33d-3, groupId=anonymous.a287152f-8301-4fea-b346-5237e170e33d] Found no committed offset for partition springCloudBus-0
2026-08-24T22:32:56.147+05:30  INFO 18408 --- [bmp-rewards-service] [container-0-C-1] o.a.k.c.c.internals.ConsumerCoordinator  : [Consumer clientId=consumer-anonymous.a287152f-8301-4fea-b346-5237e170e33d-2, groupId=anonymous.a287152f-8301-4fea-b346-5237e170e33d] Successfully joined group with generation Generation{generationId=1, memberId='consumer-anonymous.a287152f-8301-4fea-b346-5237e170e33d-2-4a2c8845-160c-4155-a769-aee420b79ea3', protocol='range'}
2026-08-24T22:32:56.153+05:30  INFO 18408 --- [bmp-rewards-service] [container-0-C-1] o.a.k.c.c.internals.ConsumerCoordinator  : [Consumer clientId=consumer-anonymous.a287152f-8301-4fea-b346-5237e170e33d-2, groupId=anonymous.a287152f-8301-4fea-b346-5237e170e33d] Finished assignment for group at generation 1: {consumer-anonymous.a287152f-8301-4fea-b346-5237e170e33d-2-4a2c8845-160c-4155-a769-aee420b79ea3=Assignment(partitions=[springCloudBus-0])}
2026-08-24T22:32:56.158+05:30  INFO 18408 --- [bmp-rewards-service] [container-0-C-1] o.a.k.c.c.internals.ConsumerCoordinator  : [Consumer clientId=consumer-anonymous.a287152f-8301-4fea-b346-5237e170e33d-2, groupId=anonymous.a287152f-8301-4fea-b346-5237e170e33d] Successfully synced group in generation Generation{generationId=1, memberId='consumer-anonymous.a287152f-8301-4fea-b346-5237e170e33d-2-4a2c8845-160c-4155-a769-aee420b79ea3', protocol='range'}
2026-08-24T22:32:56.158+05:30  INFO 18408 --- [bmp-rewards-service] [container-0-C-1] o.a.k.c.c.internals.ConsumerCoordinator  : [Consumer clientId=consumer-anonymous.a287152f-8301-4fea-b346-5237e170e33d-2, groupId=anonymous.a287152f-8301-4fea-b346-5237e170e33d] Notifying assignor about the new Assignment(partitions=[springCloudBus-0])
2026-08-24T22:32:56.160+05:30  INFO 18408 --- [bmp-rewards-service] [container-0-C-1] k.c.c.i.ConsumerRebalanceListenerInvoker : [Consumer clientId=consumer-anonymous.a287152f-8301-4fea-b346-5237e170e33d-2, groupId=anonymous.a287152f-8301-4fea-b346-5237e170e33d] Adding newly assigned partitions: springCloudBus-0
2026-08-24T22:32:56.167+05:30  INFO 18408 --- [bmp-rewards-service] [container-0-C-1] o.a.k.c.c.internals.ConsumerCoordinator  : [Consumer clientId=consumer-anonymous.a287152f-8301-4fea-b346-5237e170e33d-2, groupId=anonymous.a287152f-8301-4fea-b346-5237e170e33d] Found no committed offset for partition springCloudBus-0
2026-08-24T22:32:56.182+05:30  INFO 18408 --- [bmp-rewards-service] [container-0-C-1] o.a.k.c.c.internals.ConsumerCoordinator  : [Consumer clientId=consumer-anonymous.a287152f-8301-4fea-b346-5237e170e33d-2, groupId=anonymous.a287152f-8301-4fea-b346-5237e170e33d] Found no committed offset for partition springCloudBus-0
2026-08-24T22:32:56.201+05:30  INFO 18408 --- [bmp-rewards-service] [container-0-C-1] o.a.k.c.c.internals.SubscriptionState    : [Consumer clientId=consumer-anonymous.a287152f-8301-4fea-b346-5237e170e33d-2, groupId=anonymous.a287152f-8301-4fea-b346-5237e170e33d] Resetting offset for partition springCloudBus-0 to position FetchPosition{offset=0, offsetEpoch=Optional.empty, currentLeader=LeaderAndEpoch{leader=Optional[localhost:9092 (id: 1 rack: null)], epoch=0}}.
2026-08-24T22:32:56.206+05:30  INFO 18408 --- [bmp-rewards-service] [container-0-C-1] o.s.c.s.b.k.KafkaMessageChannelBinder$2  : anonymous.a287152f-8301-4fea-b346-5237e170e33d: partitions assigned: [springCloudBus-0]
2026-08-24T22:33:29.322+05:30  INFO 18408 --- [bmp-rewards-service] [nio-8087-exec-1] o.a.c.c.C.[Tomcat].[localhost].[/]       : Initializing Spring DispatcherServlet 'dispatcherServlet'
2026-08-24T22:33:29.322+05:30  INFO 18408 --- [bmp-rewards-service] [nio-8087-exec-1] o.s.web.servlet.DispatcherServlet        : Initializing Servlet 'dispatcherServlet'
2026-08-24T22:33:29.326+05:30  INFO 18408 --- [bmp-rewards-service] [nio-8087-exec-1] o.s.web.servlet.DispatcherServlet        : Completed initialization in 4 ms
2026-08-24T22:33:29.386+05:30  INFO 18408 --- [bmp-rewards-service] [binder-health-1] o.a.k.clients.consumer.ConsumerConfig    : ConsumerConfig values: 
	allow.auto.create.topics = true
	auto.commit.interval.ms = 5000
	auto.include.jmx.reporter = true
	auto.offset.reset = latest
	bootstrap.servers = [localhost:9092]
	check.crcs = true
	client.dns.lookup = use_all_dns_ips
	client.id = consumer-null-4
	client.rack = 
	connections.max.idle.ms = 540000
	default.api.timeout.ms = 60000
	enable.auto.commit = false
	enable.metrics.push = true
	exclude.internal.topics = true
	fetch.max.bytes = 52428800
	fetch.max.wait.ms = 500
	fetch.min.bytes = 1
	group.id = null
	group.instance.id = null
	group.protocol = classic
	group.remote.assignor = null
	heartbeat.interval.ms = 3000
	interceptor.classes = []
	internal.leave.group.on.close = true
	internal.throw.on.fetch.stable.offset.unsupported = false
	isolation.level = read_uncommitted
	key.deserializer = class org.apache.kafka.common.serialization.ByteArrayDeserializer
	max.partition.fetch.bytes = 1048576
	max.poll.interval.ms = 300000
	max.poll.records = 500
	metadata.max.age.ms = 300000
	metadata.recovery.strategy = none
	metric.reporters = []
	metrics.num.samples = 2
	metrics.recording.level = INFO
	metrics.sample.window.ms = 30000
	partition.assignment.strategy = [class org.apache.kafka.clients.consumer.RangeAssignor, class org.apache.kafka.clients.consumer.CooperativeStickyAssignor]
	receive.buffer.bytes = 65536
	reconnect.backoff.max.ms = 1000
	reconnect.backoff.ms = 50
	request.timeout.ms = 30000
	retry.backoff.max.ms = 1000
	retry.backoff.ms = 100
	sasl.client.callback.handler.class = null
	sasl.jaas.config = null
	sasl.kerberos.kinit.cmd = /usr/bin/kinit
	sasl.kerberos.min.time.before.relogin = 60000
	sasl.kerberos.service.name = null
	sasl.kerberos.ticket.renew.jitter = 0.05
	sasl.kerberos.ticket.renew.window.factor = 0.8
	sasl.login.callback.handler.class = null
	sasl.login.class = null
	sasl.login.connect.timeout.ms = null
	sasl.login.read.timeout.ms = null
	sasl.login.refresh.buffer.seconds = 300
	sasl.login.refresh.min.period.seconds = 60
	sasl.login.refresh.window.factor = 0.8
	sasl.login.refresh.window.jitter = 0.05
	sasl.login.retry.backoff.max.ms = 10000
	sasl.login.retry.backoff.ms = 100
	sasl.mechanism = GSSAPI
	sasl.oauthbearer.clock.skew.seconds = 30
	sasl.oauthbearer.expected.audience = null
	sasl.oauthbearer.expected.issuer = null
	sasl.oauthbearer.jwks.endpoint.refresh.ms = 3600000
	sasl.oauthbearer.jwks.endpoint.retry.backoff.max.ms = 10000
	sasl.oauthbearer.jwks.endpoint.retry.backoff.ms = 100
	sasl.oauthbearer.jwks.endpoint.url = null
	sasl.oauthbearer.scope.claim.name = scope
	sasl.oauthbearer.sub.claim.name = sub
	sasl.oauthbearer.token.endpoint.url = null
	security.protocol = PLAINTEXT
	security.providers = null
	send.buffer.bytes = 131072
	session.timeout.ms = 45000
	socket.connection.setup.timeout.max.ms = 30000
	socket.connection.setup.timeout.ms = 10000
	ssl.cipher.suites = null
	ssl.enabled.protocols = [TLSv1.2, TLSv1.3]
	ssl.endpoint.identification.algorithm = https
	ssl.engine.factory.class = null
	ssl.key.password = null
	ssl.keymanager.algorithm = SunX509
	ssl.keystore.certificate.chain = null
	ssl.keystore.key = null
	ssl.keystore.location = null
	ssl.keystore.password = null
	ssl.keystore.type = JKS
	ssl.protocol = TLSv1.3
	ssl.provider = null
	ssl.secure.random.implementation = null
	ssl.trustmanager.algorithm = PKIX
	ssl.truststore.certificates = null
	ssl.truststore.location = null
	ssl.truststore.password = null
	ssl.truststore.type = JKS
	value.deserializer = class org.apache.kafka.common.serialization.ByteArrayDeserializer

2026-08-24T22:33:29.386+05:30  INFO 18408 --- [bmp-rewards-service] [binder-health-1] o.a.k.c.t.i.KafkaMetricsCollector        : initializing Kafka metrics collector
2026-08-24T22:33:29.394+05:30  INFO 18408 --- [bmp-rewards-service] [binder-health-1] o.a.kafka.common.utils.AppInfoParser     : Kafka version: 3.8.1
2026-08-24T22:33:29.394+05:30  INFO 18408 --- [bmp-rewards-service] [binder-health-1] o.a.kafka.common.utils.AppInfoParser     : Kafka commitId: 70d6ff42debf7e17
2026-08-24T22:33:29.394+05:30  INFO 18408 --- [bmp-rewards-service] [binder-health-1] o.a.kafka.common.utils.AppInfoParser     : Kafka startTimeMs: 1787591009394
2026-08-24T22:33:29.401+05:30  INFO 18408 --- [bmp-rewards-service] [binder-health-1] org.apache.kafka.clients.Metadata        : [Consumer clientId=consumer-null-4, groupId=null] Cluster ID: 5L6g3nShT-eMCtK--X86sw
2026-08-24T22:37:52.089+05:30  INFO 18408 --- [bmp-rewards-service] [rap-executor-%d] c.n.d.s.r.aws.ConfigClusterResolver      : Resolving eureka endpoints via configuration
2026-08-24T22:41:53.583+05:30  INFO 18408 --- [bmp-rewards-service] [container-0-C-1] org.apache.kafka.clients.NetworkClient   : [Consumer clientId=consumer-anonymous.a287152f-8301-4fea-b346-5237e170e33d-2, groupId=anonymous.a287152f-8301-4fea-b346-5237e170e33d] Node -1 disconnected.
2026-08-24T22:41:54.321+05:30  INFO 18408 --- [bmp-rewards-service] [pool-2-thread-1] org.apache.kafka.clients.NetworkClient   : [Consumer clientId=consumer-anonymous.a287152f-8301-4fea-b346-5237e170e33d-3, groupId=anonymous.a287152f-8301-4fea-b346-5237e170e33d] Node -1 disconnected.
2026-08-24T22:42:48.544+05:30  INFO 18408 --- [bmp-rewards-service] [binder-health-1] org.apache.kafka.clients.NetworkClient   : [Consumer clientId=consumer-null-4, groupId=null] Node -1 disconnected.
2026-08-24T22:42:52.121+05:30  INFO 18408 --- [bmp-rewards-service] [rap-executor-%d] c.n.d.s.r.aws.ConfigClusterResolver      : Resolving eureka endpoints via configuration
2026-08-24T22:47:52.134+05:30  INFO 18408 --- [bmp-rewards-service] [rap-executor-%d] c.n.d.s.r.aws.ConfigClusterResolver      : Resolving eureka endpoints via configuration
2026-08-24T22:51:53.473+05:30  INFO 18408 --- [bmp-rewards-service] [container-0-C-1] org.apache.kafka.clients.NetworkClient   : [Consumer clientId=consumer-anonymous.a287152f-8301-4fea-b346-5237e170e33d-2, groupId=anonymous.a287152f-8301-4fea-b346-5237e170e33d] Node -1 disconnected.
2026-08-24T22:51:54.534+05:30  INFO 18408 --- [bmp-rewards-service] [pool-2-thread-1] org.apache.kafka.clients.NetworkClient   : [Consumer clientId=consumer-anonymous.a287152f-8301-4fea-b346-5237e170e33d-3, groupId=anonymous.a287152f-8301-4fea-b346-5237e170e33d] Node -1 disconnected.
2026-08-24T22:52:52.150+05:30  INFO 18408 --- [bmp-rewards-service] [rap-executor-%d] c.n.d.s.r.aws.ConfigClusterResolver      : Resolving eureka endpoints via configuration
2026-08-24T22:53:28.585+05:30  INFO 18408 --- [bmp-rewards-service] [binder-health-1] org.apache.kafka.clients.NetworkClient   : [Consumer clientId=consumer-null-4, groupId=null] Node -1 disconnected.
2026-08-24T22:57:52.166+05:30  INFO 18408 --- [bmp-rewards-service] [rap-executor-%d] c.n.d.s.r.aws.ConfigClusterResolver      : Resolving eureka endpoints via configuration
2026-08-24T23:02:52.198+05:30  INFO 18408 --- [bmp-rewards-service] [rap-executor-%d] c.n.d.s.r.aws.ConfigClusterResolver      : Resolving eureka endpoints via configuration
2026-08-24T23:07:52.208+05:30  INFO 18408 --- [bmp-rewards-service] [rap-executor-%d] c.n.d.s.r.aws.ConfigClusterResolver      : Resolving eureka endpoints via configuration
2026-08-24T23:12:52.216+05:30  INFO 18408 --- [bmp-rewards-service] [rap-executor-%d] c.n.d.s.r.aws.ConfigClusterResolver      : Resolving eureka endpoints via configuration
2026-08-24T23:17:52.230+05:30  INFO 18408 --- [bmp-rewards-service] [rap-executor-%d] c.n.d.s.r.aws.ConfigClusterResolver      : Resolving eureka endpoints via configuration
2026-08-24T23:22:52.246+05:30  INFO 18408 --- [bmp-rewards-service] [rap-executor-%d] c.n.d.s.r.aws.ConfigClusterResolver      : Resolving eureka endpoints via configuration
2026-08-24T23:36:03.871+05:30  INFO 18408 --- [bmp-rewards-service] [46-5237e170e33d] o.a.k.c.c.internals.ConsumerCoordinator  : [Consumer clientId=consumer-anonymous.a287152f-8301-4fea-b346-5237e170e33d-2, groupId=anonymous.a287152f-8301-4fea-b346-5237e170e33d] Group coordinator localhost:9092 (id: 2147483646 rack: null) is unavailable or invalid due to cause: session timed out without receiving a heartbeat response. isDisconnected: false. Rediscovery will be attempted.
2026-08-24T23:36:03.958+05:30  INFO 18408 --- [bmp-rewards-service] [46-5237e170e33d] o.a.k.c.c.internals.ConsumerCoordinator  : [Consumer clientId=consumer-anonymous.a287152f-8301-4fea-b346-5237e170e33d-2, groupId=anonymous.a287152f-8301-4fea-b346-5237e170e33d] Requesting disconnect from last known coordinator localhost:9092 (id: 2147483646 rack: null)
2026-08-24T23:36:04.117+05:30  INFO 18408 --- [bmp-rewards-service] [46-5237e170e33d] org.apache.kafka.clients.NetworkClient   : [Consumer clientId=consumer-anonymous.a287152f-8301-4fea-b346-5237e170e33d-2, groupId=anonymous.a287152f-8301-4fea-b346-5237e170e33d] Client requested disconnect from node 2147483646
2026-08-24T23:36:04.244+05:30  INFO 18408 --- [bmp-rewards-service] [46-5237e170e33d] org.apache.kafka.clients.NetworkClient   : [Consumer clientId=consumer-anonymous.a287152f-8301-4fea-b346-5237e170e33d-2, groupId=anonymous.a287152f-8301-4fea-b346-5237e170e33d] Node 1 disconnected.
2026-08-24T23:36:04.305+05:30  INFO 18408 --- [bmp-rewards-service] [46-5237e170e33d] org.apache.kafka.clients.NetworkClient   : [Consumer clientId=consumer-anonymous.a287152f-8301-4fea-b346-5237e170e33d-2, groupId=anonymous.a287152f-8301-4fea-b346-5237e170e33d] Cancelled in-flight FETCH request with correlation id 6950 due to node 1 being disconnected (elapsed time since creation: 790766ms, elapsed time since send: 790766ms, throttle time: 0ms, request timeout: 30000ms)
2026-08-24T23:36:04.305+05:30  INFO 18408 --- [bmp-rewards-service] [46-5237e170e33d] org.apache.kafka.clients.NetworkClient   : [Consumer clientId=consumer-anonymous.a287152f-8301-4fea-b346-5237e170e33d-2, groupId=anonymous.a287152f-8301-4fea-b346-5237e170e33d] Cancelled in-flight METADATA request with correlation id 6951 due to node 1 being disconnected (elapsed time since creation: 284ms, elapsed time since send: 284ms, throttle time: 0ms, request timeout: 30000ms)
2026-08-24T23:36:04.666+05:30  INFO 18408 --- [bmp-rewards-service] [pool-2-thread-1] org.apache.kafka.clients.NetworkClient   : [Consumer clientId=consumer-anonymous.a287152f-8301-4fea-b346-5237e170e33d-3, groupId=anonymous.a287152f-8301-4fea-b346-5237e170e33d] Node 2147483646 disconnected.
2026-08-24T23:36:04.667+05:30  INFO 18408 --- [bmp-rewards-service] [pool-2-thread-1] org.apache.kafka.clients.NetworkClient   : [Consumer clientId=consumer-anonymous.a287152f-8301-4fea-b346-5237e170e33d-3, groupId=anonymous.a287152f-8301-4fea-b346-5237e170e33d] Disconnecting from node 1 due to request timeout.
2026-08-24T23:36:04.667+05:30  INFO 18408 --- [bmp-rewards-service] [pool-2-thread-1] org.apache.kafka.clients.NetworkClient   : [Consumer clientId=consumer-anonymous.a287152f-8301-4fea-b346-5237e170e33d-3, groupId=anonymous.a287152f-8301-4fea-b346-5237e170e33d] Cancelled in-flight LIST_OFFSETS request with correlation id 179 due to node 1 being disconnected (elapsed time since creation: 789372ms, elapsed time since send: 789457ms, throttle time: 0ms, request timeout: 30000ms)
2026-08-24T23:36:04.542+05:30  INFO 18408 --- [bmp-rewards-service] [46-5237e170e33d] o.a.kafka.clients.FetchSessionHandler    : [Consumer clientId=consumer-anonymous.a287152f-8301-4fea-b346-5237e170e33d-2, groupId=anonymous.a287152f-8301-4fea-b346-5237e170e33d] Error sending fetch request (sessionId=1412801414, epoch=5920) to node 1:

org.apache.kafka.common.errors.DisconnectException: null

2026-08-24T23:36:10.131+05:30  INFO 18408 --- [bmp-rewards-service] [container-0-C-1] o.a.k.c.c.internals.ConsumerCoordinator  : [Consumer clientId=consumer-anonymous.a287152f-8301-4fea-b346-5237e170e33d-2, groupId=anonymous.a287152f-8301-4fea-b346-5237e170e33d] Discovered group coordinator localhost:9092 (id: 2147483646 rack: null)
2026-08-24T23:36:22.491+05:30  WARN 18408 --- [bmp-rewards-service] [l-1 housekeeper] com.zaxxer.hikari.pool.HikariPool        : HikariPool-1 - Thread starvation or clock leap detected (housekeeper delta=13m36s499ms503µs200ns).
