
  .   ____          _            __ _ _
 /\\ / ___'_ __ _ _(_)_ __  __ _ \ \ \ \
( ( )\___ | '_ | '_| | '_ \/ _` | \ \ \ \
 \\/  ___)| |_)| | | | | || (_| |  ) ) ) )
  '  |____| .__|_| |_|_| |_\__, | / / / /
 =========|_|==============|___/=/_/_/_/

 :: Spring Boot ::                (v3.4.1)

2026-08-24T22:32:27.556+05:30  INFO 31748 --- [bmp-review-service] [           main] com.bmp.review.BmpReviewApplication      : Starting BmpReviewApplication using Java 21.0.11 with PID 31748 (C:\BMP -PRJ\BMP\bmp-review\target\classes started by Lenovo in C:\BMP -PRJ\BMP\bmp-review)
2026-08-24T22:32:27.559+05:30  INFO 31748 --- [bmp-review-service] [           main] com.bmp.review.BmpReviewApplication      : No active profile set, falling back to 1 default profile: "default"
2026-08-24T22:32:27.607+05:30  INFO 31748 --- [bmp-review-service] [           main] o.s.c.c.c.ConfigServerConfigDataLoader   : Fetching config from server at : http://localhost:8888
2026-08-24T22:32:27.607+05:30  INFO 31748 --- [bmp-review-service] [           main] o.s.c.c.c.ConfigServerConfigDataLoader   : Located environment: name=bmp-review-service, profiles=[default], label=null, version=e49a1a5dcfcb36643a08d9529e85f702a6d4d502, state=
2026-08-24T22:32:28.394+05:30  INFO 31748 --- [bmp-review-service] [           main] .s.d.r.c.RepositoryConfigurationDelegate : Bootstrapping Spring Data JPA repositories in DEFAULT mode.
2026-08-24T22:32:28.509+05:30  INFO 31748 --- [bmp-review-service] [           main] .s.d.r.c.RepositoryConfigurationDelegate : Finished Spring Data repository scanning in 105 ms. Found 6 JPA repository interfaces.
2026-08-24T22:32:29.184+05:30  INFO 31748 --- [bmp-review-service] [           main] faultConfiguringBeanFactoryPostProcessor : No bean named 'errorChannel' has been explicitly defined. Therefore, a default PublishSubscribeChannel will be created.
2026-08-24T22:32:29.196+05:30  INFO 31748 --- [bmp-review-service] [           main] faultConfiguringBeanFactoryPostProcessor : No bean named 'integrationHeaderChannelRegistry' has been explicitly defined. Therefore, a default DefaultHeaderChannelRegistry will be created.
2026-08-24T22:32:29.346+05:30  INFO 31748 --- [bmp-review-service] [           main] o.s.cloud.context.scope.GenericScope     : BeanFactory id=605e6449-d258-3783-96eb-3d9e787e843c
2026-08-24T22:32:30.016+05:30  INFO 31748 --- [bmp-review-service] [           main] o.s.b.w.embedded.tomcat.TomcatWebServer  : Tomcat initialized with port 8086 (http)
2026-08-24T22:32:30.031+05:30  INFO 31748 --- [bmp-review-service] [           main] o.apache.catalina.core.StandardService   : Starting service [Tomcat]
2026-08-24T22:32:30.032+05:30  INFO 31748 --- [bmp-review-service] [           main] o.apache.catalina.core.StandardEngine    : Starting Servlet engine: [Apache Tomcat/10.1.34]
2026-08-24T22:32:30.131+05:30  INFO 31748 --- [bmp-review-service] [           main] o.a.c.c.C.[Tomcat].[localhost].[/]       : Initializing Spring embedded WebApplicationContext
2026-08-24T22:32:30.133+05:30  INFO 31748 --- [bmp-review-service] [           main] w.s.c.ServletWebServerApplicationContext : Root WebApplicationContext: initialization completed in 2524 ms
2026-08-24T22:32:30.839+05:30  INFO 31748 --- [bmp-review-service] [           main] com.zaxxer.hikari.HikariDataSource       : HikariPool-1 - Starting...
2026-08-24T22:32:31.317+05:30  INFO 31748 --- [bmp-review-service] [           main] com.zaxxer.hikari.pool.HikariPool        : HikariPool-1 - Added connection org.postgresql.jdbc.PgConnection@7c751692
2026-08-24T22:32:31.321+05:30  INFO 31748 --- [bmp-review-service] [           main] com.zaxxer.hikari.HikariDataSource       : HikariPool-1 - Start completed.
2026-08-24T22:32:31.399+05:30  INFO 31748 --- [bmp-review-service] [           main] org.flywaydb.core.FlywayExecutor         : Database: jdbc:postgresql://localhost:5432/bmp (PostgreSQL 16.4)
2026-08-24T22:32:31.676+05:30  INFO 31748 --- [bmp-review-service] [           main] o.f.core.internal.command.DbValidate     : Successfully validated 5 migrations (execution time 00:00.112s)
2026-08-24T22:32:31.741+05:30  INFO 31748 --- [bmp-review-service] [           main] o.f.core.internal.command.DbMigrate      : Current version of schema "common_schema": 004
2026-08-24T22:32:31.752+05:30  INFO 31748 --- [bmp-review-service] [           main] o.f.core.internal.command.DbMigrate      : Schema "common_schema" is up to date. No migration necessary.
2026-08-24T22:32:32.628+05:30  INFO 31748 --- [bmp-review-service] [           main] o.hibernate.jpa.internal.util.LogHelper  : HHH000204: Processing PersistenceUnitInfo [name: default]
2026-08-24T22:32:33.297+05:30  INFO 31748 --- [bmp-review-service] [           main] org.hibernate.Version                    : HHH000412: Hibernate ORM core version 6.6.4.Final
2026-08-24T22:32:33.592+05:30  INFO 31748 --- [bmp-review-service] [           main] o.h.c.internal.RegionFactoryInitiator    : HHH000026: Second-level cache disabled
2026-08-24T22:32:35.909+05:30  INFO 31748 --- [bmp-review-service] [           main] o.s.o.j.p.SpringPersistenceUnitInfo      : No LoadTimeWeaver setup: ignoring JPA class transformer
2026-08-24T22:32:36.681+05:30  INFO 31748 --- [bmp-review-service] [           main] org.hibernate.orm.connections.pooling    : HHH10001005: Database info:
	Database JDBC URL [Connecting through datasource 'HikariDataSource (HikariPool-1)']
	Database driver: undefined/unknown
	Database version: 16.4
	Autocommit mode: undefined/unknown
	Isolation level: undefined/unknown
	Minimum pool size: undefined/unknown
	Maximum pool size: undefined/unknown
2026-08-24T22:32:40.915+05:30  INFO 31748 --- [bmp-review-service] [           main] o.h.e.t.j.p.i.JtaPlatformInitiator       : HHH000489: No JTA platform available (set 'hibernate.transaction.jta.platform' to enable JTA platform integration)
2026-08-24T22:32:41.130+05:30  INFO 31748 --- [bmp-review-service] [           main] j.LocalContainerEntityManagerFactoryBean : Initialized JPA EntityManagerFactory for persistence unit 'default'
2026-08-24T22:32:42.501+05:30  WARN 31748 --- [bmp-review-service] [           main] .s.s.UserDetailsServiceAutoConfiguration : 

Using generated security password: 4b329ce4-5f6d-4301-b385-b6b6bc6970f1

This generated password is for development use only. Your security configuration must be updated before running your application in production.

2026-08-24T22:32:42.526+05:30  INFO 31748 --- [bmp-review-service] [           main] r$InitializeUserDetailsManagerConfigurer : Global AuthenticationManager configured with UserDetailsService bean with name inMemoryUserDetailsManager
2026-08-24T22:32:43.516+05:30  INFO 31748 --- [bmp-review-service] [           main] o.s.b.a.e.web.EndpointLinksResolver      : Exposing 10 endpoints beneath base path '/actuator'
2026-08-24T22:32:44.838+05:30  INFO 31748 --- [bmp-review-service] [           main] o.s.c.s.m.DirectWithAttributesChannel    : Channel 'bmp-review-service.springCloudBusInput' has 1 subscriber(s).
2026-08-24T22:32:45.611+05:30  INFO 31748 --- [bmp-review-service] [           main] DiscoveryClientOptionalArgsConfiguration : Eureka HTTP Client uses RestTemplate.
2026-08-24T22:32:45.734+05:30  WARN 31748 --- [bmp-review-service] [           main] iguration$LoadBalancerCaffeineWarnLogger : Spring Cloud LoadBalancer is currently working with the default cache. While this cache implementation is useful for development and tests, it's recommended to use Caffeine cache in production.You can switch to using Caffeine cache, by adding it and org.springframework.cache.caffeine.CaffeineCacheManager to the classpath.
2026-08-24T22:32:45.969+05:30  INFO 31748 --- [bmp-review-service] [           main] o.s.i.endpoint.EventDrivenConsumer       : Adding {logging-channel-adapter:_org.springframework.integration.errorLogger} as a subscriber to the 'errorChannel' channel
2026-08-24T22:32:45.969+05:30  INFO 31748 --- [bmp-review-service] [           main] o.s.i.channel.PublishSubscribeChannel    : Channel 'bmp-review-service.errorChannel' has 1 subscriber(s).
2026-08-24T22:32:45.969+05:30  INFO 31748 --- [bmp-review-service] [           main] o.s.i.endpoint.EventDrivenConsumer       : started bean '_org.springframework.integration.errorLogger'
2026-08-24T22:32:45.984+05:30  INFO 31748 --- [bmp-review-service] [           main] o.s.c.n.eureka.InstanceInfoFactory       : Setting initial instance status as: STARTING
2026-08-24T22:32:46.021+05:30  INFO 31748 --- [bmp-review-service] [           main] com.netflix.discovery.DiscoveryClient    : Initializing Eureka in region us-east-1
2026-08-24T22:32:46.026+05:30  INFO 31748 --- [bmp-review-service] [           main] c.n.d.s.r.aws.ConfigClusterResolver      : Resolving eureka endpoints via configuration
2026-08-24T22:32:46.043+05:30  INFO 31748 --- [bmp-review-service] [           main] com.netflix.discovery.DiscoveryClient    : Disable delta property : false
2026-08-24T22:32:46.043+05:30  INFO 31748 --- [bmp-review-service] [           main] com.netflix.discovery.DiscoveryClient    : Single vip registry refresh property : null
2026-08-24T22:32:46.043+05:30  INFO 31748 --- [bmp-review-service] [           main] com.netflix.discovery.DiscoveryClient    : Force full registry fetch : false
2026-08-24T22:32:46.043+05:30  INFO 31748 --- [bmp-review-service] [           main] com.netflix.discovery.DiscoveryClient    : Application is null : false
2026-08-24T22:32:46.043+05:30  INFO 31748 --- [bmp-review-service] [           main] com.netflix.discovery.DiscoveryClient    : Registered Applications size is zero : true
2026-08-24T22:32:46.043+05:30  INFO 31748 --- [bmp-review-service] [           main] com.netflix.discovery.DiscoveryClient    : Application version is -1: true
2026-08-24T22:32:46.043+05:30  INFO 31748 --- [bmp-review-service] [           main] com.netflix.discovery.DiscoveryClient    : Getting all instance registry info from the eureka server
2026-08-24T22:32:46.431+05:30  INFO 31748 --- [bmp-review-service] [           main] com.netflix.discovery.DiscoveryClient    : The response status is 200
2026-08-24T22:32:46.434+05:30  INFO 31748 --- [bmp-review-service] [           main] com.netflix.discovery.DiscoveryClient    : Starting heartbeat executor: renew interval is: 30
2026-08-24T22:32:46.438+05:30  INFO 31748 --- [bmp-review-service] [           main] c.n.discovery.InstanceInfoReplicator     : InstanceInfoReplicator onDemand update allowed rate per min is 4
2026-08-24T22:32:46.439+05:30  INFO 31748 --- [bmp-review-service] [           main] com.netflix.discovery.DiscoveryClient    : Discovery Client initialized at timestamp 1787590966439 with initial instances count: 2
2026-08-24T22:32:46.451+05:30  INFO 31748 --- [bmp-review-service] [           main] o.s.c.n.e.s.EurekaServiceRegistry        : Registering application BMP-REVIEW-SERVICE with eureka with status UP
2026-08-24T22:32:46.452+05:30  INFO 31748 --- [bmp-review-service] [           main] com.netflix.discovery.DiscoveryClient    : Saw local status change event StatusChangeEvent [timestamp=1787590966452, current=UP, previous=STARTING]
2026-08-24T22:32:46.455+05:30  INFO 31748 --- [bmp-review-service] [foReplicator-%d] com.netflix.discovery.DiscoveryClient    : DiscoveryClient_BMP-REVIEW-SERVICE/Darshan.mshome.net:bmp-review-service:8086: registering service...
2026-08-24T22:32:46.486+05:30  INFO 31748 --- [bmp-review-service] [           main] o.s.b.w.embedded.tomcat.TomcatWebServer  : Tomcat started on port 8086 (http) with context path '/'
2026-08-24T22:32:46.487+05:30  INFO 31748 --- [bmp-review-service] [           main] .s.c.n.e.s.EurekaAutoServiceRegistration : Updating port to 8086
2026-08-24T22:32:46.488+05:30  INFO 31748 --- [bmp-review-service] [foReplicator-%d] com.netflix.discovery.DiscoveryClient    : DiscoveryClient_BMP-REVIEW-SERVICE/Darshan.mshome.net:bmp-review-service:8086 - registration status: 204
2026-08-24T22:32:46.495+05:30  INFO 31748 --- [bmp-review-service] [           main] o.s.c.s.binder.DefaultBinderFactory      : Creating binder: kafka
2026-08-24T22:32:46.496+05:30  INFO 31748 --- [bmp-review-service] [           main] o.s.c.s.binder.DefaultBinderFactory      : Constructing binder child context for kafka
2026-08-24T22:32:46.805+05:30  INFO 31748 --- [bmp-review-service] [           main] o.s.c.s.binder.DefaultBinderFactory      : Caching the binder: kafka
2026-08-24T22:32:46.841+05:30  INFO 31748 --- [bmp-review-service] [           main] o.a.k.clients.admin.AdminClientConfig    : AdminClientConfig values: 
	auto.include.jmx.reporter = true
	bootstrap.controllers = []
	bootstrap.servers = [localhost:9092]
	client.dns.lookup = use_all_dns_ips
	client.id = 
	connections.max.idle.ms = 300000
	default.api.timeout.ms = 60000
	enable.metrics.push = true
	metadata.max.age.ms = 300000
	metadata.recovery.strategy = none
	metric.reporters = []
	metrics.num.samples = 2
	metrics.recording.level = INFO
	metrics.sample.window.ms = 30000
	receive.buffer.bytes = 65536
	reconnect.backoff.max.ms = 1000
	reconnect.backoff.ms = 50
	request.timeout.ms = 30000
	retries = 2147483647
	retry.backoff.max.ms = 1000
	retry.backoff.ms = 100
	sasl.client.callback.handler.class = null
	sasl.jaas.config = null
	sasl.kerberos.kinit.cmd = /usr/bin/kinit
	sasl.kerberos.min.time.before.relogin = 60000
	sasl.kerberos.service.name = null
	sasl.kerberos.ticket.renew.jitter = 0.05
	sasl.kerberos.ticket.renew.window.factor = 0.8
	sasl.login.callback.handler.class = null
	sasl.login.class = null
	sasl.login.connect.timeout.ms = null
	sasl.login.read.timeout.ms = null
	sasl.login.refresh.buffer.seconds = 300
	sasl.login.refresh.min.period.seconds = 60
	sasl.login.refresh.window.factor = 0.8
	sasl.login.refresh.window.jitter = 0.05
	sasl.login.retry.backoff.max.ms = 10000
	sasl.login.retry.backoff.ms = 100
	sasl.mechanism = GSSAPI
	sasl.oauthbearer.clock.skew.seconds = 30
	sasl.oauthbearer.expected.audience = null
	sasl.oauthbearer.expected.issuer = null
	sasl.oauthbearer.jwks.endpoint.refresh.ms = 3600000
	sasl.oauthbearer.jwks.endpoint.retry.backoff.max.ms = 10000
	sasl.oauthbearer.jwks.endpoint.retry.backoff.ms = 100
	sasl.oauthbearer.jwks.endpoint.url = null
	sasl.oauthbearer.scope.claim.name = scope
	sasl.oauthbearer.sub.claim.name = sub
	sasl.oauthbearer.token.endpoint.url = null
	security.protocol = PLAINTEXT
	security.providers = null
	send.buffer.bytes = 131072
	socket.connection.setup.timeout.max.ms = 30000
	socket.connection.setup.timeout.ms = 10000
	ssl.cipher.suites = null
	ssl.enabled.protocols = [TLSv1.2, TLSv1.3]
	ssl.endpoint.identification.algorithm = https
	ssl.engine.factory.class = null
	ssl.key.password = null
	ssl.keymanager.algorithm = SunX509
	ssl.keystore.certificate.chain = null
	ssl.keystore.key = null
	ssl.keystore.location = null
	ssl.keystore.password = null
	ssl.keystore.type = JKS
	ssl.protocol = TLSv1.3
	ssl.provider = null
	ssl.secure.random.implementation = null
	ssl.trustmanager.algorithm = PKIX
	ssl.truststore.certificates = null
	ssl.truststore.location = null
	ssl.truststore.password = null
	ssl.truststore.type = JKS

2026-08-24T22:32:47.026+05:30  INFO 31748 --- [bmp-review-service] [           main] o.a.kafka.common.utils.AppInfoParser     : Kafka version: 3.8.1
2026-08-24T22:32:47.026+05:30  INFO 31748 --- [bmp-review-service] [           main] o.a.kafka.common.utils.AppInfoParser     : Kafka commitId: 70d6ff42debf7e17
2026-08-24T22:32:47.026+05:30  INFO 31748 --- [bmp-review-service] [           main] o.a.kafka.common.utils.AppInfoParser     : Kafka startTimeMs: 1787590967025
2026-08-24T22:32:47.545+05:30  INFO 31748 --- [bmp-review-service] [| adminclient-1] o.a.kafka.common.utils.AppInfoParser     : App info kafka.admin.client for adminclient-1 unregistered
2026-08-24T22:32:47.550+05:30  INFO 31748 --- [bmp-review-service] [| adminclient-1] o.apache.kafka.common.metrics.Metrics    : Metrics scheduler closed
2026-08-24T22:32:47.550+05:30  INFO 31748 --- [bmp-review-service] [| adminclient-1] o.apache.kafka.common.metrics.Metrics    : Closing reporter org.apache.kafka.common.metrics.JmxReporter
2026-08-24T22:32:47.550+05:30  INFO 31748 --- [bmp-review-service] [| adminclient-1] o.apache.kafka.common.metrics.Metrics    : Metrics reporters closed
2026-08-24T22:32:47.564+05:30  INFO 31748 --- [bmp-review-service] [           main] o.a.k.clients.consumer.ConsumerConfig    : ConsumerConfig values: 
	allow.auto.create.topics = true
	auto.commit.interval.ms = 100
	auto.include.jmx.reporter = true
	auto.offset.reset = latest
	bootstrap.servers = [localhost:9092]
	check.crcs = true
	client.dns.lookup = use_all_dns_ips
	client.id = consumer-anonymous.7a0ba1ab-f62e-4aae-9f0d-71e36a17401d-1
	client.rack = 
	connections.max.idle.ms = 540000
	default.api.timeout.ms = 60000
	enable.auto.commit = false
	enable.metrics.push = true
	exclude.internal.topics = true
	fetch.max.bytes = 52428800
	fetch.max.wait.ms = 500
	fetch.min.bytes = 1
	group.id = anonymous.7a0ba1ab-f62e-4aae-9f0d-71e36a17401d
	group.instance.id = null
	group.protocol = classic
	group.remote.assignor = null
	heartbeat.interval.ms = 3000
	interceptor.classes = []
	internal.leave.group.on.close = true
	internal.throw.on.fetch.stable.offset.unsupported = false
	isolation.level = read_uncommitted
	key.deserializer = class org.apache.kafka.common.serialization.ByteArrayDeserializer
	max.partition.fetch.bytes = 1048576
	max.poll.interval.ms = 300000
	max.poll.records = 500
	metadata.max.age.ms = 300000
	metadata.recovery.strategy = none
	metric.reporters = []
	metrics.num.samples = 2
	metrics.recording.level = INFO
	metrics.sample.window.ms = 30000
	partition.assignment.strategy = [class org.apache.kafka.clients.consumer.RangeAssignor, class org.apache.kafka.clients.consumer.CooperativeStickyAssignor]
	receive.buffer.bytes = 65536
	reconnect.backoff.max.ms = 1000
	reconnect.backoff.ms = 50
	request.timeout.ms = 30000
	retry.backoff.max.ms = 1000
	retry.backoff.ms = 100
	sasl.client.callback.handler.class = null
	sasl.jaas.config = null
	sasl.kerberos.kinit.cmd = /usr/bin/kinit
	sasl.kerberos.min.time.before.relogin = 60000
	sasl.kerberos.service.name = null
	sasl.kerberos.ticket.renew.jitter = 0.05
	sasl.kerberos.ticket.renew.window.factor = 0.8
	sasl.login.callback.handler.class = null
	sasl.login.class = null
	sasl.login.connect.timeout.ms = null
	sasl.login.read.timeout.ms = null
	sasl.login.refresh.buffer.seconds = 300
	sasl.login.refresh.min.period.seconds = 60
	sasl.login.refresh.window.factor = 0.8
	sasl.login.refresh.window.jitter = 0.05
	sasl.login.retry.backoff.max.ms = 10000
	sasl.login.retry.backoff.ms = 100
	sasl.mechanism = GSSAPI
	sasl.oauthbearer.clock.skew.seconds = 30
	sasl.oauthbearer.expected.audience = null
	sasl.oauthbearer.expected.issuer = null
	sasl.oauthbearer.jwks.endpoint.refresh.ms = 3600000
	sasl.oauthbearer.jwks.endpoint.retry.backoff.max.ms = 10000
	sasl.oauthbearer.jwks.endpoint.retry.backoff.ms = 100
	sasl.oauthbearer.jwks.endpoint.url = null
	sasl.oauthbearer.scope.claim.name = scope
	sasl.oauthbearer.sub.claim.name = sub
	sasl.oauthbearer.token.endpoint.url = null
	security.protocol = PLAINTEXT
	security.providers = null
	send.buffer.bytes = 131072
	session.timeout.ms = 45000
	socket.connection.setup.timeout.max.ms = 30000
	socket.connection.setup.timeout.ms = 10000
	ssl.cipher.suites = null
	ssl.enabled.protocols = [TLSv1.2, TLSv1.3]
	ssl.endpoint.identification.algorithm = https
	ssl.engine.factory.class = null
	ssl.key.password = null
	ssl.keymanager.algorithm = SunX509
	ssl.keystore.certificate.chain = null
	ssl.keystore.key = null
	ssl.keystore.location = null
	ssl.keystore.password = null
	ssl.keystore.type = JKS
	ssl.protocol = TLSv1.3
	ssl.provider = null
	ssl.secure.random.implementation = null
	ssl.trustmanager.algorithm = PKIX
	ssl.truststore.certificates = null
	ssl.truststore.location = null
	ssl.truststore.password = null
	ssl.truststore.type = JKS
	value.deserializer = class org.apache.kafka.common.serialization.ByteArrayDeserializer

2026-08-24T22:32:47.623+05:30  INFO 31748 --- [bmp-review-service] [           main] o.a.k.c.t.i.KafkaMetricsCollector        : initializing Kafka metrics collector
2026-08-24T22:32:47.692+05:30  INFO 31748 --- [bmp-review-service] [           main] o.a.kafka.common.utils.AppInfoParser     : Kafka version: 3.8.1
2026-08-24T22:32:47.692+05:30  INFO 31748 --- [bmp-review-service] [           main] o.a.kafka.common.utils.AppInfoParser     : Kafka commitId: 70d6ff42debf7e17
2026-08-24T22:32:47.692+05:30  INFO 31748 --- [bmp-review-service] [           main] o.a.kafka.common.utils.AppInfoParser     : Kafka startTimeMs: 1787590967691
2026-08-24T22:32:47.718+05:30  INFO 31748 --- [bmp-review-service] [           main] org.apache.kafka.clients.Metadata        : [Consumer clientId=consumer-anonymous.7a0ba1ab-f62e-4aae-9f0d-71e36a17401d-1, groupId=anonymous.7a0ba1ab-f62e-4aae-9f0d-71e36a17401d] Cluster ID: 5L6g3nShT-eMCtK--X86sw
2026-08-24T22:32:47.721+05:30  INFO 31748 --- [bmp-review-service] [           main] o.a.k.c.c.internals.ConsumerCoordinator  : [Consumer clientId=consumer-anonymous.7a0ba1ab-f62e-4aae-9f0d-71e36a17401d-1, groupId=anonymous.7a0ba1ab-f62e-4aae-9f0d-71e36a17401d] Resetting generation and member id due to: consumer pro-actively leaving the group
2026-08-24T22:32:47.721+05:30  INFO 31748 --- [bmp-review-service] [           main] o.a.k.c.c.internals.ConsumerCoordinator  : [Consumer clientId=consumer-anonymous.7a0ba1ab-f62e-4aae-9f0d-71e36a17401d-1, groupId=anonymous.7a0ba1ab-f62e-4aae-9f0d-71e36a17401d] Request joining group due to: consumer pro-actively leaving the group
2026-08-24T22:32:47.726+05:30  INFO 31748 --- [bmp-review-service] [           main] o.apache.kafka.common.metrics.Metrics    : Metrics scheduler closed
2026-08-24T22:32:47.727+05:30  INFO 31748 --- [bmp-review-service] [           main] o.apache.kafka.common.metrics.Metrics    : Closing reporter org.apache.kafka.common.metrics.JmxReporter
2026-08-24T22:32:47.727+05:30  INFO 31748 --- [bmp-review-service] [           main] o.apache.kafka.common.metrics.Metrics    : Closing reporter org.apache.kafka.common.telemetry.internals.ClientTelemetryReporter
2026-08-24T22:32:47.727+05:30  INFO 31748 --- [bmp-review-service] [           main] o.apache.kafka.common.metrics.Metrics    : Metrics reporters closed
2026-08-24T22:32:47.731+05:30  INFO 31748 --- [bmp-review-service] [           main] o.a.kafka.common.utils.AppInfoParser     : App info kafka.consumer for consumer-anonymous.7a0ba1ab-f62e-4aae-9f0d-71e36a17401d-1 unregistered
2026-08-24T22:32:47.785+05:30  INFO 31748 --- [bmp-review-service] [           main] o.s.c.stream.binder.BinderErrorChannel   : Channel 'kafka-974080382.springCloudBusInput.errors' has 1 subscriber(s).
2026-08-24T22:32:47.786+05:30  INFO 31748 --- [bmp-review-service] [           main] o.s.c.stream.binder.BinderErrorChannel   : Channel 'kafka-974080382.springCloudBusInput.errors' has 0 subscriber(s).
2026-08-24T22:32:47.787+05:30  INFO 31748 --- [bmp-review-service] [           main] o.s.c.stream.binder.BinderErrorChannel   : Channel 'kafka-974080382.springCloudBusInput.errors' has 1 subscriber(s).
2026-08-24T22:32:47.787+05:30  INFO 31748 --- [bmp-review-service] [           main] o.s.c.stream.binder.BinderErrorChannel   : Channel 'kafka-974080382.springCloudBusInput.errors' has 2 subscriber(s).
2026-08-24T22:32:47.806+05:30  INFO 31748 --- [bmp-review-service] [           main] o.a.k.clients.consumer.ConsumerConfig    : ConsumerConfig values: 
	allow.auto.create.topics = true
	auto.commit.interval.ms = 100
	auto.include.jmx.reporter = true
	auto.offset.reset = latest
	bootstrap.servers = [localhost:9092]
	check.crcs = true
	client.dns.lookup = use_all_dns_ips
	client.id = consumer-anonymous.7a0ba1ab-f62e-4aae-9f0d-71e36a17401d-2
	client.rack = 
	connections.max.idle.ms = 540000
	default.api.timeout.ms = 60000
	enable.auto.commit = false
	enable.metrics.push = true
	exclude.internal.topics = true
	fetch.max.bytes = 52428800
	fetch.max.wait.ms = 500
	fetch.min.bytes = 1
	group.id = anonymous.7a0ba1ab-f62e-4aae-9f0d-71e36a17401d
	group.instance.id = null
	group.protocol = classic
	group.remote.assignor = null
	heartbeat.interval.ms = 3000
	interceptor.classes = []
	internal.leave.group.on.close = true
	internal.throw.on.fetch.stable.offset.unsupported = false
	isolation.level = read_uncommitted
	key.deserializer = class org.apache.kafka.common.serialization.ByteArrayDeserializer
	max.partition.fetch.bytes = 1048576
	max.poll.interval.ms = 300000
	max.poll.records = 500
	metadata.max.age.ms = 300000
	metadata.recovery.strategy = none
	metric.reporters = []
	metrics.num.samples = 2
	metrics.recording.level = INFO
	metrics.sample.window.ms = 30000
	partition.assignment.strategy = [class org.apache.kafka.clients.consumer.RangeAssignor, class org.apache.kafka.clients.consumer.CooperativeStickyAssignor]
	receive.buffer.bytes = 65536
	reconnect.backoff.max.ms = 1000
	reconnect.backoff.ms = 50
	request.timeout.ms = 30000
	retry.backoff.max.ms = 1000
	retry.backoff.ms = 100
	sasl.client.callback.handler.class = null
	sasl.jaas.config = null
	sasl.kerberos.kinit.cmd = /usr/bin/kinit
	sasl.kerberos.min.time.before.relogin = 60000
	sasl.kerberos.service.name = null
	sasl.kerberos.ticket.renew.jitter = 0.05
	sasl.kerberos.ticket.renew.window.factor = 0.8
	sasl.login.callback.handler.class = null
	sasl.login.class = null
	sasl.login.connect.timeout.ms = null
	sasl.login.read.timeout.ms = null
	sasl.login.refresh.buffer.seconds = 300
	sasl.login.refresh.min.period.seconds = 60
	sasl.login.refresh.window.factor = 0.8
	sasl.login.refresh.window.jitter = 0.05
	sasl.login.retry.backoff.max.ms = 10000
	sasl.login.retry.backoff.ms = 100
	sasl.mechanism = GSSAPI
	sasl.oauthbearer.clock.skew.seconds = 30
	sasl.oauthbearer.expected.audience = null
	sasl.oauthbearer.expected.issuer = null
	sasl.oauthbearer.jwks.endpoint.refresh.ms = 3600000
	sasl.oauthbearer.jwks.endpoint.retry.backoff.max.ms = 10000
	sasl.oauthbearer.jwks.endpoint.retry.backoff.ms = 100
	sasl.oauthbearer.jwks.endpoint.url = null
	sasl.oauthbearer.scope.claim.name = scope
	sasl.oauthbearer.sub.claim.name = sub
	sasl.oauthbearer.token.endpoint.url = null
	security.protocol = PLAINTEXT
	security.providers = null
	send.buffer.bytes = 131072
	session.timeout.ms = 45000
	socket.connection.setup.timeout.max.ms = 30000
	socket.connection.setup.timeout.ms = 10000
	ssl.cipher.suites = null
	ssl.enabled.protocols = [TLSv1.2, TLSv1.3]
	ssl.endpoint.identification.algorithm = https
	ssl.engine.factory.class = null
	ssl.key.password = null
	ssl.keymanager.algorithm = SunX509
	ssl.keystore.certificate.chain = null
	ssl.keystore.key = null
	ssl.keystore.location = null
	ssl.keystore.password = null
	ssl.keystore.type = JKS
	ssl.protocol = TLSv1.3
	ssl.provider = null
	ssl.secure.random.implementation = null
	ssl.trustmanager.algorithm = PKIX
	ssl.truststore.certificates = null
	ssl.truststore.location = null
	ssl.truststore.password = null
	ssl.truststore.type = JKS
	value.deserializer = class org.apache.kafka.common.serialization.ByteArrayDeserializer

2026-08-24T22:32:47.807+05:30  INFO 31748 --- [bmp-review-service] [           main] o.a.k.c.t.i.KafkaMetricsCollector        : initializing Kafka metrics collector
2026-08-24T22:32:47.812+05:30  INFO 31748 --- [bmp-review-service] [           main] o.a.kafka.common.utils.AppInfoParser     : Kafka version: 3.8.1
2026-08-24T22:32:47.812+05:30  INFO 31748 --- [bmp-review-service] [           main] o.a.kafka.common.utils.AppInfoParser     : Kafka commitId: 70d6ff42debf7e17
2026-08-24T22:32:47.812+05:30  INFO 31748 --- [bmp-review-service] [           main] o.a.kafka.common.utils.AppInfoParser     : Kafka startTimeMs: 1787590967812
2026-08-24T22:32:47.817+05:30  INFO 31748 --- [bmp-review-service] [           main] o.a.k.c.c.internals.LegacyKafkaConsumer  : [Consumer clientId=consumer-anonymous.7a0ba1ab-f62e-4aae-9f0d-71e36a17401d-2, groupId=anonymous.7a0ba1ab-f62e-4aae-9f0d-71e36a17401d] Subscribed to topic(s): springCloudBus
2026-08-24T22:32:47.826+05:30  INFO 31748 --- [bmp-review-service] [           main] s.i.k.i.KafkaMessageDrivenChannelAdapter : started org.springframework.integration.kafka.inbound.KafkaMessageDrivenChannelAdapter@6a4430d7
2026-08-24T22:32:47.844+05:30  INFO 31748 --- [bmp-review-service] [container-0-C-1] org.apache.kafka.clients.Metadata        : [Consumer clientId=consumer-anonymous.7a0ba1ab-f62e-4aae-9f0d-71e36a17401d-2, groupId=anonymous.7a0ba1ab-f62e-4aae-9f0d-71e36a17401d] Cluster ID: 5L6g3nShT-eMCtK--X86sw
2026-08-24T22:32:47.846+05:30  INFO 31748 --- [bmp-review-service] [container-0-C-1] o.a.k.c.c.internals.ConsumerCoordinator  : [Consumer clientId=consumer-anonymous.7a0ba1ab-f62e-4aae-9f0d-71e36a17401d-2, groupId=anonymous.7a0ba1ab-f62e-4aae-9f0d-71e36a17401d] Discovered group coordinator localhost:9092 (id: 2147483646 rack: null)
2026-08-24T22:32:47.849+05:30  INFO 31748 --- [bmp-review-service] [container-0-C-1] o.a.k.c.c.internals.ConsumerCoordinator  : [Consumer clientId=consumer-anonymous.7a0ba1ab-f62e-4aae-9f0d-71e36a17401d-2, groupId=anonymous.7a0ba1ab-f62e-4aae-9f0d-71e36a17401d] (Re-)joining group
2026-08-24T22:32:47.874+05:30  INFO 31748 --- [bmp-review-service] [container-0-C-1] o.a.k.c.c.internals.ConsumerCoordinator  : [Consumer clientId=consumer-anonymous.7a0ba1ab-f62e-4aae-9f0d-71e36a17401d-2, groupId=anonymous.7a0ba1ab-f62e-4aae-9f0d-71e36a17401d] Request joining group due to: need to re-join with the given member-id: consumer-anonymous.7a0ba1ab-f62e-4aae-9f0d-71e36a17401d-2-055757b8-1e66-4c7c-9a91-aaf90f49a2c9
2026-08-24T22:32:47.875+05:30  INFO 31748 --- [bmp-review-service] [container-0-C-1] o.a.k.c.c.internals.ConsumerCoordinator  : [Consumer clientId=consumer-anonymous.7a0ba1ab-f62e-4aae-9f0d-71e36a17401d-2, groupId=anonymous.7a0ba1ab-f62e-4aae-9f0d-71e36a17401d] (Re-)joining group
2026-08-24T22:32:47.909+05:30  INFO 31748 --- [bmp-review-service] [           main] com.bmp.review.BmpReviewApplication      : Started BmpReviewApplication in 23.217 seconds (process running for 24.523)
2026-08-24T22:32:48.840+05:30  INFO 31748 --- [bmp-review-service] [pool-2-thread-1] o.a.k.clients.consumer.ConsumerConfig    : ConsumerConfig values: 
	allow.auto.create.topics = true
	auto.commit.interval.ms = 5000
	auto.include.jmx.reporter = true
	auto.offset.reset = latest
	bootstrap.servers = [localhost:9092]
	check.crcs = true
	client.dns.lookup = use_all_dns_ips
	client.id = consumer-anonymous.7a0ba1ab-f62e-4aae-9f0d-71e36a17401d-3
	client.rack = 
	connections.max.idle.ms = 540000
	default.api.timeout.ms = 60000
	enable.auto.commit = true
	enable.metrics.push = true
	exclude.internal.topics = true
	fetch.max.bytes = 52428800
	fetch.max.wait.ms = 500
	fetch.min.bytes = 1
	group.id = anonymous.7a0ba1ab-f62e-4aae-9f0d-71e36a17401d
	group.instance.id = null
	group.protocol = classic
	group.remote.assignor = null
	heartbeat.interval.ms = 3000
	interceptor.classes = []
	internal.leave.group.on.close = true
	internal.throw.on.fetch.stable.offset.unsupported = false
	isolation.level = read_uncommitted
	key.deserializer = class org.apache.kafka.common.serialization.ByteArrayDeserializer
	max.partition.fetch.bytes = 1048576
	max.poll.interval.ms = 300000
	max.poll.records = 500
	metadata.max.age.ms = 300000
	metadata.recovery.strategy = none
	metric.reporters = []
	metrics.num.samples = 2
	metrics.recording.level = INFO
	metrics.sample.window.ms = 30000
	partition.assignment.strategy = [class org.apache.kafka.clients.consumer.RangeAssignor, class org.apache.kafka.clients.consumer.CooperativeStickyAssignor]
	receive.buffer.bytes = 65536
	reconnect.backoff.max.ms = 1000
	reconnect.backoff.ms = 50
	request.timeout.ms = 30000
	retry.backoff.max.ms = 1000
	retry.backoff.ms = 100
	sasl.client.callback.handler.class = null
	sasl.jaas.config = null
	sasl.kerberos.kinit.cmd = /usr/bin/kinit
	sasl.kerberos.min.time.before.relogin = 60000
	sasl.kerberos.service.name = null
	sasl.kerberos.ticket.renew.jitter = 0.05
	sasl.kerberos.ticket.renew.window.factor = 0.8
	sasl.login.callback.handler.class = null
	sasl.login.class = null
	sasl.login.connect.timeout.ms = null
	sasl.login.read.timeout.ms = null
	sasl.login.refresh.buffer.seconds = 300
	sasl.login.refresh.min.period.seconds = 60
	sasl.login.refresh.window.factor = 0.8
	sasl.login.refresh.window.jitter = 0.05
	sasl.login.retry.backoff.max.ms = 10000
	sasl.login.retry.backoff.ms = 100
	sasl.mechanism = GSSAPI
	sasl.oauthbearer.clock.skew.seconds = 30
	sasl.oauthbearer.expected.audience = null
	sasl.oauthbearer.expected.issuer = null
	sasl.oauthbearer.jwks.endpoint.refresh.ms = 3600000
	sasl.oauthbearer.jwks.endpoint.retry.backoff.max.ms = 10000
	sasl.oauthbearer.jwks.endpoint.retry.backoff.ms = 100
	sasl.oauthbearer.jwks.endpoint.url = null
	sasl.oauthbearer.scope.claim.name = scope
	sasl.oauthbearer.sub.claim.name = sub
	sasl.oauthbearer.token.endpoint.url = null
	security.protocol = PLAINTEXT
	security.providers = null
	send.buffer.bytes = 131072
	session.timeout.ms = 45000
	socket.connection.setup.timeout.max.ms = 30000
	socket.connection.setup.timeout.ms = 10000
	ssl.cipher.suites = null
	ssl.enabled.protocols = [TLSv1.2, TLSv1.3]
	ssl.endpoint.identification.algorithm = https
	ssl.engine.factory.class = null
	ssl.key.password = null
	ssl.keymanager.algorithm = SunX509
	ssl.keystore.certificate.chain = null
	ssl.keystore.key = null
	ssl.keystore.location = null
	ssl.keystore.password = null
	ssl.keystore.type = JKS
	ssl.protocol = TLSv1.3
	ssl.provider = null
	ssl.secure.random.implementation = null
	ssl.trustmanager.algorithm = PKIX
	ssl.truststore.certificates = null
	ssl.truststore.location = null
	ssl.truststore.password = null
	ssl.truststore.type = JKS
	value.deserializer = class org.apache.kafka.common.serialization.ByteArrayDeserializer

2026-08-24T22:32:48.841+05:30  INFO 31748 --- [bmp-review-service] [pool-2-thread-1] o.a.k.c.t.i.KafkaMetricsCollector        : initializing Kafka metrics collector
2026-08-24T22:32:48.849+05:30  INFO 31748 --- [bmp-review-service] [pool-2-thread-1] o.a.kafka.common.utils.AppInfoParser     : Kafka version: 3.8.1
2026-08-24T22:32:48.849+05:30  INFO 31748 --- [bmp-review-service] [pool-2-thread-1] o.a.kafka.common.utils.AppInfoParser     : Kafka commitId: 70d6ff42debf7e17
2026-08-24T22:32:48.849+05:30  INFO 31748 --- [bmp-review-service] [pool-2-thread-1] o.a.kafka.common.utils.AppInfoParser     : Kafka startTimeMs: 1787590968849
2026-08-24T22:32:48.858+05:30  INFO 31748 --- [bmp-review-service] [pool-2-thread-1] org.apache.kafka.clients.Metadata        : [Consumer clientId=consumer-anonymous.7a0ba1ab-f62e-4aae-9f0d-71e36a17401d-3, groupId=anonymous.7a0ba1ab-f62e-4aae-9f0d-71e36a17401d] Cluster ID: 5L6g3nShT-eMCtK--X86sw
2026-08-24T22:32:48.884+05:30  INFO 31748 --- [bmp-review-service] [pool-2-thread-1] o.a.k.c.c.internals.ConsumerCoordinator  : [Consumer clientId=consumer-anonymous.7a0ba1ab-f62e-4aae-9f0d-71e36a17401d-3, groupId=anonymous.7a0ba1ab-f62e-4aae-9f0d-71e36a17401d] Discovered group coordinator localhost:9092 (id: 2147483646 rack: null)
2026-08-24T22:32:48.899+05:30  INFO 31748 --- [bmp-review-service] [pool-2-thread-1] o.a.k.c.c.internals.ConsumerCoordinator  : [Consumer clientId=consumer-anonymous.7a0ba1ab-f62e-4aae-9f0d-71e36a17401d-3, groupId=anonymous.7a0ba1ab-f62e-4aae-9f0d-71e36a17401d] Found no committed offset for partition springCloudBus-0
2026-08-24T22:32:50.884+05:30  INFO 31748 --- [bmp-review-service] [container-0-C-1] o.a.k.c.c.internals.ConsumerCoordinator  : [Consumer clientId=consumer-anonymous.7a0ba1ab-f62e-4aae-9f0d-71e36a17401d-2, groupId=anonymous.7a0ba1ab-f62e-4aae-9f0d-71e36a17401d] Successfully joined group with generation Generation{generationId=1, memberId='consumer-anonymous.7a0ba1ab-f62e-4aae-9f0d-71e36a17401d-2-055757b8-1e66-4c7c-9a91-aaf90f49a2c9', protocol='range'}
2026-08-24T22:32:50.891+05:30  INFO 31748 --- [bmp-review-service] [container-0-C-1] o.a.k.c.c.internals.ConsumerCoordinator  : [Consumer clientId=consumer-anonymous.7a0ba1ab-f62e-4aae-9f0d-71e36a17401d-2, groupId=anonymous.7a0ba1ab-f62e-4aae-9f0d-71e36a17401d] Finished assignment for group at generation 1: {consumer-anonymous.7a0ba1ab-f62e-4aae-9f0d-71e36a17401d-2-055757b8-1e66-4c7c-9a91-aaf90f49a2c9=Assignment(partitions=[springCloudBus-0])}
2026-08-24T22:32:50.908+05:30  INFO 31748 --- [bmp-review-service] [container-0-C-1] o.a.k.c.c.internals.ConsumerCoordinator  : [Consumer clientId=consumer-anonymous.7a0ba1ab-f62e-4aae-9f0d-71e36a17401d-2, groupId=anonymous.7a0ba1ab-f62e-4aae-9f0d-71e36a17401d] Successfully synced group in generation Generation{generationId=1, memberId='consumer-anonymous.7a0ba1ab-f62e-4aae-9f0d-71e36a17401d-2-055757b8-1e66-4c7c-9a91-aaf90f49a2c9', protocol='range'}
2026-08-24T22:32:50.909+05:30  INFO 31748 --- [bmp-review-service] [container-0-C-1] o.a.k.c.c.internals.ConsumerCoordinator  : [Consumer clientId=consumer-anonymous.7a0ba1ab-f62e-4aae-9f0d-71e36a17401d-2, groupId=anonymous.7a0ba1ab-f62e-4aae-9f0d-71e36a17401d] Notifying assignor about the new Assignment(partitions=[springCloudBus-0])
2026-08-24T22:32:50.912+05:30  INFO 31748 --- [bmp-review-service] [container-0-C-1] k.c.c.i.ConsumerRebalanceListenerInvoker : [Consumer clientId=consumer-anonymous.7a0ba1ab-f62e-4aae-9f0d-71e36a17401d-2, groupId=anonymous.7a0ba1ab-f62e-4aae-9f0d-71e36a17401d] Adding newly assigned partitions: springCloudBus-0
2026-08-24T22:32:50.916+05:30  INFO 31748 --- [bmp-review-service] [container-0-C-1] o.a.k.c.c.internals.ConsumerCoordinator  : [Consumer clientId=consumer-anonymous.7a0ba1ab-f62e-4aae-9f0d-71e36a17401d-2, groupId=anonymous.7a0ba1ab-f62e-4aae-9f0d-71e36a17401d] Found no committed offset for partition springCloudBus-0
2026-08-24T22:32:50.922+05:30  INFO 31748 --- [bmp-review-service] [container-0-C-1] o.a.k.c.c.internals.ConsumerCoordinator  : [Consumer clientId=consumer-anonymous.7a0ba1ab-f62e-4aae-9f0d-71e36a17401d-2, groupId=anonymous.7a0ba1ab-f62e-4aae-9f0d-71e36a17401d] Found no committed offset for partition springCloudBus-0
2026-08-24T22:32:50.931+05:30  INFO 31748 --- [bmp-review-service] [container-0-C-1] o.a.k.c.c.internals.SubscriptionState    : [Consumer clientId=consumer-anonymous.7a0ba1ab-f62e-4aae-9f0d-71e36a17401d-2, groupId=anonymous.7a0ba1ab-f62e-4aae-9f0d-71e36a17401d] Resetting offset for partition springCloudBus-0 to position FetchPosition{offset=0, offsetEpoch=Optional.empty, currentLeader=LeaderAndEpoch{leader=Optional[localhost:9092 (id: 1 rack: null)], epoch=0}}.
2026-08-24T22:32:50.943+05:30  INFO 31748 --- [bmp-review-service] [container-0-C-1] o.s.c.s.b.k.KafkaMessageChannelBinder$2  : anonymous.7a0ba1ab-f62e-4aae-9f0d-71e36a17401d: partitions assigned: [springCloudBus-0]
2026-08-24T22:33:29.309+05:30  INFO 31748 --- [bmp-review-service] [nio-8086-exec-1] o.a.c.c.C.[Tomcat].[localhost].[/]       : Initializing Spring DispatcherServlet 'dispatcherServlet'
2026-08-24T22:33:29.309+05:30  INFO 31748 --- [bmp-review-service] [nio-8086-exec-1] o.s.web.servlet.DispatcherServlet        : Initializing Servlet 'dispatcherServlet'
2026-08-24T22:33:29.314+05:30  INFO 31748 --- [bmp-review-service] [nio-8086-exec-1] o.s.web.servlet.DispatcherServlet        : Completed initialization in 5 ms
2026-08-24T22:33:29.390+05:30  INFO 31748 --- [bmp-review-service] [binder-health-1] o.a.k.clients.consumer.ConsumerConfig    : ConsumerConfig values: 
	allow.auto.create.topics = true
	auto.commit.interval.ms = 5000
	auto.include.jmx.reporter = true
	auto.offset.reset = latest
	bootstrap.servers = [localhost:9092]
	check.crcs = true
	client.dns.lookup = use_all_dns_ips
	client.id = consumer-null-4
	client.rack = 
	connections.max.idle.ms = 540000
	default.api.timeout.ms = 60000
	enable.auto.commit = false
	enable.metrics.push = true
	exclude.internal.topics = true
	fetch.max.bytes = 52428800
	fetch.max.wait.ms = 500
	fetch.min.bytes = 1
	group.id = null
	group.instance.id = null
	group.protocol = classic
	group.remote.assignor = null
	heartbeat.interval.ms = 3000
	interceptor.classes = []
	internal.leave.group.on.close = true
	internal.throw.on.fetch.stable.offset.unsupported = false
	isolation.level = read_uncommitted
	key.deserializer = class org.apache.kafka.common.serialization.ByteArrayDeserializer
	max.partition.fetch.bytes = 1048576
	max.poll.interval.ms = 300000
	max.poll.records = 500
	metadata.max.age.ms = 300000
	metadata.recovery.strategy = none
	metric.reporters = []
	metrics.num.samples = 2
	metrics.recording.level = INFO
	metrics.sample.window.ms = 30000
	partition.assignment.strategy = [class org.apache.kafka.clients.consumer.RangeAssignor, class org.apache.kafka.clients.consumer.CooperativeStickyAssignor]
	receive.buffer.bytes = 65536
	reconnect.backoff.max.ms = 1000
	reconnect.backoff.ms = 50
	request.timeout.ms = 30000
	retry.backoff.max.ms = 1000
	retry.backoff.ms = 100
	sasl.client.callback.handler.class = null
	sasl.jaas.config = null
	sasl.kerberos.kinit.cmd = /usr/bin/kinit
	sasl.kerberos.min.time.before.relogin = 60000
	sasl.kerberos.service.name = null
	sasl.kerberos.ticket.renew.jitter = 0.05
	sasl.kerberos.ticket.renew.window.factor = 0.8
	sasl.login.callback.handler.class = null
	sasl.login.class = null
	sasl.login.connect.timeout.ms = null
	sasl.login.read.timeout.ms = null
	sasl.login.refresh.buffer.seconds = 300
	sasl.login.refresh.min.period.seconds = 60
	sasl.login.refresh.window.factor = 0.8
	sasl.login.refresh.window.jitter = 0.05
	sasl.login.retry.backoff.max.ms = 10000
	sasl.login.retry.backoff.ms = 100
	sasl.mechanism = GSSAPI
	sasl.oauthbearer.clock.skew.seconds = 30
	sasl.oauthbearer.expected.audience = null
	sasl.oauthbearer.expected.issuer = null
	sasl.oauthbearer.jwks.endpoint.refresh.ms = 3600000
	sasl.oauthbearer.jwks.endpoint.retry.backoff.max.ms = 10000
	sasl.oauthbearer.jwks.endpoint.retry.backoff.ms = 100
	sasl.oauthbearer.jwks.endpoint.url = null
	sasl.oauthbearer.scope.claim.name = scope
	sasl.oauthbearer.sub.claim.name = sub
	sasl.oauthbearer.token.endpoint.url = null
	security.protocol = PLAINTEXT
	security.providers = null
	send.buffer.bytes = 131072
	session.timeout.ms = 45000
	socket.connection.setup.timeout.max.ms = 30000
	socket.connection.setup.timeout.ms = 10000
	ssl.cipher.suites = null
	ssl.enabled.protocols = [TLSv1.2, TLSv1.3]
	ssl.endpoint.identification.algorithm = https
	ssl.engine.factory.class = null
	ssl.key.password = null
	ssl.keymanager.algorithm = SunX509
	ssl.keystore.certificate.chain = null
	ssl.keystore.key = null
	ssl.keystore.location = null
	ssl.keystore.password = null
	ssl.keystore.type = JKS
	ssl.protocol = TLSv1.3
	ssl.provider = null
	ssl.secure.random.implementation = null
	ssl.trustmanager.algorithm = PKIX
	ssl.truststore.certificates = null
	ssl.truststore.location = null
	ssl.truststore.password = null
	ssl.truststore.type = JKS
	value.deserializer = class org.apache.kafka.common.serialization.ByteArrayDeserializer

2026-08-24T22:33:29.391+05:30  INFO 31748 --- [bmp-review-service] [binder-health-1] o.a.k.c.t.i.KafkaMetricsCollector        : initializing Kafka metrics collector
2026-08-24T22:33:29.397+05:30  INFO 31748 --- [bmp-review-service] [binder-health-1] o.a.kafka.common.utils.AppInfoParser     : Kafka version: 3.8.1
2026-08-24T22:33:29.397+05:30  INFO 31748 --- [bmp-review-service] [binder-health-1] o.a.kafka.common.utils.AppInfoParser     : Kafka commitId: 70d6ff42debf7e17
2026-08-24T22:33:29.397+05:30  INFO 31748 --- [bmp-review-service] [binder-health-1] o.a.kafka.common.utils.AppInfoParser     : Kafka startTimeMs: 1787591009397
2026-08-24T22:33:29.404+05:30  INFO 31748 --- [bmp-review-service] [binder-health-1] org.apache.kafka.clients.Metadata        : [Consumer clientId=consumer-null-4, groupId=null] Cluster ID: 5L6g3nShT-eMCtK--X86sw
2026-08-24T22:37:46.090+05:30  INFO 31748 --- [bmp-review-service] [rap-executor-%d] c.n.d.s.r.aws.ConfigClusterResolver      : Resolving eureka endpoints via configuration
2026-08-24T22:41:48.104+05:30  INFO 31748 --- [bmp-review-service] [container-0-C-1] org.apache.kafka.clients.NetworkClient   : [Consumer clientId=consumer-anonymous.7a0ba1ab-f62e-4aae-9f0d-71e36a17401d-2, groupId=anonymous.7a0ba1ab-f62e-4aae-9f0d-71e36a17401d] Node -1 disconnected.
2026-08-24T22:41:49.079+05:30  INFO 31748 --- [bmp-review-service] [pool-2-thread-1] org.apache.kafka.clients.NetworkClient   : [Consumer clientId=consumer-anonymous.7a0ba1ab-f62e-4aae-9f0d-71e36a17401d-3, groupId=anonymous.7a0ba1ab-f62e-4aae-9f0d-71e36a17401d] Node -1 disconnected.
2026-08-24T22:42:46.163+05:30  INFO 31748 --- [bmp-review-service] [rap-executor-%d] c.n.d.s.r.aws.ConfigClusterResolver      : Resolving eureka endpoints via configuration
2026-08-24T22:42:48.524+05:30  INFO 31748 --- [bmp-review-service] [binder-health-1] org.apache.kafka.clients.NetworkClient   : [Consumer clientId=consumer-null-4, groupId=null] Node -1 disconnected.
2026-08-24T22:47:46.176+05:30  INFO 31748 --- [bmp-review-service] [rap-executor-%d] c.n.d.s.r.aws.ConfigClusterResolver      : Resolving eureka endpoints via configuration
2026-08-24T22:51:48.019+05:30  INFO 31748 --- [bmp-review-service] [container-0-C-1] org.apache.kafka.clients.NetworkClient   : [Consumer clientId=consumer-anonymous.7a0ba1ab-f62e-4aae-9f0d-71e36a17401d-2, groupId=anonymous.7a0ba1ab-f62e-4aae-9f0d-71e36a17401d] Node -1 disconnected.
2026-08-24T22:51:49.474+05:30  INFO 31748 --- [bmp-review-service] [pool-2-thread-1] org.apache.kafka.clients.NetworkClient   : [Consumer clientId=consumer-anonymous.7a0ba1ab-f62e-4aae-9f0d-71e36a17401d-3, groupId=anonymous.7a0ba1ab-f62e-4aae-9f0d-71e36a17401d] Node -1 disconnected.
2026-08-24T22:52:46.198+05:30  INFO 31748 --- [bmp-review-service] [rap-executor-%d] c.n.d.s.r.aws.ConfigClusterResolver      : Resolving eureka endpoints via configuration
2026-08-24T22:53:28.530+05:30  INFO 31748 --- [bmp-review-service] [binder-health-1] org.apache.kafka.clients.NetworkClient   : [Consumer clientId=consumer-null-4, groupId=null] Node -1 disconnected.
2026-08-24T22:57:46.203+05:30  INFO 31748 --- [bmp-review-service] [rap-executor-%d] c.n.d.s.r.aws.ConfigClusterResolver      : Resolving eureka endpoints via configuration
2026-08-24T23:02:46.223+05:30  INFO 31748 --- [bmp-review-service] [rap-executor-%d] c.n.d.s.r.aws.ConfigClusterResolver      : Resolving eureka endpoints via configuration
2026-08-24T23:07:46.236+05:30  INFO 31748 --- [bmp-review-service] [rap-executor-%d] c.n.d.s.r.aws.ConfigClusterResolver      : Resolving eureka endpoints via configuration
2026-08-24T23:12:46.260+05:30  INFO 31748 --- [bmp-review-service] [rap-executor-%d] c.n.d.s.r.aws.ConfigClusterResolver      : Resolving eureka endpoints via configuration
2026-08-24T23:17:46.286+05:30  INFO 31748 --- [bmp-review-service] [rap-executor-%d] c.n.d.s.r.aws.ConfigClusterResolver      : Resolving eureka endpoints via configuration
2026-08-24T23:22:46.292+05:30  INFO 31748 --- [bmp-review-service] [rap-executor-%d] c.n.d.s.r.aws.ConfigClusterResolver      : Resolving eureka endpoints via configuration
2026-08-24T23:36:04.158+05:30  INFO 31748 --- [bmp-review-service] [container-0-C-1] org.apache.kafka.clients.NetworkClient   : [Consumer clientId=consumer-anonymous.7a0ba1ab-f62e-4aae-9f0d-71e36a17401d-2, groupId=anonymous.7a0ba1ab-f62e-4aae-9f0d-71e36a17401d] Node 1 disconnected.
2026-08-24T23:36:04.288+05:30  INFO 31748 --- [bmp-review-service] [container-0-C-1] org.apache.kafka.clients.NetworkClient   : [Consumer clientId=consumer-anonymous.7a0ba1ab-f62e-4aae-9f0d-71e36a17401d-2, groupId=anonymous.7a0ba1ab-f62e-4aae-9f0d-71e36a17401d] Cancelled in-flight FETCH request with correlation id 6961 due to node 1 being disconnected (elapsed time since creation: 790537ms, elapsed time since send: 790537ms, throttle time: 0ms, request timeout: 30000ms)
2026-08-24T23:36:04.630+05:30  INFO 31748 --- [bmp-review-service] [container-0-C-1] org.apache.kafka.clients.NetworkClient   : [Consumer clientId=consumer-anonymous.7a0ba1ab-f62e-4aae-9f0d-71e36a17401d-2, groupId=anonymous.7a0ba1ab-f62e-4aae-9f0d-71e36a17401d] Disconnecting from node 2147483646 due to request timeout.
2026-08-24T23:36:04.631+05:30  INFO 31748 --- [bmp-review-service] [container-0-C-1] org.apache.kafka.clients.NetworkClient   : [Consumer clientId=consumer-anonymous.7a0ba1ab-f62e-4aae-9f0d-71e36a17401d-2, groupId=anonymous.7a0ba1ab-f62e-4aae-9f0d-71e36a17401d] Cancelled in-flight HEARTBEAT request with correlation id 6962 due to node 2147483646 being disconnected (elapsed time since creation: 790409ms, elapsed time since send: 790409ms, throttle time: 0ms, request timeout: 30000ms)
2026-08-24T23:36:04.676+05:30  INFO 31748 --- [bmp-review-service] [0d-71e36a17401d] o.a.k.c.c.internals.ConsumerCoordinator  : [Consumer clientId=consumer-anonymous.7a0ba1ab-f62e-4aae-9f0d-71e36a17401d-2, groupId=anonymous.7a0ba1ab-f62e-4aae-9f0d-71e36a17401d] Group coordinator localhost:9092 (id: 2147483646 rack: null) is unavailable or invalid due to cause: null. isDisconnected: true. Rediscovery will be attempted.
2026-08-24T23:36:08.458+05:30  INFO 31748 --- [bmp-review-service] [0d-71e36a17401d] o.a.k.c.c.internals.ConsumerCoordinator  : [Consumer clientId=consumer-anonymous.7a0ba1ab-f62e-4aae-9f0d-71e36a17401d-2, groupId=anonymous.7a0ba1ab-f62e-4aae-9f0d-71e36a17401d] Discovered group coordinator localhost:9092 (id: 2147483646 rack: null)
2026-08-24T23:36:08.527+05:30  WARN 31748 --- [bmp-review-service] [0d-71e36a17401d] o.a.k.c.c.internals.ConsumerCoordinator  : [Consumer clientId=consumer-anonymous.7a0ba1ab-f62e-4aae-9f0d-71e36a17401d-2, groupId=anonymous.7a0ba1ab-f62e-4aae-9f0d-71e36a17401d] consumer poll timeout has expired. This means the time between subsequent calls to poll() was longer than the configured max.poll.interval.ms, which typically implies that the poll loop is spending too much time processing messages. You can address this either by increasing max.poll.interval.ms or by reducing the maximum size of batches returned in poll() with max.poll.records.
2026-08-24T23:36:08.578+05:30  INFO 31748 --- [bmp-review-service] [0d-71e36a17401d] o.a.k.c.c.internals.ConsumerCoordinator  : [Consumer clientId=consumer-anonymous.7a0ba1ab-f62e-4aae-9f0d-71e36a17401d-2, groupId=anonymous.7a0ba1ab-f62e-4aae-9f0d-71e36a17401d] Member consumer-anonymous.7a0ba1ab-f62e-4aae-9f0d-71e36a17401d-2-055757b8-1e66-4c7c-9a91-aaf90f49a2c9 sending LeaveGroup request to coordinator localhost:9092 (id: 2147483646 rack: null) due to consumer poll timeout has expired.
2026-08-24T23:36:08.637+05:30  INFO 31748 --- [bmp-review-service] [0d-71e36a17401d] o.a.k.c.c.internals.ConsumerCoordinator  : [Consumer clientId=consumer-anonymous.7a0ba1ab-f62e-4aae-9f0d-71e36a17401d-2, groupId=anonymous.7a0ba1ab-f62e-4aae-9f0d-71e36a17401d] Resetting generation and member id due to: consumer pro-actively leaving the group
2026-08-24T23:36:08.669+05:30  INFO 31748 --- [bmp-review-service] [0d-71e36a17401d] o.a.k.c.c.internals.ConsumerCoordinator  : [Consumer clientId=consumer-anonymous.7a0ba1ab-f62e-4aae-9f0d-71e36a17401d-2, groupId=anonymous.7a0ba1ab-f62e-4aae-9f0d-71e36a17401d] Request joining group due to: consumer pro-actively leaving the group
2026-08-24T23:36:08.766+05:30  WARN 31748 --- [bmp-review-service] [l-1 housekeeper] com.zaxxer.hikari.pool.HikariPool        : HikariPool-1 - Thread starvation or clock leap detected (housekeeper delta=13m36s557ms541µs200ns).
2026-08-24T23:36:04.679+05:30  INFO 31748 --- [bmp-review-service] [container-0-C-1] o.a.kafka.clients.FetchSessionHandler    : [Consumer clientId=consumer-anonymous.7a0ba1ab-f62e-4aae-9f0d-71e36a17401d-2, groupId=anonymous.7a0ba1ab-f62e-4aae-9f0d-71e36a17401d] Error sending fetch request (sessionId=1166945022, epoch=5930) to node 1:

org.apache.kafka.common.errors.DisconnectException: null

2026-08-24T23:36:11.243+05:30  INFO 31748 --- [bmp-review-service] [container-0-C-1] o.a.k.c.c.internals.ConsumerCoordinator  : [Consumer clientId=consumer-anonymous.7a0ba1ab-f62e-4aae-9f0d-71e36a17401d-2, groupId=anonymous.7a0ba1ab-f62e-4aae-9f0d-71e36a17401d] Giving away all assigned partitions as lost since generation/memberID has been reset,indicating that consumer is in old state or no longer part of the group
2026-08-24T23:36:11.399+05:30  INFO 31748 --- [bmp-review-service] [container-0-C-1] k.c.c.i.ConsumerRebalanceListenerInvoker : [Consumer clientId=consumer-anonymous.7a0ba1ab-f62e-4aae-9f0d-71e36a17401d-2, groupId=anonymous.7a0ba1ab-f62e-4aae-9f0d-71e36a17401d] Lost previously assigned partitions springCloudBus-0
2026-08-24T23:36:12.020+05:30  INFO 31748 --- [bmp-review-service] [container-0-C-1] o.s.c.s.b.k.KafkaMessageChannelBinder$2  : anonymous.7a0ba1ab-f62e-4aae-9f0d-71e36a17401d: partitions lost: [springCloudBus-0]
2026-08-24T23:36:12.098+05:30  INFO 31748 --- [bmp-review-service] [container-0-C-1] o.s.c.s.b.k.KafkaMessageChannelBinder$2  : anonymous.7a0ba1ab-f62e-4aae-9f0d-71e36a17401d: partitions revoked: [springCloudBus-0]
2026-08-24T23:36:12.169+05:30  INFO 31748 --- [bmp-review-service] [container-0-C-1] o.a.k.c.c.internals.ConsumerCoordinator  : [Consumer clientId=consumer-anonymous.7a0ba1ab-f62e-4aae-9f0d-71e36a17401d-2, groupId=anonymous.7a0ba1ab-f62e-4aae-9f0d-71e36a17401d] (Re-)joining group
2026-08-24T23:36:12.287+05:30  INFO 31748 --- [bmp-review-service] [container-0-C-1] o.a.k.c.c.internals.ConsumerCoordinator  : [Consumer clientId=consumer-anonymous.7a0ba1ab-f62e-4aae-9f0d-71e36a17401d-2, groupId=anonymous.7a0ba1ab-f62e-4aae-9f0d-71e36a17401d] Discovered group coordinator localhost:9092 (id: 2147483646 rack: null)
2026-08-24T23:36:12.452+05:30  INFO 31748 --- [bmp-review-service] [container-0-C-1] o.a.k.c.c.internals.ConsumerCoordinator  : [Consumer clientId=consumer-anonymous.7a0ba1ab-f62e-4aae-9f0d-71e36a17401d-2, groupId=anonymous.7a0ba1ab-f62e-4aae-9f0d-71e36a17401d] Discovered group coordinator localhost:9092 (id: 2147483646 rack: null)
2026-08-24T23:36:12.468+05:30  INFO 31748 --- [bmp-review-service] [container-0-C-1] o.a.k.c.c.internals.ConsumerCoordinator  : [Consumer clientId=consumer-anonymous.7a0ba1ab-f62e-4aae-9f0d-71e36a17401d-2, groupId=anonymous.7a0ba1ab-f62e-4aae-9f0d-71e36a17401d] Discovered group coordinator localhost:9092 (id: 2147483646 rack: null)
2026-08-24T23:36:12.525+05:30  INFO 31748 --- [bmp-review-service] [container-0-C-1] o.a.k.c.c.internals.ConsumerCoordinator  : [Consumer clientId=consumer-anonymous.7a0ba1ab-f62e-4aae-9f0d-71e36a17401d-2, groupId=anonymous.7a0ba1ab-f62e-4aae-9f0d-71e36a17401d] Discovered group coordinator localhost:9092 (id: 2147483646 rack: null)
2026-08-24T23:36:12.527+05:30  INFO 31748 --- [bmp-review-service] [container-0-C-1] o.a.k.c.c.internals.ConsumerCoordinator  : [Consumer clientId=consumer-anonymous.7a0ba1ab-f62e-4aae-9f0d-71e36a17401d-2, groupId=anonymous.7a0ba1ab-f62e-4aae-9f0d-71e36a17401d] Request joining group due to: need to re-join with the given member-id: consumer-anonymous.7a0ba1ab-f62e-4aae-9f0d-71e36a17401d-2-9c9a0210-1a1a-4733-80cd-e6af340f9b87
2026-08-24T23:36:12.528+05:30  INFO 31748 --- [bmp-review-service] [container-0-C-1] o.a.k.c.c.internals.ConsumerCoordinator  : [Consumer clientId=consumer-anonymous.7a0ba1ab-f62e-4aae-9f0d-71e36a17401d-2, groupId=anonymous.7a0ba1ab-f62e-4aae-9f0d-71e36a17401d] Discovered group coordinator localhost:9092 (id: 2147483646 rack: null)
2026-08-24T23:36:12.529+05:30  INFO 31748 --- [bmp-review-service] [container-0-C-1] o.a.k.c.c.internals.ConsumerCoordinator  : [Consumer clientId=consumer-anonymous.7a0ba1ab-f62e-4aae-9f0d-71e36a17401d-2, groupId=anonymous.7a0ba1ab-f62e-4aae-9f0d-71e36a17401d] (Re-)joining group
2026-08-24T23:36:12.535+05:30  INFO 31748 --- [bmp-review-service] [container-0-C-1] o.a.k.c.c.internals.ConsumerCoordinator  : [Consumer clientId=consumer-anonymous.7a0ba1ab-f62e-4aae-9f0d-71e36a17401d-2, groupId=anonymous.7a0ba1ab-f62e-4aae-9f0d-71e36a17401d] Discovered group coordinator localhost:9092 (id: 2147483646 rack: null)
2026-08-24T23:36:12.535+05:30  INFO 31748 --- [bmp-review-service] [container-0-C-1] o.a.k.c.c.internals.ConsumerCoordinator  : [Consumer clientId=consumer-anonymous.7a0ba1ab-f62e-4aae-9f0d-71e36a17401d-2, groupId=anonymous.7a0ba1ab-f62e-4aae-9f0d-71e36a17401d] Discovered group coordinator localhost:9092 (id: 2147483646 rack: null)
2026-08-24T23:36:15.552+05:30  INFO 31748 --- [bmp-review-service] [container-0-C-1] o.a.k.c.c.internals.ConsumerCoordinator  : [Consumer clientId=consumer-anonymous.7a0ba1ab-f62e-4aae-9f0d-71e36a17401d-2, groupId=anonymous.7a0ba1ab-f62e-4aae-9f0d-71e36a17401d] Successfully joined group with generation Generation{generationId=3, memberId='consumer-anonymous.7a0ba1ab-f62e-4aae-9f0d-71e36a17401d-2-9c9a0210-1a1a-4733-80cd-e6af340f9b87', protocol='range'}
2026-08-24T23:36:15.583+05:30  INFO 31748 --- [bmp-review-service] [container-0-C-1] o.a.k.c.c.internals.ConsumerCoordinator  : [Consumer clientId=consumer-anonymous.7a0ba1ab-f62e-4aae-9f0d-71e36a17401d-2, groupId=anonymous.7a0ba1ab-f62e-4aae-9f0d-71e36a17401d] Finished assignment for group at generation 3: {consumer-anonymous.7a0ba1ab-f62e-4aae-9f0d-71e36a17401d-2-9c9a0210-1a1a-4733-80cd-e6af340f9b87=Assignment(partitions=[springCloudBus-0])}
2026-08-24T23:36:15.604+05:30  INFO 31748 --- [bmp-review-service] [container-0-C-1] o.a.k.c.c.internals.ConsumerCoordinator  : [Consumer clientId=consumer-anonymous.7a0ba1ab-f62e-4aae-9f0d-71e36a17401d-2, groupId=anonymous.7a0ba1ab-f62e-4aae-9f0d-71e36a17401d] Successfully synced group in generation Generation{generationId=3, memberId='consumer-anonymous.7a0ba1ab-f62e-4aae-9f0d-71e36a17401d-2-9c9a0210-1a1a-4733-80cd-e6af340f9b87', protocol='range'}
2026-08-24T23:36:15.606+05:30  INFO 31748 --- [bmp-review-service] [container-0-C-1] o.a.k.c.c.internals.ConsumerCoordinator  : [Consumer clientId=consumer-anonymous.7a0ba1ab-f62e-4aae-9f0d-71e36a17401d-2, groupId=anonymous.7a0ba1ab-f62e-4aae-9f0d-71e36a17401d] Notifying assignor about the new Assignment(partitions=[springCloudBus-0])
2026-08-24T23:36:15.606+05:30  INFO 31748 --- [bmp-review-service] [container-0-C-1] k.c.c.i.ConsumerRebalanceListenerInvoker : [Consumer clientId=consumer-anonymous.7a0ba1ab-f62e-4aae-9f0d-71e36a17401d-2, groupId=anonymous.7a0ba1ab-f62e-4aae-9f0d-71e36a17401d] Adding newly assigned partitions: springCloudBus-0
2026-08-24T23:36:15.676+05:30  INFO 31748 --- [bmp-review-service] [container-0-C-1] o.a.k.c.c.internals.ConsumerUtils        : Setting offset for partition springCloudBus-0 to the committed offset FetchPosition{offset=0, offsetEpoch=Optional.empty, currentLeader=LeaderAndEpoch{leader=Optional[localhost:9092 (id: 1 rack: null)], epoch=0}}
2026-08-24T23:36:15.698+05:30  INFO 31748 --- [bmp-review-service] [container-0-C-1] o.s.c.s.b.k.KafkaMessageChannelBinder$2  : anonymous.7a0ba1ab-f62e-4aae-9f0d-71e36a17401d: partitions assigned: [springCloudBus-0]
2026-08-24T23:36:56.653+05:30  INFO 31748 --- [bmp-review-service] [pool-2-thread-1] org.apache.kafka.clients.NetworkClient   : [Consumer clientId=consumer-anonymous.7a0ba1ab-f62e-4aae-9f0d-71e36a17401d-3, groupId=anonymous.7a0ba1ab-f62e-4aae-9f0d-71e36a17401d] Node 2147483646 disconnected.
2026-08-24T23:36:56.668+05:30  INFO 31748 --- [bmp-review-service] [pool-2-thread-1] o.a.k.c.c.internals.ConsumerCoordinator  : [Consumer clientId=consumer-anonymous.7a0ba1ab-f62e-4aae-9f0d-71e36a17401d-3, groupId=anonymous.7a0ba1ab-f62e-4aae-9f0d-71e36a17401d] Group coordinator localhost:9092 (id: 2147483646 rack: null) is unavailable or invalid due to cause: coordinator unavailable. isDisconnected: true. Rediscovery will be attempted.
2026-08-24T23:36:56.675+05:30  INFO 31748 --- [bmp-review-service] [pool-2-thread-1] o.a.k.c.c.internals.ConsumerCoordinator  : [Consumer clientId=consumer-anonymous.7a0ba1ab-f62e-4aae-9f0d-71e36a17401d-3, groupId=anonymous.7a0ba1ab-f62e-4aae-9f0d-71e36a17401d] Discovered group coordinator localhost:9092 (id: 2147483646 rack: null)
2026-08-24T23:36:56.675+05:30  INFO 31748 --- [bmp-review-service] [pool-2-thread-1] o.a.k.c.c.internals.ConsumerCoordinator  : [Consumer clientId=consumer-anonymous.7a0ba1ab-f62e-4aae-9f0d-71e36a17401d-3, groupId=anonymous.7a0ba1ab-f62e-4aae-9f0d-71e36a17401d] Group coordinator localhost:9092 (id: 2147483646 rack: null) is unavailable or invalid due to cause: coordinator unavailable. isDisconnected: false. Rediscovery will be attempted.
2026-08-24T23:36:56.675+05:30  INFO 31748 --- [bmp-review-service] [pool-2-thread-1] o.a.k.c.c.internals.ConsumerCoordinator  : [Consumer clientId=consumer-anonymous.7a0ba1ab-f62e-4aae-9f0d-71e36a17401d-3, groupId=anonymous.7a0ba1ab-f62e-4aae-9f0d-71e36a17401d] Requesting disconnect from last known coordinator localhost:9092 (id: 2147483646 rack: null)
2026-08-24T23:36:56.769+05:30  INFO 31748 --- [bmp-review-service] [pool-2-thread-1] o.a.k.c.c.internals.ConsumerCoordinator  : [Consumer clientId=consumer-anonymous.7a0ba1ab-f62e-4aae-9f0d-71e36a17401d-3, groupId=anonymous.7a0ba1ab-f62e-4aae-9f0d-71e36a17401d] Discovered group coordinator localhost:9092 (id: 2147483646 rack: null)
