
  .   ____          _            __ _ _
 /\\ / ___'_ __ _ _(_)_ __  __ _ \ \ \ \
( ( )\___ | '_ | '_| | '_ \/ _` | \ \ \ \
 \\/  ___)| |_)| | | | | || (_| |  ) ) ) )
  '  |____| .__|_| |_|_| |_\__, | / / / /
 =========|_|==============|___/=/_/_/_/

 :: Spring Boot ::                (v3.4.1)

2026-08-24T22:32:40.478+05:30  INFO 35176 --- [bmp-payment-service] [           main] com.bmp.payment.BmpPaymentApplication    : Starting BmpPaymentApplication using Java 21.0.11 with PID 35176 (C:\BMP -PRJ\BMP\bmp-payment\target\classes started by Lenovo in C:\BMP -PRJ\BMP\bmp-payment)
2026-08-24T22:32:40.482+05:30  INFO 35176 --- [bmp-payment-service] [           main] com.bmp.payment.BmpPaymentApplication    : No active profile set, falling back to 1 default profile: "default"
2026-08-24T22:32:40.567+05:30  INFO 35176 --- [bmp-payment-service] [           main] o.s.c.c.c.ConfigServerConfigDataLoader   : Fetching config from server at : http://localhost:8888
2026-08-24T22:32:40.568+05:30  INFO 35176 --- [bmp-payment-service] [           main] o.s.c.c.c.ConfigServerConfigDataLoader   : Located environment: name=bmp-payment-service, profiles=[default], label=null, version=e49a1a5dcfcb36643a08d9529e85f702a6d4d502, state=
2026-08-24T22:32:42.256+05:30  INFO 35176 --- [bmp-payment-service] [           main] .s.d.r.c.RepositoryConfigurationDelegate : Bootstrapping Spring Data JPA repositories in DEFAULT mode.
2026-08-24T22:32:42.503+05:30  INFO 35176 --- [bmp-payment-service] [           main] .s.d.r.c.RepositoryConfigurationDelegate : Finished Spring Data repository scanning in 234 ms. Found 10 JPA repository interfaces.
2026-08-24T22:32:43.889+05:30  INFO 35176 --- [bmp-payment-service] [           main] faultConfiguringBeanFactoryPostProcessor : No bean named 'errorChannel' has been explicitly defined. Therefore, a default PublishSubscribeChannel will be created.
2026-08-24T22:32:43.904+05:30  INFO 35176 --- [bmp-payment-service] [           main] faultConfiguringBeanFactoryPostProcessor : No bean named 'integrationHeaderChannelRegistry' has been explicitly defined. Therefore, a default DefaultHeaderChannelRegistry will be created.
2026-08-24T22:32:44.113+05:30  INFO 35176 --- [bmp-payment-service] [           main] o.s.cloud.context.scope.GenericScope     : BeanFactory id=f76ac6ea-5c56-3fa1-82b8-0a64b5d74ab8
2026-08-24T22:32:45.260+05:30  INFO 35176 --- [bmp-payment-service] [           main] o.s.b.w.embedded.tomcat.TomcatWebServer  : Tomcat initialized with port 8085 (http)
2026-08-24T22:32:45.280+05:30  INFO 35176 --- [bmp-payment-service] [           main] o.apache.catalina.core.StandardService   : Starting service [Tomcat]
2026-08-24T22:32:45.280+05:30  INFO 35176 --- [bmp-payment-service] [           main] o.apache.catalina.core.StandardEngine    : Starting Servlet engine: [Apache Tomcat/10.1.34]
2026-08-24T22:32:45.417+05:30  INFO 35176 --- [bmp-payment-service] [           main] o.a.c.c.C.[Tomcat].[localhost].[/]       : Initializing Spring embedded WebApplicationContext
2026-08-24T22:32:45.419+05:30  INFO 35176 --- [bmp-payment-service] [           main] w.s.c.ServletWebServerApplicationContext : Root WebApplicationContext: initialization completed in 4847 ms
2026-08-24T22:32:46.056+05:30  INFO 35176 --- [bmp-payment-service] [           main] com.zaxxer.hikari.HikariDataSource       : HikariPool-1 - Starting...
2026-08-24T22:32:46.231+05:30  INFO 35176 --- [bmp-payment-service] [           main] com.zaxxer.hikari.pool.HikariPool        : HikariPool-1 - Added connection org.postgresql.jdbc.PgConnection@5c13534a
2026-08-24T22:32:46.234+05:30  INFO 35176 --- [bmp-payment-service] [           main] com.zaxxer.hikari.HikariDataSource       : HikariPool-1 - Start completed.
2026-08-24T22:32:46.272+05:30  INFO 35176 --- [bmp-payment-service] [           main] org.flywaydb.core.FlywayExecutor         : Database: jdbc:postgresql://localhost:5432/bmp (PostgreSQL 16.4)
2026-08-24T22:32:46.365+05:30  INFO 35176 --- [bmp-payment-service] [           main] o.f.core.internal.command.DbValidate     : Successfully validated 4 migrations (execution time 00:00.050s)
2026-08-24T22:32:46.414+05:30  INFO 35176 --- [bmp-payment-service] [           main] o.f.core.internal.command.DbMigrate      : Current version of schema "common_schema": 003
2026-08-24T22:32:46.420+05:30  INFO 35176 --- [bmp-payment-service] [           main] o.f.core.internal.command.DbMigrate      : Schema "common_schema" is up to date. No migration necessary.
2026-08-24T22:32:46.542+05:30  INFO 35176 --- [bmp-payment-service] [           main] o.hibernate.jpa.internal.util.LogHelper  : HHH000204: Processing PersistenceUnitInfo [name: default]
2026-08-24T22:32:46.600+05:30  INFO 35176 --- [bmp-payment-service] [           main] org.hibernate.Version                    : HHH000412: Hibernate ORM core version 6.6.4.Final
2026-08-24T22:32:46.642+05:30  INFO 35176 --- [bmp-payment-service] [           main] o.h.c.internal.RegionFactoryInitiator    : HHH000026: Second-level cache disabled
2026-08-24T22:32:46.943+05:30  INFO 35176 --- [bmp-payment-service] [           main] o.s.o.j.p.SpringPersistenceUnitInfo      : No LoadTimeWeaver setup: ignoring JPA class transformer
2026-08-24T22:32:47.044+05:30  INFO 35176 --- [bmp-payment-service] [           main] org.hibernate.orm.connections.pooling    : HHH10001005: Database info:
	Database JDBC URL [Connecting through datasource 'HikariDataSource (HikariPool-1)']
	Database driver: undefined/unknown
	Database version: 16.4
	Autocommit mode: undefined/unknown
	Isolation level: undefined/unknown
	Minimum pool size: undefined/unknown
	Maximum pool size: undefined/unknown
2026-08-24T22:32:48.350+05:30  INFO 35176 --- [bmp-payment-service] [           main] o.h.e.t.j.p.i.JtaPlatformInitiator       : HHH000489: No JTA platform available (set 'hibernate.transaction.jta.platform' to enable JTA platform integration)
2026-08-24T22:32:48.431+05:30  INFO 35176 --- [bmp-payment-service] [           main] j.LocalContainerEntityManagerFactoryBean : Initialized JPA EntityManagerFactory for persistence unit 'default'
2026-08-24T22:32:48.993+05:30  WARN 35176 --- [bmp-payment-service] [           main] .s.s.UserDetailsServiceAutoConfiguration : 

Using generated security password: 0f5a914a-a592-4c3e-a195-78c7387a4cb4

This generated password is for development use only. Your security configuration must be updated before running your application in production.

2026-08-24T22:32:49.016+05:30  INFO 35176 --- [bmp-payment-service] [           main] r$InitializeUserDetailsManagerConfigurer : Global AuthenticationManager configured with UserDetailsService bean with name inMemoryUserDetailsManager
2026-08-24T22:32:49.681+05:30  INFO 35176 --- [bmp-payment-service] [           main] o.s.b.a.e.web.EndpointLinksResolver      : Exposing 10 endpoints beneath base path '/actuator'
2026-08-24T22:32:50.930+05:30  INFO 35176 --- [bmp-payment-service] [           main] o.s.c.s.m.DirectWithAttributesChannel    : Channel 'bmp-payment-service.springCloudBusInput' has 1 subscriber(s).
2026-08-24T22:32:51.369+05:30  INFO 35176 --- [bmp-payment-service] [           main] DiscoveryClientOptionalArgsConfiguration : Eureka HTTP Client uses RestTemplate.
2026-08-24T22:32:51.450+05:30  WARN 35176 --- [bmp-payment-service] [           main] iguration$LoadBalancerCaffeineWarnLogger : Spring Cloud LoadBalancer is currently working with the default cache. While this cache implementation is useful for development and tests, it's recommended to use Caffeine cache in production.You can switch to using Caffeine cache, by adding it and org.springframework.cache.caffeine.CaffeineCacheManager to the classpath.
2026-08-24T22:32:51.585+05:30  INFO 35176 --- [bmp-payment-service] [           main] o.s.i.endpoint.EventDrivenConsumer       : Adding {logging-channel-adapter:_org.springframework.integration.errorLogger} as a subscriber to the 'errorChannel' channel
2026-08-24T22:32:51.585+05:30  INFO 35176 --- [bmp-payment-service] [           main] o.s.i.channel.PublishSubscribeChannel    : Channel 'bmp-payment-service.errorChannel' has 1 subscriber(s).
2026-08-24T22:32:51.586+05:30  INFO 35176 --- [bmp-payment-service] [           main] o.s.i.endpoint.EventDrivenConsumer       : started bean '_org.springframework.integration.errorLogger'
2026-08-24T22:32:51.596+05:30  INFO 35176 --- [bmp-payment-service] [           main] o.s.c.n.eureka.InstanceInfoFactory       : Setting initial instance status as: STARTING
2026-08-24T22:32:51.618+05:30  INFO 35176 --- [bmp-payment-service] [           main] com.netflix.discovery.DiscoveryClient    : Initializing Eureka in region us-east-1
2026-08-24T22:32:51.621+05:30  INFO 35176 --- [bmp-payment-service] [           main] c.n.d.s.r.aws.ConfigClusterResolver      : Resolving eureka endpoints via configuration
2026-08-24T22:32:51.628+05:30  INFO 35176 --- [bmp-payment-service] [           main] com.netflix.discovery.DiscoveryClient    : Disable delta property : false
2026-08-24T22:32:51.629+05:30  INFO 35176 --- [bmp-payment-service] [           main] com.netflix.discovery.DiscoveryClient    : Single vip registry refresh property : null
2026-08-24T22:32:51.629+05:30  INFO 35176 --- [bmp-payment-service] [           main] com.netflix.discovery.DiscoveryClient    : Force full registry fetch : false
2026-08-24T22:32:51.629+05:30  INFO 35176 --- [bmp-payment-service] [           main] com.netflix.discovery.DiscoveryClient    : Application is null : false
2026-08-24T22:32:51.629+05:30  INFO 35176 --- [bmp-payment-service] [           main] com.netflix.discovery.DiscoveryClient    : Registered Applications size is zero : true
2026-08-24T22:32:51.629+05:30  INFO 35176 --- [bmp-payment-service] [           main] com.netflix.discovery.DiscoveryClient    : Application version is -1: true
2026-08-24T22:32:51.629+05:30  INFO 35176 --- [bmp-payment-service] [           main] com.netflix.discovery.DiscoveryClient    : Getting all instance registry info from the eureka server
2026-08-24T22:32:51.890+05:30  INFO 35176 --- [bmp-payment-service] [           main] com.netflix.discovery.DiscoveryClient    : The response status is 200
2026-08-24T22:32:51.892+05:30  INFO 35176 --- [bmp-payment-service] [           main] com.netflix.discovery.DiscoveryClient    : Starting heartbeat executor: renew interval is: 30
2026-08-24T22:32:51.894+05:30  INFO 35176 --- [bmp-payment-service] [           main] c.n.discovery.InstanceInfoReplicator     : InstanceInfoReplicator onDemand update allowed rate per min is 4
2026-08-24T22:32:51.895+05:30  INFO 35176 --- [bmp-payment-service] [           main] com.netflix.discovery.DiscoveryClient    : Discovery Client initialized at timestamp 1787590971895 with initial instances count: 2
2026-08-24T22:32:51.901+05:30  INFO 35176 --- [bmp-payment-service] [           main] o.s.c.n.e.s.EurekaServiceRegistry        : Registering application BMP-PAYMENT-SERVICE with eureka with status UP
2026-08-24T22:32:51.902+05:30  INFO 35176 --- [bmp-payment-service] [           main] com.netflix.discovery.DiscoveryClient    : Saw local status change event StatusChangeEvent [timestamp=1787590971902, current=UP, previous=STARTING]
2026-08-24T22:32:51.903+05:30  INFO 35176 --- [bmp-payment-service] [foReplicator-%d] com.netflix.discovery.DiscoveryClient    : DiscoveryClient_BMP-PAYMENT-SERVICE/Darshan.mshome.net:bmp-payment-service:8085: registering service...
2026-08-24T22:32:51.922+05:30  INFO 35176 --- [bmp-payment-service] [           main] o.s.b.w.embedded.tomcat.TomcatWebServer  : Tomcat started on port 8085 (http) with context path '/'
2026-08-24T22:32:51.923+05:30  INFO 35176 --- [bmp-payment-service] [           main] .s.c.n.e.s.EurekaAutoServiceRegistration : Updating port to 8085
2026-08-24T22:32:51.928+05:30  INFO 35176 --- [bmp-payment-service] [foReplicator-%d] com.netflix.discovery.DiscoveryClient    : DiscoveryClient_BMP-PAYMENT-SERVICE/Darshan.mshome.net:bmp-payment-service:8085 - registration status: 204
2026-08-24T22:32:51.931+05:30  INFO 35176 --- [bmp-payment-service] [           main] o.s.c.s.binder.DefaultBinderFactory      : Creating binder: kafka
2026-08-24T22:32:51.931+05:30  INFO 35176 --- [bmp-payment-service] [           main] o.s.c.s.binder.DefaultBinderFactory      : Constructing binder child context for kafka
2026-08-24T22:32:52.166+05:30  INFO 35176 --- [bmp-payment-service] [           main] o.s.c.s.binder.DefaultBinderFactory      : Caching the binder: kafka
2026-08-24T22:32:52.196+05:30  INFO 35176 --- [bmp-payment-service] [           main] o.a.k.clients.admin.AdminClientConfig    : AdminClientConfig values: 
	auto.include.jmx.reporter = true
	bootstrap.controllers = []
	bootstrap.servers = [localhost:9092]
	client.dns.lookup = use_all_dns_ips
	client.id = 
	connections.max.idle.ms = 300000
	default.api.timeout.ms = 60000
	enable.metrics.push = true
	metadata.max.age.ms = 300000
	metadata.recovery.strategy = none
	metric.reporters = []
	metrics.num.samples = 2
	metrics.recording.level = INFO
	metrics.sample.window.ms = 30000
	receive.buffer.bytes = 65536
	reconnect.backoff.max.ms = 1000
	reconnect.backoff.ms = 50
	request.timeout.ms = 30000
	retries = 2147483647
	retry.backoff.max.ms = 1000
	retry.backoff.ms = 100
	sasl.client.callback.handler.class = null
	sasl.jaas.config = null
	sasl.kerberos.kinit.cmd = /usr/bin/kinit
	sasl.kerberos.min.time.before.relogin = 60000
	sasl.kerberos.service.name = null
	sasl.kerberos.ticket.renew.jitter = 0.05
	sasl.kerberos.ticket.renew.window.factor = 0.8
	sasl.login.callback.handler.class = null
	sasl.login.class = null
	sasl.login.connect.timeout.ms = null
	sasl.login.read.timeout.ms = null
	sasl.login.refresh.buffer.seconds = 300
	sasl.login.refresh.min.period.seconds = 60
	sasl.login.refresh.window.factor = 0.8
	sasl.login.refresh.window.jitter = 0.05
	sasl.login.retry.backoff.max.ms = 10000
	sasl.login.retry.backoff.ms = 100
	sasl.mechanism = GSSAPI
	sasl.oauthbearer.clock.skew.seconds = 30
	sasl.oauthbearer.expected.audience = null
	sasl.oauthbearer.expected.issuer = null
	sasl.oauthbearer.jwks.endpoint.refresh.ms = 3600000
	sasl.oauthbearer.jwks.endpoint.retry.backoff.max.ms = 10000
	sasl.oauthbearer.jwks.endpoint.retry.backoff.ms = 100
	sasl.oauthbearer.jwks.endpoint.url = null
	sasl.oauthbearer.scope.claim.name = scope
	sasl.oauthbearer.sub.claim.name = sub
	sasl.oauthbearer.token.endpoint.url = null
	security.protocol = PLAINTEXT
	security.providers = null
	send.buffer.bytes = 131072
	socket.connection.setup.timeout.max.ms = 30000
	socket.connection.setup.timeout.ms = 10000
	ssl.cipher.suites = null
	ssl.enabled.protocols = [TLSv1.2, TLSv1.3]
	ssl.endpoint.identification.algorithm = https
	ssl.engine.factory.class = null
	ssl.key.password = null
	ssl.keymanager.algorithm = SunX509
	ssl.keystore.certificate.chain = null
	ssl.keystore.key = null
	ssl.keystore.location = null
	ssl.keystore.password = null
	ssl.keystore.type = JKS
	ssl.protocol = TLSv1.3
	ssl.provider = null
	ssl.secure.random.implementation = null
	ssl.trustmanager.algorithm = PKIX
	ssl.truststore.certificates = null
	ssl.truststore.location = null
	ssl.truststore.password = null
	ssl.truststore.type = JKS

2026-08-24T22:32:52.305+05:30  INFO 35176 --- [bmp-payment-service] [           main] o.a.kafka.common.utils.AppInfoParser     : Kafka version: 3.8.1
2026-08-24T22:32:52.305+05:30  INFO 35176 --- [bmp-payment-service] [           main] o.a.kafka.common.utils.AppInfoParser     : Kafka commitId: 70d6ff42debf7e17
2026-08-24T22:32:52.305+05:30  INFO 35176 --- [bmp-payment-service] [           main] o.a.kafka.common.utils.AppInfoParser     : Kafka startTimeMs: 1787590972304
2026-08-24T22:32:52.589+05:30  INFO 35176 --- [bmp-payment-service] [| adminclient-1] o.a.kafka.common.utils.AppInfoParser     : App info kafka.admin.client for adminclient-1 unregistered
2026-08-24T22:32:52.591+05:30  INFO 35176 --- [bmp-payment-service] [| adminclient-1] o.apache.kafka.common.metrics.Metrics    : Metrics scheduler closed
2026-08-24T22:32:52.591+05:30  INFO 35176 --- [bmp-payment-service] [| adminclient-1] o.apache.kafka.common.metrics.Metrics    : Closing reporter org.apache.kafka.common.metrics.JmxReporter
2026-08-24T22:32:52.592+05:30  INFO 35176 --- [bmp-payment-service] [| adminclient-1] o.apache.kafka.common.metrics.Metrics    : Metrics reporters closed
2026-08-24T22:32:52.600+05:30  INFO 35176 --- [bmp-payment-service] [           main] o.a.k.clients.consumer.ConsumerConfig    : ConsumerConfig values: 
	allow.auto.create.topics = true
	auto.commit.interval.ms = 100
	auto.include.jmx.reporter = true
	auto.offset.reset = latest
	bootstrap.servers = [localhost:9092]
	check.crcs = true
	client.dns.lookup = use_all_dns_ips
	client.id = consumer-anonymous.2c19dc37-d987-4597-b060-2e196a4a6e88-1
	client.rack = 
	connections.max.idle.ms = 540000
	default.api.timeout.ms = 60000
	enable.auto.commit = false
	enable.metrics.push = true
	exclude.internal.topics = true
	fetch.max.bytes = 52428800
	fetch.max.wait.ms = 500
	fetch.min.bytes = 1
	group.id = anonymous.2c19dc37-d987-4597-b060-2e196a4a6e88
	group.instance.id = null
	group.protocol = classic
	group.remote.assignor = null
	heartbeat.interval.ms = 3000
	interceptor.classes = []
	internal.leave.group.on.close = true
	internal.throw.on.fetch.stable.offset.unsupported = false
	isolation.level = read_uncommitted
	key.deserializer = class org.apache.kafka.common.serialization.ByteArrayDeserializer
	max.partition.fetch.bytes = 1048576
	max.poll.interval.ms = 300000
	max.poll.records = 500
	metadata.max.age.ms = 300000
	metadata.recovery.strategy = none
	metric.reporters = []
	metrics.num.samples = 2
	metrics.recording.level = INFO
	metrics.sample.window.ms = 30000
	partition.assignment.strategy = [class org.apache.kafka.clients.consumer.RangeAssignor, class org.apache.kafka.clients.consumer.CooperativeStickyAssignor]
	receive.buffer.bytes = 65536
	reconnect.backoff.max.ms = 1000
	reconnect.backoff.ms = 50
	request.timeout.ms = 30000
	retry.backoff.max.ms = 1000
	retry.backoff.ms = 100
	sasl.client.callback.handler.class = null
	sasl.jaas.config = null
	sasl.kerberos.kinit.cmd = /usr/bin/kinit
	sasl.kerberos.min.time.before.relogin = 60000
	sasl.kerberos.service.name = null
	sasl.kerberos.ticket.renew.jitter = 0.05
	sasl.kerberos.ticket.renew.window.factor = 0.8
	sasl.login.callback.handler.class = null
	sasl.login.class = null
	sasl.login.connect.timeout.ms = null
	sasl.login.read.timeout.ms = null
	sasl.login.refresh.buffer.seconds = 300
	sasl.login.refresh.min.period.seconds = 60
	sasl.login.refresh.window.factor = 0.8
	sasl.login.refresh.window.jitter = 0.05
	sasl.login.retry.backoff.max.ms = 10000
	sasl.login.retry.backoff.ms = 100
	sasl.mechanism = GSSAPI
	sasl.oauthbearer.clock.skew.seconds = 30
	sasl.oauthbearer.expected.audience = null
	sasl.oauthbearer.expected.issuer = null
	sasl.oauthbearer.jwks.endpoint.refresh.ms = 3600000
	sasl.oauthbearer.jwks.endpoint.retry.backoff.max.ms = 10000
	sasl.oauthbearer.jwks.endpoint.retry.backoff.ms = 100
	sasl.oauthbearer.jwks.endpoint.url = null
	sasl.oauthbearer.scope.claim.name = scope
	sasl.oauthbearer.sub.claim.name = sub
	sasl.oauthbearer.token.endpoint.url = null
	security.protocol = PLAINTEXT
	security.providers = null
	send.buffer.bytes = 131072
	session.timeout.ms = 45000
	socket.connection.setup.timeout.max.ms = 30000
	socket.connection.setup.timeout.ms = 10000
	ssl.cipher.suites = null
	ssl.enabled.protocols = [TLSv1.2, TLSv1.3]
	ssl.endpoint.identification.algorithm = https
	ssl.engine.factory.class = null
	ssl.key.password = null
	ssl.keymanager.algorithm = SunX509
	ssl.keystore.certificate.chain = null
	ssl.keystore.key = null
	ssl.keystore.location = null
	ssl.keystore.password = null
	ssl.keystore.type = JKS
	ssl.protocol = TLSv1.3
	ssl.provider = null
	ssl.secure.random.implementation = null
	ssl.trustmanager.algorithm = PKIX
	ssl.truststore.certificates = null
	ssl.truststore.location = null
	ssl.truststore.password = null
	ssl.truststore.type = JKS
	value.deserializer = class org.apache.kafka.common.serialization.ByteArrayDeserializer

2026-08-24T22:32:52.631+05:30  INFO 35176 --- [bmp-payment-service] [           main] o.a.k.c.t.i.KafkaMetricsCollector        : initializing Kafka metrics collector
2026-08-24T22:32:52.664+05:30  INFO 35176 --- [bmp-payment-service] [           main] o.a.kafka.common.utils.AppInfoParser     : Kafka version: 3.8.1
2026-08-24T22:32:52.664+05:30  INFO 35176 --- [bmp-payment-service] [           main] o.a.kafka.common.utils.AppInfoParser     : Kafka commitId: 70d6ff42debf7e17
2026-08-24T22:32:52.664+05:30  INFO 35176 --- [bmp-payment-service] [           main] o.a.kafka.common.utils.AppInfoParser     : Kafka startTimeMs: 1787590972664
2026-08-24T22:32:52.681+05:30  INFO 35176 --- [bmp-payment-service] [           main] org.apache.kafka.clients.Metadata        : [Consumer clientId=consumer-anonymous.2c19dc37-d987-4597-b060-2e196a4a6e88-1, groupId=anonymous.2c19dc37-d987-4597-b060-2e196a4a6e88] Cluster ID: 5L6g3nShT-eMCtK--X86sw
2026-08-24T22:32:52.682+05:30  INFO 35176 --- [bmp-payment-service] [           main] o.a.k.c.c.internals.ConsumerCoordinator  : [Consumer clientId=consumer-anonymous.2c19dc37-d987-4597-b060-2e196a4a6e88-1, groupId=anonymous.2c19dc37-d987-4597-b060-2e196a4a6e88] Resetting generation and member id due to: consumer pro-actively leaving the group
2026-08-24T22:32:52.682+05:30  INFO 35176 --- [bmp-payment-service] [           main] o.a.k.c.c.internals.ConsumerCoordinator  : [Consumer clientId=consumer-anonymous.2c19dc37-d987-4597-b060-2e196a4a6e88-1, groupId=anonymous.2c19dc37-d987-4597-b060-2e196a4a6e88] Request joining group due to: consumer pro-actively leaving the group
2026-08-24T22:32:52.687+05:30  INFO 35176 --- [bmp-payment-service] [           main] o.apache.kafka.common.metrics.Metrics    : Metrics scheduler closed
2026-08-24T22:32:52.687+05:30  INFO 35176 --- [bmp-payment-service] [           main] o.apache.kafka.common.metrics.Metrics    : Closing reporter org.apache.kafka.common.metrics.JmxReporter
2026-08-24T22:32:52.687+05:30  INFO 35176 --- [bmp-payment-service] [           main] o.apache.kafka.common.metrics.Metrics    : Closing reporter org.apache.kafka.common.telemetry.internals.ClientTelemetryReporter
2026-08-24T22:32:52.687+05:30  INFO 35176 --- [bmp-payment-service] [           main] o.apache.kafka.common.metrics.Metrics    : Metrics reporters closed
2026-08-24T22:32:52.689+05:30  INFO 35176 --- [bmp-payment-service] [           main] o.a.kafka.common.utils.AppInfoParser     : App info kafka.consumer for consumer-anonymous.2c19dc37-d987-4597-b060-2e196a4a6e88-1 unregistered
2026-08-24T22:32:52.718+05:30  INFO 35176 --- [bmp-payment-service] [           main] o.s.c.stream.binder.BinderErrorChannel   : Channel 'kafka-1134633052.springCloudBusInput.errors' has 1 subscriber(s).
2026-08-24T22:32:52.718+05:30  INFO 35176 --- [bmp-payment-service] [           main] o.s.c.stream.binder.BinderErrorChannel   : Channel 'kafka-1134633052.springCloudBusInput.errors' has 0 subscriber(s).
2026-08-24T22:32:52.718+05:30  INFO 35176 --- [bmp-payment-service] [           main] o.s.c.stream.binder.BinderErrorChannel   : Channel 'kafka-1134633052.springCloudBusInput.errors' has 1 subscriber(s).
2026-08-24T22:32:52.719+05:30  INFO 35176 --- [bmp-payment-service] [           main] o.s.c.stream.binder.BinderErrorChannel   : Channel 'kafka-1134633052.springCloudBusInput.errors' has 2 subscriber(s).
2026-08-24T22:32:52.734+05:30  INFO 35176 --- [bmp-payment-service] [           main] o.a.k.clients.consumer.ConsumerConfig    : ConsumerConfig values: 
	allow.auto.create.topics = true
	auto.commit.interval.ms = 100
	auto.include.jmx.reporter = true
	auto.offset.reset = latest
	bootstrap.servers = [localhost:9092]
	check.crcs = true
	client.dns.lookup = use_all_dns_ips
	client.id = consumer-anonymous.2c19dc37-d987-4597-b060-2e196a4a6e88-2
	client.rack = 
	connections.max.idle.ms = 540000
	default.api.timeout.ms = 60000
	enable.auto.commit = false
	enable.metrics.push = true
	exclude.internal.topics = true
	fetch.max.bytes = 52428800
	fetch.max.wait.ms = 500
	fetch.min.bytes = 1
	group.id = anonymous.2c19dc37-d987-4597-b060-2e196a4a6e88
	group.instance.id = null
	group.protocol = classic
	group.remote.assignor = null
	heartbeat.interval.ms = 3000
	interceptor.classes = []
	internal.leave.group.on.close = true
	internal.throw.on.fetch.stable.offset.unsupported = false
	isolation.level = read_uncommitted
	key.deserializer = class org.apache.kafka.common.serialization.ByteArrayDeserializer
	max.partition.fetch.bytes = 1048576
	max.poll.interval.ms = 300000
	max.poll.records = 500
	metadata.max.age.ms = 300000
	metadata.recovery.strategy = none
	metric.reporters = []
	metrics.num.samples = 2
	metrics.recording.level = INFO
	metrics.sample.window.ms = 30000
	partition.assignment.strategy = [class org.apache.kafka.clients.consumer.RangeAssignor, class org.apache.kafka.clients.consumer.CooperativeStickyAssignor]
	receive.buffer.bytes = 65536
	reconnect.backoff.max.ms = 1000
	reconnect.backoff.ms = 50
	request.timeout.ms = 30000
	retry.backoff.max.ms = 1000
	retry.backoff.ms = 100
	sasl.client.callback.handler.class = null
	sasl.jaas.config = null
	sasl.kerberos.kinit.cmd = /usr/bin/kinit
	sasl.kerberos.min.time.before.relogin = 60000
	sasl.kerberos.service.name = null
	sasl.kerberos.ticket.renew.jitter = 0.05
	sasl.kerberos.ticket.renew.window.factor = 0.8
	sasl.login.callback.handler.class = null
	sasl.login.class = null
	sasl.login.connect.timeout.ms = null
	sasl.login.read.timeout.ms = null
	sasl.login.refresh.buffer.seconds = 300
	sasl.login.refresh.min.period.seconds = 60
	sasl.login.refresh.window.factor = 0.8
	sasl.login.refresh.window.jitter = 0.05
	sasl.login.retry.backoff.max.ms = 10000
	sasl.login.retry.backoff.ms = 100
	sasl.mechanism = GSSAPI
	sasl.oauthbearer.clock.skew.seconds = 30
	sasl.oauthbearer.expected.audience = null
	sasl.oauthbearer.expected.issuer = null
	sasl.oauthbearer.jwks.endpoint.refresh.ms = 3600000
	sasl.oauthbearer.jwks.endpoint.retry.backoff.max.ms = 10000
	sasl.oauthbearer.jwks.endpoint.retry.backoff.ms = 100
	sasl.oauthbearer.jwks.endpoint.url = null
	sasl.oauthbearer.scope.claim.name = scope
	sasl.oauthbearer.sub.claim.name = sub
	sasl.oauthbearer.token.endpoint.url = null
	security.protocol = PLAINTEXT
	security.providers = null
	send.buffer.bytes = 131072
	session.timeout.ms = 45000
	socket.connection.setup.timeout.max.ms = 30000
	socket.connection.setup.timeout.ms = 10000
	ssl.cipher.suites = null
	ssl.enabled.protocols = [TLSv1.2, TLSv1.3]
	ssl.endpoint.identification.algorithm = https
	ssl.engine.factory.class = null
	ssl.key.password = null
	ssl.keymanager.algorithm = SunX509
	ssl.keystore.certificate.chain = null
	ssl.keystore.key = null
	ssl.keystore.location = null
	ssl.keystore.password = null
	ssl.keystore.type = JKS
	ssl.protocol = TLSv1.3
	ssl.provider = null
	ssl.secure.random.implementation = null
	ssl.trustmanager.algorithm = PKIX
	ssl.truststore.certificates = null
	ssl.truststore.location = null
	ssl.truststore.password = null
	ssl.truststore.type = JKS
	value.deserializer = class org.apache.kafka.common.serialization.ByteArrayDeserializer

2026-08-24T22:32:52.734+05:30  INFO 35176 --- [bmp-payment-service] [           main] o.a.k.c.t.i.KafkaMetricsCollector        : initializing Kafka metrics collector
2026-08-24T22:32:52.738+05:30  INFO 35176 --- [bmp-payment-service] [           main] o.a.kafka.common.utils.AppInfoParser     : Kafka version: 3.8.1
2026-08-24T22:32:52.738+05:30  INFO 35176 --- [bmp-payment-service] [           main] o.a.kafka.common.utils.AppInfoParser     : Kafka commitId: 70d6ff42debf7e17
2026-08-24T22:32:52.738+05:30  INFO 35176 --- [bmp-payment-service] [           main] o.a.kafka.common.utils.AppInfoParser     : Kafka startTimeMs: 1787590972738
2026-08-24T22:32:52.742+05:30  INFO 35176 --- [bmp-payment-service] [           main] o.a.k.c.c.internals.LegacyKafkaConsumer  : [Consumer clientId=consumer-anonymous.2c19dc37-d987-4597-b060-2e196a4a6e88-2, groupId=anonymous.2c19dc37-d987-4597-b060-2e196a4a6e88] Subscribed to topic(s): springCloudBus
2026-08-24T22:32:52.747+05:30  INFO 35176 --- [bmp-payment-service] [           main] s.i.k.i.KafkaMessageDrivenChannelAdapter : started org.springframework.integration.kafka.inbound.KafkaMessageDrivenChannelAdapter@4cfd3ccd
2026-08-24T22:32:52.759+05:30  INFO 35176 --- [bmp-payment-service] [container-0-C-1] org.apache.kafka.clients.Metadata        : [Consumer clientId=consumer-anonymous.2c19dc37-d987-4597-b060-2e196a4a6e88-2, groupId=anonymous.2c19dc37-d987-4597-b060-2e196a4a6e88] Cluster ID: 5L6g3nShT-eMCtK--X86sw
2026-08-24T22:32:52.764+05:30  INFO 35176 --- [bmp-payment-service] [container-0-C-1] o.a.k.c.c.internals.ConsumerCoordinator  : [Consumer clientId=consumer-anonymous.2c19dc37-d987-4597-b060-2e196a4a6e88-2, groupId=anonymous.2c19dc37-d987-4597-b060-2e196a4a6e88] Discovered group coordinator localhost:9092 (id: 2147483646 rack: null)
2026-08-24T22:32:52.766+05:30  INFO 35176 --- [bmp-payment-service] [container-0-C-1] o.a.k.c.c.internals.ConsumerCoordinator  : [Consumer clientId=consumer-anonymous.2c19dc37-d987-4597-b060-2e196a4a6e88-2, groupId=anonymous.2c19dc37-d987-4597-b060-2e196a4a6e88] (Re-)joining group
2026-08-24T22:32:52.780+05:30  INFO 35176 --- [bmp-payment-service] [container-0-C-1] o.a.k.c.c.internals.ConsumerCoordinator  : [Consumer clientId=consumer-anonymous.2c19dc37-d987-4597-b060-2e196a4a6e88-2, groupId=anonymous.2c19dc37-d987-4597-b060-2e196a4a6e88] Request joining group due to: need to re-join with the given member-id: consumer-anonymous.2c19dc37-d987-4597-b060-2e196a4a6e88-2-939f9ee4-1239-4fcb-988c-ee0b6aaeb4b9
2026-08-24T22:32:52.781+05:30  INFO 35176 --- [bmp-payment-service] [container-0-C-1] o.a.k.c.c.internals.ConsumerCoordinator  : [Consumer clientId=consumer-anonymous.2c19dc37-d987-4597-b060-2e196a4a6e88-2, groupId=anonymous.2c19dc37-d987-4597-b060-2e196a4a6e88] (Re-)joining group
2026-08-24T22:32:52.809+05:30  INFO 35176 --- [bmp-payment-service] [           main] com.bmp.payment.BmpPaymentApplication    : Started BmpPaymentApplication in 27.959 seconds (process running for 29.308)
2026-08-24T22:32:53.751+05:30  INFO 35176 --- [bmp-payment-service] [pool-2-thread-1] o.a.k.clients.consumer.ConsumerConfig    : ConsumerConfig values: 
	allow.auto.create.topics = true
	auto.commit.interval.ms = 5000
	auto.include.jmx.reporter = true
	auto.offset.reset = latest
	bootstrap.servers = [localhost:9092]
	check.crcs = true
	client.dns.lookup = use_all_dns_ips
	client.id = consumer-anonymous.2c19dc37-d987-4597-b060-2e196a4a6e88-3
	client.rack = 
	connections.max.idle.ms = 540000
	default.api.timeout.ms = 60000
	enable.auto.commit = true
	enable.metrics.push = true
	exclude.internal.topics = true
	fetch.max.bytes = 52428800
	fetch.max.wait.ms = 500
	fetch.min.bytes = 1
	group.id = anonymous.2c19dc37-d987-4597-b060-2e196a4a6e88
	group.instance.id = null
	group.protocol = classic
	group.remote.assignor = null
	heartbeat.interval.ms = 3000
	interceptor.classes = []
	internal.leave.group.on.close = true
	internal.throw.on.fetch.stable.offset.unsupported = false
	isolation.level = read_uncommitted
	key.deserializer = class org.apache.kafka.common.serialization.ByteArrayDeserializer
	max.partition.fetch.bytes = 1048576
	max.poll.interval.ms = 300000
	max.poll.records = 500
	metadata.max.age.ms = 300000
	metadata.recovery.strategy = none
	metric.reporters = []
	metrics.num.samples = 2
	metrics.recording.level = INFO
	metrics.sample.window.ms = 30000
	partition.assignment.strategy = [class org.apache.kafka.clients.consumer.RangeAssignor, class org.apache.kafka.clients.consumer.CooperativeStickyAssignor]
	receive.buffer.bytes = 65536
	reconnect.backoff.max.ms = 1000
	reconnect.backoff.ms = 50
	request.timeout.ms = 30000
	retry.backoff.max.ms = 1000
	retry.backoff.ms = 100
	sasl.client.callback.handler.class = null
	sasl.jaas.config = null
	sasl.kerberos.kinit.cmd = /usr/bin/kinit
	sasl.kerberos.min.time.before.relogin = 60000
	sasl.kerberos.service.name = null
	sasl.kerberos.ticket.renew.jitter = 0.05
	sasl.kerberos.ticket.renew.window.factor = 0.8
	sasl.login.callback.handler.class = null
	sasl.login.class = null
	sasl.login.connect.timeout.ms = null
	sasl.login.read.timeout.ms = null
	sasl.login.refresh.buffer.seconds = 300
	sasl.login.refresh.min.period.seconds = 60
	sasl.login.refresh.window.factor = 0.8
	sasl.login.refresh.window.jitter = 0.05
	sasl.login.retry.backoff.max.ms = 10000
	sasl.login.retry.backoff.ms = 100
	sasl.mechanism = GSSAPI
	sasl.oauthbearer.clock.skew.seconds = 30
	sasl.oauthbearer.expected.audience = null
	sasl.oauthbearer.expected.issuer = null
	sasl.oauthbearer.jwks.endpoint.refresh.ms = 3600000
	sasl.oauthbearer.jwks.endpoint.retry.backoff.max.ms = 10000
	sasl.oauthbearer.jwks.endpoint.retry.backoff.ms = 100
	sasl.oauthbearer.jwks.endpoint.url = null
	sasl.oauthbearer.scope.claim.name = scope
	sasl.oauthbearer.sub.claim.name = sub
	sasl.oauthbearer.token.endpoint.url = null
	security.protocol = PLAINTEXT
	security.providers = null
	send.buffer.bytes = 131072
	session.timeout.ms = 45000
	socket.connection.setup.timeout.max.ms = 30000
	socket.connection.setup.timeout.ms = 10000
	ssl.cipher.suites = null
	ssl.enabled.protocols = [TLSv1.2, TLSv1.3]
	ssl.endpoint.identification.algorithm = https
	ssl.engine.factory.class = null
	ssl.key.password = null
	ssl.keymanager.algorithm = SunX509
	ssl.keystore.certificate.chain = null
	ssl.keystore.key = null
	ssl.keystore.location = null
	ssl.keystore.password = null
	ssl.keystore.type = JKS
	ssl.protocol = TLSv1.3
	ssl.provider = null
	ssl.secure.random.implementation = null
	ssl.trustmanager.algorithm = PKIX
	ssl.truststore.certificates = null
	ssl.truststore.location = null
	ssl.truststore.password = null
	ssl.truststore.type = JKS
	value.deserializer = class org.apache.kafka.common.serialization.ByteArrayDeserializer

2026-08-24T22:32:53.752+05:30  INFO 35176 --- [bmp-payment-service] [pool-2-thread-1] o.a.k.c.t.i.KafkaMetricsCollector        : initializing Kafka metrics collector
2026-08-24T22:32:53.757+05:30  INFO 35176 --- [bmp-payment-service] [pool-2-thread-1] o.a.kafka.common.utils.AppInfoParser     : Kafka version: 3.8.1
2026-08-24T22:32:53.757+05:30  INFO 35176 --- [bmp-payment-service] [pool-2-thread-1] o.a.kafka.common.utils.AppInfoParser     : Kafka commitId: 70d6ff42debf7e17
2026-08-24T22:32:53.757+05:30  INFO 35176 --- [bmp-payment-service] [pool-2-thread-1] o.a.kafka.common.utils.AppInfoParser     : Kafka startTimeMs: 1787590973757
2026-08-24T22:32:53.761+05:30  INFO 35176 --- [bmp-payment-service] [pool-2-thread-1] org.apache.kafka.clients.Metadata        : [Consumer clientId=consumer-anonymous.2c19dc37-d987-4597-b060-2e196a4a6e88-3, groupId=anonymous.2c19dc37-d987-4597-b060-2e196a4a6e88] Cluster ID: 5L6g3nShT-eMCtK--X86sw
2026-08-24T22:32:53.775+05:30  INFO 35176 --- [bmp-payment-service] [pool-2-thread-1] o.a.k.c.c.internals.ConsumerCoordinator  : [Consumer clientId=consumer-anonymous.2c19dc37-d987-4597-b060-2e196a4a6e88-3, groupId=anonymous.2c19dc37-d987-4597-b060-2e196a4a6e88] Discovered group coordinator localhost:9092 (id: 2147483646 rack: null)
2026-08-24T22:32:53.781+05:30  INFO 35176 --- [bmp-payment-service] [pool-2-thread-1] o.a.k.c.c.internals.ConsumerCoordinator  : [Consumer clientId=consumer-anonymous.2c19dc37-d987-4597-b060-2e196a4a6e88-3, groupId=anonymous.2c19dc37-d987-4597-b060-2e196a4a6e88] Found no committed offset for partition springCloudBus-0
2026-08-24T22:32:55.768+05:30  INFO 35176 --- [bmp-payment-service] [container-0-C-1] o.a.k.c.c.internals.ConsumerCoordinator  : [Consumer clientId=consumer-anonymous.2c19dc37-d987-4597-b060-2e196a4a6e88-2, groupId=anonymous.2c19dc37-d987-4597-b060-2e196a4a6e88] Successfully joined group with generation Generation{generationId=1, memberId='consumer-anonymous.2c19dc37-d987-4597-b060-2e196a4a6e88-2-939f9ee4-1239-4fcb-988c-ee0b6aaeb4b9', protocol='range'}
2026-08-24T22:32:55.772+05:30  INFO 35176 --- [bmp-payment-service] [container-0-C-1] o.a.k.c.c.internals.ConsumerCoordinator  : [Consumer clientId=consumer-anonymous.2c19dc37-d987-4597-b060-2e196a4a6e88-2, groupId=anonymous.2c19dc37-d987-4597-b060-2e196a4a6e88] Finished assignment for group at generation 1: {consumer-anonymous.2c19dc37-d987-4597-b060-2e196a4a6e88-2-939f9ee4-1239-4fcb-988c-ee0b6aaeb4b9=Assignment(partitions=[springCloudBus-0])}
2026-08-24T22:32:55.783+05:30  INFO 35176 --- [bmp-payment-service] [container-0-C-1] o.a.k.c.c.internals.ConsumerCoordinator  : [Consumer clientId=consumer-anonymous.2c19dc37-d987-4597-b060-2e196a4a6e88-2, groupId=anonymous.2c19dc37-d987-4597-b060-2e196a4a6e88] Successfully synced group in generation Generation{generationId=1, memberId='consumer-anonymous.2c19dc37-d987-4597-b060-2e196a4a6e88-2-939f9ee4-1239-4fcb-988c-ee0b6aaeb4b9', protocol='range'}
2026-08-24T22:32:55.784+05:30  INFO 35176 --- [bmp-payment-service] [container-0-C-1] o.a.k.c.c.internals.ConsumerCoordinator  : [Consumer clientId=consumer-anonymous.2c19dc37-d987-4597-b060-2e196a4a6e88-2, groupId=anonymous.2c19dc37-d987-4597-b060-2e196a4a6e88] Notifying assignor about the new Assignment(partitions=[springCloudBus-0])
2026-08-24T22:32:55.786+05:30  INFO 35176 --- [bmp-payment-service] [container-0-C-1] k.c.c.i.ConsumerRebalanceListenerInvoker : [Consumer clientId=consumer-anonymous.2c19dc37-d987-4597-b060-2e196a4a6e88-2, groupId=anonymous.2c19dc37-d987-4597-b060-2e196a4a6e88] Adding newly assigned partitions: springCloudBus-0
2026-08-24T22:32:55.790+05:30  INFO 35176 --- [bmp-payment-service] [container-0-C-1] o.a.k.c.c.internals.ConsumerCoordinator  : [Consumer clientId=consumer-anonymous.2c19dc37-d987-4597-b060-2e196a4a6e88-2, groupId=anonymous.2c19dc37-d987-4597-b060-2e196a4a6e88] Found no committed offset for partition springCloudBus-0
2026-08-24T22:32:55.794+05:30  INFO 35176 --- [bmp-payment-service] [container-0-C-1] o.a.k.c.c.internals.ConsumerCoordinator  : [Consumer clientId=consumer-anonymous.2c19dc37-d987-4597-b060-2e196a4a6e88-2, groupId=anonymous.2c19dc37-d987-4597-b060-2e196a4a6e88] Found no committed offset for partition springCloudBus-0
2026-08-24T22:32:55.804+05:30  INFO 35176 --- [bmp-payment-service] [container-0-C-1] o.a.k.c.c.internals.SubscriptionState    : [Consumer clientId=consumer-anonymous.2c19dc37-d987-4597-b060-2e196a4a6e88-2, groupId=anonymous.2c19dc37-d987-4597-b060-2e196a4a6e88] Resetting offset for partition springCloudBus-0 to position FetchPosition{offset=0, offsetEpoch=Optional.empty, currentLeader=LeaderAndEpoch{leader=Optional[localhost:9092 (id: 1 rack: null)], epoch=0}}.
2026-08-24T22:32:55.809+05:30  INFO 35176 --- [bmp-payment-service] [container-0-C-1] o.s.c.s.b.k.KafkaMessageChannelBinder$2  : anonymous.2c19dc37-d987-4597-b060-2e196a4a6e88: partitions assigned: [springCloudBus-0]
2026-08-24T22:33:29.310+05:30  INFO 35176 --- [bmp-payment-service] [nio-8085-exec-1] o.a.c.c.C.[Tomcat].[localhost].[/]       : Initializing Spring DispatcherServlet 'dispatcherServlet'
2026-08-24T22:33:29.310+05:30  INFO 35176 --- [bmp-payment-service] [nio-8085-exec-1] o.s.web.servlet.DispatcherServlet        : Initializing Servlet 'dispatcherServlet'
2026-08-24T22:33:29.313+05:30  INFO 35176 --- [bmp-payment-service] [nio-8085-exec-1] o.s.web.servlet.DispatcherServlet        : Completed initialization in 3 ms
2026-08-24T22:33:29.373+05:30  INFO 35176 --- [bmp-payment-service] [binder-health-1] o.a.k.clients.consumer.ConsumerConfig    : ConsumerConfig values: 
	allow.auto.create.topics = true
	auto.commit.interval.ms = 5000
	auto.include.jmx.reporter = true
	auto.offset.reset = latest
	bootstrap.servers = [localhost:9092]
	check.crcs = true
	client.dns.lookup = use_all_dns_ips
	client.id = consumer-null-4
	client.rack = 
	connections.max.idle.ms = 540000
	default.api.timeout.ms = 60000
	enable.auto.commit = false
	enable.metrics.push = true
	exclude.internal.topics = true
	fetch.max.bytes = 52428800
	fetch.max.wait.ms = 500
	fetch.min.bytes = 1
	group.id = null
	group.instance.id = null
	group.protocol = classic
	group.remote.assignor = null
	heartbeat.interval.ms = 3000
	interceptor.classes = []
	internal.leave.group.on.close = true
	internal.throw.on.fetch.stable.offset.unsupported = false
	isolation.level = read_uncommitted
	key.deserializer = class org.apache.kafka.common.serialization.ByteArrayDeserializer
	max.partition.fetch.bytes = 1048576
	max.poll.interval.ms = 300000
	max.poll.records = 500
	metadata.max.age.ms = 300000
	metadata.recovery.strategy = none
	metric.reporters = []
	metrics.num.samples = 2
	metrics.recording.level = INFO
	metrics.sample.window.ms = 30000
	partition.assignment.strategy = [class org.apache.kafka.clients.consumer.RangeAssignor, class org.apache.kafka.clients.consumer.CooperativeStickyAssignor]
	receive.buffer.bytes = 65536
	reconnect.backoff.max.ms = 1000
	reconnect.backoff.ms = 50
	request.timeout.ms = 30000
	retry.backoff.max.ms = 1000
	retry.backoff.ms = 100
	sasl.client.callback.handler.class = null
	sasl.jaas.config = null
	sasl.kerberos.kinit.cmd = /usr/bin/kinit
	sasl.kerberos.min.time.before.relogin = 60000
	sasl.kerberos.service.name = null
	sasl.kerberos.ticket.renew.jitter = 0.05
	sasl.kerberos.ticket.renew.window.factor = 0.8
	sasl.login.callback.handler.class = null
	sasl.login.class = null
	sasl.login.connect.timeout.ms = null
	sasl.login.read.timeout.ms = null
	sasl.login.refresh.buffer.seconds = 300
	sasl.login.refresh.min.period.seconds = 60
	sasl.login.refresh.window.factor = 0.8
	sasl.login.refresh.window.jitter = 0.05
	sasl.login.retry.backoff.max.ms = 10000
	sasl.login.retry.backoff.ms = 100
	sasl.mechanism = GSSAPI
	sasl.oauthbearer.clock.skew.seconds = 30
	sasl.oauthbearer.expected.audience = null
	sasl.oauthbearer.expected.issuer = null
	sasl.oauthbearer.jwks.endpoint.refresh.ms = 3600000
	sasl.oauthbearer.jwks.endpoint.retry.backoff.max.ms = 10000
	sasl.oauthbearer.jwks.endpoint.retry.backoff.ms = 100
	sasl.oauthbearer.jwks.endpoint.url = null
	sasl.oauthbearer.scope.claim.name = scope
	sasl.oauthbearer.sub.claim.name = sub
	sasl.oauthbearer.token.endpoint.url = null
	security.protocol = PLAINTEXT
	security.providers = null
	send.buffer.bytes = 131072
	session.timeout.ms = 45000
	socket.connection.setup.timeout.max.ms = 30000
	socket.connection.setup.timeout.ms = 10000
	ssl.cipher.suites = null
	ssl.enabled.protocols = [TLSv1.2, TLSv1.3]
	ssl.endpoint.identification.algorithm = https
	ssl.engine.factory.class = null
	ssl.key.password = null
	ssl.keymanager.algorithm = SunX509
	ssl.keystore.certificate.chain = null
	ssl.keystore.key = null
	ssl.keystore.location = null
	ssl.keystore.password = null
	ssl.keystore.type = JKS
	ssl.protocol = TLSv1.3
	ssl.provider = null
	ssl.secure.random.implementation = null
	ssl.trustmanager.algorithm = PKIX
	ssl.truststore.certificates = null
	ssl.truststore.location = null
	ssl.truststore.password = null
	ssl.truststore.type = JKS
	value.deserializer = class org.apache.kafka.common.serialization.ByteArrayDeserializer

2026-08-24T22:33:29.373+05:30  INFO 35176 --- [bmp-payment-service] [binder-health-1] o.a.k.c.t.i.KafkaMetricsCollector        : initializing Kafka metrics collector
2026-08-24T22:33:29.378+05:30  INFO 35176 --- [bmp-payment-service] [binder-health-1] o.a.kafka.common.utils.AppInfoParser     : Kafka version: 3.8.1
2026-08-24T22:33:29.378+05:30  INFO 35176 --- [bmp-payment-service] [binder-health-1] o.a.kafka.common.utils.AppInfoParser     : Kafka commitId: 70d6ff42debf7e17
2026-08-24T22:33:29.378+05:30  INFO 35176 --- [bmp-payment-service] [binder-health-1] o.a.kafka.common.utils.AppInfoParser     : Kafka startTimeMs: 1787591009378
2026-08-24T22:33:29.390+05:30  INFO 35176 --- [bmp-payment-service] [binder-health-1] org.apache.kafka.clients.Metadata        : [Consumer clientId=consumer-null-4, groupId=null] Cluster ID: 5L6g3nShT-eMCtK--X86sw
2026-08-24T22:37:51.660+05:30  INFO 35176 --- [bmp-payment-service] [rap-executor-%d] c.n.d.s.r.aws.ConfigClusterResolver      : Resolving eureka endpoints via configuration
2026-08-24T22:41:53.074+05:30  INFO 35176 --- [bmp-payment-service] [container-0-C-1] org.apache.kafka.clients.NetworkClient   : [Consumer clientId=consumer-anonymous.2c19dc37-d987-4597-b060-2e196a4a6e88-2, groupId=anonymous.2c19dc37-d987-4597-b060-2e196a4a6e88] Node -1 disconnected.
2026-08-24T22:41:53.979+05:30  INFO 35176 --- [bmp-payment-service] [pool-2-thread-1] org.apache.kafka.clients.NetworkClient   : [Consumer clientId=consumer-anonymous.2c19dc37-d987-4597-b060-2e196a4a6e88-3, groupId=anonymous.2c19dc37-d987-4597-b060-2e196a4a6e88] Node -1 disconnected.
2026-08-24T22:42:48.525+05:30  INFO 35176 --- [bmp-payment-service] [binder-health-1] org.apache.kafka.clients.NetworkClient   : [Consumer clientId=consumer-null-4, groupId=null] Node -1 disconnected.
2026-08-24T22:42:51.704+05:30  INFO 35176 --- [bmp-payment-service] [rap-executor-%d] c.n.d.s.r.aws.ConfigClusterResolver      : Resolving eureka endpoints via configuration
2026-08-24T22:47:51.718+05:30  INFO 35176 --- [bmp-payment-service] [rap-executor-%d] c.n.d.s.r.aws.ConfigClusterResolver      : Resolving eureka endpoints via configuration
2026-08-24T22:51:53.039+05:30  INFO 35176 --- [bmp-payment-service] [container-0-C-1] org.apache.kafka.clients.NetworkClient   : [Consumer clientId=consumer-anonymous.2c19dc37-d987-4597-b060-2e196a4a6e88-2, groupId=anonymous.2c19dc37-d987-4597-b060-2e196a4a6e88] Node -1 disconnected.
2026-08-24T22:51:54.215+05:30  INFO 35176 --- [bmp-payment-service] [pool-2-thread-1] org.apache.kafka.clients.NetworkClient   : [Consumer clientId=consumer-anonymous.2c19dc37-d987-4597-b060-2e196a4a6e88-3, groupId=anonymous.2c19dc37-d987-4597-b060-2e196a4a6e88] Node -1 disconnected.
2026-08-24T22:52:51.736+05:30  INFO 35176 --- [bmp-payment-service] [rap-executor-%d] c.n.d.s.r.aws.ConfigClusterResolver      : Resolving eureka endpoints via configuration
2026-08-24T22:53:28.547+05:30  INFO 35176 --- [bmp-payment-service] [binder-health-1] org.apache.kafka.clients.NetworkClient   : [Consumer clientId=consumer-null-4, groupId=null] Node -1 disconnected.
2026-08-24T22:57:51.765+05:30  INFO 35176 --- [bmp-payment-service] [rap-executor-%d] c.n.d.s.r.aws.ConfigClusterResolver      : Resolving eureka endpoints via configuration
2026-08-24T23:02:51.808+05:30  INFO 35176 --- [bmp-payment-service] [rap-executor-%d] c.n.d.s.r.aws.ConfigClusterResolver      : Resolving eureka endpoints via configuration
2026-08-24T23:07:51.823+05:30  INFO 35176 --- [bmp-payment-service] [rap-executor-%d] c.n.d.s.r.aws.ConfigClusterResolver      : Resolving eureka endpoints via configuration
2026-08-24T23:12:51.842+05:30  INFO 35176 --- [bmp-payment-service] [rap-executor-%d] c.n.d.s.r.aws.ConfigClusterResolver      : Resolving eureka endpoints via configuration
2026-08-24T23:17:51.859+05:30  INFO 35176 --- [bmp-payment-service] [rap-executor-%d] c.n.d.s.r.aws.ConfigClusterResolver      : Resolving eureka endpoints via configuration
2026-08-24T23:22:51.875+05:30  INFO 35176 --- [bmp-payment-service] [rap-executor-%d] c.n.d.s.r.aws.ConfigClusterResolver      : Resolving eureka endpoints via configuration
2026-08-24T23:36:04.153+05:30  INFO 35176 --- [bmp-payment-service] [60-2e196a4a6e88] org.apache.kafka.clients.NetworkClient   : [Consumer clientId=consumer-anonymous.2c19dc37-d987-4597-b060-2e196a4a6e88-2, groupId=anonymous.2c19dc37-d987-4597-b060-2e196a4a6e88] Node 1 disconnected.
2026-08-24T23:36:04.223+05:30  INFO 35176 --- [bmp-payment-service] [60-2e196a4a6e88] org.apache.kafka.clients.NetworkClient   : [Consumer clientId=consumer-anonymous.2c19dc37-d987-4597-b060-2e196a4a6e88-2, groupId=anonymous.2c19dc37-d987-4597-b060-2e196a4a6e88] Cancelled in-flight FETCH request with correlation id 6953 due to node 1 being disconnected (elapsed time since creation: 790589ms, elapsed time since send: 790589ms, throttle time: 0ms, request timeout: 30000ms)
2026-08-24T23:36:04.224+05:30  INFO 35176 --- [bmp-payment-service] [60-2e196a4a6e88] org.apache.kafka.clients.NetworkClient   : [Consumer clientId=consumer-anonymous.2c19dc37-d987-4597-b060-2e196a4a6e88-2, groupId=anonymous.2c19dc37-d987-4597-b060-2e196a4a6e88] Cancelled in-flight METADATA request with correlation id 6955 due to node 1 being disconnected (elapsed time since creation: 1553ms, elapsed time since send: 1553ms, throttle time: 0ms, request timeout: 30000ms)
2026-08-24T23:36:04.334+05:30  INFO 35176 --- [bmp-payment-service] [pool-2-thread-1] org.apache.kafka.clients.NetworkClient   : [Consumer clientId=consumer-anonymous.2c19dc37-d987-4597-b060-2e196a4a6e88-3, groupId=anonymous.2c19dc37-d987-4597-b060-2e196a4a6e88] Node 2147483646 disconnected.
2026-08-24T23:36:04.512+05:30  INFO 35176 --- [bmp-payment-service] [60-2e196a4a6e88] org.apache.kafka.clients.NetworkClient   : [Consumer clientId=consumer-anonymous.2c19dc37-d987-4597-b060-2e196a4a6e88-2, groupId=anonymous.2c19dc37-d987-4597-b060-2e196a4a6e88] Disconnecting from node 2147483646 due to request timeout.
2026-08-24T23:36:04.512+05:30  INFO 35176 --- [bmp-payment-service] [60-2e196a4a6e88] org.apache.kafka.clients.NetworkClient   : [Consumer clientId=consumer-anonymous.2c19dc37-d987-4597-b060-2e196a4a6e88-2, groupId=anonymous.2c19dc37-d987-4597-b060-2e196a4a6e88] Cancelled in-flight HEARTBEAT request with correlation id 6954 due to node 2147483646 being disconnected (elapsed time since creation: 788719ms, elapsed time since send: 788677ms, throttle time: 0ms, request timeout: 30000ms)
2026-08-24T23:36:04.536+05:30  INFO 35176 --- [bmp-payment-service] [pool-2-thread-1] org.apache.kafka.clients.NetworkClient   : [Consumer clientId=consumer-anonymous.2c19dc37-d987-4597-b060-2e196a4a6e88-3, groupId=anonymous.2c19dc37-d987-4597-b060-2e196a4a6e88] Disconnecting from node 1 due to request timeout.
2026-08-24T23:36:04.540+05:30  INFO 35176 --- [bmp-payment-service] [pool-2-thread-1] org.apache.kafka.clients.NetworkClient   : [Consumer clientId=consumer-anonymous.2c19dc37-d987-4597-b060-2e196a4a6e88-3, groupId=anonymous.2c19dc37-d987-4597-b060-2e196a4a6e88] Cancelled in-flight LIST_OFFSETS request with correlation id 179 due to node 1 being disconnected (elapsed time since creation: 789391ms, elapsed time since send: 789391ms, throttle time: 0ms, request timeout: 30000ms)
2026-08-24T23:36:04.573+05:30  INFO 35176 --- [bmp-payment-service] [60-2e196a4a6e88] o.a.kafka.clients.FetchSessionHandler    : [Consumer clientId=consumer-anonymous.2c19dc37-d987-4597-b060-2e196a4a6e88-2, groupId=anonymous.2c19dc37-d987-4597-b060-2e196a4a6e88] Error sending fetch request (sessionId=760178507, epoch=5923) to node 1:

org.apache.kafka.common.errors.DisconnectException: null

2026-08-24T23:36:07.762+05:30  INFO 35176 --- [bmp-payment-service] [60-2e196a4a6e88] o.a.k.c.c.internals.ConsumerCoordinator  : [Consumer clientId=consumer-anonymous.2c19dc37-d987-4597-b060-2e196a4a6e88-2, groupId=anonymous.2c19dc37-d987-4597-b060-2e196a4a6e88] Group coordinator localhost:9092 (id: 2147483646 rack: null) is unavailable or invalid due to cause: null. isDisconnected: true. Rediscovery will be attempted.
2026-08-24T23:36:08.310+05:30  INFO 35176 --- [bmp-payment-service] [container-0-C-1] o.a.k.c.c.internals.ConsumerCoordinator  : [Consumer clientId=consumer-anonymous.2c19dc37-d987-4597-b060-2e196a4a6e88-2, groupId=anonymous.2c19dc37-d987-4597-b060-2e196a4a6e88] Discovered group coordinator localhost:9092 (id: 2147483646 rack: null)
2026-08-24T23:36:23.653+05:30  WARN 35176 --- [bmp-payment-service] [l-1 housekeeper] com.zaxxer.hikari.pool.HikariPool        : HikariPool-1 - Thread starvation or clock leap detected (housekeeper delta=13m36s508ms964µs800ns).
2026-08-24T23:37:04.639+05:30  INFO 35176 --- [bmp-payment-service] [pool-2-thread-1] org.apache.kafka.clients.NetworkClient   : [Consumer clientId=consumer-anonymous.2c19dc37-d987-4597-b060-2e196a4a6e88-3, groupId=anonymous.2c19dc37-d987-4597-b060-2e196a4a6e88] Disconnecting from node 1 due to request timeout.
2026-08-24T23:37:04.649+05:30  INFO 35176 --- [bmp-payment-service] [pool-2-thread-1] org.apache.kafka.clients.NetworkClient   : [Consumer clientId=consumer-anonymous.2c19dc37-d987-4597-b060-2e196a4a6e88-3, groupId=anonymous.2c19dc37-d987-4597-b060-2e196a4a6e88] Cancelled in-flight API_VERSIONS request with correlation id 181 due to node 1 being disconnected (elapsed time since creation: 60044ms, elapsed time since send: 60044ms, throttle time: 0ms, request timeout: 30000ms)
