Standard Commons Logging discovery in action with spring-jcl: please remove commons-logging.jar from classpath in order to avoid potential conflicts

  .   ____          _            __ _ _
 /\\ / ___'_ __ _ _(_)_ __  __ _ \ \ \ \
( ( )\___ | '_ | '_| | '_ \/ _` | \ \ \ \
 \\/  ___)| |_)| | | | | || (_| |  ) ) ) )
  '  |____| .__|_| |_|_| |_\__, | / / / /
 =========|_|==============|___/=/_/_/_/

 :: Spring Boot ::                (v3.4.1)

2026-08-24T22:31:31.449+05:30  INFO 26332 --- [eureka-server] [           main] com.bmp.eureka.EurekaServerApplication   : Starting EurekaServerApplication using Java 21.0.11 with PID 26332 (C:\BMP -PRJ\BMP\eureka-server\target\classes started by Lenovo in C:\BMP -PRJ\BMP\eureka-server)
2026-08-24T22:31:31.456+05:30  INFO 26332 --- [eureka-server] [           main] com.bmp.eureka.EurekaServerApplication   : No active profile set, falling back to 1 default profile: "default"
2026-08-24T22:31:32.276+05:30  INFO 26332 --- [eureka-server] [           main] o.s.cloud.context.scope.GenericScope     : BeanFactory id=18f17035-9f92-30f1-b1a4-620c23b739f7
2026-08-24T22:31:32.487+05:30  INFO 26332 --- [eureka-server] [           main] o.s.b.w.embedded.tomcat.TomcatWebServer  : Tomcat initialized with port 8761 (http)
2026-08-24T22:31:32.501+05:30  INFO 26332 --- [eureka-server] [           main] o.apache.catalina.core.StandardService   : Starting service [Tomcat]
2026-08-24T22:31:32.501+05:30  INFO 26332 --- [eureka-server] [           main] o.apache.catalina.core.StandardEngine    : Starting Servlet engine: [Apache Tomcat/10.1.34]
2026-08-24T22:31:32.562+05:30  INFO 26332 --- [eureka-server] [           main] o.a.c.c.C.[Tomcat].[localhost].[/]       : Initializing Spring embedded WebApplicationContext
2026-08-24T22:31:32.563+05:30  INFO 26332 --- [eureka-server] [           main] w.s.c.ServletWebServerApplicationContext : Root WebApplicationContext: initialization completed in 1070 ms
Standard Commons Logging discovery in action with spring-jcl: please remove commons-logging.jar from classpath in order to avoid potential conflicts
2026-08-24T22:31:33.181+05:30  INFO 26332 --- [eureka-server] [           main] c.n.d.provider.DiscoveryJerseyProvider   : Using JSON encoding codec LegacyJacksonJson
2026-08-24T22:31:33.182+05:30  INFO 26332 --- [eureka-server] [           main] c.n.d.provider.DiscoveryJerseyProvider   : Using JSON decoding codec LegacyJacksonJson
2026-08-24T22:31:33.319+05:30  INFO 26332 --- [eureka-server] [           main] c.n.d.provider.DiscoveryJerseyProvider   : Using XML encoding codec XStreamXml
2026-08-24T22:31:33.319+05:30  INFO 26332 --- [eureka-server] [           main] c.n.d.provider.DiscoveryJerseyProvider   : Using XML decoding codec XStreamXml
2026-08-24T22:31:33.431+05:30  INFO 26332 --- [eureka-server] [           main] o.s.v.b.OptionalValidatorFactoryBean     : Failed to set up a Bean Validation provider: jakarta.validation.NoProviderFoundException: Unable to create a Configuration, because no Jakarta Bean Validation provider could be found. Add a provider like Hibernate Validator (RI) to your classpath.
2026-08-24T22:31:33.896+05:30  WARN 26332 --- [eureka-server] [           main] iguration$LoadBalancerCaffeineWarnLogger : Spring Cloud LoadBalancer is currently working with the default cache. While this cache implementation is useful for development and tests, it's recommended to use Caffeine cache in production.You can switch to using Caffeine cache, by adding it and org.springframework.cache.caffeine.CaffeineCacheManager to the classpath.
2026-08-24T22:31:33.909+05:30  INFO 26332 --- [eureka-server] [           main] o.s.c.n.eureka.InstanceInfoFactory       : Setting initial instance status as: STARTING
2026-08-24T22:31:33.928+05:30  INFO 26332 --- [eureka-server] [           main] com.netflix.discovery.DiscoveryClient    : Initializing Eureka in region us-east-1
2026-08-24T22:31:33.928+05:30  INFO 26332 --- [eureka-server] [           main] com.netflix.discovery.DiscoveryClient    : Client configured to neither register nor query for data.
2026-08-24T22:31:33.930+05:30  INFO 26332 --- [eureka-server] [           main] com.netflix.discovery.DiscoveryClient    : Discovery Client initialized at timestamp 1787590893928 with initial instances count: 0
2026-08-24T22:31:33.957+05:30  INFO 26332 --- [eureka-server] [           main] c.n.eureka.DefaultEurekaServerContext    : Initializing ...
2026-08-24T22:31:33.958+05:30  WARN 26332 --- [eureka-server] [           main] c.n.eureka.cluster.PeerEurekaNodes       : The replica size seems to be empty. Check the route 53 DNS Registry
2026-08-24T22:31:33.967+05:30  INFO 26332 --- [eureka-server] [           main] c.n.e.registry.AbstractInstanceRegistry  : Finished initializing remote region registries. All known remote regions: []
2026-08-24T22:31:33.967+05:30  INFO 26332 --- [eureka-server] [           main] c.n.eureka.DefaultEurekaServerContext    : Initialized
2026-08-24T22:31:33.976+05:30  INFO 26332 --- [eureka-server] [           main] o.s.b.a.e.web.EndpointLinksResolver      : Exposing 3 endpoints beneath base path '/actuator'
2026-08-24T22:31:34.008+05:30  INFO 26332 --- [eureka-server] [           main] o.s.c.n.e.s.EurekaServiceRegistry        : Registering application EUREKA-SERVER with eureka with status UP
2026-08-24T22:31:34.016+05:30  INFO 26332 --- [eureka-server] [       Thread-9] o.s.c.n.e.server.EurekaServerBootstrap   : isAws returned false
2026-08-24T22:31:34.016+05:30  INFO 26332 --- [eureka-server] [       Thread-9] o.s.c.n.e.server.EurekaServerBootstrap   : Initialized server context
2026-08-24T22:31:34.016+05:30  INFO 26332 --- [eureka-server] [       Thread-9] c.n.e.r.PeerAwareInstanceRegistryImpl    : Got 1 instances from neighboring DS node
2026-08-24T22:31:34.016+05:30  INFO 26332 --- [eureka-server] [       Thread-9] c.n.e.r.PeerAwareInstanceRegistryImpl    : Renew threshold is: 1
2026-08-24T22:31:34.016+05:30  INFO 26332 --- [eureka-server] [       Thread-9] c.n.e.r.PeerAwareInstanceRegistryImpl    : Changing status to UP
2026-08-24T22:31:34.019+05:30  INFO 26332 --- [eureka-server] [       Thread-9] e.s.EurekaServerInitializerConfiguration : Started Eureka Server
2026-08-24T22:31:34.032+05:30  INFO 26332 --- [eureka-server] [           main] o.s.b.w.embedded.tomcat.TomcatWebServer  : Tomcat started on port 8761 (http) with context path '/'
2026-08-24T22:31:34.032+05:30  INFO 26332 --- [eureka-server] [           main] .s.c.n.e.s.EurekaAutoServiceRegistration : Updating port to 8761
2026-08-24T22:31:34.044+05:30  INFO 26332 --- [eureka-server] [           main] com.bmp.eureka.EurekaServerApplication   : Started EurekaServerApplication in 2.963 seconds (process running for 3.39)
2026-08-24T22:32:19.354+05:30  INFO 26332 --- [eureka-server] [nio-8761-exec-4] o.a.c.c.C.[Tomcat].[localhost].[/]       : Initializing Spring DispatcherServlet 'dispatcherServlet'
2026-08-24T22:32:19.354+05:30  INFO 26332 --- [eureka-server] [nio-8761-exec-4] o.s.web.servlet.DispatcherServlet        : Initializing Servlet 'dispatcherServlet'
2026-08-24T22:32:19.356+05:30  INFO 26332 --- [eureka-server] [nio-8761-exec-4] o.s.web.servlet.DispatcherServlet        : Completed initialization in 2 ms
2026-08-24T22:32:20.193+05:30  INFO 26332 --- [eureka-server] [nio-8761-exec-2] c.n.e.registry.AbstractInstanceRegistry  : Registered instance BMP-CONFIG-SERVER/Darshan.mshome.net:bmp-config-server:8888 with status UP (replication=false)
2026-08-24T22:32:29.040+05:30  INFO 26332 --- [eureka-server] [io-8761-exec-10] c.n.e.registry.AbstractInstanceRegistry  : Registered instance BMP-MONITORING/Darshan.mshome.net:bmp-monitoring:8090 with status UP (replication=false)
2026-08-24T22:32:34.022+05:30  INFO 26332 --- [eureka-server] [a-EvictionTimer] c.n.e.registry.AbstractInstanceRegistry  : Running the evict task with compensationTime 0ms
2026-08-24T22:32:46.486+05:30  INFO 26332 --- [eureka-server] [nio-8761-exec-3] c.n.e.registry.AbstractInstanceRegistry  : Registered instance BMP-REVIEW-SERVICE/Darshan.mshome.net:bmp-review-service:8086 with status UP (replication=false)
2026-08-24T22:32:47.839+05:30  INFO 26332 --- [eureka-server] [nio-8761-exec-8] c.n.e.registry.AbstractInstanceRegistry  : Registered instance API-GATEWAY/Darshan.mshome.net:api-gateway:8080 with status UP (replication=false)
2026-08-24T22:32:48.830+05:30  INFO 26332 --- [eureka-server] [nio-8761-exec-1] c.n.e.registry.AbstractInstanceRegistry  : Registered instance BMP-AUTH-SERVICE/Darshan.mshome.net:bmp-auth-service:8081 with status UP (replication=false)
2026-08-24T22:32:49.040+05:30  INFO 26332 --- [eureka-server] [nio-8761-exec-2] c.n.e.registry.AbstractInstanceRegistry  : Registered instance BMP-BOOKING-SERVICE/Darshan.mshome.net:bmp-booking-service:8084 with status UP (replication=false)
2026-08-24T22:32:50.105+05:30  INFO 26332 --- [eureka-server] [nio-8761-exec-3] c.n.e.registry.AbstractInstanceRegistry  : Registered instance BMP-NOTIFICATION-SERVICE/Darshan.mshome.net:bmp-notification-service:8089 with status UP (replication=false)
2026-08-24T22:32:51.927+05:30  INFO 26332 --- [eureka-server] [nio-8761-exec-9] c.n.e.registry.AbstractInstanceRegistry  : Registered instance BMP-PAYMENT-SERVICE/Darshan.mshome.net:bmp-payment-service:8085 with status UP (replication=false)
2026-08-24T22:32:51.931+05:30  INFO 26332 --- [eureka-server] [nio-8761-exec-1] c.n.e.registry.AbstractInstanceRegistry  : Registered instance BMP-ADMIN-SERVICE/Darshan.mshome.net:bmp-admin-service:8088 with status UP (replication=false)
2026-08-24T22:32:52.283+05:30  INFO 26332 --- [eureka-server] [nio-8761-exec-2] c.n.e.registry.AbstractInstanceRegistry  : Registered instance BMP-USER-SERVICE/Darshan.mshome.net:bmp-user-service:8082 with status UP (replication=false)
2026-08-24T22:32:52.364+05:30  INFO 26332 --- [eureka-server] [nio-8761-exec-5] c.n.e.registry.AbstractInstanceRegistry  : Registered instance BMP-REWARDS-SERVICE/Darshan.mshome.net:bmp-rewards-service:8087 with status UP (replication=false)
2026-08-24T22:32:52.727+05:30  INFO 26332 --- [eureka-server] [nio-8761-exec-3] c.n.e.registry.AbstractInstanceRegistry  : Registered instance BMP-SALON-SERVICE/Darshan.mshome.net:bmp-salon-service:8083 with status UP (replication=false)
2026-08-24T22:33:34.024+05:30  INFO 26332 --- [eureka-server] [a-EvictionTimer] c.n.e.registry.AbstractInstanceRegistry  : Running the evict task with compensationTime 1ms
2026-08-24T22:34:34.024+05:30  INFO 26332 --- [eureka-server] [a-EvictionTimer] c.n.e.registry.AbstractInstanceRegistry  : Running the evict task with compensationTime 0ms
2026-08-24T22:35:34.036+05:30  INFO 26332 --- [eureka-server] [a-EvictionTimer] c.n.e.registry.AbstractInstanceRegistry  : Running the evict task with compensationTime 9ms
2026-08-24T22:36:34.048+05:30  INFO 26332 --- [eureka-server] [a-EvictionTimer] c.n.e.registry.AbstractInstanceRegistry  : Running the evict task with compensationTime 14ms
2026-08-24T22:37:34.051+05:30  INFO 26332 --- [eureka-server] [a-EvictionTimer] c.n.e.registry.AbstractInstanceRegistry  : Running the evict task with compensationTime 2ms
2026-08-24T22:38:34.064+05:30  INFO 26332 --- [eureka-server] [a-EvictionTimer] c.n.e.registry.AbstractInstanceRegistry  : Running the evict task with compensationTime 14ms
2026-08-24T22:39:34.067+05:30  INFO 26332 --- [eureka-server] [a-EvictionTimer] c.n.e.registry.AbstractInstanceRegistry  : Running the evict task with compensationTime 3ms
2026-08-24T22:40:34.078+05:30  INFO 26332 --- [eureka-server] [a-EvictionTimer] c.n.e.registry.AbstractInstanceRegistry  : Running the evict task with compensationTime 9ms
2026-08-24T22:41:33.973+05:30  WARN 26332 --- [eureka-server] [eerNodesUpdater] c.n.eureka.cluster.PeerEurekaNodes       : The replica size seems to be empty. Check the route 53 DNS Registry
2026-08-24T22:41:34.078+05:30  INFO 26332 --- [eureka-server] [a-EvictionTimer] c.n.e.registry.AbstractInstanceRegistry  : Running the evict task with compensationTime 1ms
2026-08-24T22:42:34.085+05:30  INFO 26332 --- [eureka-server] [a-EvictionTimer] c.n.e.registry.AbstractInstanceRegistry  : Running the evict task with compensationTime 6ms
2026-08-24T22:43:34.099+05:30  INFO 26332 --- [eureka-server] [a-EvictionTimer] c.n.e.registry.AbstractInstanceRegistry  : Running the evict task with compensationTime 13ms
2026-08-24T22:44:34.104+05:30  INFO 26332 --- [eureka-server] [a-EvictionTimer] c.n.e.registry.AbstractInstanceRegistry  : Running the evict task with compensationTime 5ms
2026-08-24T22:45:34.112+05:30  INFO 26332 --- [eureka-server] [a-EvictionTimer] c.n.e.registry.AbstractInstanceRegistry  : Running the evict task with compensationTime 7ms
2026-08-24T22:46:33.980+05:30  INFO 26332 --- [eureka-server] [hresholdUpdater] c.n.e.r.PeerAwareInstanceRegistryImpl    : Current renewal threshold is : 0
2026-08-24T22:46:34.125+05:30  INFO 26332 --- [eureka-server] [a-EvictionTimer] c.n.e.registry.AbstractInstanceRegistry  : Running the evict task with compensationTime 12ms
2026-08-24T22:47:34.139+05:30  INFO 26332 --- [eureka-server] [a-EvictionTimer] c.n.e.registry.AbstractInstanceRegistry  : Running the evict task with compensationTime 14ms
2026-08-24T22:48:34.154+05:30  INFO 26332 --- [eureka-server] [a-EvictionTimer] c.n.e.registry.AbstractInstanceRegistry  : Running the evict task with compensationTime 15ms
2026-08-24T22:49:34.160+05:30  INFO 26332 --- [eureka-server] [a-EvictionTimer] c.n.e.registry.AbstractInstanceRegistry  : Running the evict task with compensationTime 6ms
2026-08-24T22:50:34.165+05:30  INFO 26332 --- [eureka-server] [a-EvictionTimer] c.n.e.registry.AbstractInstanceRegistry  : Running the evict task with compensationTime 4ms
2026-08-24T22:51:34.006+05:30  WARN 26332 --- [eureka-server] [eerNodesUpdater] c.n.eureka.cluster.PeerEurekaNodes       : The replica size seems to be empty. Check the route 53 DNS Registry
2026-08-24T22:51:34.171+05:30  INFO 26332 --- [eureka-server] [a-EvictionTimer] c.n.e.registry.AbstractInstanceRegistry  : Running the evict task with compensationTime 6ms
2026-08-24T22:52:34.179+05:30  INFO 26332 --- [eureka-server] [a-EvictionTimer] c.n.e.registry.AbstractInstanceRegistry  : Running the evict task with compensationTime 7ms
2026-08-24T22:53:34.185+05:30  INFO 26332 --- [eureka-server] [a-EvictionTimer] c.n.e.registry.AbstractInstanceRegistry  : Running the evict task with compensationTime 6ms
2026-08-24T22:54:34.201+05:30  INFO 26332 --- [eureka-server] [a-EvictionTimer] c.n.e.registry.AbstractInstanceRegistry  : Running the evict task with compensationTime 16ms
2026-08-24T22:55:34.209+05:30  INFO 26332 --- [eureka-server] [a-EvictionTimer] c.n.e.registry.AbstractInstanceRegistry  : Running the evict task with compensationTime 7ms
2026-08-24T22:56:34.220+05:30  INFO 26332 --- [eureka-server] [a-EvictionTimer] c.n.e.registry.AbstractInstanceRegistry  : Running the evict task with compensationTime 10ms
2026-08-24T22:57:34.226+05:30  INFO 26332 --- [eureka-server] [a-EvictionTimer] c.n.e.registry.AbstractInstanceRegistry  : Running the evict task with compensationTime 6ms
2026-08-24T22:58:34.229+05:30  INFO 26332 --- [eureka-server] [a-EvictionTimer] c.n.e.registry.AbstractInstanceRegistry  : Running the evict task with compensationTime 3ms
2026-08-24T22:59:34.231+05:30  INFO 26332 --- [eureka-server] [a-EvictionTimer] c.n.e.registry.AbstractInstanceRegistry  : Running the evict task with compensationTime 2ms
2026-08-24T23:00:34.238+05:30  INFO 26332 --- [eureka-server] [a-EvictionTimer] c.n.e.registry.AbstractInstanceRegistry  : Running the evict task with compensationTime 6ms
2026-08-24T23:01:33.994+05:30  INFO 26332 --- [eureka-server] [hresholdUpdater] c.n.e.r.PeerAwareInstanceRegistryImpl    : Current renewal threshold is : 0
2026-08-24T23:01:34.020+05:30  WARN 26332 --- [eureka-server] [eerNodesUpdater] c.n.eureka.cluster.PeerEurekaNodes       : The replica size seems to be empty. Check the route 53 DNS Registry
2026-08-24T23:01:34.249+05:30  INFO 26332 --- [eureka-server] [a-EvictionTimer] c.n.e.registry.AbstractInstanceRegistry  : Running the evict task with compensationTime 11ms
2026-08-24T23:02:34.259+05:30  INFO 26332 --- [eureka-server] [a-EvictionTimer] c.n.e.registry.AbstractInstanceRegistry  : Running the evict task with compensationTime 9ms
2026-08-24T23:03:34.262+05:30  INFO 26332 --- [eureka-server] [a-EvictionTimer] c.n.e.registry.AbstractInstanceRegistry  : Running the evict task with compensationTime 3ms
2026-08-24T23:04:34.263+05:30  INFO 26332 --- [eureka-server] [a-EvictionTimer] c.n.e.registry.AbstractInstanceRegistry  : Running the evict task with compensationTime 0ms
2026-08-24T23:05:34.277+05:30  INFO 26332 --- [eureka-server] [a-EvictionTimer] c.n.e.registry.AbstractInstanceRegistry  : Running the evict task with compensationTime 14ms
2026-08-24T23:06:34.281+05:30  INFO 26332 --- [eureka-server] [a-EvictionTimer] c.n.e.registry.AbstractInstanceRegistry  : Running the evict task with compensationTime 4ms
2026-08-24T23:07:34.296+05:30  INFO 26332 --- [eureka-server] [a-EvictionTimer] c.n.e.registry.AbstractInstanceRegistry  : Running the evict task with compensationTime 14ms
2026-08-24T23:08:34.303+05:30  INFO 26332 --- [eureka-server] [a-EvictionTimer] c.n.e.registry.AbstractInstanceRegistry  : Running the evict task with compensationTime 7ms
2026-08-24T23:09:34.304+05:30  INFO 26332 --- [eureka-server] [a-EvictionTimer] c.n.e.registry.AbstractInstanceRegistry  : Running the evict task with compensationTime 0ms
2026-08-24T23:10:34.311+05:30  INFO 26332 --- [eureka-server] [a-EvictionTimer] c.n.e.registry.AbstractInstanceRegistry  : Running the evict task with compensationTime 8ms
2026-08-24T23:11:34.053+05:30  WARN 26332 --- [eureka-server] [eerNodesUpdater] c.n.eureka.cluster.PeerEurekaNodes       : The replica size seems to be empty. Check the route 53 DNS Registry
2026-08-24T23:11:34.315+05:30  INFO 26332 --- [eureka-server] [a-EvictionTimer] c.n.e.registry.AbstractInstanceRegistry  : Running the evict task with compensationTime 2ms
2026-08-24T23:12:34.328+05:30  INFO 26332 --- [eureka-server] [a-EvictionTimer] c.n.e.registry.AbstractInstanceRegistry  : Running the evict task with compensationTime 13ms
2026-08-24T23:13:34.333+05:30  INFO 26332 --- [eureka-server] [a-EvictionTimer] c.n.e.registry.AbstractInstanceRegistry  : Running the evict task with compensationTime 5ms
2026-08-24T23:14:34.340+05:30  INFO 26332 --- [eureka-server] [a-EvictionTimer] c.n.e.registry.AbstractInstanceRegistry  : Running the evict task with compensationTime 7ms
2026-08-24T23:15:34.344+05:30  INFO 26332 --- [eureka-server] [a-EvictionTimer] c.n.e.registry.AbstractInstanceRegistry  : Running the evict task with compensationTime 3ms
2026-08-24T23:16:34.002+05:30  INFO 26332 --- [eureka-server] [hresholdUpdater] c.n.e.r.PeerAwareInstanceRegistryImpl    : Current renewal threshold is : 0
2026-08-24T23:16:34.354+05:30  INFO 26332 --- [eureka-server] [a-EvictionTimer] c.n.e.registry.AbstractInstanceRegistry  : Running the evict task with compensationTime 9ms
2026-08-24T23:17:34.358+05:30  INFO 26332 --- [eureka-server] [a-EvictionTimer] c.n.e.registry.AbstractInstanceRegistry  : Running the evict task with compensationTime 3ms
2026-08-24T23:18:34.367+05:30  INFO 26332 --- [eureka-server] [a-EvictionTimer] c.n.e.registry.AbstractInstanceRegistry  : Running the evict task with compensationTime 9ms
2026-08-24T23:19:34.369+05:30  INFO 26332 --- [eureka-server] [a-EvictionTimer] c.n.e.registry.AbstractInstanceRegistry  : Running the evict task with compensationTime 1ms
2026-08-24T23:20:34.383+05:30  INFO 26332 --- [eureka-server] [a-EvictionTimer] c.n.e.registry.AbstractInstanceRegistry  : Running the evict task with compensationTime 13ms
2026-08-24T23:21:34.067+05:30  WARN 26332 --- [eureka-server] [eerNodesUpdater] c.n.eureka.cluster.PeerEurekaNodes       : The replica size seems to be empty. Check the route 53 DNS Registry
2026-08-24T23:21:34.392+05:30  INFO 26332 --- [eureka-server] [a-EvictionTimer] c.n.e.registry.AbstractInstanceRegistry  : Running the evict task with compensationTime 8ms
2026-08-24T23:22:34.408+05:30  INFO 26332 --- [eureka-server] [a-EvictionTimer] c.n.e.registry.AbstractInstanceRegistry  : Running the evict task with compensationTime 13ms
2026-08-24T23:36:40.769+05:30  INFO 26332 --- [eureka-server] [a-EvictionTimer] c.n.e.registry.AbstractInstanceRegistry  : Running the evict task with compensationTime 786499ms
2026-08-24T23:37:40.768+05:30  INFO 26332 --- [eureka-server] [a-EvictionTimer] c.n.e.registry.AbstractInstanceRegistry  : Running the evict task with compensationTime 0ms
2026-08-24T23:38:40.784+05:30  INFO 26332 --- [eureka-server] [a-EvictionTimer] c.n.e.registry.AbstractInstanceRegistry  : Running the evict task with compensationTime 16ms
